Test Run: 2025-01-14 15:14:49
================================================================================
Cleaning existing database collections...
Importing data from CSV...
Warning: All percentages zero/invalid in row 3
Warning: All percentages zero/invalid in row 4
Warning: All percentages zero/invalid in row 6
Warning: All percentages zero/invalid in row 7
Warning: All percentages zero/invalid in row 8
Warning: All percentages zero/invalid in row 9
Warning: All percentages zero/invalid in row 11
Warning: All percentages zero/invalid in row 12
Warning: All percentages zero/invalid in row 13
Warning: All percentages zero/invalid in row 14
Warning: All percentages zero/invalid in row 15
Warning: All percentages zero/invalid in row 16
Warning: All percentages zero/invalid in row 17
Warning: All percentages zero/invalid in row 18
Warning: All percentages zero/invalid in row 19
Warning: All percentages zero/invalid in row 20
Warning: All percentages zero/invalid in row 21
Warning: All percentages zero/invalid in row 22
Warning: All percentages zero/invalid in row 23
Warning: All percentages zero/invalid in row 24
Warning: All percentages zero/invalid in row 25
Warning: All percentages zero/invalid in row 26
Warning: All percentages zero/invalid in row 27
Warning: All percentages zero/invalid in row 28
Warning: All percentages zero/invalid in row 29
Warning: All percentages zero/invalid in row 30
Warning: All percentages zero/invalid in row 31
Warning: All percentages zero/invalid in row 32
Warning: All percentages zero/invalid in row 33
Warning: All percentages zero/invalid in row 34
Warning: All percentages zero/invalid in row 35
Warning: All percentages zero/invalid in row 36
Warning: All percentages zero/invalid in row 37
Warning: All percentages zero/invalid in row 38
Warning: All percentages zero/invalid in row 39
Warning: All percentages zero/invalid in row 40
Warning: All percentages zero/invalid in row 41
Warning: All percentages zero/invalid in row 42
Warning: All percentages zero/invalid in row 43
Warning: All percentages zero/invalid in row 44
Warning: All percentages zero/invalid in row 45
Warning: All percentages zero/invalid in row 46
Warning: All percentages zero/invalid in row 47
Warning: All percentages zero/invalid in row 48
Warning: All percentages zero/invalid in row 49
Warning: All percentages zero/invalid in row 50
Warning: All percentages zero/invalid in row 51
Warning: All percentages zero/invalid in row 52
Warning: All percentages zero/invalid in row 53
Warning: All percentages zero/invalid in row 54
Warning: All percentages zero/invalid in row 55
Warning: All percentages zero/invalid in row 56
Warning: All percentages zero/invalid in row 57
Warning: All percentages zero/invalid in row 58
Warning: All percentages zero/invalid in row 59
Warning: All percentages zero/invalid in row 60
Warning: All percentages zero/invalid in row 61
Warning: All percentages zero/invalid in row 62
Warning: All percentages zero/invalid in row 63
Warning: All percentages zero/invalid in row 64
Warning: All percentages zero/invalid in row 65
Warning: All percentages zero/invalid in row 66
Warning: All percentages zero/invalid in row 67
Warning: All percentages zero/invalid in row 68
Warning: All percentages zero/invalid in row 69
Warning: All percentages zero/invalid in row 70
Warning: All percentages zero/invalid in row 71
Warning: All percentages zero/invalid in row 72
Warning: All percentages zero/invalid in row 73
Warning: All percentages zero/invalid in row 74
Warning: All percentages zero/invalid in row 75
Warning: All percentages zero/invalid in row 76
Warning: All percentages zero/invalid in row 77
Warning: All percentages zero/invalid in row 78
Warning: All percentages zero/invalid in row 79
Warning: All percentages zero/invalid in row 80
Warning: All percentages zero/invalid in row 81
Warning: All percentages zero/invalid in row 82
Warning: All percentages zero/invalid in row 83
Warning: All percentages zero/invalid in row 84
Warning: All percentages zero/invalid in row 85
Warning: All percentages zero/invalid in row 86
Warning: All percentages zero/invalid in row 87
Warning: All percentages zero/invalid in row 88
Warning: All percentages zero/invalid in row 89
Warning: All percentages zero/invalid in row 94
Warning: All percentages zero/invalid in row 96
Warning: All percentages zero/invalid in row 97
Warning: All percentages zero/invalid in row 99
Warning: All percentages zero/invalid in row 104
Warning: All percentages zero/invalid in row 105
Warning: All percentages zero/invalid in row 107
Warning: All percentages zero/invalid in row 109
Warning: All percentages zero/invalid in row 111
Warning: All percentages zero/invalid in row 113
Warning: All percentages zero/invalid in row 114
Warning: All percentages zero/invalid in row 118
Warning: All percentages zero/invalid in row 119
Warning: All percentages zero/invalid in row 120
Warning: All percentages zero/invalid in row 121
Warning: All percentages zero/invalid in row 125
Warning: All percentages zero/invalid in row 126
Warning: All percentages zero/invalid in row 127
Warning: All percentages zero/invalid in row 171
Warning: All percentages zero/invalid in row 208
Warning: All percentages zero/invalid in row 214
Warning: All percentages zero/invalid in row 216
Warning: All percentages zero/invalid in row 217
Warning: All percentages zero/invalid in row 218
Warning: All percentages zero/invalid in row 232
Warning: All percentages zero/invalid in row 234
Warning: All percentages zero/invalid in row 286
Warning: All percentages zero/invalid in row 288
Warning: All percentages zero/invalid in row 291
Warning: All percentages zero/invalid in row 296
Warning: All percentages zero/invalid in row 297
Warning: All percentages zero/invalid in row 298
Warning: All percentages zero/invalid in row 303
Warning: All percentages zero/invalid in row 307
Warning: All percentages zero/invalid in row 313
Warning: All percentages zero/invalid in row 320
Warning: All percentages zero/invalid in row 322
Warning: All percentages zero/invalid in row 323
Warning: All percentages zero/invalid in row 324
Warning: All percentages zero/invalid in row 325
Warning: All percentages zero/invalid in row 326
Warning: All percentages zero/invalid in row 327
Warning: All percentages zero/invalid in row 328
Warning: All percentages zero/invalid in row 334
Warning: All percentages zero/invalid in row 335
Warning: All percentages zero/invalid in row 336
Warning: All percentages zero/invalid in row 337
Warning: All percentages zero/invalid in row 497
Warning: All percentages zero/invalid in row 498
Warning: All percentages zero/invalid in row 499
Warning: All percentages zero/invalid in row 500
Warning: All percentages zero/invalid in row 547
Warning: All percentages zero/invalid in row 664
Warning: All percentages zero/invalid in row 707
Warning: All percentages zero/invalid in row 728
Warning: All percentages zero/invalid in row 730
Warning: All percentages zero/invalid in row 733
Warning: All percentages zero/invalid in row 744
Warning: All percentages zero/invalid in row 892
Warning: All percentages zero/invalid in row 957
Warning: All percentages zero/invalid in row 1011
Warning: All percentages zero/invalid in row 1095
Warning: All percentages zero/invalid in row 1138
Warning: All percentages zero/invalid in row 1177
Warning: All percentages zero/invalid in row 1178
Warning: All percentages zero/invalid in row 1179
Warning: All percentages zero/invalid in row 1180
Warning: All percentages zero/invalid in row 1181
Warning: All percentages zero/invalid in row 1182
Warning: All percentages zero/invalid in row 1183
Warning: All percentages zero/invalid in row 1187
Warning: All percentages zero/invalid in row 1188
Warning: All percentages zero/invalid in row 1189
Warning: All percentages zero/invalid in row 1190
Warning: All percentages zero/invalid in row 1192
Warning: All percentages zero/invalid in row 1194
Warning: All percentages zero/invalid in row 1195
Warning: All percentages zero/invalid in row 1196
Warning: All percentages zero/invalid in row 1197
Warning: All percentages zero/invalid in row 1199
Warning: All percentages zero/invalid in row 1200
Warning: All percentages zero/invalid in row 1201
Warning: All percentages zero/invalid in row 1202
Warning: All percentages zero/invalid in row 1203
Warning: All percentages zero/invalid in row 1209
Warning: All percentages zero/invalid in row 1216
Warning: All percentages zero/invalid in row 1217
Warning: All percentages zero/invalid in row 1218
Warning: All percentages zero/invalid in row 1219
Warning: All percentages zero/invalid in row 1228
Warning: All percentages zero/invalid in row 1229
Warning: All percentages zero/invalid in row 1230
Warning: All percentages zero/invalid in row 1231
Warning: All percentages zero/invalid in row 1343
Warning: All percentages zero/invalid in row 1344
Warning: All percentages zero/invalid in row 1345
Warning: All percentages zero/invalid in row 1346
Warning: All percentages zero/invalid in row 1347
Warning: All percentages zero/invalid in row 1348
Warning: All percentages zero/invalid in row 1349
Warning: All percentages zero/invalid in row 1350
Warning: All percentages zero/invalid in row 1351
Warning: All percentages zero/invalid in row 1353
Warning: All percentages zero/invalid in row 1354
Warning: All percentages zero/invalid in row 1355
Warning: All percentages zero/invalid in row 1356
Warning: All percentages zero/invalid in row 1357
Warning: All percentages zero/invalid in row 1384
Warning: All percentages zero/invalid in row 1390
Warning: All percentages zero/invalid in row 1487
Warning: All percentages zero/invalid in row 1490
Warning: All percentages zero/invalid in row 1491
Warning: All percentages zero/invalid in row 1492
Warning: All percentages zero/invalid in row 1493
Warning: All percentages zero/invalid in row 1505
Warning: All percentages zero/invalid in row 1506
Warning: All percentages zero/invalid in row 1507
Warning: All percentages zero/invalid in row 1512
Warning: All percentages zero/invalid in row 1520
Warning: All percentages zero/invalid in row 1521
Warning: All percentages zero/invalid in row 1522
Warning: All percentages zero/invalid in row 1524
Warning: All percentages zero/invalid in row 1535
Warning: All percentages zero/invalid in row 1538
Warning: All percentages zero/invalid in row 1539
Warning: All percentages zero/invalid in row 1541
Warning: All percentages zero/invalid in row 1544
Warning: All percentages zero/invalid in row 1560
Warning: All percentages zero/invalid in row 1561
Warning: All percentages zero/invalid in row 1562
Warning: All percentages zero/invalid in row 1563
Warning: All percentages zero/invalid in row 1571
Warning: All percentages zero/invalid in row 1574
Warning: All percentages zero/invalid in row 1577
Warning: All percentages zero/invalid in row 1583
Warning: All percentages zero/invalid in row 1584
Warning: All percentages zero/invalid in row 1590
Warning: All percentages zero/invalid in row 1591
Warning: All percentages zero/invalid in row 1592
Warning: All percentages zero/invalid in row 1594
Warning: All percentages zero/invalid in row 1599
Warning: All percentages zero/invalid in row 1602
Warning: All percentages zero/invalid in row 1603
Warning: All percentages zero/invalid in row 1605
Warning: All percentages zero/invalid in row 1606
Warning: All percentages zero/invalid in row 1610
Warning: All percentages zero/invalid in row 1612
Warning: All percentages zero/invalid in row 1613
Warning: All percentages zero/invalid in row 1614
Warning: All percentages zero/invalid in row 1615
Warning: All percentages zero/invalid in row 1618
Warning: All percentages zero/invalid in row 1619
Warning: All percentages zero/invalid in row 1620
Warning: All percentages zero/invalid in row 1626
Warning: All percentages zero/invalid in row 1628
Warning: All percentages zero/invalid in row 1629
Warning: All percentages zero/invalid in row 1631
Warning: All percentages zero/invalid in row 1632
Warning: All percentages zero/invalid in row 1634
Warning: All percentages zero/invalid in row 1635
Warning: All percentages zero/invalid in row 1637
Warning: All percentages zero/invalid in row 1638
Warning: All percentages zero/invalid in row 1639
Warning: All percentages zero/invalid in row 1640
Warning: All percentages zero/invalid in row 1641
Warning: All percentages zero/invalid in row 1643
Warning: All percentages zero/invalid in row 1644
Warning: All percentages zero/invalid in row 1645
Warning: All percentages zero/invalid in row 1647
Warning: All percentages zero/invalid in row 1649
Warning: All percentages zero/invalid in row 1650
Warning: All percentages zero/invalid in row 1651
Warning: All percentages zero/invalid in row 1652
Warning: All percentages zero/invalid in row 1653
Warning: All percentages zero/invalid in row 1654
Warning: All percentages zero/invalid in row 1655
Warning: All percentages zero/invalid in row 1656
Warning: All percentages zero/invalid in row 1661
Warning: All percentages zero/invalid in row 1662
Warning: All percentages zero/invalid in row 1663
Warning: All percentages zero/invalid in row 1664
Warning: All percentages zero/invalid in row 1665
Warning: All percentages zero/invalid in row 1666
Warning: All percentages zero/invalid in row 1669
Warning: All percentages zero/invalid in row 1671
Warning: All percentages zero/invalid in row 1672
Warning: All percentages zero/invalid in row 1673
Warning: All percentages zero/invalid in row 1674
Warning: All percentages zero/invalid in row 1675
Warning: All percentages zero/invalid in row 1676
Warning: All percentages zero/invalid in row 1677
Warning: All percentages zero/invalid in row 1678
Warning: All percentages zero/invalid in row 1679
Warning: All percentages zero/invalid in row 1680
Warning: All percentages zero/invalid in row 1681
Warning: All percentages zero/invalid in row 1682
Warning: All percentages zero/invalid in row 1683
Warning: All percentages zero/invalid in row 1687
Warning: All percentages zero/invalid in row 1688
Warning: All percentages zero/invalid in row 1689
Warning: All percentages zero/invalid in row 1694
Warning: All percentages zero/invalid in row 1695
Warning: All percentages zero/invalid in row 1700
Warning: All percentages zero/invalid in row 1701
Warning: All percentages zero/invalid in row 1702
Warning: All percentages zero/invalid in row 1703
Warning: All percentages zero/invalid in row 1704
Warning: All percentages zero/invalid in row 1705
Warning: All percentages zero/invalid in row 1706
Warning: All percentages zero/invalid in row 1707
Warning: All percentages zero/invalid in row 1708
Warning: All percentages zero/invalid in row 1709
Warning: All percentages zero/invalid in row 1710
Warning: All percentages zero/invalid in row 1711
Warning: All percentages zero/invalid in row 1712
Warning: All percentages zero/invalid in row 1713
Warning: All percentages zero/invalid in row 1714
Warning: All percentages zero/invalid in row 1715
Warning: All percentages zero/invalid in row 1716
Warning: All percentages zero/invalid in row 1717
Warning: All percentages zero/invalid in row 1718
Warning: All percentages zero/invalid in row 1719
Warning: All percentages zero/invalid in row 1720
Warning: All percentages zero/invalid in row 1721
Warning: All percentages zero/invalid in row 1722
Warning: All percentages zero/invalid in row 1723
Warning: All percentages zero/invalid in row 1725
Warning: All percentages zero/invalid in row 1727
Warning: All percentages zero/invalid in row 1729
Warning: All percentages zero/invalid in row 1732
Warning: All percentages zero/invalid in row 1733
Warning: All percentages zero/invalid in row 1734
Warning: All percentages zero/invalid in row 1735
Warning: All percentages zero/invalid in row 1736
Warning: All percentages zero/invalid in row 1738
Warning: All percentages zero/invalid in row 1741
Warning: All percentages zero/invalid in row 1742
Warning: All percentages zero/invalid in row 1743
Warning: All percentages zero/invalid in row 1744
Warning: All percentages zero/invalid in row 1745
Warning: All percentages zero/invalid in row 1749
Warning: All percentages zero/invalid in row 1750
Warning: All percentages zero/invalid in row 1751
Warning: All percentages zero/invalid in row 1752
Warning: All percentages zero/invalid in row 1757
Warning: All percentages zero/invalid in row 1759
Warning: All percentages zero/invalid in row 1760
Warning: All percentages zero/invalid in row 1762
Warning: All percentages zero/invalid in row 1766
Warning: All percentages zero/invalid in row 1768
Warning: All percentages zero/invalid in row 1772
Warning: All percentages zero/invalid in row 1776
Warning: All percentages zero/invalid in row 1777
Warning: All percentages zero/invalid in row 1778
Warning: All percentages zero/invalid in row 1783
Warning: All percentages zero/invalid in row 1790
Warning: All percentages zero/invalid in row 1792
Warning: All percentages zero/invalid in row 1793
Warning: All percentages zero/invalid in row 1794
Warning: All percentages zero/invalid in row 1795
Warning: All percentages zero/invalid in row 1796
Warning: All percentages zero/invalid in row 1797
Warning: All percentages zero/invalid in row 1798
Warning: All percentages zero/invalid in row 1799
Warning: All percentages zero/invalid in row 1800
Warning: All percentages zero/invalid in row 1801
Warning: All percentages zero/invalid in row 1802
Warning: All percentages zero/invalid in row 1803
Warning: All percentages zero/invalid in row 1804
Warning: All percentages zero/invalid in row 1805
Warning: All percentages zero/invalid in row 1806
Warning: All percentages zero/invalid in row 1807
Warning: All percentages zero/invalid in row 1808
Warning: All percentages zero/invalid in row 1809
Warning: All percentages zero/invalid in row 1810
Warning: All percentages zero/invalid in row 1811
Warning: All percentages zero/invalid in row 1812
Warning: All percentages zero/invalid in row 1813
Warning: All percentages zero/invalid in row 1814
Warning: All percentages zero/invalid in row 1815
Warning: All percentages zero/invalid in row 1816
Warning: All percentages zero/invalid in row 1817
Warning: All percentages zero/invalid in row 1818
Warning: All percentages zero/invalid in row 1819
Warning: All percentages zero/invalid in row 1820
Warning: All percentages zero/invalid in row 1821
Warning: All percentages zero/invalid in row 1822
Warning: All percentages zero/invalid in row 1823
Warning: All percentages zero/invalid in row 1824
Warning: All percentages zero/invalid in row 1825
Warning: All percentages zero/invalid in row 1826
Warning: All percentages zero/invalid in row 1827
Warning: All percentages zero/invalid in row 1828
Warning: All percentages zero/invalid in row 1829
Warning: All percentages zero/invalid in row 1830
Warning: All percentages zero/invalid in row 1831
Warning: All percentages zero/invalid in row 1832
Warning: All percentages zero/invalid in row 1833
Warning: All percentages zero/invalid in row 1834
Warning: All percentages zero/invalid in row 1835
Warning: All percentages zero/invalid in row 1836
Warning: All percentages zero/invalid in row 1837
Warning: All percentages zero/invalid in row 1838
Warning: All percentages zero/invalid in row 1839
Warning: All percentages zero/invalid in row 1840
Warning: All percentages zero/invalid in row 1841
Warning: All percentages zero/invalid in row 1842
Warning: All percentages zero/invalid in row 1843
Warning: All percentages zero/invalid in row 1844
Warning: All percentages zero/invalid in row 1845
Warning: All percentages zero/invalid in row 1846
Warning: All percentages zero/invalid in row 1847
Warning: All percentages zero/invalid in row 1848
Warning: All percentages zero/invalid in row 1849
Warning: All percentages zero/invalid in row 1850
Warning: All percentages zero/invalid in row 1851
Warning: All percentages zero/invalid in row 1852
Warning: All percentages zero/invalid in row 1853
Warning: All percentages zero/invalid in row 1854
Warning: All percentages zero/invalid in row 1855
Warning: All percentages zero/invalid in row 1856
Warning: All percentages zero/invalid in row 1857
Warning: All percentages zero/invalid in row 1858
Warning: All percentages zero/invalid in row 1859
Warning: All percentages zero/invalid in row 1860
Warning: All percentages zero/invalid in row 1861
Warning: All percentages zero/invalid in row 1862
Warning: All percentages zero/invalid in row 1863
Warning: All percentages zero/invalid in row 1864
Warning: All percentages zero/invalid in row 1865
Warning: All percentages zero/invalid in row 1866
Warning: All percentages zero/invalid in row 1867
Warning: All percentages zero/invalid in row 1868
Warning: All percentages zero/invalid in row 1869
Warning: All percentages zero/invalid in row 1870
Warning: All percentages zero/invalid in row 1871
Warning: All percentages zero/invalid in row 1872
Warning: All percentages zero/invalid in row 1873
Warning: All percentages zero/invalid in row 1874
Warning: All percentages zero/invalid in row 1875
Warning: All percentages zero/invalid in row 1876
Warning: All percentages zero/invalid in row 1877
Warning: All percentages zero/invalid in row 1878
Warning: All percentages zero/invalid in row 1879
Warning: All percentages zero/invalid in row 1880
Warning: All percentages zero/invalid in row 1881
Warning: All percentages zero/invalid in row 1882
Warning: All percentages zero/invalid in row 1883
Warning: All percentages zero/invalid in row 1884
Warning: All percentages zero/invalid in row 1885
Warning: All percentages zero/invalid in row 1886
Warning: All percentages zero/invalid in row 1887
Warning: All percentages zero/invalid in row 1888
Warning: All percentages zero/invalid in row 1889
Warning: All percentages zero/invalid in row 1890
Warning: All percentages zero/invalid in row 1891
Warning: All percentages zero/invalid in row 1892
Warning: All percentages zero/invalid in row 1893
Warning: All percentages zero/invalid in row 1894
Warning: All percentages zero/invalid in row 1895
Warning: All percentages zero/invalid in row 1896
Warning: All percentages zero/invalid in row 1897
Warning: All percentages zero/invalid in row 1898
Warning: All percentages zero/invalid in row 1899
Warning: All percentages zero/invalid in row 1900
Warning: All percentages zero/invalid in row 1901
Warning: All percentages zero/invalid in row 1902
Warning: All percentages zero/invalid in row 1903
Warning: All percentages zero/invalid in row 1904
Warning: All percentages zero/invalid in row 1905
Warning: All percentages zero/invalid in row 1906
Warning: All percentages zero/invalid in row 1907
Warning: All percentages zero/invalid in row 1908
Warning: All percentages zero/invalid in row 1909
Warning: All percentages zero/invalid in row 1910
Warning: All percentages zero/invalid in row 1911
Warning: All percentages zero/invalid in row 1912
Warning: All percentages zero/invalid in row 1913
Warning: All percentages zero/invalid in row 1914
Warning: All percentages zero/invalid in row 1915
Warning: All percentages zero/invalid in row 1916
Warning: All percentages zero/invalid in row 1917
Warning: All percentages zero/invalid in row 1918
Warning: All percentages zero/invalid in row 1919
Warning: All percentages zero/invalid in row 1920
Warning: All percentages zero/invalid in row 1921
Warning: All percentages zero/invalid in row 1922
Warning: All percentages zero/invalid in row 1923
Warning: All percentages zero/invalid in row 1924
Warning: All percentages zero/invalid in row 1925
Warning: All percentages zero/invalid in row 1926
Warning: All percentages zero/invalid in row 1927
Warning: All percentages zero/invalid in row 1928
Warning: All percentages zero/invalid in row 1929
Warning: All percentages zero/invalid in row 1930
Warning: All percentages zero/invalid in row 1931
Warning: All percentages zero/invalid in row 1932
Warning: All percentages zero/invalid in row 1933
Warning: All percentages zero/invalid in row 1934
Warning: All percentages zero/invalid in row 1935
Warning: All percentages zero/invalid in row 1936
Warning: All percentages zero/invalid in row 1937
Warning: All percentages zero/invalid in row 1938
Warning: All percentages zero/invalid in row 1939
Warning: All percentages zero/invalid in row 1940
Warning: All percentages zero/invalid in row 1941
Warning: All percentages zero/invalid in row 1942
Warning: All percentages zero/invalid in row 1943
Warning: All percentages zero/invalid in row 1944
Warning: All percentages zero/invalid in row 1945
Warning: All percentages zero/invalid in row 1946
Warning: All percentages zero/invalid in row 1947
Warning: All percentages zero/invalid in row 1948
Warning: All percentages zero/invalid in row 1949
Warning: All percentages zero/invalid in row 1950
Warning: All percentages zero/invalid in row 1951
Warning: All percentages zero/invalid in row 1952
Warning: All percentages zero/invalid in row 1953
Warning: All percentages zero/invalid in row 1954
Warning: All percentages zero/invalid in row 1955
Warning: All percentages zero/invalid in row 1956
Warning: All percentages zero/invalid in row 1957
Warning: All percentages zero/invalid in row 1964
Warning: All percentages zero/invalid in row 1965
Warning: All percentages zero/invalid in row 1966
Warning: All percentages zero/invalid in row 1967
Warning: All percentages zero/invalid in row 1968
Warning: All percentages zero/invalid in row 1969
Warning: All percentages zero/invalid in row 1970
Warning: All percentages zero/invalid in row 1971
Warning: All percentages zero/invalid in row 1972
Warning: All percentages zero/invalid in row 1973
Warning: All percentages zero/invalid in row 1974
Warning: All percentages zero/invalid in row 1975
Warning: All percentages zero/invalid in row 1976
Warning: All percentages zero/invalid in row 1977
Warning: All percentages zero/invalid in row 1978
Warning: All percentages zero/invalid in row 1979
Warning: All percentages zero/invalid in row 1980
Warning: All percentages zero/invalid in row 1981
Warning: All percentages zero/invalid in row 1982
Warning: All percentages zero/invalid in row 1983
Warning: All percentages zero/invalid in row 1984
Warning: All percentages zero/invalid in row 1985
Warning: All percentages zero/invalid in row 1986
Warning: All percentages zero/invalid in row 1987
Warning: All percentages zero/invalid in row 1988
Warning: All percentages zero/invalid in row 1992
Warning: All percentages zero/invalid in row 1994
Warning: All percentages zero/invalid in row 1995
Warning: All percentages zero/invalid in row 1996
Warning: All percentages zero/invalid in row 1997
Warning: All percentages zero/invalid in row 1998
Warning: All percentages zero/invalid in row 1999
Warning: All percentages zero/invalid in row 2001
Warning: All percentages zero/invalid in row 2002
Warning: All percentages zero/invalid in row 2003
Warning: All percentages zero/invalid in row 2006
Warning: All percentages zero/invalid in row 2009
Warning: All percentages zero/invalid in row 2011
Warning: All percentages zero/invalid in row 2012
Warning: All percentages zero/invalid in row 2013
Warning: All percentages zero/invalid in row 2014
Warning: All percentages zero/invalid in row 2015
Warning: All percentages zero/invalid in row 2016
Warning: All percentages zero/invalid in row 2017
Warning: All percentages zero/invalid in row 2018
Warning: All percentages zero/invalid in row 2019
Warning: All percentages zero/invalid in row 2020
Warning: All percentages zero/invalid in row 2021
Warning: All percentages zero/invalid in row 2023
Warning: All percentages zero/invalid in row 2024
Warning: All percentages zero/invalid in row 2025
Warning: All percentages zero/invalid in row 2027
Warning: All percentages zero/invalid in row 2028
Warning: All percentages zero/invalid in row 2030
Warning: All percentages zero/invalid in row 2033
Warning: All percentages zero/invalid in row 2034
Warning: All percentages zero/invalid in row 2035
Warning: All percentages zero/invalid in row 2036
Warning: All percentages zero/invalid in row 2037
Warning: All percentages zero/invalid in row 2038
Warning: All percentages zero/invalid in row 2039
Warning: All percentages zero/invalid in row 2040
Warning: All percentages zero/invalid in row 2042
Warning: All percentages zero/invalid in row 2044
Warning: All percentages zero/invalid in row 2045
Warning: All percentages zero/invalid in row 2046
Warning: All percentages zero/invalid in row 2047
Warning: All percentages zero/invalid in row 2048
Warning: All percentages zero/invalid in row 2049
Warning: All percentages zero/invalid in row 2050
Warning: All percentages zero/invalid in row 2051
Warning: All percentages zero/invalid in row 2052
Warning: All percentages zero/invalid in row 2053
Warning: All percentages zero/invalid in row 2054
Warning: All percentages zero/invalid in row 2058
Warning: All percentages zero/invalid in row 2059
Warning: All percentages zero/invalid in row 2060
Warning: All percentages zero/invalid in row 2061
Warning: All percentages zero/invalid in row 2062
Warning: All percentages zero/invalid in row 2063
Warning: All percentages zero/invalid in row 2064
Warning: All percentages zero/invalid in row 2065
Warning: All percentages zero/invalid in row 2068
Warning: All percentages zero/invalid in row 2069
Warning: All percentages zero/invalid in row 2070
Warning: All percentages zero/invalid in row 2071
Warning: All percentages zero/invalid in row 2072
Warning: All percentages zero/invalid in row 2073
Warning: All percentages zero/invalid in row 2074
Warning: All percentages zero/invalid in row 2075
Warning: All percentages zero/invalid in row 2076
Warning: All percentages zero/invalid in row 2077
Warning: All percentages zero/invalid in row 2078
Warning: All percentages zero/invalid in row 2079
Warning: All percentages zero/invalid in row 2086
Warning: All percentages zero/invalid in row 2087
Warning: All percentages zero/invalid in row 2088
Warning: All percentages zero/invalid in row 2089
Warning: All percentages zero/invalid in row 2090
Warning: All percentages zero/invalid in row 2091
Warning: All percentages zero/invalid in row 2092
Warning: All percentages zero/invalid in row 2093
Warning: All percentages zero/invalid in row 2094
Warning: All percentages zero/invalid in row 2095
Warning: All percentages zero/invalid in row 2096
Warning: All percentages zero/invalid in row 2097
Warning: All percentages zero/invalid in row 2099
Warning: All percentages zero/invalid in row 2100
Warning: All percentages zero/invalid in row 2101
Warning: All percentages zero/invalid in row 2102
Warning: All percentages zero/invalid in row 2103
Warning: All percentages zero/invalid in row 2104
Warning: All percentages zero/invalid in row 2106
Warning: All percentages zero/invalid in row 2107
Warning: All percentages zero/invalid in row 2108
Warning: All percentages zero/invalid in row 2115
Warning: All percentages zero/invalid in row 2117
Warning: All percentages zero/invalid in row 2118
Warning: All percentages zero/invalid in row 2119
Warning: All percentages zero/invalid in row 2121
Warning: All percentages zero/invalid in row 2124
Warning: All percentages zero/invalid in row 2130
Warning: All percentages zero/invalid in row 2135
Warning: All percentages zero/invalid in row 2138
Warning: All percentages zero/invalid in row 2139
Warning: All percentages zero/invalid in row 2141
Warning: All percentages zero/invalid in row 2144
Warning: All percentages zero/invalid in row 2147
Warning: All percentages zero/invalid in row 2154
Warning: All percentages zero/invalid in row 2162
Warning: All percentages zero/invalid in row 2163
Warning: All percentages zero/invalid in row 2164
Warning: All percentages zero/invalid in row 2165
Warning: All percentages zero/invalid in row 2166
Warning: All percentages zero/invalid in row 2167
Warning: All percentages zero/invalid in row 2168
Warning: All percentages zero/invalid in row 2169
Warning: All percentages zero/invalid in row 2170
Warning: All percentages zero/invalid in row 2171
Warning: All percentages zero/invalid in row 2172
Warning: All percentages zero/invalid in row 2173
Warning: All percentages zero/invalid in row 2174
Warning: All percentages zero/invalid in row 2175
Warning: All percentages zero/invalid in row 2176
Warning: All percentages zero/invalid in row 2177
Warning: All percentages zero/invalid in row 2178
Warning: All percentages zero/invalid in row 2179
Warning: All percentages zero/invalid in row 2180
Warning: All percentages zero/invalid in row 2181
Warning: All percentages zero/invalid in row 2182
Warning: All percentages zero/invalid in row 2183
Warning: All percentages zero/invalid in row 2184
Warning: All percentages zero/invalid in row 2185
Warning: All percentages zero/invalid in row 2186
Warning: All percentages zero/invalid in row 2187
Warning: All percentages zero/invalid in row 2188
Warning: All percentages zero/invalid in row 2189
Warning: All percentages zero/invalid in row 2190
Warning: All percentages zero/invalid in row 2191
Warning: All percentages zero/invalid in row 2192
Warning: All percentages zero/invalid in row 2193
Warning: All percentages zero/invalid in row 2194
Warning: All percentages zero/invalid in row 2195
Warning: All percentages zero/invalid in row 2196
Warning: All percentages zero/invalid in row 2197
Warning: All percentages zero/invalid in row 2198
Warning: All percentages zero/invalid in row 2199
Warning: All percentages zero/invalid in row 2200
Warning: All percentages zero/invalid in row 2201
Warning: All percentages zero/invalid in row 2202
Warning: All percentages zero/invalid in row 2203
Warning: All percentages zero/invalid in row 2204
Warning: All percentages zero/invalid in row 2205
Warning: All percentages zero/invalid in row 2206
Warning: All percentages zero/invalid in row 2207
Warning: All percentages zero/invalid in row 2208
Warning: All percentages zero/invalid in row 2209
Warning: All percentages zero/invalid in row 2210
Warning: All percentages zero/invalid in row 2211
Warning: All percentages zero/invalid in row 2212
Warning: All percentages zero/invalid in row 2213
Warning: All percentages zero/invalid in row 2214
Warning: All percentages zero/invalid in row 2215
Warning: All percentages zero/invalid in row 2216
Warning: All percentages zero/invalid in row 2217
Warning: All percentages zero/invalid in row 2218
Warning: All percentages zero/invalid in row 2219
Warning: All percentages zero/invalid in row 2220
Warning: All percentages zero/invalid in row 2221
Warning: All percentages zero/invalid in row 2222
Warning: All percentages zero/invalid in row 2223
Warning: All percentages zero/invalid in row 2224
Warning: All percentages zero/invalid in row 2225
Warning: All percentages zero/invalid in row 2226
Warning: All percentages zero/invalid in row 2227
Warning: All percentages zero/invalid in row 2228
Warning: All percentages zero/invalid in row 2229
Warning: All percentages zero/invalid in row 2230
Warning: All percentages zero/invalid in row 2231
Warning: All percentages zero/invalid in row 2232
Warning: All percentages zero/invalid in row 2233
Warning: All percentages zero/invalid in row 2234
Warning: All percentages zero/invalid in row 2235
Warning: All percentages zero/invalid in row 2236
Warning: All percentages zero/invalid in row 2237
Warning: All percentages zero/invalid in row 2238
Warning: All percentages zero/invalid in row 2239
Warning: All percentages zero/invalid in row 2240
Warning: All percentages zero/invalid in row 2241
Warning: All percentages zero/invalid in row 2242
Warning: All percentages zero/invalid in row 2243
Warning: All percentages zero/invalid in row 2244
Warning: All percentages zero/invalid in row 2245
Warning: All percentages zero/invalid in row 2246
Warning: All percentages zero/invalid in row 2247
Warning: All percentages zero/invalid in row 2248
Warning: All percentages zero/invalid in row 2249
Warning: All percentages zero/invalid in row 2250
Warning: All percentages zero/invalid in row 2251
Warning: All percentages zero/invalid in row 2252
Warning: All percentages zero/invalid in row 2253
Warning: All percentages zero/invalid in row 2254
Warning: All percentages zero/invalid in row 2255
Warning: All percentages zero/invalid in row 2256
Warning: All percentages zero/invalid in row 2257
Warning: All percentages zero/invalid in row 2258
Warning: All percentages zero/invalid in row 2259
Warning: All percentages zero/invalid in row 2260
Warning: All percentages zero/invalid in row 2261
Warning: All percentages zero/invalid in row 2262
Warning: All percentages zero/invalid in row 2263
Warning: All percentages zero/invalid in row 2264
Warning: All percentages zero/invalid in row 2265
Warning: All percentages zero/invalid in row 2266
Warning: All percentages zero/invalid in row 2267
Warning: All percentages zero/invalid in row 2268
Warning: All percentages zero/invalid in row 2269
Warning: All percentages zero/invalid in row 2270
Warning: All percentages zero/invalid in row 2271
Warning: All percentages zero/invalid in row 2272
Warning: All percentages zero/invalid in row 2273
Warning: All percentages zero/invalid in row 2274
Warning: All percentages zero/invalid in row 2275
Warning: All percentages zero/invalid in row 2276
Warning: All percentages zero/invalid in row 2277
Warning: All percentages zero/invalid in row 2278
Warning: All percentages zero/invalid in row 2279
Warning: All percentages zero/invalid in row 2280
Warning: All percentages zero/invalid in row 2281
Warning: All percentages zero/invalid in row 2282
Warning: All percentages zero/invalid in row 2283
Warning: All percentages zero/invalid in row 2284
Warning: All percentages zero/invalid in row 2285
Warning: All percentages zero/invalid in row 2286
Warning: All percentages zero/invalid in row 2287
Warning: All percentages zero/invalid in row 2288
Warning: All percentages zero/invalid in row 2289
Warning: All percentages zero/invalid in row 2290
Warning: All percentages zero/invalid in row 2291
Warning: All percentages zero/invalid in row 2292
Warning: All percentages zero/invalid in row 2293
Warning: All percentages zero/invalid in row 2294
Warning: All percentages zero/invalid in row 2295
Warning: All percentages zero/invalid in row 2296
Warning: All percentages zero/invalid in row 2297
Warning: All percentages zero/invalid in row 2298
Warning: All percentages zero/invalid in row 2299
Warning: All percentages zero/invalid in row 2300
Warning: All percentages zero/invalid in row 2301
Warning: All percentages zero/invalid in row 2302
Warning: All percentages zero/invalid in row 2303
Warning: All percentages zero/invalid in row 2304
Warning: All percentages zero/invalid in row 2305
Warning: All percentages zero/invalid in row 2306
Warning: All percentages zero/invalid in row 2307
Warning: All percentages zero/invalid in row 2308
Warning: All percentages zero/invalid in row 2309
Warning: All percentages zero/invalid in row 2310
Warning: All percentages zero/invalid in row 2311
Warning: All percentages zero/invalid in row 2312
Warning: All percentages zero/invalid in row 2313
Warning: All percentages zero/invalid in row 2314
Warning: All percentages zero/invalid in row 2315
Warning: All percentages zero/invalid in row 2316
Warning: All percentages zero/invalid in row 2317
Warning: All percentages zero/invalid in row 2318
Warning: All percentages zero/invalid in row 2319
Warning: All percentages zero/invalid in row 2320
Warning: All percentages zero/invalid in row 2321
Warning: All percentages zero/invalid in row 2322
Warning: All percentages zero/invalid in row 2323
Warning: All percentages zero/invalid in row 2324
Warning: All percentages zero/invalid in row 2325
Warning: All percentages zero/invalid in row 2326
Warning: All percentages zero/invalid in row 2327
Warning: All percentages zero/invalid in row 2329
Warning: All percentages zero/invalid in row 2333
Warning: All percentages zero/invalid in row 2336
Warning: All percentages zero/invalid in row 2339
Warning: All percentages zero/invalid in row 2340
Warning: All percentages zero/invalid in row 2341
Warning: All percentages zero/invalid in row 2342
Warning: All percentages zero/invalid in row 2343
Warning: All percentages zero/invalid in row 2344
Warning: All percentages zero/invalid in row 2345
Warning: All percentages zero/invalid in row 2346
Warning: All percentages zero/invalid in row 2347
Warning: All percentages zero/invalid in row 2348
Warning: All percentages zero/invalid in row 2349
Warning: All percentages zero/invalid in row 2350
Warning: All percentages zero/invalid in row 2351
Warning: All percentages zero/invalid in row 2352
Warning: All percentages zero/invalid in row 2353
Warning: All percentages zero/invalid in row 2354
Warning: All percentages zero/invalid in row 2355
Warning: All percentages zero/invalid in row 2356
Warning: All percentages zero/invalid in row 2357
Warning: All percentages zero/invalid in row 2358
Warning: All percentages zero/invalid in row 2359
Warning: All percentages zero/invalid in row 2360
Warning: All percentages zero/invalid in row 2361
Warning: All percentages zero/invalid in row 2362
Warning: All percentages zero/invalid in row 2363
Warning: All percentages zero/invalid in row 2364
Warning: All percentages zero/invalid in row 2365
Warning: All percentages zero/invalid in row 2366
Warning: All percentages zero/invalid in row 2367
Warning: All percentages zero/invalid in row 2368
Warning: All percentages zero/invalid in row 2369
Warning: All percentages zero/invalid in row 2370
Warning: All percentages zero/invalid in row 2371
Warning: All percentages zero/invalid in row 2372
Warning: All percentages zero/invalid in row 2373
Warning: All percentages zero/invalid in row 2374
Warning: All percentages zero/invalid in row 2375
Warning: All percentages zero/invalid in row 2376
Warning: All percentages zero/invalid in row 2377
Warning: All percentages zero/invalid in row 2378
Warning: All percentages zero/invalid in row 2379
Warning: All percentages zero/invalid in row 2380
Warning: All percentages zero/invalid in row 2381
Warning: All percentages zero/invalid in row 2382
Warning: All percentages zero/invalid in row 2383
Warning: All percentages zero/invalid in row 2384
Warning: All percentages zero/invalid in row 2385
Warning: All percentages zero/invalid in row 2386
Warning: All percentages zero/invalid in row 2387
Warning: All percentages zero/invalid in row 2388
Warning: All percentages zero/invalid in row 2389
Warning: All percentages zero/invalid in row 2390
Warning: All percentages zero/invalid in row 2391
Warning: All percentages zero/invalid in row 2392
Warning: All percentages zero/invalid in row 2393
Warning: All percentages zero/invalid in row 2394
Warning: All percentages zero/invalid in row 2395
Warning: All percentages zero/invalid in row 2396
Warning: All percentages zero/invalid in row 2397
Warning: All percentages zero/invalid in row 2398
Warning: All percentages zero/invalid in row 2399
Warning: All percentages zero/invalid in row 2400
Warning: All percentages zero/invalid in row 2401
Warning: All percentages zero/invalid in row 2402
Warning: All percentages zero/invalid in row 2403
Warning: All percentages zero/invalid in row 2404
Warning: All percentages zero/invalid in row 2405
Warning: All percentages zero/invalid in row 2406
Warning: All percentages zero/invalid in row 2407
Warning: All percentages zero/invalid in row 2408
Warning: All percentages zero/invalid in row 2409
Warning: All percentages zero/invalid in row 2410
Warning: All percentages zero/invalid in row 2411
Warning: All percentages zero/invalid in row 2412
Warning: All percentages zero/invalid in row 2413
Warning: All percentages zero/invalid in row 2414
Warning: All percentages zero/invalid in row 2415
Warning: All percentages zero/invalid in row 2416
Warning: All percentages zero/invalid in row 2417
Warning: All percentages zero/invalid in row 2418
Warning: All percentages zero/invalid in row 2419
Warning: All percentages zero/invalid in row 2420
Warning: All percentages zero/invalid in row 2421
Warning: All percentages zero/invalid in row 2422
Warning: All percentages zero/invalid in row 2423
Warning: All percentages zero/invalid in row 2424
Warning: All percentages zero/invalid in row 2425
Warning: All percentages zero/invalid in row 2426
Warning: All percentages zero/invalid in row 2427
Warning: All percentages zero/invalid in row 2428
Warning: All percentages zero/invalid in row 2429
Warning: All percentages zero/invalid in row 2430
Warning: All percentages zero/invalid in row 2431
Warning: All percentages zero/invalid in row 2432
Warning: All percentages zero/invalid in row 2433
Warning: All percentages zero/invalid in row 2434
Warning: All percentages zero/invalid in row 2435
Warning: All percentages zero/invalid in row 2436
Warning: All percentages zero/invalid in row 2437
Warning: All percentages zero/invalid in row 2438
Warning: All percentages zero/invalid in row 2439
Warning: All percentages zero/invalid in row 2440
Warning: All percentages zero/invalid in row 2441
Warning: All percentages zero/invalid in row 2442
Warning: All percentages zero/invalid in row 2443
Warning: All percentages zero/invalid in row 2444
Warning: All percentages zero/invalid in row 2445
Warning: All percentages zero/invalid in row 2446
Warning: All percentages zero/invalid in row 2447
Warning: All percentages zero/invalid in row 2448
Warning: All percentages zero/invalid in row 2449
Warning: All percentages zero/invalid in row 2450
Warning: All percentages zero/invalid in row 2451
Warning: All percentages zero/invalid in row 2452
Warning: All percentages zero/invalid in row 2453
Warning: All percentages zero/invalid in row 2454
Warning: All percentages zero/invalid in row 2455
Warning: All percentages zero/invalid in row 2456
Warning: All percentages zero/invalid in row 2457
Warning: All percentages zero/invalid in row 2458
Warning: All percentages zero/invalid in row 2459
Warning: All percentages zero/invalid in row 2460
Warning: All percentages zero/invalid in row 2461
Warning: All percentages zero/invalid in row 2462
Warning: All percentages zero/invalid in row 2463
Warning: All percentages zero/invalid in row 2464
Warning: All percentages zero/invalid in row 2465
Warning: All percentages zero/invalid in row 2466
Warning: All percentages zero/invalid in row 2467
Warning: All percentages zero/invalid in row 2468
Warning: All percentages zero/invalid in row 2469
Warning: All percentages zero/invalid in row 2470
Warning: All percentages zero/invalid in row 2471
Warning: All percentages zero/invalid in row 2472
Warning: All percentages zero/invalid in row 2473
Warning: All percentages zero/invalid in row 2474
Warning: All percentages zero/invalid in row 2475
Warning: All percentages zero/invalid in row 2476
Warning: All percentages zero/invalid in row 2477
Warning: All percentages zero/invalid in row 2478
Warning: All percentages zero/invalid in row 2479
Warning: All percentages zero/invalid in row 2480
Warning: All percentages zero/invalid in row 2481
Warning: All percentages zero/invalid in row 2482
Warning: All percentages zero/invalid in row 2483
Warning: All percentages zero/invalid in row 2484
Warning: All percentages zero/invalid in row 2485
Warning: All percentages zero/invalid in row 2486
Warning: All percentages zero/invalid in row 2487
Warning: All percentages zero/invalid in row 2488
Warning: All percentages zero/invalid in row 2489
Warning: All percentages zero/invalid in row 2490
Warning: All percentages zero/invalid in row 2491
Warning: All percentages zero/invalid in row 2492
Warning: All percentages zero/invalid in row 2493
Warning: All percentages zero/invalid in row 2494
Warning: All percentages zero/invalid in row 2495
Warning: All percentages zero/invalid in row 2496
Warning: All percentages zero/invalid in row 2497
Warning: All percentages zero/invalid in row 2498
Warning: All percentages zero/invalid in row 2499
Warning: All percentages zero/invalid in row 2500
Warning: All percentages zero/invalid in row 2501
Warning: All percentages zero/invalid in row 2502
Warning: All percentages zero/invalid in row 2503
Warning: All percentages zero/invalid in row 2504
Warning: All percentages zero/invalid in row 2505
Warning: All percentages zero/invalid in row 2506
Warning: All percentages zero/invalid in row 2507
Warning: All percentages zero/invalid in row 2508
Warning: All percentages zero/invalid in row 2509
Warning: All percentages zero/invalid in row 2510
Warning: All percentages zero/invalid in row 2511
Warning: All percentages zero/invalid in row 2512
Warning: All percentages zero/invalid in row 2513
Warning: All percentages zero/invalid in row 2514
Warning: All percentages zero/invalid in row 2515
Warning: All percentages zero/invalid in row 2516
Warning: All percentages zero/invalid in row 2517
Warning: All percentages zero/invalid in row 2518
Warning: All percentages zero/invalid in row 2519
Warning: All percentages zero/invalid in row 2520
Warning: All percentages zero/invalid in row 2521
Warning: All percentages zero/invalid in row 2522
Warning: All percentages zero/invalid in row 2523
Warning: All percentages zero/invalid in row 2524
Warning: All percentages zero/invalid in row 2525
Warning: All percentages zero/invalid in row 2526
Warning: All percentages zero/invalid in row 2527
Warning: All percentages zero/invalid in row 2528
Warning: All percentages zero/invalid in row 2529
Warning: All percentages zero/invalid in row 2530
Warning: All percentages zero/invalid in row 2531
Warning: All percentages zero/invalid in row 2532
Warning: All percentages zero/invalid in row 2533
Warning: All percentages zero/invalid in row 2534
Warning: All percentages zero/invalid in row 2535
Warning: All percentages zero/invalid in row 2536
Warning: All percentages zero/invalid in row 2537
Warning: All percentages zero/invalid in row 2538
Warning: All percentages zero/invalid in row 2539
Warning: All percentages zero/invalid in row 2540
Warning: All percentages zero/invalid in row 2541
Warning: All percentages zero/invalid in row 2542
Warning: All percentages zero/invalid in row 2543
Warning: All percentages zero/invalid in row 2544
Warning: All percentages zero/invalid in row 2545
Warning: All percentages zero/invalid in row 2546
Warning: All percentages zero/invalid in row 2547
Warning: All percentages zero/invalid in row 2548
Warning: All percentages zero/invalid in row 2549
Warning: All percentages zero/invalid in row 2550
Warning: All percentages zero/invalid in row 2551
Warning: All percentages zero/invalid in row 2552
Warning: All percentages zero/invalid in row 2553
Warning: All percentages zero/invalid in row 2554
Warning: All percentages zero/invalid in row 2555
Warning: All percentages zero/invalid in row 2556
Warning: All percentages zero/invalid in row 2557
Warning: All percentages zero/invalid in row 2558
Warning: All percentages zero/invalid in row 2559
Warning: All percentages zero/invalid in row 2560
Warning: All percentages zero/invalid in row 2561
Warning: All percentages zero/invalid in row 2562
Warning: All percentages zero/invalid in row 2563
Warning: All percentages zero/invalid in row 2564
Warning: All percentages zero/invalid in row 2565
Warning: All percentages zero/invalid in row 2566
Warning: All percentages zero/invalid in row 2567
Warning: All percentages zero/invalid in row 2568
Warning: All percentages zero/invalid in row 2569
Warning: All percentages zero/invalid in row 2570
Warning: All percentages zero/invalid in row 2571
Warning: All percentages zero/invalid in row 2572
Warning: All percentages zero/invalid in row 2573
Warning: All percentages zero/invalid in row 2574
Warning: All percentages zero/invalid in row 2575
Warning: All percentages zero/invalid in row 2576
Warning: All percentages zero/invalid in row 2577
Warning: All percentages zero/invalid in row 2578
Warning: All percentages zero/invalid in row 2579
Warning: All percentages zero/invalid in row 2580
Warning: All percentages zero/invalid in row 2581
Warning: All percentages zero/invalid in row 2582
Warning: All percentages zero/invalid in row 2583
Warning: All percentages zero/invalid in row 2584
Warning: All percentages zero/invalid in row 2585
Warning: All percentages zero/invalid in row 2586
Warning: All percentages zero/invalid in row 2587
Warning: All percentages zero/invalid in row 2588
Warning: All percentages zero/invalid in row 2589
Warning: All percentages zero/invalid in row 2590
Warning: All percentages zero/invalid in row 2591
Warning: All percentages zero/invalid in row 2592
Warning: All percentages zero/invalid in row 2593
Warning: All percentages zero/invalid in row 2594
Warning: All percentages zero/invalid in row 2595
Warning: All percentages zero/invalid in row 2596
Warning: All percentages zero/invalid in row 2597
Warning: All percentages zero/invalid in row 2598
Warning: All percentages zero/invalid in row 2599
Warning: All percentages zero/invalid in row 2600
Warning: All percentages zero/invalid in row 2601
Warning: All percentages zero/invalid in row 2602
Warning: All percentages zero/invalid in row 2603
Warning: All percentages zero/invalid in row 2604
Warning: All percentages zero/invalid in row 2605
Warning: All percentages zero/invalid in row 2606
Warning: All percentages zero/invalid in row 2607
Warning: All percentages zero/invalid in row 2608
Warning: All percentages zero/invalid in row 2611
Warning: All percentages zero/invalid in row 2612
Warning: All percentages zero/invalid in row 2617
Warning: All percentages zero/invalid in row 2618
Warning: All percentages zero/invalid in row 2619
Warning: All percentages zero/invalid in row 2620
Warning: All percentages zero/invalid in row 2621
Warning: All percentages zero/invalid in row 2622
Warning: All percentages zero/invalid in row 2623
Warning: All percentages zero/invalid in row 2624
Warning: All percentages zero/invalid in row 2625
Warning: All percentages zero/invalid in row 2626
Warning: All percentages zero/invalid in row 2627
Warning: All percentages zero/invalid in row 2628
Warning: All percentages zero/invalid in row 2629
Warning: All percentages zero/invalid in row 2630
Warning: All percentages zero/invalid in row 2631
Warning: All percentages zero/invalid in row 2632
Warning: All percentages zero/invalid in row 2633
Warning: All percentages zero/invalid in row 2634
Warning: All percentages zero/invalid in row 2635
Warning: All percentages zero/invalid in row 2636
Warning: All percentages zero/invalid in row 2637
Warning: All percentages zero/invalid in row 2638
Warning: All percentages zero/invalid in row 2639
Warning: All percentages zero/invalid in row 2640
Warning: All percentages zero/invalid in row 2641
Warning: All percentages zero/invalid in row 2642
Warning: All percentages zero/invalid in row 2643
Warning: All percentages zero/invalid in row 2644
Warning: All percentages zero/invalid in row 2645
Warning: All percentages zero/invalid in row 2646
Warning: All percentages zero/invalid in row 2647
Warning: All percentages zero/invalid in row 2648
Warning: All percentages zero/invalid in row 2649
Warning: All percentages zero/invalid in row 2650
Warning: All percentages zero/invalid in row 2651
Warning: All percentages zero/invalid in row 2653
Warning: All percentages zero/invalid in row 2654
Warning: All percentages zero/invalid in row 2655
Warning: All percentages zero/invalid in row 2656
Warning: All percentages zero/invalid in row 2657
Warning: All percentages zero/invalid in row 2658
Warning: All percentages zero/invalid in row 2659
Warning: All percentages zero/invalid in row 2660
Warning: All percentages zero/invalid in row 2661
Warning: All percentages zero/invalid in row 2662
Warning: All percentages zero/invalid in row 2663
Warning: All percentages zero/invalid in row 2664
Warning: All percentages zero/invalid in row 2665
Warning: All percentages zero/invalid in row 2666
Warning: All percentages zero/invalid in row 2667
Warning: All percentages zero/invalid in row 2668
Warning: All percentages zero/invalid in row 2669
Warning: All percentages zero/invalid in row 2670
Warning: All percentages zero/invalid in row 2671
Warning: All percentages zero/invalid in row 2673
Warning: All percentages zero/invalid in row 2675
Warning: All percentages zero/invalid in row 2676
Warning: All percentages zero/invalid in row 2677
Warning: All percentages zero/invalid in row 2678
Warning: All percentages zero/invalid in row 2679
Warning: All percentages zero/invalid in row 2680
Warning: All percentages zero/invalid in row 2681
Warning: All percentages zero/invalid in row 2682
Warning: All percentages zero/invalid in row 2683
Warning: All percentages zero/invalid in row 2684
Warning: All percentages zero/invalid in row 2685
Warning: All percentages zero/invalid in row 2686
Warning: All percentages zero/invalid in row 2687
Warning: All percentages zero/invalid in row 2688
Warning: All percentages zero/invalid in row 2689
Warning: All percentages zero/invalid in row 2690
Warning: All percentages zero/invalid in row 2691
Warning: All percentages zero/invalid in row 2692
Warning: All percentages zero/invalid in row 2693
Warning: All percentages zero/invalid in row 2694
Warning: All percentages zero/invalid in row 2695
Warning: All percentages zero/invalid in row 2696
Warning: All percentages zero/invalid in row 2697
Warning: All percentages zero/invalid in row 2698
Warning: All percentages zero/invalid in row 2699
Warning: All percentages zero/invalid in row 2700
Warning: All percentages zero/invalid in row 2701
Warning: All percentages zero/invalid in row 2702
Warning: All percentages zero/invalid in row 2703
Warning: All percentages zero/invalid in row 2704
Warning: All percentages zero/invalid in row 2705
Warning: All percentages zero/invalid in row 2706
Warning: All percentages zero/invalid in row 2707
Warning: All percentages zero/invalid in row 2708
Warning: All percentages zero/invalid in row 2709
Warning: All percentages zero/invalid in row 2710
Warning: All percentages zero/invalid in row 2711
Warning: All percentages zero/invalid in row 2712
Warning: All percentages zero/invalid in row 2713
Warning: All percentages zero/invalid in row 2714
Warning: All percentages zero/invalid in row 2721
Warning: All percentages zero/invalid in row 2779
Warning: All percentages zero/invalid in row 2781
Warning: All percentages zero/invalid in row 2786
Warning: All percentages zero/invalid in row 2789
Warning: All percentages zero/invalid in row 2790
Warning: All percentages zero/invalid in row 2791
Warning: All percentages zero/invalid in row 2800
Warning: All percentages zero/invalid in row 2801
Warning: All percentages zero/invalid in row 2802
Warning: All percentages zero/invalid in row 2803
Warning: All percentages zero/invalid in row 2804
Warning: All percentages zero/invalid in row 2805
Warning: All percentages zero/invalid in row 2806
Warning: All percentages zero/invalid in row 2807
Warning: All percentages zero/invalid in row 2808
Warning: All percentages zero/invalid in row 2809
Warning: All percentages zero/invalid in row 2810
Warning: All percentages zero/invalid in row 2811
Warning: All percentages zero/invalid in row 2812
Warning: All percentages zero/invalid in row 2813
Warning: All percentages zero/invalid in row 2814
Warning: All percentages zero/invalid in row 2815
Warning: All percentages zero/invalid in row 2816
Warning: All percentages zero/invalid in row 2817
Warning: All percentages zero/invalid in row 2821
Warning: All percentages zero/invalid in row 2822
Warning: All percentages zero/invalid in row 2823
Warning: All percentages zero/invalid in row 2824
Warning: All percentages zero/invalid in row 2825
Warning: All percentages zero/invalid in row 2826
Warning: All percentages zero/invalid in row 2827
Warning: All percentages zero/invalid in row 2828
Warning: All percentages zero/invalid in row 2829
Warning: All percentages zero/invalid in row 2830
Warning: All percentages zero/invalid in row 2832
Warning: All percentages zero/invalid in row 2833
Warning: All percentages zero/invalid in row 2835
Warning: All percentages zero/invalid in row 2839
Warning: All percentages zero/invalid in row 2848
Warning: All percentages zero/invalid in row 2849
Warning: All percentages zero/invalid in row 2854
Warning: All percentages zero/invalid in row 2857
Warning: All percentages zero/invalid in row 2863
Warning: All percentages zero/invalid in row 2871
Warning: All percentages zero/invalid in row 2872
Warning: All percentages zero/invalid in row 2873
Warning: All percentages zero/invalid in row 2874
Warning: All percentages zero/invalid in row 2875
Warning: All percentages zero/invalid in row 2876
Warning: All percentages zero/invalid in row 2877
Warning: All percentages zero/invalid in row 2878
Warning: All percentages zero/invalid in row 2879
Warning: All percentages zero/invalid in row 2880
Warning: All percentages zero/invalid in row 2881
Warning: All percentages zero/invalid in row 2882
Warning: All percentages zero/invalid in row 2883
Warning: All percentages zero/invalid in row 2884
Warning: All percentages zero/invalid in row 2885
Warning: All percentages zero/invalid in row 2886
Warning: All percentages zero/invalid in row 2887
Warning: All percentages zero/invalid in row 2888
Warning: All percentages zero/invalid in row 2889
Warning: All percentages zero/invalid in row 2890
Warning: All percentages zero/invalid in row 2891
Warning: All percentages zero/invalid in row 2892
Warning: All percentages zero/invalid in row 2893
Warning: All percentages zero/invalid in row 2894
Warning: All percentages zero/invalid in row 2895
Warning: All percentages zero/invalid in row 2896
Warning: All percentages zero/invalid in row 2897
Warning: All percentages zero/invalid in row 2898
Warning: All percentages zero/invalid in row 2899
Warning: All percentages zero/invalid in row 2900
Warning: All percentages zero/invalid in row 2901
Warning: All percentages zero/invalid in row 2902
Warning: All percentages zero/invalid in row 2903
Warning: All percentages zero/invalid in row 2904
Warning: All percentages zero/invalid in row 2905
Warning: All percentages zero/invalid in row 2906
Warning: All percentages zero/invalid in row 2907
Warning: All percentages zero/invalid in row 2908
Warning: All percentages zero/invalid in row 2909
Warning: All percentages zero/invalid in row 2910
Warning: All percentages zero/invalid in row 2911
Warning: All percentages zero/invalid in row 2912
Warning: All percentages zero/invalid in row 2913
Warning: All percentages zero/invalid in row 2914
Warning: All percentages zero/invalid in row 2915
Warning: All percentages zero/invalid in row 2916
Warning: All percentages zero/invalid in row 2917
Warning: All percentages zero/invalid in row 2918
Warning: All percentages zero/invalid in row 2919
Warning: All percentages zero/invalid in row 2920
Warning: All percentages zero/invalid in row 2921
Warning: All percentages zero/invalid in row 2922
Warning: All percentages zero/invalid in row 2923
Warning: All percentages zero/invalid in row 2924
Warning: All percentages zero/invalid in row 2925
Warning: All percentages zero/invalid in row 2926
Warning: All percentages zero/invalid in row 2927
Warning: All percentages zero/invalid in row 2928
Warning: All percentages zero/invalid in row 2929
Warning: All percentages zero/invalid in row 2930
Warning: All percentages zero/invalid in row 2931
Warning: All percentages zero/invalid in row 2932
Warning: All percentages zero/invalid in row 2933
Warning: All percentages zero/invalid in row 2934
Warning: All percentages zero/invalid in row 2935
Warning: All percentages zero/invalid in row 2936
Warning: All percentages zero/invalid in row 2937
Warning: All percentages zero/invalid in row 2938
Warning: All percentages zero/invalid in row 2939
Warning: All percentages zero/invalid in row 2940
Warning: All percentages zero/invalid in row 2941
Warning: All percentages zero/invalid in row 2942
Warning: All percentages zero/invalid in row 2943
Warning: All percentages zero/invalid in row 2944
Warning: All percentages zero/invalid in row 2945
Warning: All percentages zero/invalid in row 2946
Warning: All percentages zero/invalid in row 2947
Warning: All percentages zero/invalid in row 2948
Warning: All percentages zero/invalid in row 2949
Warning: All percentages zero/invalid in row 2951
Warning: All percentages zero/invalid in row 2952
Warning: All percentages zero/invalid in row 2953
Warning: All percentages zero/invalid in row 2954
Warning: All percentages zero/invalid in row 2955
Warning: All percentages zero/invalid in row 2956
Warning: All percentages zero/invalid in row 2957
Warning: All percentages zero/invalid in row 2958
Warning: All percentages zero/invalid in row 2961
Warning: All percentages zero/invalid in row 2962
Warning: All percentages zero/invalid in row 2963
Warning: All percentages zero/invalid in row 2964
Warning: All percentages zero/invalid in row 2965
Warning: All percentages zero/invalid in row 2966
Warning: All percentages zero/invalid in row 2967
Warning: All percentages zero/invalid in row 2968
Warning: All percentages zero/invalid in row 2969
Warning: All percentages zero/invalid in row 2970
Warning: All percentages zero/invalid in row 2971
Warning: All percentages zero/invalid in row 2972
Warning: All percentages zero/invalid in row 2973
Warning: All percentages zero/invalid in row 2974
Warning: All percentages zero/invalid in row 2975
Warning: All percentages zero/invalid in row 2976
Warning: All percentages zero/invalid in row 2977
Warning: All percentages zero/invalid in row 2978
Warning: All percentages zero/invalid in row 2979
Warning: All percentages zero/invalid in row 2980
Warning: All percentages zero/invalid in row 2981
Warning: All percentages zero/invalid in row 2982
Warning: All percentages zero/invalid in row 2983
Warning: All percentages zero/invalid in row 2984
Warning: All percentages zero/invalid in row 2985
Warning: All percentages zero/invalid in row 2986
Warning: All percentages zero/invalid in row 2987
Warning: All percentages zero/invalid in row 2988
Warning: All percentages zero/invalid in row 2989
Warning: All percentages zero/invalid in row 2990
Warning: All percentages zero/invalid in row 2991
Warning: All percentages zero/invalid in row 2992
Warning: All percentages zero/invalid in row 2993
Warning: All percentages zero/invalid in row 2994
Warning: All percentages zero/invalid in row 2995
Warning: All percentages zero/invalid in row 2996
Warning: All percentages zero/invalid in row 2997
Warning: All percentages zero/invalid in row 2998
Warning: All percentages zero/invalid in row 2999
Warning: All percentages zero/invalid in row 3000
Warning: All percentages zero/invalid in row 3001
Warning: All percentages zero/invalid in row 3002
Warning: All percentages zero/invalid in row 3003
Warning: All percentages zero/invalid in row 3004
Warning: All percentages zero/invalid in row 3005
Warning: All percentages zero/invalid in row 3006
Warning: All percentages zero/invalid in row 3007
Warning: All percentages zero/invalid in row 3008
Warning: All percentages zero/invalid in row 3009
Warning: All percentages zero/invalid in row 3010
Warning: All percentages zero/invalid in row 3011
Warning: All percentages zero/invalid in row 3012
Warning: All percentages zero/invalid in row 3013
Warning: All percentages zero/invalid in row 3014
Warning: All percentages zero/invalid in row 3015
Warning: All percentages zero/invalid in row 3016
Warning: All percentages zero/invalid in row 3017
Warning: All percentages zero/invalid in row 3018
Warning: All percentages zero/invalid in row 3019
Warning: All percentages zero/invalid in row 3020
Warning: All percentages zero/invalid in row 3021
Warning: All percentages zero/invalid in row 3023
Warning: All percentages zero/invalid in row 3024
Warning: All percentages zero/invalid in row 3026
Warning: All percentages zero/invalid in row 3028
Warning: All percentages zero/invalid in row 3029
Warning: All percentages zero/invalid in row 3030
Warning: All percentages zero/invalid in row 3031
Warning: All percentages zero/invalid in row 3032
Warning: All percentages zero/invalid in row 3033
Warning: All percentages zero/invalid in row 3034
Warning: All percentages zero/invalid in row 3035
Warning: All percentages zero/invalid in row 3036
Warning: All percentages zero/invalid in row 3037
Warning: All percentages zero/invalid in row 3038
Warning: All percentages zero/invalid in row 3039
Warning: All percentages zero/invalid in row 3040
Warning: All percentages zero/invalid in row 3041
Warning: All percentages zero/invalid in row 3042
Warning: All percentages zero/invalid in row 3043
Warning: All percentages zero/invalid in row 3044
Warning: All percentages zero/invalid in row 3045
Warning: All percentages zero/invalid in row 3046
Warning: All percentages zero/invalid in row 3047
Warning: All percentages zero/invalid in row 3048
Warning: All percentages zero/invalid in row 3049
Warning: All percentages zero/invalid in row 3050
Warning: All percentages zero/invalid in row 3051
Warning: All percentages zero/invalid in row 3064
Warning: All percentages zero/invalid in row 3068
Warning: All percentages zero/invalid in row 3076
Warning: All percentages zero/invalid in row 3111
Warning: All percentages zero/invalid in row 3112
Warning: All percentages zero/invalid in row 3113
Warning: All percentages zero/invalid in row 3114
Warning: All percentages zero/invalid in row 3115
Warning: All percentages zero/invalid in row 3116
Warning: All percentages zero/invalid in row 3117
Warning: All percentages zero/invalid in row 3118
Warning: All percentages zero/invalid in row 3119
Warning: All percentages zero/invalid in row 3120
Warning: All percentages zero/invalid in row 3121
Warning: All percentages zero/invalid in row 3122
Warning: All percentages zero/invalid in row 3123
Warning: All percentages zero/invalid in row 3124
Warning: All percentages zero/invalid in row 3125
Warning: All percentages zero/invalid in row 3126
Warning: All percentages zero/invalid in row 3127
Warning: All percentages zero/invalid in row 3128
Warning: All percentages zero/invalid in row 3129
Warning: All percentages zero/invalid in row 3130
Warning: All percentages zero/invalid in row 3131
Warning: All percentages zero/invalid in row 3132
Warning: All percentages zero/invalid in row 3133
Warning: All percentages zero/invalid in row 3134
Warning: All percentages zero/invalid in row 3135
Warning: All percentages zero/invalid in row 3136
Warning: All percentages zero/invalid in row 3137
Warning: All percentages zero/invalid in row 3138
Warning: All percentages zero/invalid in row 3139
Warning: All percentages zero/invalid in row 3140
Warning: All percentages zero/invalid in row 3141
Warning: All percentages zero/invalid in row 3142
Warning: All percentages zero/invalid in row 3143
Warning: All percentages zero/invalid in row 3144
Warning: All percentages zero/invalid in row 3145
Warning: All percentages zero/invalid in row 3146
Warning: All percentages zero/invalid in row 3147
Warning: All percentages zero/invalid in row 3148
Warning: All percentages zero/invalid in row 3149
Warning: All percentages zero/invalid in row 3150
Warning: All percentages zero/invalid in row 3151
Warning: All percentages zero/invalid in row 3152
Warning: All percentages zero/invalid in row 3153
Warning: All percentages zero/invalid in row 3154
Warning: All percentages zero/invalid in row 3155
Warning: All percentages zero/invalid in row 3156
Warning: All percentages zero/invalid in row 3157
Warning: All percentages zero/invalid in row 3158
Warning: All percentages zero/invalid in row 3159
Warning: All percentages zero/invalid in row 3160
Warning: All percentages zero/invalid in row 3162
Warning: All percentages zero/invalid in row 3163
Warning: All percentages zero/invalid in row 3164
Warning: All percentages zero/invalid in row 3165
Warning: All percentages zero/invalid in row 3166
Warning: All percentages zero/invalid in row 3167
Warning: All percentages zero/invalid in row 3168
Warning: All percentages zero/invalid in row 3169
Warning: All percentages zero/invalid in row 3170
Warning: All percentages zero/invalid in row 3171
Warning: All percentages zero/invalid in row 3172
Warning: All percentages zero/invalid in row 3174
Warning: All percentages zero/invalid in row 3175
Warning: All percentages zero/invalid in row 3176
Warning: All percentages zero/invalid in row 3177
Warning: All percentages zero/invalid in row 3178
Warning: All percentages zero/invalid in row 3179
Warning: All percentages zero/invalid in row 3180
Warning: All percentages zero/invalid in row 3181
Warning: All percentages zero/invalid in row 3182
Warning: All percentages zero/invalid in row 3184
Warning: All percentages zero/invalid in row 3185
Warning: All percentages zero/invalid in row 3186
Warning: All percentages zero/invalid in row 3194
Warning: All percentages zero/invalid in row 3200
Warning: All percentages zero/invalid in row 3204
Warning: All percentages zero/invalid in row 3216
Warning: All percentages zero/invalid in row 3217
Warning: All percentages zero/invalid in row 3223
Warning: All percentages zero/invalid in row 3234
Warning: All percentages zero/invalid in row 3235
Warning: All percentages zero/invalid in row 3236
Warning: All percentages zero/invalid in row 3237
Warning: All percentages zero/invalid in row 3238
Warning: All percentages zero/invalid in row 3244
Warning: All percentages zero/invalid in row 3246
Warning: All percentages zero/invalid in row 3247
Warning: All percentages zero/invalid in row 3251
Warning: All percentages zero/invalid in row 3257
Warning: All percentages zero/invalid in row 3262
Warning: All percentages zero/invalid in row 3264
Warning: All percentages zero/invalid in row 3267
Warning: All percentages zero/invalid in row 3273
Warning: All percentages zero/invalid in row 3274
Warning: All percentages zero/invalid in row 3275
Warning: All percentages zero/invalid in row 3276
Warning: All percentages zero/invalid in row 3277
Warning: All percentages zero/invalid in row 3278
Warning: All percentages zero/invalid in row 3279
Warning: All percentages zero/invalid in row 3280
Warning: All percentages zero/invalid in row 3281
Warning: All percentages zero/invalid in row 3282
Warning: All percentages zero/invalid in row 3283
Warning: All percentages zero/invalid in row 3284
Warning: All percentages zero/invalid in row 3285
Warning: All percentages zero/invalid in row 3286
Warning: All percentages zero/invalid in row 3287
Warning: All percentages zero/invalid in row 3288
Warning: All percentages zero/invalid in row 3289
Warning: All percentages zero/invalid in row 3290
Warning: All percentages zero/invalid in row 3291
Warning: All percentages zero/invalid in row 3292
Warning: All percentages zero/invalid in row 3293
Warning: All percentages zero/invalid in row 3294
Warning: All percentages zero/invalid in row 3295
Warning: All percentages zero/invalid in row 3296
Warning: All percentages zero/invalid in row 3297
Warning: All percentages zero/invalid in row 3298
Warning: All percentages zero/invalid in row 3299
Warning: All percentages zero/invalid in row 3300
Warning: All percentages zero/invalid in row 3301
Warning: All percentages zero/invalid in row 3302
Warning: All percentages zero/invalid in row 3303
Warning: All percentages zero/invalid in row 3304
Warning: All percentages zero/invalid in row 3305
Warning: All percentages zero/invalid in row 3306
Warning: All percentages zero/invalid in row 3307
Warning: All percentages zero/invalid in row 3308
Warning: All percentages zero/invalid in row 3309
Warning: All percentages zero/invalid in row 3310
Warning: All percentages zero/invalid in row 3311
Warning: All percentages zero/invalid in row 3313
Warning: All percentages zero/invalid in row 3314
Warning: All percentages zero/invalid in row 3315
Warning: All percentages zero/invalid in row 3316
Warning: All percentages zero/invalid in row 3317
Warning: All percentages zero/invalid in row 3318
Warning: All percentages zero/invalid in row 3319
Warning: All percentages zero/invalid in row 3321
Warning: All percentages zero/invalid in row 3322
Warning: All percentages zero/invalid in row 3323
Warning: All percentages zero/invalid in row 3324
Warning: All percentages zero/invalid in row 3325
Warning: All percentages zero/invalid in row 3326
Warning: All percentages zero/invalid in row 3327
Warning: All percentages zero/invalid in row 3329
Warning: All percentages zero/invalid in row 3330
Warning: All percentages zero/invalid in row 3331
Warning: All percentages zero/invalid in row 3332
Warning: All percentages zero/invalid in row 3333
Warning: All percentages zero/invalid in row 3334
Warning: All percentages zero/invalid in row 3335
Warning: All percentages zero/invalid in row 3336
Warning: All percentages zero/invalid in row 3338
Warning: All percentages zero/invalid in row 3339
Warning: All percentages zero/invalid in row 3340
Warning: All percentages zero/invalid in row 3341
Warning: All percentages zero/invalid in row 3342
Warning: All percentages zero/invalid in row 3343
Warning: All percentages zero/invalid in row 3344
Warning: All percentages zero/invalid in row 3346
Warning: All percentages zero/invalid in row 3347
Warning: All percentages zero/invalid in row 3348
Warning: All percentages zero/invalid in row 3349
Warning: All percentages zero/invalid in row 3350
Warning: All percentages zero/invalid in row 3351
Warning: All percentages zero/invalid in row 3352
Warning: All percentages zero/invalid in row 3353
Warning: All percentages zero/invalid in row 3354
Warning: All percentages zero/invalid in row 3355
Warning: All percentages zero/invalid in row 3356
Warning: All percentages zero/invalid in row 3357
Warning: All percentages zero/invalid in row 3358
Warning: All percentages zero/invalid in row 3359
Warning: All percentages zero/invalid in row 3360
Warning: All percentages zero/invalid in row 3361
Warning: All percentages zero/invalid in row 3362
Warning: All percentages zero/invalid in row 3363
Warning: All percentages zero/invalid in row 3364
Warning: All percentages zero/invalid in row 3365
Warning: All percentages zero/invalid in row 3366
Warning: All percentages zero/invalid in row 3367
Warning: All percentages zero/invalid in row 3368
Warning: All percentages zero/invalid in row 3369
Warning: All percentages zero/invalid in row 3370
Warning: All percentages zero/invalid in row 3371
Warning: All percentages zero/invalid in row 3372
Warning: All percentages zero/invalid in row 3373
Warning: All percentages zero/invalid in row 3374
Warning: All percentages zero/invalid in row 3375
Warning: All percentages zero/invalid in row 3376
Warning: All percentages zero/invalid in row 3377
Warning: All percentages zero/invalid in row 3378
Warning: All percentages zero/invalid in row 3379
Warning: All percentages zero/invalid in row 3380
Warning: All percentages zero/invalid in row 3381
Warning: All percentages zero/invalid in row 3382
Warning: All percentages zero/invalid in row 3383
Warning: All percentages zero/invalid in row 3384
Warning: All percentages zero/invalid in row 3385
Warning: All percentages zero/invalid in row 3386
Warning: All percentages zero/invalid in row 3387
Warning: All percentages zero/invalid in row 3388
Warning: All percentages zero/invalid in row 3389
Warning: All percentages zero/invalid in row 3390
Warning: All percentages zero/invalid in row 3391
Warning: All percentages zero/invalid in row 3392
Warning: All percentages zero/invalid in row 3393
Warning: All percentages zero/invalid in row 3394
Warning: All percentages zero/invalid in row 3395
Warning: All percentages zero/invalid in row 3396
Warning: All percentages zero/invalid in row 3397
Warning: All percentages zero/invalid in row 3398
Warning: All percentages zero/invalid in row 3399
Warning: All percentages zero/invalid in row 3400
Warning: All percentages zero/invalid in row 3401
Warning: All percentages zero/invalid in row 3402
Warning: All percentages zero/invalid in row 3403
Warning: All percentages zero/invalid in row 3404
Warning: All percentages zero/invalid in row 3405
Warning: All percentages zero/invalid in row 3406
Warning: All percentages zero/invalid in row 3407
Warning: All percentages zero/invalid in row 3408
Warning: All percentages zero/invalid in row 3409
Warning: All percentages zero/invalid in row 3410
Warning: All percentages zero/invalid in row 3411
Warning: All percentages zero/invalid in row 3412
Warning: All percentages zero/invalid in row 3413
Warning: All percentages zero/invalid in row 3414
Warning: All percentages zero/invalid in row 3415
Warning: All percentages zero/invalid in row 3416
Warning: All percentages zero/invalid in row 3417
Warning: All percentages zero/invalid in row 3418
Warning: All percentages zero/invalid in row 3419
Warning: All percentages zero/invalid in row 3420
Warning: All percentages zero/invalid in row 3421
Warning: All percentages zero/invalid in row 3422
Warning: All percentages zero/invalid in row 3423
Warning: All percentages zero/invalid in row 3424
Warning: All percentages zero/invalid in row 3425
Warning: All percentages zero/invalid in row 3426
Warning: All percentages zero/invalid in row 3427
Warning: All percentages zero/invalid in row 3428
Warning: All percentages zero/invalid in row 3429
Warning: All percentages zero/invalid in row 3430
Warning: All percentages zero/invalid in row 3431
Warning: All percentages zero/invalid in row 3432
Warning: All percentages zero/invalid in row 3433
Warning: All percentages zero/invalid in row 3434
Warning: All percentages zero/invalid in row 3435
Warning: All percentages zero/invalid in row 3436
Warning: All percentages zero/invalid in row 3437
Warning: All percentages zero/invalid in row 3438
Warning: All percentages zero/invalid in row 3439
Warning: All percentages zero/invalid in row 3440
Warning: All percentages zero/invalid in row 3441
Warning: All percentages zero/invalid in row 3442
Warning: All percentages zero/invalid in row 3443
Warning: All percentages zero/invalid in row 3444
Warning: All percentages zero/invalid in row 3445
Warning: All percentages zero/invalid in row 3446
Warning: All percentages zero/invalid in row 3447
Warning: All percentages zero/invalid in row 3448
Warning: All percentages zero/invalid in row 3449
Warning: All percentages zero/invalid in row 3450
Warning: All percentages zero/invalid in row 3451
Warning: All percentages zero/invalid in row 3452
Warning: All percentages zero/invalid in row 3453
Warning: All percentages zero/invalid in row 3454
Warning: All percentages zero/invalid in row 3455
Warning: All percentages zero/invalid in row 3456
Warning: All percentages zero/invalid in row 3457
Warning: All percentages zero/invalid in row 3458
Warning: All percentages zero/invalid in row 3459
Warning: All percentages zero/invalid in row 3460
Warning: All percentages zero/invalid in row 3461
Warning: All percentages zero/invalid in row 3462
Warning: All percentages zero/invalid in row 3463
Warning: All percentages zero/invalid in row 3464
Warning: All percentages zero/invalid in row 3465
Warning: All percentages zero/invalid in row 3466
Warning: All percentages zero/invalid in row 3467
Warning: All percentages zero/invalid in row 3468
Warning: All percentages zero/invalid in row 3469
Warning: All percentages zero/invalid in row 3470
Warning: All percentages zero/invalid in row 3471
Warning: All percentages zero/invalid in row 3472
Warning: All percentages zero/invalid in row 3473
Warning: All percentages zero/invalid in row 3474
Warning: All percentages zero/invalid in row 3475
Warning: All percentages zero/invalid in row 3476
Warning: All percentages zero/invalid in row 3477
Warning: All percentages zero/invalid in row 3478
Warning: All percentages zero/invalid in row 3479
Warning: All percentages zero/invalid in row 3480
Warning: All percentages zero/invalid in row 3481
Warning: All percentages zero/invalid in row 3482
Warning: All percentages zero/invalid in row 3483
Warning: All percentages zero/invalid in row 3484
Warning: All percentages zero/invalid in row 3485
Warning: All percentages zero/invalid in row 3486
Warning: All percentages zero/invalid in row 3487
Warning: All percentages zero/invalid in row 3488
Warning: All percentages zero/invalid in row 3489
Warning: All percentages zero/invalid in row 3490
Warning: All percentages zero/invalid in row 3491
Warning: All percentages zero/invalid in row 3492
Warning: All percentages zero/invalid in row 3493
Warning: All percentages zero/invalid in row 3494
Warning: All percentages zero/invalid in row 3495
Warning: All percentages zero/invalid in row 3496
Warning: All percentages zero/invalid in row 3497
Warning: All percentages zero/invalid in row 3498
Warning: All percentages zero/invalid in row 3499
Warning: All percentages zero/invalid in row 3500
Warning: All percentages zero/invalid in row 3501
Warning: All percentages zero/invalid in row 3502
Warning: All percentages zero/invalid in row 3503
Warning: All percentages zero/invalid in row 3504
Warning: All percentages zero/invalid in row 3505
Warning: All percentages zero/invalid in row 3506
Warning: All percentages zero/invalid in row 3507
Warning: All percentages zero/invalid in row 3508
Warning: All percentages zero/invalid in row 3509
Warning: All percentages zero/invalid in row 3510
Warning: All percentages zero/invalid in row 3511
Warning: All percentages zero/invalid in row 3512
Warning: All percentages zero/invalid in row 3513
Warning: All percentages zero/invalid in row 3514
Warning: All percentages zero/invalid in row 3515
Warning: All percentages zero/invalid in row 3516
Warning: All percentages zero/invalid in row 3517
Warning: All percentages zero/invalid in row 3518
Warning: All percentages zero/invalid in row 3519
Warning: All percentages zero/invalid in row 3520
Warning: All percentages zero/invalid in row 3521
Warning: All percentages zero/invalid in row 3522
Warning: All percentages zero/invalid in row 3523
Warning: All percentages zero/invalid in row 3524
Warning: All percentages zero/invalid in row 3525
Warning: All percentages zero/invalid in row 3526
Warning: All percentages zero/invalid in row 3527
Warning: All percentages zero/invalid in row 3528
Warning: All percentages zero/invalid in row 3529
Warning: All percentages zero/invalid in row 3530
Warning: All percentages zero/invalid in row 3531
Warning: All percentages zero/invalid in row 3532
Warning: All percentages zero/invalid in row 3533
Warning: All percentages zero/invalid in row 3534
Warning: All percentages zero/invalid in row 3535
Warning: All percentages zero/invalid in row 3536
Warning: All percentages zero/invalid in row 3537
Warning: All percentages zero/invalid in row 3538
Warning: All percentages zero/invalid in row 3539
Warning: All percentages zero/invalid in row 3540
Warning: All percentages zero/invalid in row 3541
Warning: All percentages zero/invalid in row 3542
Warning: All percentages zero/invalid in row 3543
Warning: All percentages zero/invalid in row 3544
Warning: All percentages zero/invalid in row 3545
Warning: All percentages zero/invalid in row 3546
Warning: All percentages zero/invalid in row 3547
Warning: All percentages zero/invalid in row 3548
Warning: All percentages zero/invalid in row 3549
Warning: All percentages zero/invalid in row 3550
Warning: All percentages zero/invalid in row 3551
Warning: All percentages zero/invalid in row 3552
Warning: All percentages zero/invalid in row 3553
Warning: All percentages zero/invalid in row 3554
Warning: All percentages zero/invalid in row 3555
Warning: All percentages zero/invalid in row 3556
Warning: All percentages zero/invalid in row 3557
Warning: All percentages zero/invalid in row 3558
Warning: All percentages zero/invalid in row 3559
Warning: All percentages zero/invalid in row 3560
Warning: All percentages zero/invalid in row 3561
Warning: All percentages zero/invalid in row 3562
Warning: All percentages zero/invalid in row 3563
Warning: All percentages zero/invalid in row 3564
Warning: All percentages zero/invalid in row 3565
Warning: All percentages zero/invalid in row 3566
Warning: All percentages zero/invalid in row 3567
Warning: All percentages zero/invalid in row 3568
Warning: All percentages zero/invalid in row 3569
Warning: All percentages zero/invalid in row 3570
Warning: All percentages zero/invalid in row 3571
Warning: All percentages zero/invalid in row 3572
Warning: All percentages zero/invalid in row 3573
Warning: All percentages zero/invalid in row 3574
Warning: All percentages zero/invalid in row 3575
Warning: All percentages zero/invalid in row 3576
Warning: All percentages zero/invalid in row 3577
Warning: All percentages zero/invalid in row 3578
Warning: All percentages zero/invalid in row 3579
Warning: All percentages zero/invalid in row 3581
Warning: All percentages zero/invalid in row 3582
Warning: All percentages zero/invalid in row 3585
Warning: All percentages zero/invalid in row 3587
Warning: All percentages zero/invalid in row 3588
Warning: All percentages zero/invalid in row 3589
Warning: All percentages zero/invalid in row 3590
Warning: All percentages zero/invalid in row 3591
Warning: All percentages zero/invalid in row 3592
Warning: All percentages zero/invalid in row 3593
Warning: All percentages zero/invalid in row 3594
Warning: All percentages zero/invalid in row 3596
Warning: All percentages zero/invalid in row 3600
Warning: All percentages zero/invalid in row 3601
Warning: All percentages zero/invalid in row 3602
Warning: All percentages zero/invalid in row 3605
Warning: All percentages zero/invalid in row 3606
Warning: All percentages zero/invalid in row 3610
Warning: All percentages zero/invalid in row 3612
Warning: All percentages zero/invalid in row 3613
Warning: All percentages zero/invalid in row 3615
Warning: All percentages zero/invalid in row 3616
Warning: All percentages zero/invalid in row 3620
Warning: All percentages zero/invalid in row 3621
Warning: All percentages zero/invalid in row 3622
Warning: All percentages zero/invalid in row 3623
Warning: All percentages zero/invalid in row 3624
Warning: All percentages zero/invalid in row 3625
Warning: All percentages zero/invalid in row 3626
Warning: All percentages zero/invalid in row 3627
Warning: All percentages zero/invalid in row 3628
Warning: All percentages zero/invalid in row 3629
Warning: All percentages zero/invalid in row 3630
Warning: All percentages zero/invalid in row 3631
Warning: All percentages zero/invalid in row 3632
Warning: All percentages zero/invalid in row 3633
Warning: All percentages zero/invalid in row 3634
Warning: All percentages zero/invalid in row 3635
Warning: All percentages zero/invalid in row 3636
Warning: All percentages zero/invalid in row 3637
Warning: All percentages zero/invalid in row 3638
Warning: All percentages zero/invalid in row 3639
Warning: All percentages zero/invalid in row 3640
Warning: All percentages zero/invalid in row 3641
Warning: All percentages zero/invalid in row 3642
Warning: All percentages zero/invalid in row 3643
Warning: All percentages zero/invalid in row 3644
Warning: All percentages zero/invalid in row 3645
Warning: All percentages zero/invalid in row 3648
Warning: All percentages zero/invalid in row 3649
Warning: All percentages zero/invalid in row 3650
Warning: All percentages zero/invalid in row 3651
Warning: All percentages zero/invalid in row 3652
Warning: All percentages zero/invalid in row 3653
Warning: All percentages zero/invalid in row 3654
Warning: All percentages zero/invalid in row 3655
Warning: All percentages zero/invalid in row 3656
Warning: All percentages zero/invalid in row 3657
Warning: All percentages zero/invalid in row 3658
Warning: All percentages zero/invalid in row 3659
Warning: All percentages zero/invalid in row 3660
Warning: All percentages zero/invalid in row 3661
Warning: All percentages zero/invalid in row 3662
Warning: All percentages zero/invalid in row 3681
Warning: All percentages zero/invalid in row 3685
Warning: All percentages zero/invalid in row 3698
Warning: All percentages zero/invalid in row 3706
Warning: All percentages zero/invalid in row 3711
Warning: All percentages zero/invalid in row 3712
Warning: All percentages zero/invalid in row 3726
Warning: All percentages zero/invalid in row 3728
Warning: All percentages zero/invalid in row 3748
Warning: All percentages zero/invalid in row 3751
Warning: All percentages zero/invalid in row 3752
Warning: All percentages zero/invalid in row 3758
Warning: All percentages zero/invalid in row 3770
Warning: All percentages zero/invalid in row 3771
Warning: All percentages zero/invalid in row 3772
Warning: All percentages zero/invalid in row 3773
Warning: All percentages zero/invalid in row 3774
Warning: All percentages zero/invalid in row 3775
Warning: All percentages zero/invalid in row 3776
Warning: All percentages zero/invalid in row 3777
Warning: All percentages zero/invalid in row 3778
Warning: All percentages zero/invalid in row 3779
Warning: All percentages zero/invalid in row 3780
Warning: All percentages zero/invalid in row 3781
Warning: All percentages zero/invalid in row 3782
Warning: All percentages zero/invalid in row 3783
Warning: All percentages zero/invalid in row 3784
Warning: All percentages zero/invalid in row 3785
Warning: All percentages zero/invalid in row 3786
Warning: All percentages zero/invalid in row 3787
Warning: All percentages zero/invalid in row 3788
Warning: All percentages zero/invalid in row 3789
Warning: All percentages zero/invalid in row 3790
Warning: All percentages zero/invalid in row 3791
Warning: All percentages zero/invalid in row 3792
Warning: All percentages zero/invalid in row 3793
Warning: All percentages zero/invalid in row 3794
Warning: All percentages zero/invalid in row 3795
Warning: All percentages zero/invalid in row 3796
Warning: All percentages zero/invalid in row 3797
Warning: All percentages zero/invalid in row 3798
Warning: All percentages zero/invalid in row 3799
Warning: All percentages zero/invalid in row 3800
Warning: All percentages zero/invalid in row 3801
Warning: All percentages zero/invalid in row 3802
Warning: All percentages zero/invalid in row 3803
Warning: All percentages zero/invalid in row 3804
Warning: All percentages zero/invalid in row 3805
Warning: All percentages zero/invalid in row 3806
Warning: All percentages zero/invalid in row 3807
Warning: All percentages zero/invalid in row 3808
Warning: All percentages zero/invalid in row 3809
Warning: All percentages zero/invalid in row 3810
Warning: All percentages zero/invalid in row 3811
Warning: All percentages zero/invalid in row 3812
Warning: All percentages zero/invalid in row 3813
Warning: All percentages zero/invalid in row 3814
Warning: All percentages zero/invalid in row 3815
Warning: All percentages zero/invalid in row 3816
Warning: All percentages zero/invalid in row 3817
Warning: All percentages zero/invalid in row 3818
Warning: All percentages zero/invalid in row 3819
Warning: All percentages zero/invalid in row 3820
Warning: All percentages zero/invalid in row 3821
Warning: All percentages zero/invalid in row 3822
Warning: All percentages zero/invalid in row 3823
Warning: All percentages zero/invalid in row 3824
Warning: All percentages zero/invalid in row 3825
Warning: All percentages zero/invalid in row 3826
Warning: All percentages zero/invalid in row 3827
Warning: All percentages zero/invalid in row 3828
Warning: All percentages zero/invalid in row 3829
Warning: All percentages zero/invalid in row 3830
Warning: All percentages zero/invalid in row 3831
Warning: All percentages zero/invalid in row 3832
Warning: All percentages zero/invalid in row 3834
Warning: All percentages zero/invalid in row 3836
Warning: All percentages zero/invalid in row 3837
Warning: All percentages zero/invalid in row 3838
Warning: All percentages zero/invalid in row 3839
Warning: All percentages zero/invalid in row 3840
Warning: All percentages zero/invalid in row 3841
Warning: All percentages zero/invalid in row 3849
Warning: All percentages zero/invalid in row 3851
Warning: All percentages zero/invalid in row 3857
Warning: All percentages zero/invalid in row 3861
Warning: All percentages zero/invalid in row 3863
Warning: All percentages zero/invalid in row 3867
Warning: All percentages zero/invalid in row 3869
Warning: All percentages zero/invalid in row 3870
Warning: All percentages zero/invalid in row 3873
Warning: All percentages zero/invalid in row 3877
Warning: All percentages zero/invalid in row 3878
Warning: All percentages zero/invalid in row 3881
Warning: All percentages zero/invalid in row 3885
Warning: All percentages zero/invalid in row 3886
Warning: All percentages zero/invalid in row 3887
Warning: All percentages zero/invalid in row 3889
Warning: All percentages zero/invalid in row 3890
Warning: All percentages zero/invalid in row 3891
Warning: All percentages zero/invalid in row 3892
Warning: All percentages zero/invalid in row 3893
Warning: All percentages zero/invalid in row 3894
Warning: All percentages zero/invalid in row 3895
Warning: All percentages zero/invalid in row 3897
Warning: All percentages zero/invalid in row 3900
Warning: All percentages zero/invalid in row 3903
Warning: All percentages zero/invalid in row 3904
Warning: All percentages zero/invalid in row 3906
Warning: All percentages zero/invalid in row 3914
Warning: All percentages zero/invalid in row 3917
Warning: All percentages zero/invalid in row 3919
Warning: All percentages zero/invalid in row 3920
Warning: All percentages zero/invalid in row 3921
Warning: All percentages zero/invalid in row 3922
Warning: All percentages zero/invalid in row 3924
Warning: All percentages zero/invalid in row 3925
Warning: All percentages zero/invalid in row 3926
Warning: All percentages zero/invalid in row 3927
Warning: All percentages zero/invalid in row 3928
Warning: All percentages zero/invalid in row 3929
Warning: All percentages zero/invalid in row 3930
Warning: All percentages zero/invalid in row 3931
Warning: All percentages zero/invalid in row 3932
Warning: All percentages zero/invalid in row 3933
Warning: All percentages zero/invalid in row 3934
Warning: All percentages zero/invalid in row 3935
Warning: All percentages zero/invalid in row 3936
Warning: All percentages zero/invalid in row 3937
Warning: All percentages zero/invalid in row 3938
Warning: All percentages zero/invalid in row 3939
Warning: All percentages zero/invalid in row 3940
Warning: All percentages zero/invalid in row 3941
Warning: All percentages zero/invalid in row 3942
Warning: All percentages zero/invalid in row 3943
Warning: All percentages zero/invalid in row 3944
Warning: All percentages zero/invalid in row 3945
Warning: All percentages zero/invalid in row 3946
Warning: All percentages zero/invalid in row 3947
Warning: All percentages zero/invalid in row 3948
Warning: All percentages zero/invalid in row 3949
Warning: All percentages zero/invalid in row 3950
Warning: All percentages zero/invalid in row 3951
Warning: All percentages zero/invalid in row 3952
Warning: All percentages zero/invalid in row 3953
Warning: All percentages zero/invalid in row 3954
Warning: All percentages zero/invalid in row 3955
Warning: All percentages zero/invalid in row 3956
Warning: All percentages zero/invalid in row 3957
Warning: All percentages zero/invalid in row 3958
Warning: All percentages zero/invalid in row 3959
Warning: All percentages zero/invalid in row 3960
Warning: All percentages zero/invalid in row 3961
Warning: All percentages zero/invalid in row 3962
Warning: All percentages zero/invalid in row 3963
Warning: All percentages zero/invalid in row 3964
Warning: All percentages zero/invalid in row 3965
Warning: All percentages zero/invalid in row 3966
Warning: All percentages zero/invalid in row 3967
Warning: All percentages zero/invalid in row 3968
Warning: All percentages zero/invalid in row 3969
Warning: All percentages zero/invalid in row 3970
Warning: All percentages zero/invalid in row 3971
Warning: All percentages zero/invalid in row 3972
Warning: All percentages zero/invalid in row 3973
Warning: All percentages zero/invalid in row 3974
Warning: All percentages zero/invalid in row 3975
Warning: All percentages zero/invalid in row 3976
Warning: All percentages zero/invalid in row 3977
Warning: All percentages zero/invalid in row 3978
Warning: All percentages zero/invalid in row 3979
Warning: All percentages zero/invalid in row 3980
Warning: All percentages zero/invalid in row 3981
Warning: All percentages zero/invalid in row 3982
Warning: All percentages zero/invalid in row 3984
Warning: All percentages zero/invalid in row 3988
Warning: All percentages zero/invalid in row 3992
Warning: All percentages zero/invalid in row 3993
Warning: All percentages zero/invalid in row 3996
Warning: All percentages zero/invalid in row 3997
Warning: All percentages zero/invalid in row 3998
Warning: All percentages zero/invalid in row 3999
Warning: All percentages zero/invalid in row 4000
Warning: All percentages zero/invalid in row 4001
Warning: All percentages zero/invalid in row 4002
Warning: All percentages zero/invalid in row 4003
Warning: All percentages zero/invalid in row 4004
Warning: All percentages zero/invalid in row 4005
Warning: All percentages zero/invalid in row 4006
Warning: All percentages zero/invalid in row 4007
Warning: All percentages zero/invalid in row 4008
Warning: All percentages zero/invalid in row 4009
Warning: All percentages zero/invalid in row 4010
Warning: All percentages zero/invalid in row 4011
Warning: All percentages zero/invalid in row 4012
Warning: All percentages zero/invalid in row 4013
Warning: All percentages zero/invalid in row 4014
Warning: All percentages zero/invalid in row 4015
Warning: All percentages zero/invalid in row 4017
Warning: All percentages zero/invalid in row 4018
Warning: All percentages zero/invalid in row 4020
Warning: All percentages zero/invalid in row 4021
Warning: All percentages zero/invalid in row 4022
Warning: All percentages zero/invalid in row 4023
Warning: All percentages zero/invalid in row 4024
Warning: All percentages zero/invalid in row 4025
Warning: All percentages zero/invalid in row 4026
Warning: All percentages zero/invalid in row 4027
Warning: All percentages zero/invalid in row 4028
Warning: All percentages zero/invalid in row 4029
Warning: All percentages zero/invalid in row 4030
Warning: All percentages zero/invalid in row 4040
Warning: All percentages zero/invalid in row 4045
Warning: All percentages zero/invalid in row 4046
Warning: All percentages zero/invalid in row 4049
Warning: All percentages zero/invalid in row 4050
Warning: All percentages zero/invalid in row 4051
Warning: All percentages zero/invalid in row 4052
Warning: All percentages zero/invalid in row 4053
Warning: All percentages zero/invalid in row 4054
Warning: All percentages zero/invalid in row 4055
Warning: All percentages zero/invalid in row 4056
Warning: All percentages zero/invalid in row 4057
Warning: All percentages zero/invalid in row 4058
Warning: All percentages zero/invalid in row 4059
Warning: All percentages zero/invalid in row 4060
Warning: All percentages zero/invalid in row 4061
Warning: All percentages zero/invalid in row 4062
Warning: All percentages zero/invalid in row 4063
Warning: All percentages zero/invalid in row 4064
Warning: All percentages zero/invalid in row 4065
Warning: All percentages zero/invalid in row 4066
Warning: All percentages zero/invalid in row 4067
Warning: All percentages zero/invalid in row 4068
Warning: All percentages zero/invalid in row 4069
Warning: All percentages zero/invalid in row 4070
Warning: All percentages zero/invalid in row 4071
Warning: All percentages zero/invalid in row 4072
Warning: All percentages zero/invalid in row 4073
Warning: All percentages zero/invalid in row 4074
Warning: All percentages zero/invalid in row 4075
Warning: All percentages zero/invalid in row 4076
Warning: All percentages zero/invalid in row 4077
Warning: All percentages zero/invalid in row 4078
Warning: All percentages zero/invalid in row 4079
Warning: All percentages zero/invalid in row 4081
Warning: All percentages zero/invalid in row 4082
Warning: All percentages zero/invalid in row 4083
Warning: All percentages zero/invalid in row 4084
Warning: All percentages zero/invalid in row 4085
Warning: All percentages zero/invalid in row 4086
Warning: All percentages zero/invalid in row 4087
Warning: All percentages zero/invalid in row 4088
Warning: All percentages zero/invalid in row 4089
Warning: All percentages zero/invalid in row 4091
Warning: All percentages zero/invalid in row 4096
Warning: All percentages zero/invalid in row 4097
Warning: All percentages zero/invalid in row 4099
Warning: All percentages zero/invalid in row 4101
Warning: All percentages zero/invalid in row 4111
Warning: All percentages zero/invalid in row 4118
Warning: All percentages zero/invalid in row 4119
Warning: All percentages zero/invalid in row 4120
Warning: All percentages zero/invalid in row 4121
Warning: All percentages zero/invalid in row 4122
Warning: All percentages zero/invalid in row 4123
Warning: All percentages zero/invalid in row 4124
Warning: All percentages zero/invalid in row 4125
Warning: All percentages zero/invalid in row 4126
Warning: All percentages zero/invalid in row 4127
Warning: All percentages zero/invalid in row 4128
Warning: All percentages zero/invalid in row 4129
Warning: All percentages zero/invalid in row 4130
Warning: All percentages zero/invalid in row 4131
Warning: All percentages zero/invalid in row 4132
Warning: All percentages zero/invalid in row 4133
Warning: All percentages zero/invalid in row 4134
Warning: All percentages zero/invalid in row 4135
Warning: All percentages zero/invalid in row 4136
Warning: All percentages zero/invalid in row 4137
Warning: All percentages zero/invalid in row 4138
Warning: All percentages zero/invalid in row 4139
Warning: All percentages zero/invalid in row 4140
Warning: All percentages zero/invalid in row 4141
Warning: All percentages zero/invalid in row 4142
Warning: All percentages zero/invalid in row 4143
Warning: All percentages zero/invalid in row 4144
Warning: All percentages zero/invalid in row 4145
Warning: All percentages zero/invalid in row 4146
Warning: All percentages zero/invalid in row 4147
Warning: All percentages zero/invalid in row 4148
Warning: All percentages zero/invalid in row 4149
Warning: All percentages zero/invalid in row 4150
Warning: All percentages zero/invalid in row 4151
Warning: All percentages zero/invalid in row 4152
Warning: All percentages zero/invalid in row 4153
Warning: All percentages zero/invalid in row 4154
Warning: All percentages zero/invalid in row 4155
Warning: All percentages zero/invalid in row 4156
Warning: All percentages zero/invalid in row 4157
Warning: All percentages zero/invalid in row 4158
Warning: All percentages zero/invalid in row 4159
Warning: All percentages zero/invalid in row 4160
Warning: All percentages zero/invalid in row 4161
Warning: All percentages zero/invalid in row 4162
Warning: All percentages zero/invalid in row 4163
Warning: All percentages zero/invalid in row 4164
Warning: All percentages zero/invalid in row 4165
Warning: All percentages zero/invalid in row 4166
Warning: All percentages zero/invalid in row 4174
Warning: All percentages zero/invalid in row 4176
Warning: All percentages zero/invalid in row 4177
Warning: All percentages zero/invalid in row 4178
Warning: All percentages zero/invalid in row 4180
Warning: All percentages zero/invalid in row 4182
Warning: All percentages zero/invalid in row 4183
Warning: All percentages zero/invalid in row 4184
Warning: All percentages zero/invalid in row 4185
Warning: All percentages zero/invalid in row 4186
Warning: All percentages zero/invalid in row 4187
Warning: All percentages zero/invalid in row 4188
Warning: All percentages zero/invalid in row 4189
Warning: All percentages zero/invalid in row 4190
Warning: All percentages zero/invalid in row 4191
Warning: All percentages zero/invalid in row 4192
Warning: All percentages zero/invalid in row 4193
Warning: All percentages zero/invalid in row 4194
Warning: All percentages zero/invalid in row 4195
Warning: All percentages zero/invalid in row 4196
Warning: All percentages zero/invalid in row 4197
Warning: All percentages zero/invalid in row 4198
Warning: All percentages zero/invalid in row 4199
Warning: All percentages zero/invalid in row 4200
Warning: All percentages zero/invalid in row 4201
Warning: All percentages zero/invalid in row 4202
Warning: All percentages zero/invalid in row 4203
Warning: All percentages zero/invalid in row 4204
Warning: All percentages zero/invalid in row 4205
Warning: All percentages zero/invalid in row 4206
Warning: All percentages zero/invalid in row 4207
Warning: All percentages zero/invalid in row 4208
Warning: All percentages zero/invalid in row 4209
Warning: All percentages zero/invalid in row 4210
Warning: All percentages zero/invalid in row 4211
Warning: All percentages zero/invalid in row 4212
Warning: All percentages zero/invalid in row 4213
Warning: All percentages zero/invalid in row 4214
Warning: All percentages zero/invalid in row 4215
Warning: All percentages zero/invalid in row 4216
Warning: All percentages zero/invalid in row 4217
Warning: All percentages zero/invalid in row 4222
Warning: All percentages zero/invalid in row 4228
Warning: All percentages zero/invalid in row 4229
Warning: All percentages zero/invalid in row 4230
Warning: All percentages zero/invalid in row 4234
Warning: All percentages zero/invalid in row 4236
Warning: All percentages zero/invalid in row 4237
Warning: All percentages zero/invalid in row 4239
Warning: All percentages zero/invalid in row 4245
Warning: All percentages zero/invalid in row 4258
Warning: All percentages zero/invalid in row 4259
Warning: All percentages zero/invalid in row 4260
Warning: All percentages zero/invalid in row 4261
Warning: All percentages zero/invalid in row 4262
Warning: All percentages zero/invalid in row 4263
Warning: All percentages zero/invalid in row 4264
Warning: All percentages zero/invalid in row 4265
Warning: All percentages zero/invalid in row 4266
Warning: All percentages zero/invalid in row 4267
Warning: All percentages zero/invalid in row 4268
Warning: All percentages zero/invalid in row 4269
Warning: All percentages zero/invalid in row 4270
Warning: All percentages zero/invalid in row 4271
Warning: All percentages zero/invalid in row 4272
Warning: All percentages zero/invalid in row 4273
Warning: All percentages zero/invalid in row 4274
Warning: All percentages zero/invalid in row 4275
Warning: All percentages zero/invalid in row 4276
Warning: All percentages zero/invalid in row 4277
Warning: All percentages zero/invalid in row 4278
Warning: All percentages zero/invalid in row 4279
Warning: All percentages zero/invalid in row 4280
Warning: All percentages zero/invalid in row 4281
Warning: All percentages zero/invalid in row 4282
Warning: All percentages zero/invalid in row 4283
Warning: All percentages zero/invalid in row 4284
Warning: All percentages zero/invalid in row 4285
Warning: All percentages zero/invalid in row 4286
Warning: All percentages zero/invalid in row 4287
Warning: All percentages zero/invalid in row 4288
Warning: All percentages zero/invalid in row 4289
Warning: All percentages zero/invalid in row 4290
Warning: All percentages zero/invalid in row 4291
Warning: All percentages zero/invalid in row 4292
Warning: All percentages zero/invalid in row 4293
Warning: All percentages zero/invalid in row 4294
Warning: All percentages zero/invalid in row 4295
Warning: All percentages zero/invalid in row 4296
Warning: All percentages zero/invalid in row 4297
Warning: All percentages zero/invalid in row 4298
Warning: All percentages zero/invalid in row 4299
Warning: All percentages zero/invalid in row 4300
Warning: All percentages zero/invalid in row 4301
Warning: All percentages zero/invalid in row 4302
Warning: All percentages zero/invalid in row 4303
Warning: All percentages zero/invalid in row 4304
Warning: All percentages zero/invalid in row 4305
Warning: All percentages zero/invalid in row 4306
Warning: All percentages zero/invalid in row 4307
Warning: All percentages zero/invalid in row 4308
Warning: All percentages zero/invalid in row 4309
Warning: All percentages zero/invalid in row 4310
Warning: All percentages zero/invalid in row 4311
Warning: All percentages zero/invalid in row 4312
Warning: All percentages zero/invalid in row 4313
Warning: All percentages zero/invalid in row 4314
Warning: All percentages zero/invalid in row 4315
Warning: All percentages zero/invalid in row 4316
Warning: All percentages zero/invalid in row 4317
Warning: All percentages zero/invalid in row 4318
Warning: All percentages zero/invalid in row 4319
Warning: All percentages zero/invalid in row 4320
Warning: All percentages zero/invalid in row 4321
Warning: All percentages zero/invalid in row 4322
Warning: All percentages zero/invalid in row 4323
Warning: All percentages zero/invalid in row 4324
Warning: All percentages zero/invalid in row 4325
Warning: All percentages zero/invalid in row 4329
Warning: All percentages zero/invalid in row 4332
Warning: All percentages zero/invalid in row 4334
Warning: All percentages zero/invalid in row 4336
Warning: All percentages zero/invalid in row 4338
Warning: All percentages zero/invalid in row 4340
Warning: All percentages zero/invalid in row 4341
Warning: All percentages zero/invalid in row 4343
Warning: All percentages zero/invalid in row 4344
Warning: All percentages zero/invalid in row 4345
Warning: All percentages zero/invalid in row 4346
Warning: All percentages zero/invalid in row 4347
Warning: All percentages zero/invalid in row 4348
Warning: All percentages zero/invalid in row 4349
Warning: All percentages zero/invalid in row 4350
Warning: All percentages zero/invalid in row 4351
Warning: All percentages zero/invalid in row 4352
Warning: All percentages zero/invalid in row 4353
Warning: All percentages zero/invalid in row 4354
Warning: All percentages zero/invalid in row 4355
Warning: All percentages zero/invalid in row 4356
Warning: All percentages zero/invalid in row 4357
Warning: All percentages zero/invalid in row 4358
Warning: All percentages zero/invalid in row 4359
Warning: All percentages zero/invalid in row 4360
Warning: All percentages zero/invalid in row 4361
Warning: All percentages zero/invalid in row 4362
Warning: All percentages zero/invalid in row 4363
Warning: All percentages zero/invalid in row 4365
Warning: All percentages zero/invalid in row 4366
Warning: All percentages zero/invalid in row 4367
Warning: All percentages zero/invalid in row 4368
Warning: All percentages zero/invalid in row 4369
Warning: All percentages zero/invalid in row 4370
Warning: All percentages zero/invalid in row 4371
Warning: All percentages zero/invalid in row 4372
Warning: All percentages zero/invalid in row 4373
Warning: All percentages zero/invalid in row 4374
Warning: All percentages zero/invalid in row 4375
Warning: All percentages zero/invalid in row 4376
Warning: All percentages zero/invalid in row 4377
Warning: All percentages zero/invalid in row 4378
Warning: All percentages zero/invalid in row 4379
Warning: All percentages zero/invalid in row 4380
Warning: All percentages zero/invalid in row 4382
Warning: All percentages zero/invalid in row 4385
Warning: All percentages zero/invalid in row 4387
Warning: All percentages zero/invalid in row 4389
Warning: All percentages zero/invalid in row 4390
Warning: All percentages zero/invalid in row 4392
Warning: All percentages zero/invalid in row 4398
Warning: All percentages zero/invalid in row 4399
Warning: All percentages zero/invalid in row 4400
Warning: All percentages zero/invalid in row 4401
Warning: All percentages zero/invalid in row 4402
Warning: All percentages zero/invalid in row 4403
Warning: All percentages zero/invalid in row 4404
Warning: All percentages zero/invalid in row 4405
Warning: All percentages zero/invalid in row 4406
Warning: All percentages zero/invalid in row 4407
Warning: All percentages zero/invalid in row 4408
Warning: All percentages zero/invalid in row 4409
Warning: All percentages zero/invalid in row 4410
Warning: All percentages zero/invalid in row 4411
Warning: All percentages zero/invalid in row 4412
Warning: All percentages zero/invalid in row 4413
Warning: All percentages zero/invalid in row 4414
Warning: All percentages zero/invalid in row 4415
Warning: All percentages zero/invalid in row 4416
Warning: All percentages zero/invalid in row 4417
Warning: All percentages zero/invalid in row 4418
Warning: All percentages zero/invalid in row 4419
Warning: All percentages zero/invalid in row 4420
Warning: All percentages zero/invalid in row 4421
Warning: All percentages zero/invalid in row 4422
Warning: All percentages zero/invalid in row 4423
Warning: All percentages zero/invalid in row 4424
Warning: All percentages zero/invalid in row 4425
Warning: All percentages zero/invalid in row 4426
Warning: All percentages zero/invalid in row 4427
Warning: All percentages zero/invalid in row 4428
Warning: All percentages zero/invalid in row 4429
Warning: All percentages zero/invalid in row 4430
Warning: All percentages zero/invalid in row 4431
Warning: All percentages zero/invalid in row 4432
Warning: All percentages zero/invalid in row 4433
Warning: All percentages zero/invalid in row 4434
Warning: All percentages zero/invalid in row 4435
Warning: All percentages zero/invalid in row 4436
Warning: All percentages zero/invalid in row 4437
Warning: All percentages zero/invalid in row 4438
Warning: All percentages zero/invalid in row 4439
Warning: All percentages zero/invalid in row 4440
Warning: All percentages zero/invalid in row 4444
Warning: All percentages zero/invalid in row 4445
Warning: All percentages zero/invalid in row 4446
Warning: All percentages zero/invalid in row 4449
Warning: All percentages zero/invalid in row 4450
Warning: All percentages zero/invalid in row 4451
Warning: All percentages zero/invalid in row 4452
Warning: All percentages zero/invalid in row 4453
Warning: All percentages zero/invalid in row 4454
Warning: All percentages zero/invalid in row 4455
Warning: All percentages zero/invalid in row 4456
Warning: All percentages zero/invalid in row 4457
Warning: All percentages zero/invalid in row 4458
Warning: All percentages zero/invalid in row 4459
Warning: All percentages zero/invalid in row 4460
Warning: All percentages zero/invalid in row 4461
Warning: All percentages zero/invalid in row 4462
Warning: All percentages zero/invalid in row 4463
Warning: All percentages zero/invalid in row 4464
Warning: All percentages zero/invalid in row 4465
Warning: All percentages zero/invalid in row 4466
Warning: All percentages zero/invalid in row 4467
Warning: All percentages zero/invalid in row 4468
Warning: All percentages zero/invalid in row 4469
Warning: All percentages zero/invalid in row 4470
Warning: All percentages zero/invalid in row 4471
Warning: All percentages zero/invalid in row 4472
Warning: All percentages zero/invalid in row 4473
Warning: All percentages zero/invalid in row 4474
Warning: All percentages zero/invalid in row 4475
Warning: All percentages zero/invalid in row 4476
Warning: All percentages zero/invalid in row 4477
Warning: All percentages zero/invalid in row 4478
Warning: All percentages zero/invalid in row 4479
Warning: All percentages zero/invalid in row 4480
Warning: All percentages zero/invalid in row 4599
Warning: All percentages zero/invalid in row 4601
Warning: All percentages zero/invalid in row 4637
Warning: All percentages zero/invalid in row 4638
Warning: All percentages zero/invalid in row 4639
Warning: All percentages zero/invalid in row 4640
Warning: All percentages zero/invalid in row 4641
Warning: All percentages zero/invalid in row 4644
Warning: All percentages zero/invalid in row 4645
Warning: All percentages zero/invalid in row 4646
Warning: All percentages zero/invalid in row 4647
Warning: All percentages zero/invalid in row 4648
Warning: All percentages zero/invalid in row 4649
Warning: All percentages zero/invalid in row 4650
Warning: All percentages zero/invalid in row 4653
Warning: All percentages zero/invalid in row 4654
Warning: All percentages zero/invalid in row 4655
Warning: All percentages zero/invalid in row 4656
Warning: All percentages zero/invalid in row 4657
Warning: All percentages zero/invalid in row 4658
Warning: All percentages zero/invalid in row 4662
Warning: All percentages zero/invalid in row 4705
Warning: All percentages zero/invalid in row 4706
Warning: All percentages zero/invalid in row 4707
Warning: All percentages zero/invalid in row 4708
Warning: All percentages zero/invalid in row 4709
Warning: All percentages zero/invalid in row 4710
Warning: All percentages zero/invalid in row 4711
Warning: All percentages zero/invalid in row 4712
Warning: All percentages zero/invalid in row 4713
Warning: All percentages zero/invalid in row 4714
Warning: All percentages zero/invalid in row 4715
Warning: All percentages zero/invalid in row 4716
Warning: All percentages zero/invalid in row 4717
Warning: All percentages zero/invalid in row 4718
Warning: All percentages zero/invalid in row 4719
Warning: All percentages zero/invalid in row 4720
Warning: All percentages zero/invalid in row 4721
Warning: All percentages zero/invalid in row 4722
Warning: All percentages zero/invalid in row 4725
Warning: All percentages zero/invalid in row 4923
Warning: All percentages zero/invalid in row 4957
Warning: All percentages zero/invalid in row 4958
Warning: All percentages zero/invalid in row 4959
Warning: All percentages zero/invalid in row 4961
Warning: All percentages zero/invalid in row 4962
Warning: All percentages zero/invalid in row 4963
Warning: All percentages zero/invalid in row 4964
Warning: All percentages zero/invalid in row 4965
Warning: All percentages zero/invalid in row 4966
Warning: All percentages zero/invalid in row 4967
Warning: All percentages zero/invalid in row 4968
Warning: All percentages zero/invalid in row 4969
Warning: All percentages zero/invalid in row 4970
Warning: All percentages zero/invalid in row 4971
Warning: All percentages zero/invalid in row 4972
Warning: All percentages zero/invalid in row 4973
Warning: All percentages zero/invalid in row 4976
Warning: All percentages zero/invalid in row 4978
Warning: All percentages zero/invalid in row 4979
Warning: All percentages zero/invalid in row 5038
Warning: All percentages zero/invalid in row 5042
Warning: All percentages zero/invalid in row 5043
Warning: All percentages zero/invalid in row 5044
Warning: All percentages zero/invalid in row 5045
Warning: All percentages zero/invalid in row 5046
Warning: All percentages zero/invalid in row 5047
Warning: All percentages zero/invalid in row 5048
Warning: All percentages zero/invalid in row 5049
Warning: All percentages zero/invalid in row 5050
Warning: All percentages zero/invalid in row 5051
Warning: All percentages zero/invalid in row 5052
Warning: All percentages zero/invalid in row 5053
Warning: All percentages zero/invalid in row 5054
Warning: All percentages zero/invalid in row 5055
Warning: All percentages zero/invalid in row 5056
Warning: All percentages zero/invalid in row 5058
Warning: All percentages zero/invalid in row 5059
Warning: All percentages zero/invalid in row 5060
Warning: All percentages zero/invalid in row 5061
Warning: All percentages zero/invalid in row 5062
Warning: All percentages zero/invalid in row 5063
Warning: All percentages zero/invalid in row 5064
Warning: All percentages zero/invalid in row 5065
Warning: All percentages zero/invalid in row 5066
Warning: All percentages zero/invalid in row 5067
Warning: All percentages zero/invalid in row 5068
Warning: All percentages zero/invalid in row 5069
Warning: All percentages zero/invalid in row 5070
Warning: All percentages zero/invalid in row 5071
Warning: All percentages zero/invalid in row 5072
Warning: All percentages zero/invalid in row 5073
Warning: All percentages zero/invalid in row 5074
Warning: All percentages zero/invalid in row 5085
Warning: All percentages zero/invalid in row 5087
Warning: All percentages zero/invalid in row 5089
Warning: All percentages zero/invalid in row 5093
Warning: All percentages zero/invalid in row 5096
Warning: All percentages zero/invalid in row 5098
Warning: All percentages zero/invalid in row 5100
Warning: All percentages zero/invalid in row 5102
Warning: All percentages zero/invalid in row 5104
Warning: All percentages zero/invalid in row 5105
Warning: All percentages zero/invalid in row 5107
Warning: All percentages zero/invalid in row 5108
Warning: All percentages zero/invalid in row 5111
Warning: All percentages zero/invalid in row 5113
Warning: All percentages zero/invalid in row 5116
Warning: All percentages zero/invalid in row 5118
Warning: All percentages zero/invalid in row 5121
Warning: All percentages zero/invalid in row 5123
Warning: All percentages zero/invalid in row 5126
Warning: All percentages zero/invalid in row 5128
Warning: All percentages zero/invalid in row 5131
Warning: All percentages zero/invalid in row 5133
Warning: All percentages zero/invalid in row 5136
Warning: All percentages zero/invalid in row 5138
Warning: All percentages zero/invalid in row 5139
Warning: All percentages zero/invalid in row 5143
Warning: All percentages zero/invalid in row 5147
Warning: All percentages zero/invalid in row 5150
Warning: All percentages zero/invalid in row 5153
Warning: All percentages zero/invalid in row 5155
Warning: All percentages zero/invalid in row 5157
Warning: All percentages zero/invalid in row 5158
Warning: All percentages zero/invalid in row 5159
Warning: All percentages zero/invalid in row 5160
Warning: All percentages zero/invalid in row 5161
Warning: All percentages zero/invalid in row 5162
Warning: All percentages zero/invalid in row 5163
Warning: All percentages zero/invalid in row 5164
Warning: All percentages zero/invalid in row 5165
Warning: All percentages zero/invalid in row 5166
Warning: All percentages zero/invalid in row 5167
Warning: All percentages zero/invalid in row 5168
Warning: All percentages zero/invalid in row 5169
Warning: All percentages zero/invalid in row 5170
Warning: All percentages zero/invalid in row 5171
Warning: All percentages zero/invalid in row 5172
Warning: All percentages zero/invalid in row 5173
Warning: All percentages zero/invalid in row 5174
Warning: All percentages zero/invalid in row 5175
Warning: All percentages zero/invalid in row 5176
Warning: All percentages zero/invalid in row 5177
Warning: All percentages zero/invalid in row 5178
Warning: All percentages zero/invalid in row 5179
Warning: All percentages zero/invalid in row 5180
Warning: All percentages zero/invalid in row 5181
Warning: All percentages zero/invalid in row 5182
Warning: All percentages zero/invalid in row 5183
Warning: All percentages zero/invalid in row 5184
Warning: All percentages zero/invalid in row 5185
Warning: All percentages zero/invalid in row 5186
Warning: All percentages zero/invalid in row 5187
Warning: All percentages zero/invalid in row 5214
Warning: All percentages zero/invalid in row 5215
Warning: All percentages zero/invalid in row 5216
Warning: All percentages zero/invalid in row 5258
Warning: All percentages zero/invalid in row 5261
Warning: All percentages zero/invalid in row 5264
Warning: All percentages zero/invalid in row 5300
Warning: All percentages zero/invalid in row 5303
Warning: All percentages zero/invalid in row 5338
Warning: All percentages zero/invalid in row 5395
Warning: All percentages zero/invalid in row 5399
Warning: All percentages zero/invalid in row 5402
Warning: All percentages zero/invalid in row 5404
Warning: All percentages zero/invalid in row 5406
Warning: All percentages zero/invalid in row 5409
Warning: All percentages zero/invalid in row 5410
Warning: All percentages zero/invalid in row 5411
Warning: All percentages zero/invalid in row 5412
Warning: All percentages zero/invalid in row 5413
Warning: All percentages zero/invalid in row 5414
Warning: All percentages zero/invalid in row 5415
Warning: All percentages zero/invalid in row 5416
Warning: All percentages zero/invalid in row 5417
Warning: All percentages zero/invalid in row 5418
Warning: All percentages zero/invalid in row 5419
Warning: All percentages zero/invalid in row 5420
Warning: All percentages zero/invalid in row 5421
Warning: All percentages zero/invalid in row 5422
Warning: All percentages zero/invalid in row 5423
Warning: All percentages zero/invalid in row 5424
Warning: All percentages zero/invalid in row 5425
Warning: All percentages zero/invalid in row 5426
Warning: All percentages zero/invalid in row 5427
Warning: All percentages zero/invalid in row 5428
Warning: All percentages zero/invalid in row 5429
Warning: All percentages zero/invalid in row 5430
Warning: All percentages zero/invalid in row 5431
Warning: All percentages zero/invalid in row 5432
Warning: All percentages zero/invalid in row 5433
Warning: All percentages zero/invalid in row 5434
Warning: All percentages zero/invalid in row 5435
Warning: All percentages zero/invalid in row 5436
Warning: All percentages zero/invalid in row 5437
Warning: All percentages zero/invalid in row 5438
Warning: All percentages zero/invalid in row 5439
Warning: All percentages zero/invalid in row 5440
Warning: All percentages zero/invalid in row 5441
Warning: All percentages zero/invalid in row 5442
Warning: All percentages zero/invalid in row 5443
Warning: All percentages zero/invalid in row 5444
Warning: All percentages zero/invalid in row 5445
Warning: All percentages zero/invalid in row 5446
Warning: All percentages zero/invalid in row 5447
Warning: All percentages zero/invalid in row 5448
Warning: All percentages zero/invalid in row 5449
Warning: All percentages zero/invalid in row 5450
Warning: All percentages zero/invalid in row 5451
Warning: All percentages zero/invalid in row 5452
Warning: All percentages zero/invalid in row 5453
Warning: All percentages zero/invalid in row 5454
Warning: All percentages zero/invalid in row 5455
Warning: All percentages zero/invalid in row 5456
Warning: All percentages zero/invalid in row 5457
Warning: All percentages zero/invalid in row 5458
Warning: All percentages zero/invalid in row 5459
Warning: All percentages zero/invalid in row 5460
Warning: All percentages zero/invalid in row 5461
Warning: All percentages zero/invalid in row 5462
Warning: All percentages zero/invalid in row 5463
Warning: All percentages zero/invalid in row 5464
Warning: All percentages zero/invalid in row 5465
Warning: All percentages zero/invalid in row 5466
Warning: All percentages zero/invalid in row 5467
Warning: All percentages zero/invalid in row 5468
Warning: All percentages zero/invalid in row 5469
Warning: All percentages zero/invalid in row 5470
Warning: All percentages zero/invalid in row 5471
Warning: All percentages zero/invalid in row 5472
Warning: All percentages zero/invalid in row 5473
Warning: All percentages zero/invalid in row 5474
Warning: All percentages zero/invalid in row 5475
Warning: All percentages zero/invalid in row 5476
Warning: All percentages zero/invalid in row 5477
Warning: All percentages zero/invalid in row 5478
Warning: All percentages zero/invalid in row 5479
Warning: All percentages zero/invalid in row 5480
Warning: All percentages zero/invalid in row 5481
Warning: All percentages zero/invalid in row 5482
Warning: All percentages zero/invalid in row 5483
Warning: All percentages zero/invalid in row 5484
Warning: All percentages zero/invalid in row 5485
Warning: All percentages zero/invalid in row 5486
Warning: All percentages zero/invalid in row 5487
Warning: All percentages zero/invalid in row 5488
Warning: All percentages zero/invalid in row 5489
Warning: All percentages zero/invalid in row 5490
Warning: All percentages zero/invalid in row 5491
Warning: All percentages zero/invalid in row 5492
Warning: All percentages zero/invalid in row 5493
Warning: All percentages zero/invalid in row 5494
Warning: All percentages zero/invalid in row 5495
Warning: All percentages zero/invalid in row 5496
Warning: All percentages zero/invalid in row 5497
Warning: All percentages zero/invalid in row 5498
Warning: All percentages zero/invalid in row 5499
Warning: All percentages zero/invalid in row 5500
Warning: All percentages zero/invalid in row 5501
Warning: All percentages zero/invalid in row 5502
Warning: All percentages zero/invalid in row 5503
Warning: All percentages zero/invalid in row 5504
Warning: All percentages zero/invalid in row 5505
Warning: All percentages zero/invalid in row 5506
Warning: All percentages zero/invalid in row 5507
Warning: All percentages zero/invalid in row 5508
Warning: All percentages zero/invalid in row 5509
Warning: All percentages zero/invalid in row 5510
Warning: All percentages zero/invalid in row 5511
Warning: All percentages zero/invalid in row 5512
Warning: All percentages zero/invalid in row 5513
Warning: All percentages zero/invalid in row 5514
Warning: All percentages zero/invalid in row 5515
Warning: All percentages zero/invalid in row 5516
Warning: All percentages zero/invalid in row 5517
Warning: All percentages zero/invalid in row 5518
Warning: All percentages zero/invalid in row 5519
Warning: All percentages zero/invalid in row 5520
Warning: All percentages zero/invalid in row 5521
Warning: All percentages zero/invalid in row 5522
Warning: All percentages zero/invalid in row 5523
Warning: All percentages zero/invalid in row 5524
Warning: All percentages zero/invalid in row 5525
Warning: All percentages zero/invalid in row 5526
Warning: All percentages zero/invalid in row 5527
Warning: All percentages zero/invalid in row 5528
Warning: All percentages zero/invalid in row 5529
Warning: All percentages zero/invalid in row 5530
Warning: All percentages zero/invalid in row 5531
Warning: All percentages zero/invalid in row 5532
Warning: All percentages zero/invalid in row 5533
Warning: All percentages zero/invalid in row 5534
Warning: All percentages zero/invalid in row 5535
Warning: All percentages zero/invalid in row 5536
Warning: All percentages zero/invalid in row 5537
Warning: All percentages zero/invalid in row 5538
Warning: All percentages zero/invalid in row 5539
Warning: All percentages zero/invalid in row 5540
Warning: All percentages zero/invalid in row 5541
Warning: All percentages zero/invalid in row 5542
Warning: All percentages zero/invalid in row 5543
Warning: All percentages zero/invalid in row 5544
Warning: All percentages zero/invalid in row 5545
Warning: All percentages zero/invalid in row 5546
Warning: All percentages zero/invalid in row 5547
Warning: All percentages zero/invalid in row 5548
Warning: All percentages zero/invalid in row 5549
Warning: All percentages zero/invalid in row 5550
Warning: All percentages zero/invalid in row 5551
Warning: All percentages zero/invalid in row 5552
Warning: All percentages zero/invalid in row 5553
Warning: All percentages zero/invalid in row 5554
Warning: All percentages zero/invalid in row 5555
Warning: All percentages zero/invalid in row 5556
Warning: All percentages zero/invalid in row 5557
Warning: All percentages zero/invalid in row 5558
Warning: All percentages zero/invalid in row 5559
Warning: All percentages zero/invalid in row 5560
Warning: All percentages zero/invalid in row 5561
Warning: All percentages zero/invalid in row 5562
Warning: All percentages zero/invalid in row 5563
Warning: All percentages zero/invalid in row 5564
Warning: All percentages zero/invalid in row 5565
Warning: All percentages zero/invalid in row 5566
Warning: All percentages zero/invalid in row 5567
Warning: All percentages zero/invalid in row 5568
Warning: All percentages zero/invalid in row 5569
Warning: All percentages zero/invalid in row 5570
Warning: All percentages zero/invalid in row 5571
Warning: All percentages zero/invalid in row 5572
Warning: All percentages zero/invalid in row 5573
Warning: All percentages zero/invalid in row 5574
Warning: All percentages zero/invalid in row 5575
Warning: All percentages zero/invalid in row 5576
Warning: All percentages zero/invalid in row 5577
Warning: All percentages zero/invalid in row 5578
Warning: All percentages zero/invalid in row 5579
Warning: All percentages zero/invalid in row 5580
Warning: All percentages zero/invalid in row 5581
Warning: All percentages zero/invalid in row 5582
Warning: All percentages zero/invalid in row 5583
Warning: All percentages zero/invalid in row 5584
Warning: All percentages zero/invalid in row 5585
Warning: All percentages zero/invalid in row 5586
Warning: All percentages zero/invalid in row 5587
Warning: All percentages zero/invalid in row 5588
Warning: All percentages zero/invalid in row 5589
Warning: All percentages zero/invalid in row 5590
Warning: All percentages zero/invalid in row 5591
Warning: All percentages zero/invalid in row 5592
Warning: All percentages zero/invalid in row 5593
Warning: All percentages zero/invalid in row 5594
Warning: All percentages zero/invalid in row 5595
Warning: All percentages zero/invalid in row 5596
Warning: All percentages zero/invalid in row 5597
Warning: All percentages zero/invalid in row 5598
Warning: All percentages zero/invalid in row 5599
Warning: All percentages zero/invalid in row 5600
Warning: All percentages zero/invalid in row 5601
Warning: All percentages zero/invalid in row 5602
Warning: All percentages zero/invalid in row 5603
Warning: All percentages zero/invalid in row 5604
Warning: All percentages zero/invalid in row 5605
Warning: All percentages zero/invalid in row 5606
Warning: All percentages zero/invalid in row 5607
Warning: All percentages zero/invalid in row 5608
Warning: All percentages zero/invalid in row 5609
Warning: All percentages zero/invalid in row 5610
Warning: All percentages zero/invalid in row 5611
Warning: All percentages zero/invalid in row 5612
Warning: All percentages zero/invalid in row 5613
Warning: All percentages zero/invalid in row 5614
Warning: All percentages zero/invalid in row 5615
Warning: All percentages zero/invalid in row 5616
Warning: All percentages zero/invalid in row 5617
Warning: All percentages zero/invalid in row 5618
Warning: All percentages zero/invalid in row 5619
Warning: All percentages zero/invalid in row 5620
Warning: All percentages zero/invalid in row 5621
Warning: All percentages zero/invalid in row 5622
Warning: All percentages zero/invalid in row 5623
Warning: All percentages zero/invalid in row 5624
Warning: All percentages zero/invalid in row 5625
Warning: All percentages zero/invalid in row 5626
Warning: All percentages zero/invalid in row 5627
Warning: All percentages zero/invalid in row 5628
Warning: All percentages zero/invalid in row 5629
Warning: All percentages zero/invalid in row 5630
Warning: All percentages zero/invalid in row 5631
Warning: All percentages zero/invalid in row 5632
Warning: All percentages zero/invalid in row 5633
Warning: All percentages zero/invalid in row 5634
Warning: All percentages zero/invalid in row 5635
Warning: All percentages zero/invalid in row 5636
Warning: All percentages zero/invalid in row 5637
Warning: All percentages zero/invalid in row 5638
Warning: All percentages zero/invalid in row 5639
Warning: All percentages zero/invalid in row 5640
Warning: All percentages zero/invalid in row 5641
Warning: All percentages zero/invalid in row 5642
Warning: All percentages zero/invalid in row 5643
Warning: All percentages zero/invalid in row 5644
Warning: All percentages zero/invalid in row 5645
Warning: All percentages zero/invalid in row 5646
Warning: All percentages zero/invalid in row 5647
Warning: All percentages zero/invalid in row 5648
Warning: All percentages zero/invalid in row 5649
Warning: All percentages zero/invalid in row 5650
Warning: All percentages zero/invalid in row 5651
Warning: All percentages zero/invalid in row 5652
Warning: All percentages zero/invalid in row 5653
Warning: All percentages zero/invalid in row 5654
Warning: All percentages zero/invalid in row 5655
Warning: All percentages zero/invalid in row 5656
Warning: All percentages zero/invalid in row 5657
Warning: All percentages zero/invalid in row 5658
Warning: All percentages zero/invalid in row 5659
Warning: All percentages zero/invalid in row 5660
Warning: All percentages zero/invalid in row 5661
Warning: All percentages zero/invalid in row 5662
Warning: All percentages zero/invalid in row 5663
Warning: All percentages zero/invalid in row 5664
Warning: All percentages zero/invalid in row 5665
Warning: All percentages zero/invalid in row 5666
Warning: All percentages zero/invalid in row 5667
Warning: All percentages zero/invalid in row 5668
Warning: All percentages zero/invalid in row 5669
Warning: All percentages zero/invalid in row 5670
Warning: All percentages zero/invalid in row 5671
Warning: All percentages zero/invalid in row 5672
Warning: All percentages zero/invalid in row 5673
Warning: All percentages zero/invalid in row 5674
Warning: All percentages zero/invalid in row 5675
Warning: All percentages zero/invalid in row 5676
Warning: All percentages zero/invalid in row 5677
Warning: All percentages zero/invalid in row 5678
Warning: All percentages zero/invalid in row 5679
Warning: All percentages zero/invalid in row 5680
Warning: All percentages zero/invalid in row 5681
Warning: All percentages zero/invalid in row 5682
Warning: All percentages zero/invalid in row 5683
Warning: All percentages zero/invalid in row 5684
Warning: All percentages zero/invalid in row 5685
Warning: All percentages zero/invalid in row 5686
Warning: All percentages zero/invalid in row 5687
Warning: All percentages zero/invalid in row 5688
Warning: All percentages zero/invalid in row 5689
Warning: All percentages zero/invalid in row 5690
Warning: All percentages zero/invalid in row 5691
Warning: All percentages zero/invalid in row 5692
Warning: All percentages zero/invalid in row 5693
Warning: All percentages zero/invalid in row 5694
Warning: All percentages zero/invalid in row 5695
Warning: All percentages zero/invalid in row 5696
Warning: All percentages zero/invalid in row 5697
Warning: All percentages zero/invalid in row 5698
Warning: All percentages zero/invalid in row 5699
Warning: All percentages zero/invalid in row 5700
Warning: All percentages zero/invalid in row 5701
Warning: All percentages zero/invalid in row 5702
Warning: All percentages zero/invalid in row 5703
Warning: All percentages zero/invalid in row 5704
Warning: All percentages zero/invalid in row 5705
Warning: All percentages zero/invalid in row 5706
Warning: All percentages zero/invalid in row 5707
Warning: All percentages zero/invalid in row 5708
Warning: All percentages zero/invalid in row 5709
Warning: All percentages zero/invalid in row 5710
Warning: All percentages zero/invalid in row 5711
Warning: All percentages zero/invalid in row 5712
Warning: All percentages zero/invalid in row 5713
Warning: All percentages zero/invalid in row 5714
Warning: All percentages zero/invalid in row 5715
Warning: All percentages zero/invalid in row 5716
Warning: All percentages zero/invalid in row 5717
Warning: All percentages zero/invalid in row 5718
Warning: All percentages zero/invalid in row 5719
Warning: All percentages zero/invalid in row 5720
Warning: All percentages zero/invalid in row 5721
Warning: All percentages zero/invalid in row 5722
Warning: All percentages zero/invalid in row 5723
Warning: All percentages zero/invalid in row 5724
Warning: All percentages zero/invalid in row 5725
Warning: All percentages zero/invalid in row 5726
Warning: All percentages zero/invalid in row 5727
Warning: All percentages zero/invalid in row 5728
Warning: All percentages zero/invalid in row 5729
Warning: All percentages zero/invalid in row 5730
Warning: All percentages zero/invalid in row 5731
Warning: All percentages zero/invalid in row 5732
Warning: All percentages zero/invalid in row 5733
Warning: All percentages zero/invalid in row 5734
Warning: All percentages zero/invalid in row 5735
Warning: All percentages zero/invalid in row 5736
Warning: All percentages zero/invalid in row 5737
Warning: All percentages zero/invalid in row 5738
Warning: All percentages zero/invalid in row 5739
Warning: All percentages zero/invalid in row 5740
Warning: All percentages zero/invalid in row 5742
Warning: All percentages zero/invalid in row 5743
Warning: All percentages zero/invalid in row 5745
Warning: All percentages zero/invalid in row 5747
Warning: All percentages zero/invalid in row 5748
Warning: All percentages zero/invalid in row 5749
Warning: All percentages zero/invalid in row 5750
Warning: All percentages zero/invalid in row 5751
Warning: All percentages zero/invalid in row 5752
Warning: All percentages zero/invalid in row 5753
Warning: All percentages zero/invalid in row 5754
Warning: All percentages zero/invalid in row 5755
Warning: All percentages zero/invalid in row 5756
Warning: All percentages zero/invalid in row 5757
Warning: All percentages zero/invalid in row 5758
Warning: All percentages zero/invalid in row 5759
Warning: All percentages zero/invalid in row 5760
Warning: All percentages zero/invalid in row 5761
Warning: All percentages zero/invalid in row 5762
Warning: All percentages zero/invalid in row 5763
Warning: All percentages zero/invalid in row 5764
Warning: All percentages zero/invalid in row 5765
Warning: All percentages zero/invalid in row 5766
Warning: All percentages zero/invalid in row 5767
Warning: All percentages zero/invalid in row 5768
Warning: All percentages zero/invalid in row 5769
Warning: All percentages zero/invalid in row 5770
Warning: All percentages zero/invalid in row 5773
Warning: All percentages zero/invalid in row 5780
Warning: All percentages zero/invalid in row 5787
Warning: All percentages zero/invalid in row 5797
Warning: All percentages zero/invalid in row 5804
Warning: All percentages zero/invalid in row 5810
Warning: All percentages zero/invalid in row 5812
Warning: All percentages zero/invalid in row 5827
Warning: All percentages zero/invalid in row 5832
Warning: All percentages zero/invalid in row 5836
Warning: All percentages zero/invalid in row 5839
Warning: All percentages zero/invalid in row 5841
Warning: All percentages zero/invalid in row 5849
Warning: All percentages zero/invalid in row 5860
Warning: All percentages zero/invalid in row 5868
Warning: All percentages zero/invalid in row 5870
Warning: All percentages zero/invalid in row 5877
Warning: All percentages zero/invalid in row 5884
Warning: All percentages zero/invalid in row 5885
Warning: All percentages zero/invalid in row 5886
Warning: All percentages zero/invalid in row 5887
Warning: All percentages zero/invalid in row 5888
Warning: All percentages zero/invalid in row 5889
Warning: All percentages zero/invalid in row 5890
Warning: All percentages zero/invalid in row 5891
Warning: All percentages zero/invalid in row 5892
Warning: All percentages zero/invalid in row 5893
Warning: All percentages zero/invalid in row 5894
Warning: All percentages zero/invalid in row 5895
Warning: All percentages zero/invalid in row 5896
Warning: All percentages zero/invalid in row 5897
Warning: All percentages zero/invalid in row 5898
Warning: All percentages zero/invalid in row 5899
Warning: All percentages zero/invalid in row 5900
Warning: All percentages zero/invalid in row 5901
Warning: All percentages zero/invalid in row 5902
Warning: All percentages zero/invalid in row 5903
Warning: All percentages zero/invalid in row 5904
Warning: All percentages zero/invalid in row 5905
Warning: All percentages zero/invalid in row 5906
Warning: All percentages zero/invalid in row 5907
Warning: All percentages zero/invalid in row 5908
Warning: All percentages zero/invalid in row 5909
Warning: All percentages zero/invalid in row 5910
Warning: All percentages zero/invalid in row 5911
Warning: All percentages zero/invalid in row 5912
Warning: All percentages zero/invalid in row 5913
Warning: All percentages zero/invalid in row 5914
Warning: All percentages zero/invalid in row 5915
Warning: All percentages zero/invalid in row 5916
Warning: All percentages zero/invalid in row 5917
Warning: All percentages zero/invalid in row 5918
Warning: All percentages zero/invalid in row 5919
Warning: All percentages zero/invalid in row 5920
Warning: All percentages zero/invalid in row 5921
Warning: All percentages zero/invalid in row 5922
Warning: All percentages zero/invalid in row 5923
Warning: All percentages zero/invalid in row 5924
Warning: All percentages zero/invalid in row 5925
Warning: All percentages zero/invalid in row 5926
Warning: All percentages zero/invalid in row 5927
Warning: All percentages zero/invalid in row 5928
Warning: All percentages zero/invalid in row 5929
Warning: All percentages zero/invalid in row 5930
Warning: All percentages zero/invalid in row 5931
Warning: All percentages zero/invalid in row 5932
Warning: All percentages zero/invalid in row 5933
Warning: All percentages zero/invalid in row 5934
Warning: All percentages zero/invalid in row 5935
Warning: All percentages zero/invalid in row 5936
Warning: All percentages zero/invalid in row 5937
Warning: All percentages zero/invalid in row 5938
Warning: All percentages zero/invalid in row 5939
Warning: All percentages zero/invalid in row 5940
Warning: All percentages zero/invalid in row 5941
Warning: All percentages zero/invalid in row 5942
Warning: All percentages zero/invalid in row 5943
Warning: All percentages zero/invalid in row 5944
Warning: All percentages zero/invalid in row 5945
Warning: All percentages zero/invalid in row 5946
Warning: All percentages zero/invalid in row 5947
Warning: All percentages zero/invalid in row 5948
Warning: All percentages zero/invalid in row 5949
Warning: All percentages zero/invalid in row 5950
Warning: All percentages zero/invalid in row 5951
Warning: All percentages zero/invalid in row 5953
Warning: All percentages zero/invalid in row 5954
Warning: All percentages zero/invalid in row 5955
Warning: All percentages zero/invalid in row 5956
Warning: All percentages zero/invalid in row 5957
Warning: All percentages zero/invalid in row 5958
Warning: All percentages zero/invalid in row 5959
Warning: All percentages zero/invalid in row 5960
Warning: All percentages zero/invalid in row 5961
Warning: All percentages zero/invalid in row 5962
Warning: All percentages zero/invalid in row 5963
Warning: All percentages zero/invalid in row 5964
Warning: All percentages zero/invalid in row 5965
Warning: All percentages zero/invalid in row 5966
Warning: All percentages zero/invalid in row 5967
Warning: All percentages zero/invalid in row 5968
Warning: All percentages zero/invalid in row 5969
Warning: All percentages zero/invalid in row 5970
Warning: All percentages zero/invalid in row 5971
Warning: All percentages zero/invalid in row 5972
Warning: All percentages zero/invalid in row 5973
Warning: All percentages zero/invalid in row 5974
Warning: All percentages zero/invalid in row 5975
Warning: All percentages zero/invalid in row 5976
Warning: All percentages zero/invalid in row 5977
Warning: All percentages zero/invalid in row 5978
Warning: All percentages zero/invalid in row 5979
Warning: All percentages zero/invalid in row 5980
Warning: All percentages zero/invalid in row 5981
Warning: All percentages zero/invalid in row 5982
Warning: All percentages zero/invalid in row 5983
Warning: All percentages zero/invalid in row 5984
Warning: All percentages zero/invalid in row 5985
Warning: All percentages zero/invalid in row 5986
Warning: All percentages zero/invalid in row 5987
Warning: All percentages zero/invalid in row 5988
Warning: All percentages zero/invalid in row 5989
Warning: All percentages zero/invalid in row 5990
Warning: All percentages zero/invalid in row 5991
Warning: All percentages zero/invalid in row 5992
Warning: All percentages zero/invalid in row 5993
Warning: All percentages zero/invalid in row 5994
Warning: All percentages zero/invalid in row 5995
Warning: All percentages zero/invalid in row 5996
Warning: All percentages zero/invalid in row 5997
Warning: All percentages zero/invalid in row 5998
Warning: All percentages zero/invalid in row 5999
Warning: All percentages zero/invalid in row 6000
Warning: All percentages zero/invalid in row 6001
Warning: All percentages zero/invalid in row 6002
Warning: All percentages zero/invalid in row 6003
Warning: All percentages zero/invalid in row 6004
Warning: All percentages zero/invalid in row 6005
Warning: All percentages zero/invalid in row 6006
Warning: All percentages zero/invalid in row 6007
Warning: All percentages zero/invalid in row 6008
Warning: All percentages zero/invalid in row 6009
Warning: All percentages zero/invalid in row 6010
Warning: All percentages zero/invalid in row 6011
Warning: All percentages zero/invalid in row 6012
Warning: All percentages zero/invalid in row 6013
Warning: All percentages zero/invalid in row 6014
Warning: All percentages zero/invalid in row 6015
Warning: All percentages zero/invalid in row 6016
Warning: All percentages zero/invalid in row 6017
Warning: All percentages zero/invalid in row 6018
Warning: All percentages zero/invalid in row 6019
Warning: All percentages zero/invalid in row 6020
Warning: All percentages zero/invalid in row 6021
Warning: All percentages zero/invalid in row 6022
Warning: All percentages zero/invalid in row 6023
Warning: All percentages zero/invalid in row 6024
Warning: All percentages zero/invalid in row 6025
Warning: All percentages zero/invalid in row 6026
Warning: All percentages zero/invalid in row 6027
Warning: All percentages zero/invalid in row 6028
Warning: All percentages zero/invalid in row 6029
Warning: All percentages zero/invalid in row 6030
Warning: All percentages zero/invalid in row 6031
Warning: All percentages zero/invalid in row 6032
Warning: All percentages zero/invalid in row 6033
Warning: All percentages zero/invalid in row 6034
Warning: All percentages zero/invalid in row 6035
Warning: All percentages zero/invalid in row 6036
Warning: All percentages zero/invalid in row 6037
Warning: All percentages zero/invalid in row 6038
Warning: All percentages zero/invalid in row 6039
Warning: All percentages zero/invalid in row 6040
Warning: All percentages zero/invalid in row 6041
Warning: All percentages zero/invalid in row 6042
Warning: All percentages zero/invalid in row 6043
Warning: All percentages zero/invalid in row 6044
Warning: All percentages zero/invalid in row 6045
Warning: All percentages zero/invalid in row 6046
Warning: All percentages zero/invalid in row 6047
Warning: All percentages zero/invalid in row 6048
Warning: All percentages zero/invalid in row 6049
Warning: All percentages zero/invalid in row 6050
Warning: All percentages zero/invalid in row 6051
Warning: All percentages zero/invalid in row 6052
Warning: All percentages zero/invalid in row 6053
Warning: All percentages zero/invalid in row 6054
Warning: All percentages zero/invalid in row 6055
Warning: All percentages zero/invalid in row 6056
Warning: All percentages zero/invalid in row 6057
Warning: All percentages zero/invalid in row 6058
Warning: All percentages zero/invalid in row 6059
Warning: All percentages zero/invalid in row 6060
Warning: All percentages zero/invalid in row 6061
Warning: All percentages zero/invalid in row 6062
Warning: All percentages zero/invalid in row 6063
Warning: All percentages zero/invalid in row 6064
Warning: All percentages zero/invalid in row 6065
Warning: All percentages zero/invalid in row 6066
Warning: All percentages zero/invalid in row 6067
Warning: All percentages zero/invalid in row 6068
Warning: All percentages zero/invalid in row 6069
Warning: All percentages zero/invalid in row 6070
Warning: All percentages zero/invalid in row 6071
Warning: All percentages zero/invalid in row 6072
Warning: All percentages zero/invalid in row 6073
Warning: All percentages zero/invalid in row 6074
Warning: All percentages zero/invalid in row 6075
Warning: All percentages zero/invalid in row 6076
Warning: All percentages zero/invalid in row 6077
Warning: All percentages zero/invalid in row 6078
Warning: All percentages zero/invalid in row 6079
Warning: All percentages zero/invalid in row 6080
Warning: All percentages zero/invalid in row 6081
Warning: All percentages zero/invalid in row 6082
Warning: All percentages zero/invalid in row 6083
Warning: All percentages zero/invalid in row 6084
Warning: All percentages zero/invalid in row 6085
Warning: All percentages zero/invalid in row 6086
Warning: All percentages zero/invalid in row 6087
Warning: All percentages zero/invalid in row 6088
Warning: All percentages zero/invalid in row 6089
Warning: All percentages zero/invalid in row 6090
Warning: All percentages zero/invalid in row 6091
Warning: All percentages zero/invalid in row 6092
Warning: All percentages zero/invalid in row 6093
Warning: All percentages zero/invalid in row 6094
Warning: All percentages zero/invalid in row 6095
Warning: All percentages zero/invalid in row 6096
Warning: All percentages zero/invalid in row 6097
Warning: All percentages zero/invalid in row 6098
Warning: All percentages zero/invalid in row 6099
Warning: All percentages zero/invalid in row 6100
Warning: All percentages zero/invalid in row 6101
Warning: All percentages zero/invalid in row 6102
Warning: All percentages zero/invalid in row 6103
Warning: All percentages zero/invalid in row 6104
Warning: All percentages zero/invalid in row 6105
Warning: All percentages zero/invalid in row 6106
Warning: All percentages zero/invalid in row 6107
Warning: All percentages zero/invalid in row 6108
Warning: All percentages zero/invalid in row 6109
Warning: All percentages zero/invalid in row 6110
Warning: All percentages zero/invalid in row 6111
Warning: All percentages zero/invalid in row 6112
Warning: All percentages zero/invalid in row 6113
Warning: All percentages zero/invalid in row 6114
Warning: All percentages zero/invalid in row 6115
Warning: All percentages zero/invalid in row 6116
Warning: All percentages zero/invalid in row 6117
Warning: All percentages zero/invalid in row 6118
Warning: All percentages zero/invalid in row 6119
Warning: All percentages zero/invalid in row 6120
Warning: All percentages zero/invalid in row 6121
Warning: All percentages zero/invalid in row 6122
Warning: All percentages zero/invalid in row 6123
Warning: All percentages zero/invalid in row 6124
Warning: All percentages zero/invalid in row 6125
Warning: All percentages zero/invalid in row 6126
Warning: All percentages zero/invalid in row 6127
Warning: All percentages zero/invalid in row 6128
Warning: All percentages zero/invalid in row 6129
Warning: All percentages zero/invalid in row 6130
Warning: All percentages zero/invalid in row 6131
Warning: All percentages zero/invalid in row 6132
Warning: All percentages zero/invalid in row 6133
Warning: All percentages zero/invalid in row 6134
Warning: All percentages zero/invalid in row 6135
Warning: All percentages zero/invalid in row 6136
Warning: All percentages zero/invalid in row 6137
Warning: All percentages zero/invalid in row 6138
Warning: All percentages zero/invalid in row 6139
Warning: All percentages zero/invalid in row 6140
Warning: All percentages zero/invalid in row 6141
Warning: All percentages zero/invalid in row 6142
Warning: All percentages zero/invalid in row 6143
Warning: All percentages zero/invalid in row 6144
Warning: All percentages zero/invalid in row 6145
Warning: All percentages zero/invalid in row 6146
Warning: All percentages zero/invalid in row 6147
Warning: All percentages zero/invalid in row 6148
Warning: All percentages zero/invalid in row 6149
Warning: All percentages zero/invalid in row 6150
Warning: All percentages zero/invalid in row 6151
Warning: All percentages zero/invalid in row 6152
Warning: All percentages zero/invalid in row 6153
Warning: All percentages zero/invalid in row 6154
Warning: All percentages zero/invalid in row 6155
Warning: All percentages zero/invalid in row 6156
Warning: All percentages zero/invalid in row 6157
Warning: All percentages zero/invalid in row 6158
Warning: All percentages zero/invalid in row 6159
Warning: All percentages zero/invalid in row 6160
Warning: All percentages zero/invalid in row 6161
Warning: All percentages zero/invalid in row 6162
Warning: All percentages zero/invalid in row 6163
Warning: All percentages zero/invalid in row 6164
Warning: All percentages zero/invalid in row 6165
Warning: All percentages zero/invalid in row 6166
Warning: All percentages zero/invalid in row 6167
Warning: All percentages zero/invalid in row 6168
Warning: All percentages zero/invalid in row 6169
Warning: All percentages zero/invalid in row 6170
Warning: All percentages zero/invalid in row 6171
Warning: All percentages zero/invalid in row 6172
Warning: All percentages zero/invalid in row 6173
Warning: All percentages zero/invalid in row 6174
Warning: All percentages zero/invalid in row 6175
Warning: All percentages zero/invalid in row 6176
Warning: All percentages zero/invalid in row 6177
Warning: All percentages zero/invalid in row 6178
Warning: All percentages zero/invalid in row 6179
Warning: All percentages zero/invalid in row 6180
Warning: All percentages zero/invalid in row 6181
Warning: All percentages zero/invalid in row 6182
Warning: All percentages zero/invalid in row 6183
Warning: All percentages zero/invalid in row 6184
Warning: All percentages zero/invalid in row 6185
Warning: All percentages zero/invalid in row 6186
Warning: All percentages zero/invalid in row 6187
Warning: All percentages zero/invalid in row 6188
Warning: All percentages zero/invalid in row 6189
Warning: All percentages zero/invalid in row 6190
Warning: All percentages zero/invalid in row 6191
Warning: All percentages zero/invalid in row 6192
Warning: All percentages zero/invalid in row 6193
Warning: All percentages zero/invalid in row 6194
Warning: All percentages zero/invalid in row 6195
Warning: All percentages zero/invalid in row 6196
Warning: All percentages zero/invalid in row 6197
Warning: All percentages zero/invalid in row 6198
Warning: All percentages zero/invalid in row 6199
Warning: All percentages zero/invalid in row 6200
Warning: All percentages zero/invalid in row 6201
Warning: All percentages zero/invalid in row 6202
Warning: All percentages zero/invalid in row 6203
Warning: All percentages zero/invalid in row 6204
Warning: All percentages zero/invalid in row 6205
Warning: All percentages zero/invalid in row 6206
Warning: All percentages zero/invalid in row 6207
Warning: All percentages zero/invalid in row 6208
Warning: All percentages zero/invalid in row 6209
Warning: All percentages zero/invalid in row 6210
Warning: All percentages zero/invalid in row 6211
Warning: All percentages zero/invalid in row 6212
Warning: All percentages zero/invalid in row 6213
Warning: All percentages zero/invalid in row 6214
Warning: All percentages zero/invalid in row 6215
Warning: All percentages zero/invalid in row 6216
Warning: All percentages zero/invalid in row 6217
Warning: All percentages zero/invalid in row 6218
Warning: All percentages zero/invalid in row 6219
Warning: All percentages zero/invalid in row 6220
Warning: All percentages zero/invalid in row 6221
Warning: All percentages zero/invalid in row 6222
Warning: All percentages zero/invalid in row 6223
Warning: All percentages zero/invalid in row 6224
Warning: All percentages zero/invalid in row 6225
Warning: All percentages zero/invalid in row 6226
Warning: All percentages zero/invalid in row 6227
Warning: All percentages zero/invalid in row 6228
Warning: All percentages zero/invalid in row 6229
Warning: All percentages zero/invalid in row 6230
Warning: All percentages zero/invalid in row 6231
Warning: All percentages zero/invalid in row 6232
Warning: All percentages zero/invalid in row 6233
Warning: All percentages zero/invalid in row 6234
Warning: All percentages zero/invalid in row 6235
Warning: All percentages zero/invalid in row 6236
Warning: All percentages zero/invalid in row 6237
Warning: All percentages zero/invalid in row 6238
Warning: All percentages zero/invalid in row 6239
Warning: All percentages zero/invalid in row 6240
Warning: All percentages zero/invalid in row 6241
Warning: All percentages zero/invalid in row 6242
Warning: All percentages zero/invalid in row 6243
Warning: All percentages zero/invalid in row 6244
Warning: All percentages zero/invalid in row 6245
Warning: All percentages zero/invalid in row 6246
Warning: All percentages zero/invalid in row 6247
Warning: All percentages zero/invalid in row 6248
Warning: All percentages zero/invalid in row 6249
Warning: All percentages zero/invalid in row 6250
Warning: All percentages zero/invalid in row 6251
Warning: All percentages zero/invalid in row 6252
Warning: All percentages zero/invalid in row 6253
Warning: All percentages zero/invalid in row 6254
Warning: All percentages zero/invalid in row 6255
Warning: All percentages zero/invalid in row 6256
Warning: All percentages zero/invalid in row 6257
Warning: All percentages zero/invalid in row 6258
Warning: All percentages zero/invalid in row 6259
Warning: All percentages zero/invalid in row 6260
Warning: All percentages zero/invalid in row 6261
Warning: All percentages zero/invalid in row 6262
Warning: All percentages zero/invalid in row 6263
Warning: All percentages zero/invalid in row 6264
Warning: All percentages zero/invalid in row 6265
Warning: All percentages zero/invalid in row 6266
Warning: All percentages zero/invalid in row 6267
Warning: All percentages zero/invalid in row 6268
Warning: All percentages zero/invalid in row 6269
Warning: All percentages zero/invalid in row 6270
Warning: All percentages zero/invalid in row 6271
Warning: All percentages zero/invalid in row 6272
Warning: All percentages zero/invalid in row 6273
Warning: All percentages zero/invalid in row 6274
Warning: All percentages zero/invalid in row 6275
Warning: All percentages zero/invalid in row 6276
Warning: All percentages zero/invalid in row 6277
Warning: All percentages zero/invalid in row 6278
Warning: All percentages zero/invalid in row 6279
Warning: All percentages zero/invalid in row 6280
Warning: All percentages zero/invalid in row 6281
Warning: All percentages zero/invalid in row 6282
Warning: All percentages zero/invalid in row 6283
Warning: All percentages zero/invalid in row 6284
Warning: All percentages zero/invalid in row 6285
Warning: All percentages zero/invalid in row 6286
Warning: All percentages zero/invalid in row 6287
Warning: All percentages zero/invalid in row 6288
Warning: All percentages zero/invalid in row 6289
Warning: All percentages zero/invalid in row 6290
Warning: All percentages zero/invalid in row 6291
Warning: All percentages zero/invalid in row 6292
Warning: All percentages zero/invalid in row 6293
Warning: All percentages zero/invalid in row 6294
Warning: All percentages zero/invalid in row 6295
Warning: All percentages zero/invalid in row 6296
Warning: All percentages zero/invalid in row 6297
Warning: All percentages zero/invalid in row 6298
Warning: All percentages zero/invalid in row 6299
Warning: All percentages zero/invalid in row 6300
Warning: All percentages zero/invalid in row 6301
Warning: All percentages zero/invalid in row 6302
Warning: All percentages zero/invalid in row 6303
Warning: All percentages zero/invalid in row 6304
Warning: All percentages zero/invalid in row 6305
Warning: All percentages zero/invalid in row 6306
Warning: All percentages zero/invalid in row 6307
Warning: All percentages zero/invalid in row 6308
Warning: All percentages zero/invalid in row 6309
Warning: All percentages zero/invalid in row 6310
Warning: All percentages zero/invalid in row 6311
Warning: All percentages zero/invalid in row 6312
Warning: All percentages zero/invalid in row 6313
Warning: All percentages zero/invalid in row 6314
Warning: All percentages zero/invalid in row 6315
Warning: All percentages zero/invalid in row 6316
Warning: All percentages zero/invalid in row 6317
Warning: All percentages zero/invalid in row 6318
Warning: All percentages zero/invalid in row 6319
Warning: All percentages zero/invalid in row 6320
Warning: All percentages zero/invalid in row 6321
Warning: All percentages zero/invalid in row 6322
Warning: All percentages zero/invalid in row 6323
Warning: All percentages zero/invalid in row 6324
Warning: All percentages zero/invalid in row 6325
Warning: All percentages zero/invalid in row 6326
Warning: All percentages zero/invalid in row 6327
Warning: All percentages zero/invalid in row 6328
Warning: All percentages zero/invalid in row 6329
Warning: All percentages zero/invalid in row 6330
Warning: All percentages zero/invalid in row 6331
Warning: All percentages zero/invalid in row 6332
Warning: All percentages zero/invalid in row 6333
Warning: All percentages zero/invalid in row 6334
Warning: All percentages zero/invalid in row 6335
Warning: All percentages zero/invalid in row 6336
Warning: All percentages zero/invalid in row 6337
Warning: All percentages zero/invalid in row 6338
Warning: All percentages zero/invalid in row 6339
Warning: All percentages zero/invalid in row 6340
Warning: All percentages zero/invalid in row 6341
Warning: All percentages zero/invalid in row 6342
Warning: All percentages zero/invalid in row 6343
Warning: All percentages zero/invalid in row 6344
Warning: All percentages zero/invalid in row 6345
Warning: All percentages zero/invalid in row 6346
Warning: All percentages zero/invalid in row 6347
Warning: All percentages zero/invalid in row 6348
Warning: All percentages zero/invalid in row 6349
Warning: All percentages zero/invalid in row 6350
Warning: All percentages zero/invalid in row 6351
Warning: All percentages zero/invalid in row 6352
Warning: All percentages zero/invalid in row 6353
Warning: All percentages zero/invalid in row 6354
Warning: All percentages zero/invalid in row 6355
Warning: All percentages zero/invalid in row 6356
Warning: All percentages zero/invalid in row 6357
Warning: All percentages zero/invalid in row 6358
Warning: All percentages zero/invalid in row 6359
Warning: All percentages zero/invalid in row 6360
Warning: All percentages zero/invalid in row 6361
Warning: All percentages zero/invalid in row 6362
Warning: All percentages zero/invalid in row 6363
Warning: All percentages zero/invalid in row 6364
Warning: All percentages zero/invalid in row 6365
Warning: All percentages zero/invalid in row 6366
Warning: All percentages zero/invalid in row 6367
Warning: All percentages zero/invalid in row 6368
Warning: All percentages zero/invalid in row 6369
Warning: All percentages zero/invalid in row 6370
Warning: All percentages zero/invalid in row 6371
Warning: All percentages zero/invalid in row 6372
Warning: All percentages zero/invalid in row 6373
Warning: All percentages zero/invalid in row 6374
Warning: All percentages zero/invalid in row 6375
Warning: All percentages zero/invalid in row 6376
Warning: All percentages zero/invalid in row 6377
Warning: All percentages zero/invalid in row 6378
Warning: All percentages zero/invalid in row 6379
Warning: All percentages zero/invalid in row 6380
Warning: All percentages zero/invalid in row 6381
Warning: All percentages zero/invalid in row 6382
Warning: All percentages zero/invalid in row 6383
Warning: All percentages zero/invalid in row 6384
Warning: All percentages zero/invalid in row 6385
Warning: All percentages zero/invalid in row 6386
Warning: All percentages zero/invalid in row 6387
Warning: All percentages zero/invalid in row 6388
Warning: All percentages zero/invalid in row 6389
Warning: All percentages zero/invalid in row 6390
Warning: All percentages zero/invalid in row 6391
Warning: All percentages zero/invalid in row 6392
Warning: All percentages zero/invalid in row 6393
Warning: All percentages zero/invalid in row 6394
Warning: All percentages zero/invalid in row 6395
Warning: All percentages zero/invalid in row 6396
Warning: All percentages zero/invalid in row 6397
Warning: All percentages zero/invalid in row 6398
Warning: All percentages zero/invalid in row 6399
Warning: All percentages zero/invalid in row 6400
Warning: All percentages zero/invalid in row 6401
Warning: All percentages zero/invalid in row 6402
Warning: All percentages zero/invalid in row 6403
Warning: All percentages zero/invalid in row 6404
Warning: All percentages zero/invalid in row 6405
Warning: All percentages zero/invalid in row 6406
Warning: All percentages zero/invalid in row 6407
Warning: All percentages zero/invalid in row 6408
Warning: All percentages zero/invalid in row 6409
Warning: All percentages zero/invalid in row 6410
Warning: All percentages zero/invalid in row 6411
Warning: All percentages zero/invalid in row 6412
Warning: All percentages zero/invalid in row 6413
Warning: All percentages zero/invalid in row 6414
Warning: All percentages zero/invalid in row 6415
Warning: All percentages zero/invalid in row 6416
Warning: All percentages zero/invalid in row 6417
Warning: All percentages zero/invalid in row 6418
Warning: All percentages zero/invalid in row 6419
Warning: All percentages zero/invalid in row 6420
Warning: All percentages zero/invalid in row 6421
Warning: All percentages zero/invalid in row 6422
Warning: All percentages zero/invalid in row 6423
Warning: All percentages zero/invalid in row 6424
Warning: All percentages zero/invalid in row 6425
Warning: All percentages zero/invalid in row 6426
Warning: All percentages zero/invalid in row 6427
Warning: All percentages zero/invalid in row 6428
Warning: All percentages zero/invalid in row 6429
Warning: All percentages zero/invalid in row 6430
Warning: All percentages zero/invalid in row 6431
Warning: All percentages zero/invalid in row 6432
Warning: All percentages zero/invalid in row 6433
Warning: All percentages zero/invalid in row 6434
Warning: All percentages zero/invalid in row 6435
Warning: All percentages zero/invalid in row 6436
Warning: All percentages zero/invalid in row 6437
Warning: All percentages zero/invalid in row 6438
Warning: All percentages zero/invalid in row 6439
Warning: All percentages zero/invalid in row 6440
Warning: All percentages zero/invalid in row 6441
Warning: All percentages zero/invalid in row 6442
Warning: All percentages zero/invalid in row 6443
Warning: All percentages zero/invalid in row 6444
Warning: All percentages zero/invalid in row 6445
Warning: All percentages zero/invalid in row 6446
Warning: All percentages zero/invalid in row 6447
Warning: All percentages zero/invalid in row 6448
Warning: All percentages zero/invalid in row 6449
Warning: All percentages zero/invalid in row 6450
Warning: All percentages zero/invalid in row 6451
Warning: All percentages zero/invalid in row 6452
Warning: All percentages zero/invalid in row 6453
Warning: All percentages zero/invalid in row 6454
Warning: All percentages zero/invalid in row 6455
Warning: All percentages zero/invalid in row 6456
Warning: All percentages zero/invalid in row 6457
Warning: All percentages zero/invalid in row 6458
Warning: All percentages zero/invalid in row 6459
Warning: All percentages zero/invalid in row 6460
Warning: All percentages zero/invalid in row 6461
Warning: All percentages zero/invalid in row 6462
Warning: All percentages zero/invalid in row 6463
Warning: All percentages zero/invalid in row 6464
Warning: All percentages zero/invalid in row 6465
Warning: All percentages zero/invalid in row 6466
Warning: All percentages zero/invalid in row 6467
Warning: All percentages zero/invalid in row 6468
Warning: All percentages zero/invalid in row 6469
Warning: All percentages zero/invalid in row 6470
Warning: All percentages zero/invalid in row 6471
Warning: All percentages zero/invalid in row 6472
Warning: All percentages zero/invalid in row 6473
Warning: All percentages zero/invalid in row 6474
Warning: All percentages zero/invalid in row 6475
Warning: All percentages zero/invalid in row 6476
Warning: All percentages zero/invalid in row 6477
Warning: All percentages zero/invalid in row 6478
Warning: All percentages zero/invalid in row 6479
Warning: All percentages zero/invalid in row 6480
Warning: All percentages zero/invalid in row 6481
Warning: All percentages zero/invalid in row 6482
Warning: All percentages zero/invalid in row 6483
Warning: All percentages zero/invalid in row 6484
Warning: All percentages zero/invalid in row 6485
Warning: All percentages zero/invalid in row 6486
Warning: All percentages zero/invalid in row 6487
Warning: All percentages zero/invalid in row 6488
Warning: All percentages zero/invalid in row 6489
Warning: All percentages zero/invalid in row 6490
Warning: All percentages zero/invalid in row 6491
Warning: All percentages zero/invalid in row 6492
Warning: All percentages zero/invalid in row 6493
Warning: All percentages zero/invalid in row 6494
Warning: All percentages zero/invalid in row 6495
Warning: All percentages zero/invalid in row 6496
Warning: All percentages zero/invalid in row 6497
Warning: All percentages zero/invalid in row 6498
Warning: All percentages zero/invalid in row 6499
Warning: All percentages zero/invalid in row 6500
Warning: All percentages zero/invalid in row 6501
Warning: All percentages zero/invalid in row 6502
Warning: All percentages zero/invalid in row 6503
Warning: All percentages zero/invalid in row 6504
Warning: All percentages zero/invalid in row 6505
Warning: All percentages zero/invalid in row 6506
Warning: All percentages zero/invalid in row 6507
Warning: All percentages zero/invalid in row 6508
Warning: All percentages zero/invalid in row 6509
Warning: All percentages zero/invalid in row 6510
Warning: All percentages zero/invalid in row 6511
Warning: All percentages zero/invalid in row 6512
Warning: All percentages zero/invalid in row 6513
Warning: All percentages zero/invalid in row 6514
Warning: All percentages zero/invalid in row 6515
Warning: All percentages zero/invalid in row 6516
Warning: All percentages zero/invalid in row 6517
Warning: All percentages zero/invalid in row 6518
Warning: All percentages zero/invalid in row 6519
Warning: All percentages zero/invalid in row 6520
Warning: All percentages zero/invalid in row 6521
Warning: All percentages zero/invalid in row 6522
Warning: All percentages zero/invalid in row 6523
Warning: All percentages zero/invalid in row 6524
Warning: All percentages zero/invalid in row 6525
Warning: All percentages zero/invalid in row 6526
Warning: All percentages zero/invalid in row 6527
Warning: All percentages zero/invalid in row 6528
Warning: All percentages zero/invalid in row 6529
Warning: All percentages zero/invalid in row 6530
Warning: All percentages zero/invalid in row 6531
Warning: All percentages zero/invalid in row 6532
Warning: All percentages zero/invalid in row 6533
Warning: All percentages zero/invalid in row 6534
Warning: All percentages zero/invalid in row 6535
Warning: All percentages zero/invalid in row 6536
Warning: All percentages zero/invalid in row 6537
Warning: All percentages zero/invalid in row 6538
Warning: All percentages zero/invalid in row 6539
Warning: All percentages zero/invalid in row 6540
Warning: All percentages zero/invalid in row 6541
Warning: All percentages zero/invalid in row 6542
Warning: All percentages zero/invalid in row 6543
Warning: All percentages zero/invalid in row 6544
Warning: All percentages zero/invalid in row 6545
Warning: All percentages zero/invalid in row 6546
Warning: All percentages zero/invalid in row 6547
Warning: All percentages zero/invalid in row 6548
Warning: All percentages zero/invalid in row 6549
Warning: All percentages zero/invalid in row 6550
Warning: All percentages zero/invalid in row 6551
Warning: All percentages zero/invalid in row 6552
Warning: All percentages zero/invalid in row 6553
Warning: All percentages zero/invalid in row 6554
Warning: All percentages zero/invalid in row 6555
Warning: All percentages zero/invalid in row 6556
Warning: All percentages zero/invalid in row 6557
Warning: All percentages zero/invalid in row 6558
Warning: All percentages zero/invalid in row 6559
Warning: All percentages zero/invalid in row 6560
Warning: All percentages zero/invalid in row 6561
Warning: All percentages zero/invalid in row 6562
Warning: All percentages zero/invalid in row 6563
Warning: All percentages zero/invalid in row 6564
Warning: All percentages zero/invalid in row 6565
Warning: All percentages zero/invalid in row 6566
Warning: All percentages zero/invalid in row 6567
Warning: All percentages zero/invalid in row 6568
Warning: All percentages zero/invalid in row 6569
Warning: All percentages zero/invalid in row 6570
Warning: All percentages zero/invalid in row 6571
Warning: All percentages zero/invalid in row 6572
Warning: All percentages zero/invalid in row 6573
Warning: All percentages zero/invalid in row 6574
Warning: All percentages zero/invalid in row 6575
Warning: All percentages zero/invalid in row 6576
Warning: All percentages zero/invalid in row 6577
Warning: All percentages zero/invalid in row 6578
Warning: All percentages zero/invalid in row 6579
Warning: All percentages zero/invalid in row 6580
Warning: All percentages zero/invalid in row 6581
Warning: All percentages zero/invalid in row 6582
Warning: All percentages zero/invalid in row 6583
Warning: All percentages zero/invalid in row 6584
Warning: All percentages zero/invalid in row 6585
Warning: All percentages zero/invalid in row 6586
Warning: All percentages zero/invalid in row 6587
Warning: All percentages zero/invalid in row 6588
Warning: All percentages zero/invalid in row 6589
Warning: All percentages zero/invalid in row 6590
Warning: All percentages zero/invalid in row 6591
Warning: All percentages zero/invalid in row 6592
Warning: All percentages zero/invalid in row 6593
Warning: All percentages zero/invalid in row 6594
Warning: All percentages zero/invalid in row 6595
Warning: All percentages zero/invalid in row 6596
Warning: All percentages zero/invalid in row 6597
Warning: All percentages zero/invalid in row 6598
Warning: All percentages zero/invalid in row 6599
Warning: All percentages zero/invalid in row 6600
Warning: All percentages zero/invalid in row 6601
Warning: All percentages zero/invalid in row 6602
Warning: All percentages zero/invalid in row 6603
Warning: All percentages zero/invalid in row 6604
Warning: All percentages zero/invalid in row 6605
Warning: All percentages zero/invalid in row 6606
Warning: All percentages zero/invalid in row 6607
Warning: All percentages zero/invalid in row 6608
Warning: All percentages zero/invalid in row 6609
Warning: All percentages zero/invalid in row 6610
Warning: All percentages zero/invalid in row 6611
Warning: All percentages zero/invalid in row 6612
Warning: All percentages zero/invalid in row 6614
Warning: All percentages zero/invalid in row 6616
Warning: All percentages zero/invalid in row 6617
Warning: All percentages zero/invalid in row 6618
Warning: All percentages zero/invalid in row 6623
Warning: All percentages zero/invalid in row 6625
Warning: All percentages zero/invalid in row 6626
Warning: All percentages zero/invalid in row 6627
Warning: All percentages zero/invalid in row 6628
Warning: All percentages zero/invalid in row 6630
Warning: All percentages zero/invalid in row 6631
Warning: All percentages zero/invalid in row 6632
Warning: All percentages zero/invalid in row 6633
Warning: All percentages zero/invalid in row 6635
Warning: All percentages zero/invalid in row 6640
Warning: All percentages zero/invalid in row 6642
Warning: All percentages zero/invalid in row 6644
Warning: All percentages zero/invalid in row 6649
Warning: All percentages zero/invalid in row 6650
Warning: All percentages zero/invalid in row 6651
Warning: All percentages zero/invalid in row 6652
Warning: All percentages zero/invalid in row 6653
Warning: All percentages zero/invalid in row 6654
Warning: All percentages zero/invalid in row 6655
Warning: All percentages zero/invalid in row 6656
Warning: All percentages zero/invalid in row 6657
Warning: All percentages zero/invalid in row 6658
Warning: All percentages zero/invalid in row 6659
Warning: All percentages zero/invalid in row 6660
Warning: All percentages zero/invalid in row 6661
Warning: All percentages zero/invalid in row 6662
Warning: All percentages zero/invalid in row 6663
Warning: All percentages zero/invalid in row 6664
Warning: All percentages zero/invalid in row 6665
Warning: All percentages zero/invalid in row 6666
Warning: All percentages zero/invalid in row 6667
Warning: All percentages zero/invalid in row 6668
Warning: All percentages zero/invalid in row 6669
Warning: All percentages zero/invalid in row 6670
Warning: All percentages zero/invalid in row 6671
Warning: All percentages zero/invalid in row 6672
Warning: All percentages zero/invalid in row 6673
Warning: All percentages zero/invalid in row 6674
Warning: All percentages zero/invalid in row 6675
Warning: All percentages zero/invalid in row 6676
Warning: All percentages zero/invalid in row 6677
Warning: All percentages zero/invalid in row 6678
Warning: All percentages zero/invalid in row 6679
Warning: All percentages zero/invalid in row 6680
Warning: All percentages zero/invalid in row 6681
Warning: All percentages zero/invalid in row 6682
Warning: All percentages zero/invalid in row 6683
Warning: All percentages zero/invalid in row 6684
Warning: All percentages zero/invalid in row 6685
Warning: All percentages zero/invalid in row 6686
Warning: All percentages zero/invalid in row 6687
Warning: All percentages zero/invalid in row 6688
Warning: All percentages zero/invalid in row 6689
Warning: All percentages zero/invalid in row 6690
Warning: All percentages zero/invalid in row 6691
Warning: All percentages zero/invalid in row 6692
Warning: All percentages zero/invalid in row 6693
Warning: All percentages zero/invalid in row 6694
Warning: All percentages zero/invalid in row 6695
Warning: All percentages zero/invalid in row 6696
Warning: All percentages zero/invalid in row 6697
Warning: All percentages zero/invalid in row 6698
Warning: All percentages zero/invalid in row 6699
Warning: All percentages zero/invalid in row 6700
Warning: All percentages zero/invalid in row 6701
Warning: All percentages zero/invalid in row 6702
Warning: All percentages zero/invalid in row 6703
Warning: All percentages zero/invalid in row 6704
Warning: All percentages zero/invalid in row 6705
Warning: All percentages zero/invalid in row 6706
Warning: All percentages zero/invalid in row 6707
Warning: All percentages zero/invalid in row 6708
Warning: All percentages zero/invalid in row 6712
Warning: All percentages zero/invalid in row 6713
Warning: All percentages zero/invalid in row 6714
Warning: All percentages zero/invalid in row 6715
Warning: All percentages zero/invalid in row 6716
Warning: All percentages zero/invalid in row 6717
Warning: All percentages zero/invalid in row 6718
Warning: All percentages zero/invalid in row 6719
Warning: All percentages zero/invalid in row 6720
Warning: All percentages zero/invalid in row 6721
Warning: All percentages zero/invalid in row 6722
Warning: All percentages zero/invalid in row 6723
Warning: All percentages zero/invalid in row 6724
Warning: All percentages zero/invalid in row 6725
Warning: All percentages zero/invalid in row 6726
Warning: All percentages zero/invalid in row 6727
Warning: All percentages zero/invalid in row 6728
Warning: All percentages zero/invalid in row 6729
Warning: All percentages zero/invalid in row 6730
Warning: All percentages zero/invalid in row 6731
Warning: All percentages zero/invalid in row 6768
Warning: All percentages zero/invalid in row 6769
Warning: All percentages zero/invalid in row 6770
Warning: All percentages zero/invalid in row 6771
Warning: All percentages zero/invalid in row 6772
Warning: All percentages zero/invalid in row 6773
Warning: All percentages zero/invalid in row 6774
Warning: All percentages zero/invalid in row 6775
Warning: All percentages zero/invalid in row 6776
Warning: All percentages zero/invalid in row 6777
Warning: All percentages zero/invalid in row 6778
Warning: All percentages zero/invalid in row 6779
Warning: All percentages zero/invalid in row 6780
Warning: All percentages zero/invalid in row 6781
Warning: All percentages zero/invalid in row 6782
Warning: All percentages zero/invalid in row 6783
Warning: All percentages zero/invalid in row 6784
Warning: All percentages zero/invalid in row 6785
Warning: All percentages zero/invalid in row 6786
Warning: All percentages zero/invalid in row 6787
Warning: All percentages zero/invalid in row 6788
Warning: All percentages zero/invalid in row 6789
Warning: All percentages zero/invalid in row 6790
Warning: All percentages zero/invalid in row 6791
Warning: All percentages zero/invalid in row 6792
Warning: All percentages zero/invalid in row 6793
Warning: All percentages zero/invalid in row 6794
Warning: All percentages zero/invalid in row 6795
Warning: All percentages zero/invalid in row 6796
Warning: All percentages zero/invalid in row 6797
Warning: All percentages zero/invalid in row 6798
Warning: All percentages zero/invalid in row 6799
Warning: All percentages zero/invalid in row 6800
Warning: All percentages zero/invalid in row 6801
Warning: All percentages zero/invalid in row 6802
Warning: All percentages zero/invalid in row 6803
Warning: All percentages zero/invalid in row 6804
Warning: All percentages zero/invalid in row 6805
Warning: All percentages zero/invalid in row 6806
Warning: All percentages zero/invalid in row 6807
Warning: All percentages zero/invalid in row 6808
Warning: All percentages zero/invalid in row 6809
Warning: All percentages zero/invalid in row 6810
Warning: All percentages zero/invalid in row 6811
Warning: All percentages zero/invalid in row 6812
Warning: All percentages zero/invalid in row 6813
Warning: All percentages zero/invalid in row 6814
Warning: All percentages zero/invalid in row 6815
Warning: All percentages zero/invalid in row 6816
Warning: All percentages zero/invalid in row 6817
Warning: All percentages zero/invalid in row 6818
Warning: All percentages zero/invalid in row 6819
Warning: All percentages zero/invalid in row 6820
Warning: All percentages zero/invalid in row 6821
Warning: All percentages zero/invalid in row 6822
Warning: All percentages zero/invalid in row 6823
Warning: All percentages zero/invalid in row 6824
Warning: All percentages zero/invalid in row 6825
Warning: All percentages zero/invalid in row 6826
Warning: All percentages zero/invalid in row 6827
Warning: All percentages zero/invalid in row 6829
Warning: All percentages zero/invalid in row 6830
Warning: All percentages zero/invalid in row 6831
Warning: All percentages zero/invalid in row 6834
Warning: All percentages zero/invalid in row 6835
Warning: All percentages zero/invalid in row 6836
Warning: All percentages zero/invalid in row 6838
Warning: All percentages zero/invalid in row 6845
Warning: All percentages zero/invalid in row 6846
Warning: All percentages zero/invalid in row 6847
Warning: All percentages zero/invalid in row 6848
Warning: All percentages zero/invalid in row 6849
Warning: All percentages zero/invalid in row 6850
Warning: All percentages zero/invalid in row 6851
Warning: All percentages zero/invalid in row 6852
Warning: All percentages zero/invalid in row 6853
Warning: All percentages zero/invalid in row 6854
Warning: All percentages zero/invalid in row 6855
Warning: All percentages zero/invalid in row 6856
Warning: All percentages zero/invalid in row 6857
Warning: All percentages zero/invalid in row 6858
Warning: All percentages zero/invalid in row 6859
Warning: All percentages zero/invalid in row 6860
Warning: All percentages zero/invalid in row 6861
Warning: All percentages zero/invalid in row 6862
Warning: All percentages zero/invalid in row 6863
Warning: All percentages zero/invalid in row 6864
Warning: All percentages zero/invalid in row 6865
Warning: All percentages zero/invalid in row 6866
Warning: All percentages zero/invalid in row 6867
Warning: All percentages zero/invalid in row 6868
Warning: All percentages zero/invalid in row 6869
Warning: All percentages zero/invalid in row 6870
Warning: All percentages zero/invalid in row 6871
Warning: All percentages zero/invalid in row 6872
Warning: All percentages zero/invalid in row 6873
Warning: All percentages zero/invalid in row 6874
Warning: All percentages zero/invalid in row 6875
Warning: All percentages zero/invalid in row 6876
Warning: All percentages zero/invalid in row 6877
Warning: All percentages zero/invalid in row 6879
Warning: All percentages zero/invalid in row 6882
Warning: All percentages zero/invalid in row 6883
Warning: All percentages zero/invalid in row 6884
Warning: All percentages zero/invalid in row 6885
Warning: All percentages zero/invalid in row 6886
Warning: All percentages zero/invalid in row 6887
Warning: All percentages zero/invalid in row 6888
Warning: All percentages zero/invalid in row 6889
Warning: All percentages zero/invalid in row 6890
Warning: All percentages zero/invalid in row 6891
Warning: All percentages zero/invalid in row 6892
Warning: All percentages zero/invalid in row 6893
Warning: All percentages zero/invalid in row 6894
Warning: All percentages zero/invalid in row 6895
Warning: All percentages zero/invalid in row 6896
Warning: All percentages zero/invalid in row 6897
Warning: All percentages zero/invalid in row 6898
Warning: All percentages zero/invalid in row 6901
Warning: All percentages zero/invalid in row 6903
Warning: All percentages zero/invalid in row 6913
Warning: All percentages zero/invalid in row 6914
Warning: All percentages zero/invalid in row 6915
Warning: All percentages zero/invalid in row 6919
Warning: All percentages zero/invalid in row 6920
Warning: All percentages zero/invalid in row 6921
Warning: All percentages zero/invalid in row 6922
Warning: All percentages zero/invalid in row 6925
Warning: All percentages zero/invalid in row 6926
Warning: All percentages zero/invalid in row 6932
Warning: All percentages zero/invalid in row 6933
Warning: All percentages zero/invalid in row 6934
Warning: All percentages zero/invalid in row 6935
Warning: All percentages zero/invalid in row 6936
Warning: All percentages zero/invalid in row 6937
Warning: All percentages zero/invalid in row 6943
Warning: All percentages zero/invalid in row 6944
Warning: All percentages zero/invalid in row 6945
Warning: All percentages zero/invalid in row 6946
Warning: All percentages zero/invalid in row 6947
Warning: All percentages zero/invalid in row 6948
Warning: All percentages zero/invalid in row 6949
Warning: All percentages zero/invalid in row 6950
Warning: All percentages zero/invalid in row 6951
Warning: All percentages zero/invalid in row 6952
Warning: All percentages zero/invalid in row 6953
Warning: All percentages zero/invalid in row 6954
Warning: All percentages zero/invalid in row 6955
Warning: All percentages zero/invalid in row 6956
Warning: All percentages zero/invalid in row 6957
Warning: All percentages zero/invalid in row 6958
Warning: All percentages zero/invalid in row 6959
Warning: All percentages zero/invalid in row 6960
Warning: All percentages zero/invalid in row 6961
Warning: All percentages zero/invalid in row 6962
Warning: All percentages zero/invalid in row 6963
Warning: All percentages zero/invalid in row 6964
Warning: All percentages zero/invalid in row 6965
Warning: All percentages zero/invalid in row 6966
Warning: All percentages zero/invalid in row 6967
Warning: All percentages zero/invalid in row 6968
Warning: All percentages zero/invalid in row 6969
Warning: All percentages zero/invalid in row 6970
Warning: All percentages zero/invalid in row 6971
Warning: All percentages zero/invalid in row 6972
Warning: All percentages zero/invalid in row 6973
Warning: All percentages zero/invalid in row 6974
Warning: All percentages zero/invalid in row 6975
Warning: All percentages zero/invalid in row 6976
Warning: All percentages zero/invalid in row 6977
Warning: All percentages zero/invalid in row 6978
Warning: All percentages zero/invalid in row 6979
Warning: All percentages zero/invalid in row 6980
Warning: All percentages zero/invalid in row 6981
Warning: All percentages zero/invalid in row 6982
Warning: All percentages zero/invalid in row 6983
Warning: All percentages zero/invalid in row 6984
Warning: All percentages zero/invalid in row 6985
Warning: All percentages zero/invalid in row 6986
Warning: All percentages zero/invalid in row 6987
Warning: All percentages zero/invalid in row 6988
Warning: All percentages zero/invalid in row 6989
Warning: All percentages zero/invalid in row 6990
Warning: All percentages zero/invalid in row 6991
Warning: All percentages zero/invalid in row 6992
Warning: All percentages zero/invalid in row 6993
Warning: All percentages zero/invalid in row 6994
Warning: All percentages zero/invalid in row 6995
Warning: All percentages zero/invalid in row 6996
Warning: All percentages zero/invalid in row 6997
Warning: All percentages zero/invalid in row 6998
Warning: All percentages zero/invalid in row 6999
Warning: All percentages zero/invalid in row 7000
Warning: All percentages zero/invalid in row 7001
Warning: All percentages zero/invalid in row 7002
Warning: All percentages zero/invalid in row 7003
Warning: All percentages zero/invalid in row 7004
Warning: All percentages zero/invalid in row 7005
Warning: All percentages zero/invalid in row 7006
Warning: All percentages zero/invalid in row 7007
Warning: All percentages zero/invalid in row 7008
Warning: All percentages zero/invalid in row 7009
Warning: All percentages zero/invalid in row 7010
Warning: All percentages zero/invalid in row 7011
Warning: All percentages zero/invalid in row 7012
Warning: All percentages zero/invalid in row 7013
Warning: All percentages zero/invalid in row 7014
Warning: All percentages zero/invalid in row 7015
Warning: All percentages zero/invalid in row 7016
Warning: All percentages zero/invalid in row 7017
Warning: All percentages zero/invalid in row 7018
Warning: All percentages zero/invalid in row 7019
Warning: All percentages zero/invalid in row 7020
Warning: All percentages zero/invalid in row 7021
Warning: All percentages zero/invalid in row 7022
Warning: All percentages zero/invalid in row 7023
Warning: All percentages zero/invalid in row 7024
Warning: All percentages zero/invalid in row 7025
Warning: All percentages zero/invalid in row 7026
Warning: All percentages zero/invalid in row 7027
Warning: All percentages zero/invalid in row 7028
Warning: All percentages zero/invalid in row 7029
Warning: All percentages zero/invalid in row 7030
Warning: All percentages zero/invalid in row 7031
Warning: All percentages zero/invalid in row 7032
Warning: All percentages zero/invalid in row 7033
Warning: All percentages zero/invalid in row 7034
Warning: All percentages zero/invalid in row 7035
Warning: All percentages zero/invalid in row 7036
Warning: All percentages zero/invalid in row 7037
Warning: All percentages zero/invalid in row 7038
Warning: All percentages zero/invalid in row 7039
Warning: All percentages zero/invalid in row 7040
Warning: All percentages zero/invalid in row 7041
Warning: All percentages zero/invalid in row 7042
Warning: All percentages zero/invalid in row 7043
Warning: All percentages zero/invalid in row 7044
Warning: All percentages zero/invalid in row 7045
Warning: All percentages zero/invalid in row 7046
Warning: All percentages zero/invalid in row 7047
Warning: All percentages zero/invalid in row 7048
Warning: All percentages zero/invalid in row 7049
Warning: All percentages zero/invalid in row 7050
Warning: All percentages zero/invalid in row 7051
Warning: All percentages zero/invalid in row 7052
Warning: All percentages zero/invalid in row 7053
Warning: All percentages zero/invalid in row 7054
Warning: All percentages zero/invalid in row 7055
Warning: All percentages zero/invalid in row 7056
Warning: All percentages zero/invalid in row 7057
Warning: All percentages zero/invalid in row 7058
Warning: All percentages zero/invalid in row 7059
Warning: All percentages zero/invalid in row 7060
Warning: All percentages zero/invalid in row 7061
Warning: All percentages zero/invalid in row 7062
Warning: All percentages zero/invalid in row 7063
Warning: All percentages zero/invalid in row 7064
Warning: All percentages zero/invalid in row 7065
Warning: All percentages zero/invalid in row 7066
Warning: All percentages zero/invalid in row 7067
Warning: All percentages zero/invalid in row 7068
Warning: All percentages zero/invalid in row 7069
Warning: All percentages zero/invalid in row 7070
Warning: All percentages zero/invalid in row 7071
Warning: All percentages zero/invalid in row 7072
Warning: All percentages zero/invalid in row 7074
Warning: All percentages zero/invalid in row 7077
Warning: All percentages zero/invalid in row 7078
Warning: All percentages zero/invalid in row 7079
Warning: All percentages zero/invalid in row 7080
Warning: All percentages zero/invalid in row 7081
Warning: All percentages zero/invalid in row 7082
Warning: All percentages zero/invalid in row 7089
Warning: All percentages zero/invalid in row 7090
Warning: All percentages zero/invalid in row 7098
Warning: All percentages zero/invalid in row 7099
Warning: All percentages zero/invalid in row 7100
Warning: All percentages zero/invalid in row 7101
Warning: All percentages zero/invalid in row 7102
Warning: All percentages zero/invalid in row 7104
Warning: All percentages zero/invalid in row 7122
Warning: All percentages zero/invalid in row 7123
Warning: All percentages zero/invalid in row 7124
Warning: All percentages zero/invalid in row 7125
Warning: All percentages zero/invalid in row 7127
Warning: All percentages zero/invalid in row 7128
Warning: All percentages zero/invalid in row 7129
Warning: All percentages zero/invalid in row 7130
Warning: All percentages zero/invalid in row 7131
Warning: All percentages zero/invalid in row 7132
Warning: All percentages zero/invalid in row 7133
Warning: All percentages zero/invalid in row 7134
Warning: All percentages zero/invalid in row 7135
Warning: All percentages zero/invalid in row 7136
Warning: All percentages zero/invalid in row 7137
Warning: All percentages zero/invalid in row 7138
Warning: All percentages zero/invalid in row 7219
Warning: All percentages zero/invalid in row 7291
Warning: All percentages zero/invalid in row 7293
Warning: All percentages zero/invalid in row 7294
Warning: All percentages zero/invalid in row 7295
Warning: All percentages zero/invalid in row 7296
Warning: All percentages zero/invalid in row 7297
Warning: All percentages zero/invalid in row 7298
Warning: All percentages zero/invalid in row 7299
Warning: All percentages zero/invalid in row 7300
Warning: All percentages zero/invalid in row 7301
Warning: All percentages zero/invalid in row 7302
Warning: All percentages zero/invalid in row 7303
Warning: All percentages zero/invalid in row 7304
Warning: All percentages zero/invalid in row 7305
Warning: All percentages zero/invalid in row 7306
Warning: All percentages zero/invalid in row 7307
Warning: All percentages zero/invalid in row 7308
Warning: All percentages zero/invalid in row 7309
Warning: All percentages zero/invalid in row 7310
Warning: All percentages zero/invalid in row 7311
Warning: All percentages zero/invalid in row 7312
Warning: All percentages zero/invalid in row 7313
Warning: All percentages zero/invalid in row 7314
Warning: All percentages zero/invalid in row 7315
Warning: All percentages zero/invalid in row 7316
Warning: All percentages zero/invalid in row 7317
Warning: All percentages zero/invalid in row 7318
Warning: All percentages zero/invalid in row 7319
Warning: All percentages zero/invalid in row 7320
Warning: All percentages zero/invalid in row 7321
Warning: All percentages zero/invalid in row 7322
Warning: All percentages zero/invalid in row 7323
Warning: All percentages zero/invalid in row 7324
Warning: All percentages zero/invalid in row 7325
Warning: All percentages zero/invalid in row 7326
Warning: All percentages zero/invalid in row 7327
Warning: All percentages zero/invalid in row 7328
Warning: All percentages zero/invalid in row 7329
Warning: All percentages zero/invalid in row 7330
Warning: All percentages zero/invalid in row 7331
Warning: All percentages zero/invalid in row 7332
Warning: All percentages zero/invalid in row 7333
Warning: All percentages zero/invalid in row 7334
Warning: All percentages zero/invalid in row 7335
Warning: All percentages zero/invalid in row 7336
Warning: All percentages zero/invalid in row 7337
Warning: All percentages zero/invalid in row 7338
Warning: All percentages zero/invalid in row 7339
Warning: All percentages zero/invalid in row 7340
Warning: All percentages zero/invalid in row 7341
Warning: All percentages zero/invalid in row 7342
Warning: All percentages zero/invalid in row 7343
Warning: All percentages zero/invalid in row 7344
Warning: All percentages zero/invalid in row 7345
Warning: All percentages zero/invalid in row 7346
Warning: All percentages zero/invalid in row 7347
Warning: All percentages zero/invalid in row 7348
Warning: All percentages zero/invalid in row 7349
Warning: All percentages zero/invalid in row 7350
Warning: All percentages zero/invalid in row 7351
Warning: All percentages zero/invalid in row 7352
Warning: All percentages zero/invalid in row 7353
Warning: All percentages zero/invalid in row 7354
Warning: All percentages zero/invalid in row 7355
Warning: All percentages zero/invalid in row 7356
Warning: All percentages zero/invalid in row 7357
Warning: All percentages zero/invalid in row 7358
Warning: All percentages zero/invalid in row 7359
Warning: All percentages zero/invalid in row 7360
Warning: All percentages zero/invalid in row 7361
Warning: All percentages zero/invalid in row 7362
Warning: All percentages zero/invalid in row 7363
Warning: All percentages zero/invalid in row 7364
Warning: All percentages zero/invalid in row 7365
Warning: All percentages zero/invalid in row 7366
Warning: All percentages zero/invalid in row 7367
Warning: All percentages zero/invalid in row 7368
Warning: All percentages zero/invalid in row 7369
Warning: All percentages zero/invalid in row 7370
Warning: All percentages zero/invalid in row 7371
Warning: All percentages zero/invalid in row 7372
Warning: All percentages zero/invalid in row 7373
Warning: All percentages zero/invalid in row 7374
Warning: All percentages zero/invalid in row 7375
Warning: All percentages zero/invalid in row 7376
Warning: All percentages zero/invalid in row 7377
Warning: All percentages zero/invalid in row 7378
Warning: All percentages zero/invalid in row 7379
Warning: All percentages zero/invalid in row 7380
Warning: All percentages zero/invalid in row 7381
Warning: All percentages zero/invalid in row 7382
Warning: All percentages zero/invalid in row 7383
Warning: All percentages zero/invalid in row 7384
Warning: All percentages zero/invalid in row 7385
Warning: All percentages zero/invalid in row 7386
Warning: All percentages zero/invalid in row 7387
Warning: All percentages zero/invalid in row 7388
Warning: All percentages zero/invalid in row 7389
Warning: All percentages zero/invalid in row 7390
Warning: All percentages zero/invalid in row 7391
Warning: All percentages zero/invalid in row 7392
Warning: All percentages zero/invalid in row 7393
Warning: All percentages zero/invalid in row 7394
Warning: All percentages zero/invalid in row 7395
Warning: All percentages zero/invalid in row 7396
Warning: All percentages zero/invalid in row 7397
Warning: All percentages zero/invalid in row 7398
Warning: All percentages zero/invalid in row 7399
Warning: All percentages zero/invalid in row 7400
Warning: All percentages zero/invalid in row 7401
Warning: All percentages zero/invalid in row 7402
Warning: All percentages zero/invalid in row 7403
Warning: All percentages zero/invalid in row 7404
Warning: All percentages zero/invalid in row 7405
Warning: All percentages zero/invalid in row 7406
Warning: All percentages zero/invalid in row 7407
Warning: All percentages zero/invalid in row 7408
Warning: All percentages zero/invalid in row 7409
Warning: All percentages zero/invalid in row 7410
Warning: All percentages zero/invalid in row 7411
Warning: All percentages zero/invalid in row 7412
Warning: All percentages zero/invalid in row 7413
Warning: All percentages zero/invalid in row 7414
Warning: All percentages zero/invalid in row 7415
Warning: All percentages zero/invalid in row 7416
Warning: All percentages zero/invalid in row 7417
Warning: All percentages zero/invalid in row 7418
Warning: All percentages zero/invalid in row 7419
Warning: All percentages zero/invalid in row 7420
Warning: All percentages zero/invalid in row 7421
Warning: All percentages zero/invalid in row 7422
Warning: All percentages zero/invalid in row 7423
Warning: All percentages zero/invalid in row 7424
Warning: All percentages zero/invalid in row 7425
Warning: All percentages zero/invalid in row 7426
Warning: All percentages zero/invalid in row 7427
Warning: All percentages zero/invalid in row 7428
Warning: All percentages zero/invalid in row 7429
Warning: All percentages zero/invalid in row 7430
Warning: All percentages zero/invalid in row 7431
Warning: All percentages zero/invalid in row 7432
Warning: All percentages zero/invalid in row 7433
Warning: All percentages zero/invalid in row 7434
Warning: All percentages zero/invalid in row 7435
Warning: All percentages zero/invalid in row 7436
Warning: All percentages zero/invalid in row 7437
Warning: All percentages zero/invalid in row 7438
Warning: All percentages zero/invalid in row 7439
Warning: All percentages zero/invalid in row 7440
Warning: All percentages zero/invalid in row 7441
Warning: All percentages zero/invalid in row 7442
Warning: All percentages zero/invalid in row 7443
Warning: All percentages zero/invalid in row 7444
Warning: All percentages zero/invalid in row 7445
Warning: All percentages zero/invalid in row 7446
Warning: All percentages zero/invalid in row 7447
Warning: All percentages zero/invalid in row 7448
Warning: All percentages zero/invalid in row 7449
Warning: All percentages zero/invalid in row 7450
Warning: All percentages zero/invalid in row 7451
Warning: All percentages zero/invalid in row 7452
Warning: All percentages zero/invalid in row 7453
Warning: All percentages zero/invalid in row 7454
Warning: All percentages zero/invalid in row 7455
Warning: All percentages zero/invalid in row 7456
Warning: All percentages zero/invalid in row 7457
Warning: All percentages zero/invalid in row 7458
Warning: All percentages zero/invalid in row 7459
Warning: All percentages zero/invalid in row 7460
Warning: All percentages zero/invalid in row 7461
Warning: All percentages zero/invalid in row 7462
Warning: All percentages zero/invalid in row 7463
Warning: All percentages zero/invalid in row 7464
Warning: All percentages zero/invalid in row 7465
Warning: All percentages zero/invalid in row 7466
Warning: All percentages zero/invalid in row 7467
Warning: All percentages zero/invalid in row 7468
Warning: All percentages zero/invalid in row 7469
Warning: All percentages zero/invalid in row 7470
Warning: All percentages zero/invalid in row 7471
Warning: All percentages zero/invalid in row 7472
Warning: All percentages zero/invalid in row 7473
Warning: All percentages zero/invalid in row 7474
Warning: All percentages zero/invalid in row 7475
Warning: All percentages zero/invalid in row 7476
Warning: All percentages zero/invalid in row 7477
Warning: All percentages zero/invalid in row 7478
Warning: All percentages zero/invalid in row 7479
Warning: All percentages zero/invalid in row 7480
Warning: All percentages zero/invalid in row 7481
Warning: All percentages zero/invalid in row 7482
Warning: All percentages zero/invalid in row 7483
Warning: All percentages zero/invalid in row 7484
Warning: All percentages zero/invalid in row 7486
Warning: All percentages zero/invalid in row 7487
Warning: All percentages zero/invalid in row 7489
Warning: All percentages zero/invalid in row 7499
Warning: All percentages zero/invalid in row 7511
Warning: All percentages zero/invalid in row 7513
Warning: All percentages zero/invalid in row 7527
Warning: All percentages zero/invalid in row 7528
Warning: All percentages zero/invalid in row 7529
Warning: All percentages zero/invalid in row 7530
Warning: All percentages zero/invalid in row 7531
Warning: All percentages zero/invalid in row 7532
Warning: All percentages zero/invalid in row 7533
Warning: All percentages zero/invalid in row 7534
Warning: All percentages zero/invalid in row 7535
Warning: All percentages zero/invalid in row 7536
Warning: All percentages zero/invalid in row 7537
Warning: All percentages zero/invalid in row 7538
Warning: All percentages zero/invalid in row 7539
Warning: All percentages zero/invalid in row 7554
Warning: All percentages zero/invalid in row 7556
Warning: All percentages zero/invalid in row 7560
Warning: All percentages zero/invalid in row 7561
Warning: All percentages zero/invalid in row 7562
Warning: All percentages zero/invalid in row 7563
Warning: All percentages zero/invalid in row 7564
Warning: All percentages zero/invalid in row 7565
Warning: All percentages zero/invalid in row 7566
Warning: All percentages zero/invalid in row 7567
Warning: All percentages zero/invalid in row 7568
Warning: All percentages zero/invalid in row 7569
Warning: All percentages zero/invalid in row 7570
Warning: All percentages zero/invalid in row 7571
Warning: All percentages zero/invalid in row 7572
Warning: All percentages zero/invalid in row 7573
Warning: All percentages zero/invalid in row 7574
Warning: All percentages zero/invalid in row 7576
Warning: All percentages zero/invalid in row 7578
Warning: All percentages zero/invalid in row 7580
Warning: All percentages zero/invalid in row 7582
Warning: All percentages zero/invalid in row 7583
Warning: All percentages zero/invalid in row 7585
Warning: All percentages zero/invalid in row 7586
Warning: All percentages zero/invalid in row 7588
Warning: All percentages zero/invalid in row 7589
Warning: All percentages zero/invalid in row 7590
Warning: All percentages zero/invalid in row 7591
Warning: All percentages zero/invalid in row 7593
Warning: All percentages zero/invalid in row 7594
Warning: All percentages zero/invalid in row 7595
Warning: All percentages zero/invalid in row 7596
Warning: All percentages zero/invalid in row 7597
Warning: All percentages zero/invalid in row 7602
Warning: All percentages zero/invalid in row 7605
Warning: All percentages zero/invalid in row 7606
Warning: All percentages zero/invalid in row 7607
Warning: All percentages zero/invalid in row 7608
Warning: All percentages zero/invalid in row 7609
Warning: All percentages zero/invalid in row 7610
Warning: All percentages zero/invalid in row 7611
Warning: All percentages zero/invalid in row 7612
Warning: All percentages zero/invalid in row 7613
Warning: All percentages zero/invalid in row 7614
Warning: All percentages zero/invalid in row 7615
Warning: All percentages zero/invalid in row 7616
Warning: All percentages zero/invalid in row 7617
Warning: All percentages zero/invalid in row 7618
Warning: All percentages zero/invalid in row 7619
Warning: All percentages zero/invalid in row 7620
Warning: All percentages zero/invalid in row 7621
Warning: All percentages zero/invalid in row 7622
Warning: All percentages zero/invalid in row 7623
Warning: All percentages zero/invalid in row 7624
Warning: All percentages zero/invalid in row 7625
Warning: All percentages zero/invalid in row 7626
Warning: All percentages zero/invalid in row 7627
Warning: All percentages zero/invalid in row 7628
Warning: All percentages zero/invalid in row 7629
Warning: All percentages zero/invalid in row 7630
Warning: All percentages zero/invalid in row 7631
Warning: All percentages zero/invalid in row 7632
Warning: All percentages zero/invalid in row 7633
Warning: All percentages zero/invalid in row 7634
Warning: All percentages zero/invalid in row 7635
Warning: All percentages zero/invalid in row 7636
Warning: All percentages zero/invalid in row 7637
Warning: All percentages zero/invalid in row 7638
Warning: All percentages zero/invalid in row 7639
Warning: All percentages zero/invalid in row 7640
Warning: All percentages zero/invalid in row 7641
Warning: All percentages zero/invalid in row 7642
Warning: All percentages zero/invalid in row 7643
Warning: All percentages zero/invalid in row 7644
Warning: All percentages zero/invalid in row 7645
Warning: All percentages zero/invalid in row 7646
Warning: All percentages zero/invalid in row 7647
Warning: All percentages zero/invalid in row 7648
Warning: All percentages zero/invalid in row 7649
Warning: All percentages zero/invalid in row 7650
Warning: All percentages zero/invalid in row 7651
Warning: All percentages zero/invalid in row 7652
Warning: All percentages zero/invalid in row 7653
Warning: All percentages zero/invalid in row 7654
Warning: All percentages zero/invalid in row 7655
Warning: All percentages zero/invalid in row 7656
Warning: All percentages zero/invalid in row 7657
Warning: All percentages zero/invalid in row 7658
Warning: All percentages zero/invalid in row 7659
Warning: All percentages zero/invalid in row 7660
Warning: All percentages zero/invalid in row 7661
Warning: All percentages zero/invalid in row 7662
Warning: All percentages zero/invalid in row 7663
Warning: All percentages zero/invalid in row 7664
Warning: All percentages zero/invalid in row 7665
Warning: All percentages zero/invalid in row 7666
Warning: All percentages zero/invalid in row 7667
Warning: All percentages zero/invalid in row 7668
Warning: All percentages zero/invalid in row 7669
Warning: All percentages zero/invalid in row 7670
Warning: All percentages zero/invalid in row 7671
Warning: All percentages zero/invalid in row 7672
Warning: All percentages zero/invalid in row 7673
Warning: All percentages zero/invalid in row 7674
Warning: All percentages zero/invalid in row 7675
Warning: All percentages zero/invalid in row 7676
Warning: All percentages zero/invalid in row 7677
Warning: All percentages zero/invalid in row 7678
Warning: All percentages zero/invalid in row 7679
Warning: All percentages zero/invalid in row 7680
Warning: All percentages zero/invalid in row 7681
Warning: All percentages zero/invalid in row 7682
Warning: All percentages zero/invalid in row 7683
Warning: All percentages zero/invalid in row 7684
Warning: All percentages zero/invalid in row 7685
Warning: All percentages zero/invalid in row 7686
Warning: All percentages zero/invalid in row 7687
Warning: All percentages zero/invalid in row 7688
Warning: All percentages zero/invalid in row 7689
Warning: All percentages zero/invalid in row 7690
Warning: All percentages zero/invalid in row 7691
Warning: All percentages zero/invalid in row 7692
Warning: All percentages zero/invalid in row 7693
Warning: All percentages zero/invalid in row 7694
Warning: All percentages zero/invalid in row 7695
Warning: All percentages zero/invalid in row 7696
Warning: All percentages zero/invalid in row 7697
Warning: All percentages zero/invalid in row 7698
Warning: All percentages zero/invalid in row 7699
Warning: All percentages zero/invalid in row 7700
Warning: All percentages zero/invalid in row 7701
Warning: All percentages zero/invalid in row 7702
Warning: All percentages zero/invalid in row 7703
Warning: All percentages zero/invalid in row 7704
Warning: All percentages zero/invalid in row 7705
Warning: All percentages zero/invalid in row 7706
Warning: All percentages zero/invalid in row 7707
Warning: All percentages zero/invalid in row 7708
Warning: All percentages zero/invalid in row 7709
Warning: All percentages zero/invalid in row 7710
Warning: All percentages zero/invalid in row 7711
Warning: All percentages zero/invalid in row 7712
Warning: All percentages zero/invalid in row 7713
Warning: All percentages zero/invalid in row 7714
Warning: All percentages zero/invalid in row 7715
Warning: All percentages zero/invalid in row 7716
Warning: All percentages zero/invalid in row 7717
Warning: All percentages zero/invalid in row 7718
Warning: All percentages zero/invalid in row 7719
Warning: All percentages zero/invalid in row 7720
Warning: All percentages zero/invalid in row 7721
Warning: All percentages zero/invalid in row 7722
Warning: All percentages zero/invalid in row 7723
Warning: All percentages zero/invalid in row 7724
Warning: All percentages zero/invalid in row 7725
Warning: All percentages zero/invalid in row 7726
Warning: All percentages zero/invalid in row 7727
Warning: All percentages zero/invalid in row 7728
Warning: All percentages zero/invalid in row 7729
Warning: All percentages zero/invalid in row 7730
Warning: All percentages zero/invalid in row 7731
Warning: All percentages zero/invalid in row 7732
Warning: All percentages zero/invalid in row 7733
Warning: All percentages zero/invalid in row 7734
Warning: All percentages zero/invalid in row 7735
Warning: All percentages zero/invalid in row 7736
Warning: All percentages zero/invalid in row 7737
Warning: All percentages zero/invalid in row 7738
Warning: All percentages zero/invalid in row 7739
Warning: All percentages zero/invalid in row 7740
Warning: All percentages zero/invalid in row 7741
Warning: All percentages zero/invalid in row 7742
Warning: All percentages zero/invalid in row 7743
Warning: All percentages zero/invalid in row 7744
Warning: All percentages zero/invalid in row 7745
Warning: All percentages zero/invalid in row 7746
Warning: All percentages zero/invalid in row 7747
Warning: All percentages zero/invalid in row 7748
Warning: All percentages zero/invalid in row 7749
Warning: All percentages zero/invalid in row 7750
Warning: All percentages zero/invalid in row 7751
Warning: All percentages zero/invalid in row 7752
Warning: All percentages zero/invalid in row 7753
Warning: All percentages zero/invalid in row 7754
Warning: All percentages zero/invalid in row 7755
Warning: All percentages zero/invalid in row 7756
Warning: All percentages zero/invalid in row 7757
Warning: All percentages zero/invalid in row 7758
Warning: All percentages zero/invalid in row 7759
Warning: All percentages zero/invalid in row 7760
Warning: All percentages zero/invalid in row 7761
Warning: All percentages zero/invalid in row 7762
Warning: All percentages zero/invalid in row 7763
Warning: All percentages zero/invalid in row 7764
Warning: All percentages zero/invalid in row 7765
Warning: All percentages zero/invalid in row 7766
Warning: All percentages zero/invalid in row 7767
Warning: All percentages zero/invalid in row 7768
Warning: All percentages zero/invalid in row 7769
Warning: All percentages zero/invalid in row 7770
Warning: All percentages zero/invalid in row 7771
Warning: All percentages zero/invalid in row 7772
Warning: All percentages zero/invalid in row 7773
Warning: All percentages zero/invalid in row 7774
Warning: All percentages zero/invalid in row 7775
Warning: All percentages zero/invalid in row 7776
Warning: All percentages zero/invalid in row 7777
Warning: All percentages zero/invalid in row 7778
Warning: All percentages zero/invalid in row 7779
Warning: All percentages zero/invalid in row 7780
Warning: All percentages zero/invalid in row 7781
Warning: All percentages zero/invalid in row 7782
Warning: All percentages zero/invalid in row 7783
Warning: All percentages zero/invalid in row 7784
Warning: All percentages zero/invalid in row 7785
Warning: All percentages zero/invalid in row 7786
Warning: All percentages zero/invalid in row 7787
Warning: All percentages zero/invalid in row 7788
Warning: All percentages zero/invalid in row 7789
Warning: All percentages zero/invalid in row 7790
Warning: All percentages zero/invalid in row 7791
Warning: All percentages zero/invalid in row 7792
Warning: All percentages zero/invalid in row 7793
Warning: All percentages zero/invalid in row 7794
Warning: All percentages zero/invalid in row 7795
Warning: All percentages zero/invalid in row 7796
Warning: All percentages zero/invalid in row 7797
Warning: All percentages zero/invalid in row 7798
Warning: All percentages zero/invalid in row 7799
Warning: All percentages zero/invalid in row 7800
Warning: All percentages zero/invalid in row 7801
Warning: All percentages zero/invalid in row 7802
Warning: All percentages zero/invalid in row 7803
Warning: All percentages zero/invalid in row 7804
Warning: All percentages zero/invalid in row 7805
Warning: All percentages zero/invalid in row 7806
Warning: All percentages zero/invalid in row 7807
Warning: All percentages zero/invalid in row 7808
Warning: All percentages zero/invalid in row 7809
Warning: All percentages zero/invalid in row 7810
Warning: All percentages zero/invalid in row 7811
Warning: All percentages zero/invalid in row 7812
Warning: All percentages zero/invalid in row 7813
Warning: All percentages zero/invalid in row 7814
Warning: All percentages zero/invalid in row 7815
Warning: All percentages zero/invalid in row 7816
Warning: All percentages zero/invalid in row 7817
Warning: All percentages zero/invalid in row 7818
Warning: All percentages zero/invalid in row 7819
Warning: All percentages zero/invalid in row 7820
Warning: All percentages zero/invalid in row 7821
Warning: All percentages zero/invalid in row 7822
Warning: All percentages zero/invalid in row 7823
Warning: All percentages zero/invalid in row 7824
Warning: All percentages zero/invalid in row 7825
Warning: All percentages zero/invalid in row 7826
Warning: All percentages zero/invalid in row 7827
Warning: All percentages zero/invalid in row 7828
Warning: All percentages zero/invalid in row 7829
Warning: All percentages zero/invalid in row 7830
Warning: All percentages zero/invalid in row 7831
Warning: All percentages zero/invalid in row 7832
Warning: All percentages zero/invalid in row 7833
Warning: All percentages zero/invalid in row 7834
Warning: All percentages zero/invalid in row 7835
Warning: All percentages zero/invalid in row 7836
Warning: All percentages zero/invalid in row 7837
Warning: All percentages zero/invalid in row 7838
Warning: All percentages zero/invalid in row 7839
Warning: All percentages zero/invalid in row 7840
Warning: All percentages zero/invalid in row 7841
Warning: All percentages zero/invalid in row 7842
Warning: All percentages zero/invalid in row 7843
Warning: All percentages zero/invalid in row 7844
Warning: All percentages zero/invalid in row 7845
Warning: All percentages zero/invalid in row 7846
Warning: All percentages zero/invalid in row 7847
Warning: All percentages zero/invalid in row 7848
Warning: All percentages zero/invalid in row 7849
Warning: All percentages zero/invalid in row 7850
Warning: All percentages zero/invalid in row 7851
Warning: All percentages zero/invalid in row 7852
Warning: All percentages zero/invalid in row 7853
Warning: All percentages zero/invalid in row 7854
Warning: All percentages zero/invalid in row 7855
Warning: All percentages zero/invalid in row 7856
Warning: All percentages zero/invalid in row 7857
Warning: All percentages zero/invalid in row 7858
Warning: All percentages zero/invalid in row 7859
Warning: All percentages zero/invalid in row 7860
Warning: All percentages zero/invalid in row 7861
Warning: All percentages zero/invalid in row 7862
Warning: All percentages zero/invalid in row 7863
Warning: All percentages zero/invalid in row 7864
Warning: All percentages zero/invalid in row 7865
Warning: All percentages zero/invalid in row 7866
Warning: All percentages zero/invalid in row 7867
Warning: All percentages zero/invalid in row 7868
Warning: All percentages zero/invalid in row 7869
Warning: All percentages zero/invalid in row 7870
Warning: All percentages zero/invalid in row 7871
Warning: All percentages zero/invalid in row 7872
Warning: All percentages zero/invalid in row 7873
Warning: All percentages zero/invalid in row 7874
Warning: All percentages zero/invalid in row 7875
Warning: All percentages zero/invalid in row 7876
Warning: All percentages zero/invalid in row 7877
Warning: All percentages zero/invalid in row 7878
Warning: All percentages zero/invalid in row 7879
Warning: All percentages zero/invalid in row 7880
Warning: All percentages zero/invalid in row 7881
Warning: All percentages zero/invalid in row 7882
Warning: All percentages zero/invalid in row 7883
Warning: All percentages zero/invalid in row 7884
Warning: All percentages zero/invalid in row 7885
Warning: All percentages zero/invalid in row 7886
Warning: All percentages zero/invalid in row 7887
Warning: All percentages zero/invalid in row 7888
Warning: All percentages zero/invalid in row 7889
Warning: All percentages zero/invalid in row 7890
Warning: All percentages zero/invalid in row 7891
Warning: All percentages zero/invalid in row 7892
Warning: All percentages zero/invalid in row 7893
Warning: All percentages zero/invalid in row 7894
Warning: All percentages zero/invalid in row 7895
Warning: All percentages zero/invalid in row 7896
Warning: All percentages zero/invalid in row 7897
Warning: All percentages zero/invalid in row 7898
Warning: All percentages zero/invalid in row 7899
Warning: All percentages zero/invalid in row 7900
Warning: All percentages zero/invalid in row 7901
Warning: All percentages zero/invalid in row 7902
Warning: All percentages zero/invalid in row 7903
Warning: All percentages zero/invalid in row 7904
Warning: All percentages zero/invalid in row 7905
Warning: All percentages zero/invalid in row 7906
Warning: All percentages zero/invalid in row 7907
Warning: All percentages zero/invalid in row 7908
Warning: All percentages zero/invalid in row 7909
Warning: All percentages zero/invalid in row 7910
Warning: All percentages zero/invalid in row 7911
Warning: All percentages zero/invalid in row 7912
Warning: All percentages zero/invalid in row 7913
Warning: All percentages zero/invalid in row 7914
Warning: All percentages zero/invalid in row 7915
Warning: All percentages zero/invalid in row 7916
Warning: All percentages zero/invalid in row 7917
Warning: All percentages zero/invalid in row 7918
Warning: All percentages zero/invalid in row 7919
Warning: All percentages zero/invalid in row 7920
Warning: All percentages zero/invalid in row 7921
Warning: All percentages zero/invalid in row 7922
Warning: All percentages zero/invalid in row 7923
Warning: All percentages zero/invalid in row 7924
Warning: All percentages zero/invalid in row 7925
Warning: All percentages zero/invalid in row 7926
Warning: All percentages zero/invalid in row 7927
Warning: All percentages zero/invalid in row 7928
Warning: All percentages zero/invalid in row 7929
Warning: All percentages zero/invalid in row 7930
Warning: All percentages zero/invalid in row 7931
Warning: All percentages zero/invalid in row 7932
Warning: All percentages zero/invalid in row 7933
Warning: All percentages zero/invalid in row 7934
Warning: All percentages zero/invalid in row 7935
Warning: All percentages zero/invalid in row 7936
Warning: All percentages zero/invalid in row 7937
Warning: All percentages zero/invalid in row 7938
Warning: All percentages zero/invalid in row 7939
Warning: All percentages zero/invalid in row 7940
Warning: All percentages zero/invalid in row 7941
Warning: All percentages zero/invalid in row 7942
Warning: All percentages zero/invalid in row 7943
Warning: All percentages zero/invalid in row 7944
Warning: All percentages zero/invalid in row 7945
Warning: All percentages zero/invalid in row 7946
Warning: All percentages zero/invalid in row 7947
Warning: All percentages zero/invalid in row 7948
Warning: All percentages zero/invalid in row 7949
Warning: All percentages zero/invalid in row 7950
Warning: All percentages zero/invalid in row 7951
Warning: All percentages zero/invalid in row 7952
Warning: All percentages zero/invalid in row 7953
Warning: All percentages zero/invalid in row 7954
Warning: All percentages zero/invalid in row 7955
Warning: All percentages zero/invalid in row 7956
Warning: All percentages zero/invalid in row 7957
Warning: All percentages zero/invalid in row 7958
Warning: All percentages zero/invalid in row 7959
Warning: All percentages zero/invalid in row 7960
Warning: All percentages zero/invalid in row 7961
Warning: All percentages zero/invalid in row 7962
Warning: All percentages zero/invalid in row 7963
Warning: All percentages zero/invalid in row 7964
Warning: All percentages zero/invalid in row 7965
Warning: All percentages zero/invalid in row 7966
Warning: All percentages zero/invalid in row 7967
Warning: All percentages zero/invalid in row 7968
Warning: All percentages zero/invalid in row 7969
Warning: All percentages zero/invalid in row 7970
Warning: All percentages zero/invalid in row 7971
Warning: All percentages zero/invalid in row 7972
Warning: All percentages zero/invalid in row 7973
Warning: All percentages zero/invalid in row 7974
Warning: All percentages zero/invalid in row 7975
Warning: All percentages zero/invalid in row 7976
Warning: All percentages zero/invalid in row 7977
Warning: All percentages zero/invalid in row 7978
Warning: All percentages zero/invalid in row 7979
Warning: All percentages zero/invalid in row 7980
Warning: All percentages zero/invalid in row 7981
Warning: All percentages zero/invalid in row 7982
Warning: All percentages zero/invalid in row 7983
Warning: All percentages zero/invalid in row 7984
Warning: All percentages zero/invalid in row 7985
Warning: All percentages zero/invalid in row 7986
Warning: All percentages zero/invalid in row 7987
Warning: All percentages zero/invalid in row 7988
Warning: All percentages zero/invalid in row 7989
Warning: All percentages zero/invalid in row 7990
Warning: All percentages zero/invalid in row 7991
Warning: All percentages zero/invalid in row 7992
Warning: All percentages zero/invalid in row 7993
Warning: All percentages zero/invalid in row 7994
Warning: All percentages zero/invalid in row 7995
Warning: All percentages zero/invalid in row 7996
Warning: All percentages zero/invalid in row 7997
Warning: All percentages zero/invalid in row 7998
Warning: All percentages zero/invalid in row 7999
Warning: All percentages zero/invalid in row 8000
Warning: All percentages zero/invalid in row 8001
Warning: All percentages zero/invalid in row 8002
Warning: All percentages zero/invalid in row 8003
Warning: All percentages zero/invalid in row 8004
Warning: All percentages zero/invalid in row 8005
Warning: All percentages zero/invalid in row 8006
Warning: All percentages zero/invalid in row 8007
Warning: All percentages zero/invalid in row 8008
Warning: All percentages zero/invalid in row 8009
Warning: All percentages zero/invalid in row 8010
Warning: All percentages zero/invalid in row 8011
Warning: All percentages zero/invalid in row 8012
Warning: All percentages zero/invalid in row 8013
Warning: All percentages zero/invalid in row 8014
Warning: All percentages zero/invalid in row 8015
Warning: All percentages zero/invalid in row 8016
Warning: All percentages zero/invalid in row 8017
Warning: All percentages zero/invalid in row 8018
Warning: All percentages zero/invalid in row 8019
Warning: All percentages zero/invalid in row 8020
Warning: All percentages zero/invalid in row 8021
Warning: All percentages zero/invalid in row 8022
Warning: All percentages zero/invalid in row 8023
Warning: All percentages zero/invalid in row 8024
Warning: All percentages zero/invalid in row 8025
Warning: All percentages zero/invalid in row 8026
Warning: All percentages zero/invalid in row 8027
Warning: All percentages zero/invalid in row 8028
Warning: All percentages zero/invalid in row 8029
Warning: All percentages zero/invalid in row 8030
Warning: All percentages zero/invalid in row 8031
Warning: All percentages zero/invalid in row 8032
Warning: All percentages zero/invalid in row 8033
Warning: All percentages zero/invalid in row 8034
Warning: All percentages zero/invalid in row 8035
Warning: All percentages zero/invalid in row 8036
Warning: All percentages zero/invalid in row 8037
Warning: All percentages zero/invalid in row 8038
Warning: All percentages zero/invalid in row 8039
Warning: All percentages zero/invalid in row 8040
Warning: All percentages zero/invalid in row 8041
Warning: All percentages zero/invalid in row 8042
Warning: All percentages zero/invalid in row 8043
Warning: All percentages zero/invalid in row 8044
Warning: All percentages zero/invalid in row 8045
Warning: All percentages zero/invalid in row 8046
Warning: All percentages zero/invalid in row 8047
Warning: All percentages zero/invalid in row 8048
Warning: All percentages zero/invalid in row 8049
Warning: All percentages zero/invalid in row 8050
Warning: All percentages zero/invalid in row 8051
Warning: All percentages zero/invalid in row 8052
Warning: All percentages zero/invalid in row 8053
Warning: All percentages zero/invalid in row 8054
Warning: All percentages zero/invalid in row 8055
Warning: All percentages zero/invalid in row 8056
Warning: All percentages zero/invalid in row 8057
Warning: All percentages zero/invalid in row 8058
Warning: All percentages zero/invalid in row 8059
Warning: All percentages zero/invalid in row 8060
Warning: All percentages zero/invalid in row 8061
Warning: All percentages zero/invalid in row 8062
Warning: All percentages zero/invalid in row 8063
Warning: All percentages zero/invalid in row 8064
Warning: All percentages zero/invalid in row 8065
Warning: All percentages zero/invalid in row 8066
Warning: All percentages zero/invalid in row 8067
Warning: All percentages zero/invalid in row 8068
Warning: All percentages zero/invalid in row 8069
Warning: All percentages zero/invalid in row 8070
Warning: All percentages zero/invalid in row 8071
Warning: All percentages zero/invalid in row 8072
Warning: All percentages zero/invalid in row 8073
Warning: All percentages zero/invalid in row 8074
Warning: All percentages zero/invalid in row 8075
Warning: All percentages zero/invalid in row 8076
Warning: All percentages zero/invalid in row 8077
Warning: All percentages zero/invalid in row 8078
Warning: All percentages zero/invalid in row 8079
Warning: All percentages zero/invalid in row 8080
Warning: All percentages zero/invalid in row 8081
Warning: All percentages zero/invalid in row 8082
Warning: All percentages zero/invalid in row 8083
Warning: All percentages zero/invalid in row 8084
Warning: All percentages zero/invalid in row 8085
Warning: All percentages zero/invalid in row 8086
Warning: All percentages zero/invalid in row 8087
Warning: All percentages zero/invalid in row 8088
Warning: All percentages zero/invalid in row 8089
Warning: All percentages zero/invalid in row 8090
Warning: All percentages zero/invalid in row 8091
Warning: All percentages zero/invalid in row 8092
Warning: All percentages zero/invalid in row 8093
Warning: All percentages zero/invalid in row 8094
Warning: All percentages zero/invalid in row 8095
Warning: All percentages zero/invalid in row 8096
Warning: All percentages zero/invalid in row 8097
Warning: All percentages zero/invalid in row 8098
Warning: All percentages zero/invalid in row 8099
Warning: All percentages zero/invalid in row 8100
Warning: All percentages zero/invalid in row 8101
Warning: All percentages zero/invalid in row 8102
Warning: All percentages zero/invalid in row 8103
Warning: All percentages zero/invalid in row 8104
Warning: All percentages zero/invalid in row 8105
Warning: All percentages zero/invalid in row 8106
Warning: All percentages zero/invalid in row 8107
Warning: All percentages zero/invalid in row 8108
Warning: All percentages zero/invalid in row 8109
Warning: All percentages zero/invalid in row 8110
Warning: All percentages zero/invalid in row 8111
Warning: All percentages zero/invalid in row 8112
Warning: All percentages zero/invalid in row 8114
Warning: All percentages zero/invalid in row 8115
Warning: All percentages zero/invalid in row 8116
Warning: All percentages zero/invalid in row 8117
Warning: All percentages zero/invalid in row 8118
Warning: All percentages zero/invalid in row 8119
Warning: All percentages zero/invalid in row 8120
Warning: All percentages zero/invalid in row 8121
Warning: All percentages zero/invalid in row 8122
Warning: All percentages zero/invalid in row 8123
Warning: All percentages zero/invalid in row 8124
Warning: All percentages zero/invalid in row 8125
Warning: All percentages zero/invalid in row 8126
Warning: All percentages zero/invalid in row 8127
Warning: All percentages zero/invalid in row 8128
Warning: All percentages zero/invalid in row 8129
Warning: All percentages zero/invalid in row 8132
Warning: All percentages zero/invalid in row 8133
Warning: All percentages zero/invalid in row 8134
Warning: All percentages zero/invalid in row 8136
Warning: All percentages zero/invalid in row 8137
Warning: All percentages zero/invalid in row 8139
Warning: All percentages zero/invalid in row 8140
Warning: All percentages zero/invalid in row 8141
Warning: All percentages zero/invalid in row 8142
Warning: All percentages zero/invalid in row 8143
Warning: All percentages zero/invalid in row 8144
Warning: All percentages zero/invalid in row 8145
Warning: All percentages zero/invalid in row 8146
Warning: All percentages zero/invalid in row 8147
Warning: All percentages zero/invalid in row 8148
Warning: All percentages zero/invalid in row 8150
Warning: All percentages zero/invalid in row 8151
Warning: All percentages zero/invalid in row 8152
Warning: All percentages zero/invalid in row 8154
Warning: All percentages zero/invalid in row 8156
Warning: All percentages zero/invalid in row 8157
Warning: All percentages zero/invalid in row 8158
Warning: All percentages zero/invalid in row 8159
Warning: All percentages zero/invalid in row 8160
Warning: All percentages zero/invalid in row 8161
Warning: All percentages zero/invalid in row 8162
Warning: All percentages zero/invalid in row 8163
Warning: All percentages zero/invalid in row 8164
Warning: All percentages zero/invalid in row 8165
Warning: All percentages zero/invalid in row 8166
Warning: All percentages zero/invalid in row 8167
Warning: All percentages zero/invalid in row 8169
Warning: All percentages zero/invalid in row 8170
Warning: All percentages zero/invalid in row 8171
Warning: All percentages zero/invalid in row 8172
Warning: All percentages zero/invalid in row 8173
Warning: All percentages zero/invalid in row 8174
Warning: All percentages zero/invalid in row 8175
Warning: All percentages zero/invalid in row 8176
Warning: All percentages zero/invalid in row 8177
Warning: All percentages zero/invalid in row 8178
Warning: All percentages zero/invalid in row 8179
Warning: All percentages zero/invalid in row 8180
Warning: All percentages zero/invalid in row 8181
Warning: All percentages zero/invalid in row 8187
Warning: All percentages zero/invalid in row 8191
Warning: All percentages zero/invalid in row 8192
Warning: All percentages zero/invalid in row 8195
Warning: All percentages zero/invalid in row 8196
Warning: All percentages zero/invalid in row 8198
Warning: All percentages zero/invalid in row 8199
Warning: All percentages zero/invalid in row 8204
Warning: All percentages zero/invalid in row 8209
Warning: All percentages zero/invalid in row 8214
Warning: All percentages zero/invalid in row 8218
Warning: All percentages zero/invalid in row 8222
Warning: All percentages zero/invalid in row 8226
Warning: All percentages zero/invalid in row 8230
Warning: All percentages zero/invalid in row 8234
Warning: All percentages zero/invalid in row 8238
Warning: All percentages zero/invalid in row 8248
Warning: All percentages zero/invalid in row 8249
Warning: All percentages zero/invalid in row 8250
Warning: All percentages zero/invalid in row 8251
Warning: All percentages zero/invalid in row 8252
Warning: All percentages zero/invalid in row 8253
Warning: All percentages zero/invalid in row 8254
Warning: All percentages zero/invalid in row 8255
Warning: All percentages zero/invalid in row 8256
Warning: All percentages zero/invalid in row 8257
Warning: All percentages zero/invalid in row 8258
Warning: All percentages zero/invalid in row 8259
Warning: All percentages zero/invalid in row 8260
Warning: All percentages zero/invalid in row 8261
Warning: All percentages zero/invalid in row 8264
Warning: All percentages zero/invalid in row 8271
Warning: All percentages zero/invalid in row 8278
Warning: All percentages zero/invalid in row 8283
Warning: All percentages zero/invalid in row 8285
Warning: All percentages zero/invalid in row 8291
Warning: All percentages zero/invalid in row 8298
Warning: All percentages zero/invalid in row 8301
Warning: All percentages zero/invalid in row 8302
Warning: All percentages zero/invalid in row 8321
Warning: All percentages zero/invalid in row 8322
Warning: All percentages zero/invalid in row 8327
Warning: All percentages zero/invalid in row 8329
Warning: All percentages zero/invalid in row 8331
Warning: All percentages zero/invalid in row 8332
Warning: All percentages zero/invalid in row 8333
Warning: All percentages zero/invalid in row 8335
Warning: All percentages zero/invalid in row 8336
Warning: All percentages zero/invalid in row 8337
Warning: All percentages zero/invalid in row 8338
Warning: All percentages zero/invalid in row 8339
Warning: All percentages zero/invalid in row 8340
Warning: All percentages zero/invalid in row 8341
Warning: All percentages zero/invalid in row 8342
Warning: All percentages zero/invalid in row 8343
Warning: All percentages zero/invalid in row 8344
Warning: All percentages zero/invalid in row 8345
Warning: All percentages zero/invalid in row 8346
Warning: All percentages zero/invalid in row 8347
Warning: All percentages zero/invalid in row 8348
Warning: All percentages zero/invalid in row 8349
Warning: All percentages zero/invalid in row 8350
Warning: All percentages zero/invalid in row 8351
Warning: All percentages zero/invalid in row 8352
Warning: All percentages zero/invalid in row 8357
Warning: All percentages zero/invalid in row 8360
Warning: All percentages zero/invalid in row 8366
Warning: All percentages zero/invalid in row 8367
Warning: All percentages zero/invalid in row 8369
Warning: All percentages zero/invalid in row 8370
Warning: All percentages zero/invalid in row 8371
Warning: All percentages zero/invalid in row 8372
Warning: All percentages zero/invalid in row 8374
Warning: All percentages zero/invalid in row 8375
Warning: All percentages zero/invalid in row 8377
Warning: All percentages zero/invalid in row 8378
Warning: All percentages zero/invalid in row 8379
Warning: All percentages zero/invalid in row 8380
Warning: All percentages zero/invalid in row 8381
Warning: All percentages zero/invalid in row 8382
Warning: All percentages zero/invalid in row 8383
Warning: All percentages zero/invalid in row 8384
Warning: All percentages zero/invalid in row 8385
Warning: All percentages zero/invalid in row 8386
Warning: All percentages zero/invalid in row 8387
Warning: All percentages zero/invalid in row 8388
Warning: All percentages zero/invalid in row 8389
Warning: All percentages zero/invalid in row 8393
Warning: All percentages zero/invalid in row 8394
Warning: All percentages zero/invalid in row 8396
Warning: All percentages zero/invalid in row 8397
Warning: All percentages zero/invalid in row 8398
Warning: All percentages zero/invalid in row 8399
Warning: All percentages zero/invalid in row 8400
Warning: All percentages zero/invalid in row 8401
Warning: All percentages zero/invalid in row 8402
Warning: All percentages zero/invalid in row 8403
Warning: All percentages zero/invalid in row 8404
Warning: All percentages zero/invalid in row 8405
Warning: All percentages zero/invalid in row 8406
Warning: All percentages zero/invalid in row 8407
Warning: All percentages zero/invalid in row 8408
Warning: All percentages zero/invalid in row 8409
Warning: All percentages zero/invalid in row 8410
Warning: All percentages zero/invalid in row 8411
Warning: All percentages zero/invalid in row 8412
Warning: All percentages zero/invalid in row 8413
Warning: All percentages zero/invalid in row 8414
Warning: All percentages zero/invalid in row 8415
Warning: All percentages zero/invalid in row 8416
Warning: All percentages zero/invalid in row 8417
Warning: All percentages zero/invalid in row 8418
Warning: All percentages zero/invalid in row 8419
Warning: All percentages zero/invalid in row 8420
Warning: All percentages zero/invalid in row 8421
Warning: All percentages zero/invalid in row 8422
Warning: All percentages zero/invalid in row 8423
Warning: All percentages zero/invalid in row 8424
Warning: All percentages zero/invalid in row 8425
Warning: All percentages zero/invalid in row 8426
Warning: All percentages zero/invalid in row 8427
Warning: All percentages zero/invalid in row 8428
Warning: All percentages zero/invalid in row 8429
Warning: All percentages zero/invalid in row 8430
Warning: All percentages zero/invalid in row 8431
Warning: All percentages zero/invalid in row 8432
Warning: All percentages zero/invalid in row 8433
Warning: All percentages zero/invalid in row 8434
Warning: All percentages zero/invalid in row 8435
Warning: All percentages zero/invalid in row 8436
Warning: All percentages zero/invalid in row 8437
Warning: All percentages zero/invalid in row 8438
Warning: All percentages zero/invalid in row 8439
Warning: All percentages zero/invalid in row 8440
Warning: All percentages zero/invalid in row 8441
Warning: All percentages zero/invalid in row 8442
Warning: All percentages zero/invalid in row 8443
Warning: All percentages zero/invalid in row 8444
Warning: All percentages zero/invalid in row 8445
Warning: All percentages zero/invalid in row 8446
Warning: All percentages zero/invalid in row 8447
Warning: All percentages zero/invalid in row 8448
Warning: All percentages zero/invalid in row 8449
Warning: All percentages zero/invalid in row 8450
Warning: All percentages zero/invalid in row 8451
Warning: All percentages zero/invalid in row 8452
Warning: All percentages zero/invalid in row 8453
Warning: All percentages zero/invalid in row 8454
Warning: All percentages zero/invalid in row 8455
Warning: All percentages zero/invalid in row 8456
Warning: All percentages zero/invalid in row 8457
Warning: All percentages zero/invalid in row 8458
Warning: All percentages zero/invalid in row 8459
Warning: All percentages zero/invalid in row 8460
Warning: All percentages zero/invalid in row 8461
Warning: All percentages zero/invalid in row 8462
Warning: All percentages zero/invalid in row 8463
Warning: All percentages zero/invalid in row 8464
Warning: All percentages zero/invalid in row 8465
Warning: All percentages zero/invalid in row 8466
Warning: All percentages zero/invalid in row 8467
Warning: All percentages zero/invalid in row 8468
Warning: All percentages zero/invalid in row 8469
Warning: All percentages zero/invalid in row 8470
Warning: All percentages zero/invalid in row 8471
Warning: All percentages zero/invalid in row 8472
Warning: All percentages zero/invalid in row 8473
Warning: All percentages zero/invalid in row 8474
Warning: All percentages zero/invalid in row 8475
Warning: All percentages zero/invalid in row 8476
Warning: All percentages zero/invalid in row 8477
Warning: All percentages zero/invalid in row 8478
Warning: All percentages zero/invalid in row 8479
Warning: All percentages zero/invalid in row 8480
Warning: All percentages zero/invalid in row 8481
Warning: All percentages zero/invalid in row 8482
Warning: All percentages zero/invalid in row 8483
Warning: All percentages zero/invalid in row 8484
Warning: All percentages zero/invalid in row 8485
Warning: All percentages zero/invalid in row 8486
Warning: All percentages zero/invalid in row 8487
Warning: All percentages zero/invalid in row 8488
Warning: All percentages zero/invalid in row 8489
Warning: All percentages zero/invalid in row 8490
Warning: All percentages zero/invalid in row 8491
Warning: All percentages zero/invalid in row 8492
Warning: All percentages zero/invalid in row 8493
Warning: All percentages zero/invalid in row 8494
Warning: All percentages zero/invalid in row 8495
Warning: All percentages zero/invalid in row 8496
Warning: All percentages zero/invalid in row 8497
Warning: All percentages zero/invalid in row 8498
Warning: All percentages zero/invalid in row 8499
Warning: All percentages zero/invalid in row 8500
Warning: All percentages zero/invalid in row 8501
Warning: All percentages zero/invalid in row 8502
Warning: All percentages zero/invalid in row 8503
Warning: All percentages zero/invalid in row 8504
Warning: All percentages zero/invalid in row 8505
Warning: All percentages zero/invalid in row 8506
Warning: All percentages zero/invalid in row 8507
Warning: All percentages zero/invalid in row 8508
Warning: All percentages zero/invalid in row 8509
Warning: All percentages zero/invalid in row 8513
Warning: All percentages zero/invalid in row 8528
Warning: All percentages zero/invalid in row 8548
Warning: All percentages zero/invalid in row 8549
Warning: All percentages zero/invalid in row 8550
Warning: All percentages zero/invalid in row 8551
Warning: All percentages zero/invalid in row 8552
Warning: All percentages zero/invalid in row 8553
Warning: All percentages zero/invalid in row 8554
Warning: All percentages zero/invalid in row 8555
Warning: All percentages zero/invalid in row 8556
Warning: All percentages zero/invalid in row 8557
Warning: All percentages zero/invalid in row 8558
Warning: All percentages zero/invalid in row 8559
Warning: All percentages zero/invalid in row 8560
Warning: All percentages zero/invalid in row 8561
Warning: All percentages zero/invalid in row 8562
Warning: All percentages zero/invalid in row 8563
Warning: All percentages zero/invalid in row 8564
Warning: All percentages zero/invalid in row 8565
Warning: All percentages zero/invalid in row 8566
Warning: All percentages zero/invalid in row 8567
Warning: All percentages zero/invalid in row 8568
Warning: All percentages zero/invalid in row 8569
Warning: All percentages zero/invalid in row 8570
Warning: All percentages zero/invalid in row 8571
Warning: All percentages zero/invalid in row 8572
Warning: All percentages zero/invalid in row 8573
Warning: All percentages zero/invalid in row 8596
Warning: All percentages zero/invalid in row 8599
Warning: All percentages zero/invalid in row 8643
Warning: All percentages zero/invalid in row 8646
Warning: All percentages zero/invalid in row 8659
Warning: All percentages zero/invalid in row 8660
Warning: All percentages zero/invalid in row 8662
Warning: All percentages zero/invalid in row 8663
Warning: All percentages zero/invalid in row 8664
Warning: All percentages zero/invalid in row 8665
Warning: All percentages zero/invalid in row 8666
Warning: All percentages zero/invalid in row 8667
Warning: All percentages zero/invalid in row 8668
Warning: All percentages zero/invalid in row 8669
Warning: All percentages zero/invalid in row 8710
Warning: All percentages zero/invalid in row 8728
Warning: All percentages zero/invalid in row 8729
Warning: All percentages zero/invalid in row 8730
Warning: All percentages zero/invalid in row 8731
Warning: All percentages zero/invalid in row 8732
Warning: All percentages zero/invalid in row 8733
Warning: All percentages zero/invalid in row 8734
Warning: All percentages zero/invalid in row 8735
Warning: All percentages zero/invalid in row 8736
Warning: All percentages zero/invalid in row 8737
Warning: All percentages zero/invalid in row 8738
Warning: All percentages zero/invalid in row 8739
Warning: All percentages zero/invalid in row 8740
Warning: All percentages zero/invalid in row 8741
Warning: All percentages zero/invalid in row 8742
Warning: All percentages zero/invalid in row 8743
Warning: All percentages zero/invalid in row 8744
Warning: All percentages zero/invalid in row 8745
Warning: All percentages zero/invalid in row 8746
Warning: All percentages zero/invalid in row 8747
Warning: All percentages zero/invalid in row 8748
Warning: All percentages zero/invalid in row 8749
Warning: All percentages zero/invalid in row 8750
Warning: All percentages zero/invalid in row 8751
Warning: All percentages zero/invalid in row 8752
Warning: All percentages zero/invalid in row 8753
Warning: All percentages zero/invalid in row 8754
Warning: All percentages zero/invalid in row 8755
Warning: All percentages zero/invalid in row 8756
Warning: All percentages zero/invalid in row 8757
Warning: All percentages zero/invalid in row 8758
Warning: All percentages zero/invalid in row 8759
Warning: All percentages zero/invalid in row 8760
Warning: All percentages zero/invalid in row 8761
Warning: All percentages zero/invalid in row 8762
Warning: All percentages zero/invalid in row 8763
Warning: All percentages zero/invalid in row 8764
Warning: All percentages zero/invalid in row 8765
Warning: All percentages zero/invalid in row 8766
Warning: All percentages zero/invalid in row 8767
Warning: All percentages zero/invalid in row 8768
Warning: All percentages zero/invalid in row 8769
Warning: All percentages zero/invalid in row 8770
Warning: All percentages zero/invalid in row 8771
Warning: All percentages zero/invalid in row 8772
Warning: All percentages zero/invalid in row 8773
Warning: All percentages zero/invalid in row 8774
Warning: All percentages zero/invalid in row 8775
Warning: All percentages zero/invalid in row 8776
Warning: All percentages zero/invalid in row 8777
Warning: All percentages zero/invalid in row 8778
Warning: All percentages zero/invalid in row 8779
Warning: All percentages zero/invalid in row 8780
Warning: All percentages zero/invalid in row 8781
Warning: All percentages zero/invalid in row 8782
Warning: All percentages zero/invalid in row 8783
Warning: All percentages zero/invalid in row 8784
Warning: All percentages zero/invalid in row 8785
Warning: All percentages zero/invalid in row 8786
Warning: All percentages zero/invalid in row 8787
Warning: All percentages zero/invalid in row 8788
Warning: All percentages zero/invalid in row 8789
Warning: All percentages zero/invalid in row 8790
Warning: All percentages zero/invalid in row 8791
Warning: All percentages zero/invalid in row 8792
Warning: All percentages zero/invalid in row 8793
Warning: All percentages zero/invalid in row 8794
Warning: All percentages zero/invalid in row 8795
Warning: All percentages zero/invalid in row 8796
Warning: All percentages zero/invalid in row 8797
Warning: All percentages zero/invalid in row 8798
Warning: All percentages zero/invalid in row 8799
Warning: All percentages zero/invalid in row 8800
Warning: All percentages zero/invalid in row 8801
Warning: All percentages zero/invalid in row 8802
Warning: All percentages zero/invalid in row 8803
Warning: All percentages zero/invalid in row 8804
Warning: All percentages zero/invalid in row 8805
Warning: All percentages zero/invalid in row 8806
Warning: All percentages zero/invalid in row 8807
Warning: All percentages zero/invalid in row 8808
Warning: All percentages zero/invalid in row 8809
Warning: All percentages zero/invalid in row 8810
Warning: All percentages zero/invalid in row 8811
Warning: All percentages zero/invalid in row 8812
Warning: All percentages zero/invalid in row 8813
Warning: All percentages zero/invalid in row 8814
Warning: All percentages zero/invalid in row 8815
Warning: All percentages zero/invalid in row 8816
Warning: All percentages zero/invalid in row 8817
Warning: All percentages zero/invalid in row 8818
Warning: All percentages zero/invalid in row 8819
Warning: All percentages zero/invalid in row 8820
Warning: All percentages zero/invalid in row 8821
Warning: All percentages zero/invalid in row 8822
Warning: All percentages zero/invalid in row 8823
Warning: All percentages zero/invalid in row 8824
Warning: All percentages zero/invalid in row 8825
Warning: All percentages zero/invalid in row 8826
Warning: All percentages zero/invalid in row 8827
Warning: All percentages zero/invalid in row 8828
Warning: All percentages zero/invalid in row 8829
Warning: All percentages zero/invalid in row 8830
Warning: All percentages zero/invalid in row 8831
Warning: All percentages zero/invalid in row 8832
Warning: All percentages zero/invalid in row 8833
Warning: All percentages zero/invalid in row 8834
Warning: All percentages zero/invalid in row 8835
Warning: All percentages zero/invalid in row 8836
Warning: All percentages zero/invalid in row 8837
Warning: All percentages zero/invalid in row 8838
Warning: All percentages zero/invalid in row 8839
Warning: All percentages zero/invalid in row 8840
Warning: All percentages zero/invalid in row 8841
Warning: All percentages zero/invalid in row 8842
Warning: All percentages zero/invalid in row 8843
Warning: All percentages zero/invalid in row 8846
Warning: All percentages zero/invalid in row 8847
Warning: All percentages zero/invalid in row 8851
Warning: All percentages zero/invalid in row 8855
Warning: All percentages zero/invalid in row 8858
Warning: All percentages zero/invalid in row 8860
Warning: All percentages zero/invalid in row 8862
Warning: All percentages zero/invalid in row 8864
Warning: All percentages zero/invalid in row 8865
Warning: All percentages zero/invalid in row 8866
Warning: All percentages zero/invalid in row 8897
Warning: All percentages zero/invalid in row 8910
Warning: All percentages zero/invalid in row 8915
Warning: All percentages zero/invalid in row 8916
Warning: All percentages zero/invalid in row 8918
Warning: All percentages zero/invalid in row 8920
Warning: All percentages zero/invalid in row 8929
Warning: All percentages zero/invalid in row 8930
Warning: All percentages zero/invalid in row 8931
Warning: All percentages zero/invalid in row 8932
Warning: All percentages zero/invalid in row 8933
Warning: All percentages zero/invalid in row 8934
Warning: All percentages zero/invalid in row 8935
Warning: All percentages zero/invalid in row 8936
Warning: All percentages zero/invalid in row 8937
Warning: All percentages zero/invalid in row 8938
Warning: All percentages zero/invalid in row 8939
Warning: All percentages zero/invalid in row 8940
Warning: All percentages zero/invalid in row 8941
Warning: All percentages zero/invalid in row 8942
Warning: All percentages zero/invalid in row 8943
Warning: All percentages zero/invalid in row 8944
Warning: All percentages zero/invalid in row 8945
Warning: All percentages zero/invalid in row 8946
Warning: All percentages zero/invalid in row 8947
Warning: All percentages zero/invalid in row 8948
Warning: All percentages zero/invalid in row 8949
Warning: All percentages zero/invalid in row 8950
Warning: All percentages zero/invalid in row 8951
Warning: All percentages zero/invalid in row 8952
Warning: All percentages zero/invalid in row 8953
Warning: All percentages zero/invalid in row 8954
Warning: All percentages zero/invalid in row 8955
Warning: All percentages zero/invalid in row 8956
Warning: All percentages zero/invalid in row 8957
Warning: All percentages zero/invalid in row 8958
Warning: All percentages zero/invalid in row 8959
Warning: All percentages zero/invalid in row 8960
Warning: All percentages zero/invalid in row 8961
Warning: All percentages zero/invalid in row 8962
Warning: All percentages zero/invalid in row 8963
Warning: All percentages zero/invalid in row 8964
Warning: All percentages zero/invalid in row 8965
Warning: All percentages zero/invalid in row 8966
Warning: All percentages zero/invalid in row 8967
Warning: All percentages zero/invalid in row 8968
Warning: All percentages zero/invalid in row 8969
Warning: All percentages zero/invalid in row 8970
Warning: All percentages zero/invalid in row 8971
Warning: All percentages zero/invalid in row 8972
Warning: All percentages zero/invalid in row 8973
Warning: All percentages zero/invalid in row 8974
Warning: All percentages zero/invalid in row 8975
Warning: All percentages zero/invalid in row 8976
Warning: All percentages zero/invalid in row 8977
Warning: All percentages zero/invalid in row 8978
Warning: All percentages zero/invalid in row 8979
Warning: All percentages zero/invalid in row 8980
Warning: All percentages zero/invalid in row 8981
Warning: All percentages zero/invalid in row 8982
Warning: All percentages zero/invalid in row 8984
Warning: All percentages zero/invalid in row 8985
Warning: All percentages zero/invalid in row 8987
Warning: All percentages zero/invalid in row 8988
Warning: All percentages zero/invalid in row 8989
Warning: All percentages zero/invalid in row 8990
Warning: All percentages zero/invalid in row 8991
Warning: All percentages zero/invalid in row 8992
Warning: All percentages zero/invalid in row 8993
Warning: All percentages zero/invalid in row 8994
Warning: All percentages zero/invalid in row 8996
Warning: All percentages zero/invalid in row 8997
Warning: All percentages zero/invalid in row 8998
Warning: All percentages zero/invalid in row 8999
Warning: All percentages zero/invalid in row 9000
Warning: All percentages zero/invalid in row 9001
Warning: All percentages zero/invalid in row 9002
Warning: All percentages zero/invalid in row 9003
Warning: All percentages zero/invalid in row 9004
Warning: All percentages zero/invalid in row 9005
Warning: All percentages zero/invalid in row 9007
Warning: All percentages zero/invalid in row 9009
Warning: All percentages zero/invalid in row 9010
Warning: All percentages zero/invalid in row 9011
Warning: All percentages zero/invalid in row 9013
Warning: All percentages zero/invalid in row 9014
Warning: All percentages zero/invalid in row 9015
Warning: All percentages zero/invalid in row 9016
Warning: All percentages zero/invalid in row 9017
Warning: All percentages zero/invalid in row 9018
Warning: All percentages zero/invalid in row 9020
Warning: All percentages zero/invalid in row 9021
Warning: All percentages zero/invalid in row 9022
Warning: All percentages zero/invalid in row 9023
Warning: All percentages zero/invalid in row 9025
Warning: All percentages zero/invalid in row 9026
Warning: All percentages zero/invalid in row 9027
Warning: All percentages zero/invalid in row 9028
Warning: All percentages zero/invalid in row 9030
Warning: All percentages zero/invalid in row 9035
Warning: All percentages zero/invalid in row 9036
Warning: All percentages zero/invalid in row 9037
Warning: All percentages zero/invalid in row 9038
Warning: All percentages zero/invalid in row 9039
Warning: All percentages zero/invalid in row 9040
Warning: All percentages zero/invalid in row 9041
Warning: All percentages zero/invalid in row 9042
Warning: All percentages zero/invalid in row 9043
Warning: All percentages zero/invalid in row 9044
Warning: All percentages zero/invalid in row 9045
Warning: All percentages zero/invalid in row 9046
Warning: All percentages zero/invalid in row 9047
Warning: All percentages zero/invalid in row 9048
Warning: All percentages zero/invalid in row 9049
Warning: All percentages zero/invalid in row 9050
Warning: All percentages zero/invalid in row 9051
Warning: All percentages zero/invalid in row 9052
Warning: All percentages zero/invalid in row 9053
Warning: All percentages zero/invalid in row 9054
Warning: All percentages zero/invalid in row 9055
Warning: All percentages zero/invalid in row 9056
Warning: All percentages zero/invalid in row 9057
Warning: All percentages zero/invalid in row 9058
Warning: All percentages zero/invalid in row 9059
Warning: All percentages zero/invalid in row 9060
Warning: All percentages zero/invalid in row 9061
Warning: All percentages zero/invalid in row 9062
Warning: All percentages zero/invalid in row 9063
Warning: All percentages zero/invalid in row 9064
Warning: All percentages zero/invalid in row 9065
Warning: All percentages zero/invalid in row 9066
Warning: All percentages zero/invalid in row 9067
Warning: All percentages zero/invalid in row 9068
Warning: All percentages zero/invalid in row 9069
Warning: All percentages zero/invalid in row 9070
Warning: All percentages zero/invalid in row 9071
Warning: All percentages zero/invalid in row 9072
Warning: All percentages zero/invalid in row 9073
Warning: All percentages zero/invalid in row 9074
Warning: All percentages zero/invalid in row 9075
Warning: All percentages zero/invalid in row 9076
Warning: All percentages zero/invalid in row 9077
Warning: All percentages zero/invalid in row 9078
Warning: All percentages zero/invalid in row 9079
Warning: All percentages zero/invalid in row 9080
Warning: All percentages zero/invalid in row 9081
Warning: All percentages zero/invalid in row 9082
Warning: All percentages zero/invalid in row 9083
Warning: All percentages zero/invalid in row 9084
Warning: All percentages zero/invalid in row 9085
Warning: All percentages zero/invalid in row 9086
Warning: All percentages zero/invalid in row 9087
Warning: All percentages zero/invalid in row 9088
Warning: All percentages zero/invalid in row 9089
Warning: All percentages zero/invalid in row 9090
Warning: All percentages zero/invalid in row 9091
Warning: All percentages zero/invalid in row 9092
Warning: All percentages zero/invalid in row 9093
Warning: All percentages zero/invalid in row 9094
Warning: All percentages zero/invalid in row 9095
Warning: All percentages zero/invalid in row 9096
Warning: All percentages zero/invalid in row 9097
Warning: All percentages zero/invalid in row 9098
Warning: All percentages zero/invalid in row 9099
Warning: All percentages zero/invalid in row 9100
Warning: All percentages zero/invalid in row 9101
Warning: All percentages zero/invalid in row 9102
Warning: All percentages zero/invalid in row 9103
Warning: All percentages zero/invalid in row 9104
Warning: All percentages zero/invalid in row 9105
Warning: All percentages zero/invalid in row 9106
Warning: All percentages zero/invalid in row 9107
Warning: All percentages zero/invalid in row 9108
Warning: All percentages zero/invalid in row 9109
Warning: All percentages zero/invalid in row 9110
Warning: All percentages zero/invalid in row 9111
Warning: All percentages zero/invalid in row 9112
Warning: All percentages zero/invalid in row 9113
Warning: All percentages zero/invalid in row 9114
Warning: All percentages zero/invalid in row 9115
Warning: All percentages zero/invalid in row 9116
Warning: All percentages zero/invalid in row 9117
Warning: All percentages zero/invalid in row 9118
Warning: All percentages zero/invalid in row 9119
Warning: All percentages zero/invalid in row 9120
Warning: All percentages zero/invalid in row 9121
Warning: All percentages zero/invalid in row 9122
Warning: All percentages zero/invalid in row 9123
Warning: All percentages zero/invalid in row 9124
Warning: All percentages zero/invalid in row 9125
Warning: All percentages zero/invalid in row 9126
Warning: All percentages zero/invalid in row 9127
Warning: All percentages zero/invalid in row 9128
Warning: All percentages zero/invalid in row 9129
Warning: All percentages zero/invalid in row 9130
Warning: All percentages zero/invalid in row 9131
Warning: All percentages zero/invalid in row 9132
Warning: All percentages zero/invalid in row 9133
Warning: All percentages zero/invalid in row 9134
Warning: All percentages zero/invalid in row 9135
Warning: All percentages zero/invalid in row 9136
Warning: All percentages zero/invalid in row 9137
Warning: All percentages zero/invalid in row 9138
Warning: All percentages zero/invalid in row 9139
Warning: All percentages zero/invalid in row 9140
Warning: All percentages zero/invalid in row 9141
Warning: All percentages zero/invalid in row 9142
Warning: All percentages zero/invalid in row 9143
Warning: All percentages zero/invalid in row 9144
Warning: All percentages zero/invalid in row 9145
Warning: All percentages zero/invalid in row 9146
Warning: All percentages zero/invalid in row 9147
Warning: All percentages zero/invalid in row 9148
Warning: All percentages zero/invalid in row 9149
Warning: All percentages zero/invalid in row 9150
Warning: All percentages zero/invalid in row 9151
Warning: All percentages zero/invalid in row 9152
Warning: All percentages zero/invalid in row 9153
Warning: All percentages zero/invalid in row 9154
Warning: All percentages zero/invalid in row 9155
Warning: All percentages zero/invalid in row 9156
Warning: All percentages zero/invalid in row 9157
Warning: All percentages zero/invalid in row 9158
Warning: All percentages zero/invalid in row 9159
Warning: All percentages zero/invalid in row 9160
Warning: All percentages zero/invalid in row 9161
Warning: All percentages zero/invalid in row 9162
Warning: All percentages zero/invalid in row 9163
Warning: All percentages zero/invalid in row 9164
Warning: All percentages zero/invalid in row 9165
Warning: All percentages zero/invalid in row 9166
Warning: All percentages zero/invalid in row 9167
Warning: All percentages zero/invalid in row 9168
Warning: All percentages zero/invalid in row 9169
Warning: All percentages zero/invalid in row 9170
Warning: All percentages zero/invalid in row 9171
Warning: All percentages zero/invalid in row 9172
Warning: All percentages zero/invalid in row 9173
Warning: All percentages zero/invalid in row 9174
Warning: All percentages zero/invalid in row 9175
Warning: All percentages zero/invalid in row 9176
Warning: All percentages zero/invalid in row 9177
Warning: All percentages zero/invalid in row 9178
Warning: All percentages zero/invalid in row 9179
Warning: All percentages zero/invalid in row 9180
Warning: All percentages zero/invalid in row 9181
Warning: All percentages zero/invalid in row 9182
Warning: All percentages zero/invalid in row 9183
Warning: All percentages zero/invalid in row 9184
Warning: All percentages zero/invalid in row 9185
Warning: All percentages zero/invalid in row 9186
Warning: All percentages zero/invalid in row 9187
Warning: All percentages zero/invalid in row 9188
Warning: All percentages zero/invalid in row 9189
Warning: All percentages zero/invalid in row 9190
Warning: All percentages zero/invalid in row 9191
Warning: All percentages zero/invalid in row 9192
Warning: All percentages zero/invalid in row 9193
Warning: All percentages zero/invalid in row 9194
Warning: All percentages zero/invalid in row 9195
Warning: All percentages zero/invalid in row 9196
Warning: All percentages zero/invalid in row 9197
Warning: All percentages zero/invalid in row 9198
Warning: All percentages zero/invalid in row 9199
Warning: All percentages zero/invalid in row 9200
Warning: All percentages zero/invalid in row 9201
Warning: All percentages zero/invalid in row 9202
Warning: All percentages zero/invalid in row 9203
Warning: All percentages zero/invalid in row 9204
Warning: All percentages zero/invalid in row 9205
Warning: All percentages zero/invalid in row 9206
Warning: All percentages zero/invalid in row 9207
Warning: All percentages zero/invalid in row 9208
Warning: All percentages zero/invalid in row 9209
Warning: All percentages zero/invalid in row 9210
Warning: All percentages zero/invalid in row 9211
Warning: All percentages zero/invalid in row 9212
Warning: All percentages zero/invalid in row 9213
Warning: All percentages zero/invalid in row 9214
Warning: All percentages zero/invalid in row 9215
Warning: All percentages zero/invalid in row 9216
Warning: All percentages zero/invalid in row 9217
Warning: All percentages zero/invalid in row 9218
Warning: All percentages zero/invalid in row 9219
Warning: All percentages zero/invalid in row 9220
Warning: All percentages zero/invalid in row 9221
Warning: All percentages zero/invalid in row 9222
Warning: All percentages zero/invalid in row 9223
Warning: All percentages zero/invalid in row 9224
Warning: All percentages zero/invalid in row 9225
Warning: All percentages zero/invalid in row 9226
Warning: All percentages zero/invalid in row 9227
Warning: All percentages zero/invalid in row 9228
Warning: All percentages zero/invalid in row 9229
Warning: All percentages zero/invalid in row 9230
Warning: All percentages zero/invalid in row 9231
Warning: All percentages zero/invalid in row 9232
Warning: All percentages zero/invalid in row 9233
Warning: All percentages zero/invalid in row 9234
Warning: All percentages zero/invalid in row 9235
Warning: All percentages zero/invalid in row 9236
Warning: All percentages zero/invalid in row 9237
Warning: All percentages zero/invalid in row 9238
Warning: All percentages zero/invalid in row 9239
Warning: All percentages zero/invalid in row 9240
Warning: All percentages zero/invalid in row 9241
Warning: All percentages zero/invalid in row 9242
Warning: All percentages zero/invalid in row 9243
Warning: All percentages zero/invalid in row 9244
Warning: All percentages zero/invalid in row 9245
Warning: All percentages zero/invalid in row 9246
Warning: All percentages zero/invalid in row 9247
Warning: All percentages zero/invalid in row 9248
Warning: All percentages zero/invalid in row 9249
Warning: All percentages zero/invalid in row 9250
Warning: All percentages zero/invalid in row 9251
Warning: All percentages zero/invalid in row 9252
Warning: All percentages zero/invalid in row 9253
Warning: All percentages zero/invalid in row 9254
Warning: All percentages zero/invalid in row 9255
Warning: All percentages zero/invalid in row 9256
Warning: All percentages zero/invalid in row 9257
Warning: All percentages zero/invalid in row 9258
Warning: All percentages zero/invalid in row 9259
Warning: All percentages zero/invalid in row 9260
Warning: All percentages zero/invalid in row 9261
Warning: All percentages zero/invalid in row 9262
Warning: All percentages zero/invalid in row 9263
Warning: All percentages zero/invalid in row 9264
Warning: All percentages zero/invalid in row 9265
Warning: All percentages zero/invalid in row 9266
Warning: All percentages zero/invalid in row 9267
Warning: All percentages zero/invalid in row 9268
Warning: All percentages zero/invalid in row 9269
Warning: All percentages zero/invalid in row 9270
Warning: All percentages zero/invalid in row 9272
Warning: All percentages zero/invalid in row 9275
Warning: All percentages zero/invalid in row 9282
Warning: All percentages zero/invalid in row 9283
Warning: All percentages zero/invalid in row 9284
Warning: All percentages zero/invalid in row 9304
Warning: All percentages zero/invalid in row 9313
Warning: All percentages zero/invalid in row 9324
Warning: All percentages zero/invalid in row 9339
Warning: All percentages zero/invalid in row 9340
Warning: All percentages zero/invalid in row 9341
Warning: All percentages zero/invalid in row 9342
Warning: All percentages zero/invalid in row 9343
Warning: All percentages zero/invalid in row 9344
Warning: All percentages zero/invalid in row 9345
Warning: All percentages zero/invalid in row 9346
Warning: All percentages zero/invalid in row 9347
Warning: All percentages zero/invalid in row 9348
Warning: All percentages zero/invalid in row 9349
Warning: All percentages zero/invalid in row 9350
Warning: All percentages zero/invalid in row 9351
Warning: All percentages zero/invalid in row 9352
Warning: All percentages zero/invalid in row 9353
Warning: All percentages zero/invalid in row 9354
Warning: All percentages zero/invalid in row 9364
Warning: All percentages zero/invalid in row 9377
Warning: All percentages zero/invalid in row 9424
Warning: All percentages zero/invalid in row 9440
Warning: All percentages zero/invalid in row 9456
Warning: All percentages zero/invalid in row 9458
Warning: All percentages zero/invalid in row 9513
Warning: All percentages zero/invalid in row 9514
Warning: All percentages zero/invalid in row 9515
Warning: All percentages zero/invalid in row 9516
Warning: All percentages zero/invalid in row 9517
Warning: All percentages zero/invalid in row 9518
Warning: All percentages zero/invalid in row 9519
Warning: All percentages zero/invalid in row 9520
Warning: All percentages zero/invalid in row 9521
Warning: All percentages zero/invalid in row 9522
Warning: All percentages zero/invalid in row 9523
Warning: All percentages zero/invalid in row 9524
Warning: All percentages zero/invalid in row 9525
Warning: All percentages zero/invalid in row 9526
Warning: All percentages zero/invalid in row 9527
Warning: All percentages zero/invalid in row 9528
Warning: All percentages zero/invalid in row 9530
Warning: All percentages zero/invalid in row 9531
Warning: All percentages zero/invalid in row 9532
Warning: All percentages zero/invalid in row 9533
Warning: All percentages zero/invalid in row 9535
Warning: All percentages zero/invalid in row 9536
Warning: All percentages zero/invalid in row 9537
Warning: All percentages zero/invalid in row 9538
Warning: All percentages zero/invalid in row 9539
Warning: All percentages zero/invalid in row 9540
Warning: All percentages zero/invalid in row 9541
Warning: All percentages zero/invalid in row 9542
Warning: All percentages zero/invalid in row 9543
Warning: All percentages zero/invalid in row 9544
Warning: All percentages zero/invalid in row 9545
Warning: All percentages zero/invalid in row 9546
Warning: All percentages zero/invalid in row 9547
Warning: All percentages zero/invalid in row 9548
Warning: All percentages zero/invalid in row 9549
Warning: All percentages zero/invalid in row 9550
Warning: All percentages zero/invalid in row 9551
Warning: All percentages zero/invalid in row 9552
Warning: All percentages zero/invalid in row 9553
Warning: All percentages zero/invalid in row 9554
Warning: All percentages zero/invalid in row 9555
Warning: All percentages zero/invalid in row 9556
Warning: All percentages zero/invalid in row 9557
Warning: All percentages zero/invalid in row 9558
Warning: All percentages zero/invalid in row 9559
Warning: All percentages zero/invalid in row 9560
Warning: All percentages zero/invalid in row 9561
Warning: All percentages zero/invalid in row 9562
Warning: All percentages zero/invalid in row 9563
Warning: All percentages zero/invalid in row 9564
Warning: All percentages zero/invalid in row 9565
Warning: All percentages zero/invalid in row 9566
Warning: All percentages zero/invalid in row 9567
Warning: All percentages zero/invalid in row 9568
Warning: All percentages zero/invalid in row 9569
Warning: All percentages zero/invalid in row 9570
Warning: All percentages zero/invalid in row 9571
Warning: All percentages zero/invalid in row 9572
Warning: All percentages zero/invalid in row 9573
Warning: All percentages zero/invalid in row 9574
Warning: All percentages zero/invalid in row 9575
Warning: All percentages zero/invalid in row 9576
Warning: All percentages zero/invalid in row 9577
Warning: All percentages zero/invalid in row 9578
Warning: All percentages zero/invalid in row 9579
Warning: All percentages zero/invalid in row 9580
Warning: All percentages zero/invalid in row 9581
Warning: All percentages zero/invalid in row 9582
Warning: All percentages zero/invalid in row 9583
Warning: All percentages zero/invalid in row 9584
Warning: All percentages zero/invalid in row 9585
Warning: All percentages zero/invalid in row 9586
Warning: All percentages zero/invalid in row 9587
Warning: All percentages zero/invalid in row 9588
Warning: All percentages zero/invalid in row 9589
Warning: All percentages zero/invalid in row 9590
Warning: All percentages zero/invalid in row 9591
Warning: All percentages zero/invalid in row 9592
Warning: All percentages zero/invalid in row 9593
Warning: All percentages zero/invalid in row 9594
Warning: All percentages zero/invalid in row 9595
Warning: All percentages zero/invalid in row 9596
Warning: All percentages zero/invalid in row 9597
Warning: All percentages zero/invalid in row 9598
Warning: All percentages zero/invalid in row 9599
Warning: All percentages zero/invalid in row 9600
Warning: All percentages zero/invalid in row 9601
Warning: All percentages zero/invalid in row 9602
Warning: All percentages zero/invalid in row 9603
Warning: All percentages zero/invalid in row 9604
Warning: All percentages zero/invalid in row 9605
Warning: All percentages zero/invalid in row 9606
Warning: All percentages zero/invalid in row 9607
Warning: All percentages zero/invalid in row 9608
Warning: All percentages zero/invalid in row 9609
Warning: All percentages zero/invalid in row 9610
Warning: All percentages zero/invalid in row 9611
Warning: All percentages zero/invalid in row 9612
Warning: All percentages zero/invalid in row 9613
Warning: All percentages zero/invalid in row 9614
Warning: All percentages zero/invalid in row 9615
Warning: All percentages zero/invalid in row 9616
Warning: All percentages zero/invalid in row 9617
Warning: All percentages zero/invalid in row 9618
Warning: All percentages zero/invalid in row 9619
Warning: All percentages zero/invalid in row 9620
Warning: All percentages zero/invalid in row 9621
Warning: All percentages zero/invalid in row 9622
Warning: All percentages zero/invalid in row 9623
Warning: All percentages zero/invalid in row 9624
Warning: All percentages zero/invalid in row 9625
Warning: All percentages zero/invalid in row 9626
Warning: All percentages zero/invalid in row 9627
Warning: All percentages zero/invalid in row 9628
Warning: All percentages zero/invalid in row 9629
Warning: All percentages zero/invalid in row 9630
Warning: All percentages zero/invalid in row 9631
Warning: All percentages zero/invalid in row 9632
Warning: All percentages zero/invalid in row 9633
Warning: All percentages zero/invalid in row 9634
Warning: All percentages zero/invalid in row 9635
Warning: All percentages zero/invalid in row 9636
Warning: All percentages zero/invalid in row 9637
Warning: All percentages zero/invalid in row 9638
Warning: All percentages zero/invalid in row 9639
Warning: All percentages zero/invalid in row 9640
Warning: All percentages zero/invalid in row 9641
Warning: All percentages zero/invalid in row 9642
Warning: All percentages zero/invalid in row 9643
Warning: All percentages zero/invalid in row 9644
Warning: All percentages zero/invalid in row 9645
Warning: All percentages zero/invalid in row 9646
Warning: All percentages zero/invalid in row 9647
Warning: All percentages zero/invalid in row 9648
Warning: All percentages zero/invalid in row 9649
Warning: All percentages zero/invalid in row 9650
Warning: All percentages zero/invalid in row 9651
Warning: All percentages zero/invalid in row 9652
Warning: All percentages zero/invalid in row 9653
Warning: All percentages zero/invalid in row 9654
Warning: All percentages zero/invalid in row 9655
Warning: All percentages zero/invalid in row 9656
Warning: All percentages zero/invalid in row 9657
Warning: All percentages zero/invalid in row 9658
Warning: All percentages zero/invalid in row 9659
Warning: All percentages zero/invalid in row 9660
Warning: All percentages zero/invalid in row 9661
Warning: All percentages zero/invalid in row 9662
Warning: All percentages zero/invalid in row 9663
Warning: All percentages zero/invalid in row 9664
Warning: All percentages zero/invalid in row 9665
Warning: All percentages zero/invalid in row 9666
Warning: All percentages zero/invalid in row 9667
Warning: All percentages zero/invalid in row 9668
Warning: All percentages zero/invalid in row 9669
Warning: All percentages zero/invalid in row 9671
Warning: All percentages zero/invalid in row 9672
Warning: All percentages zero/invalid in row 9673
Warning: All percentages zero/invalid in row 9674
Warning: All percentages zero/invalid in row 9675
Warning: All percentages zero/invalid in row 9676
Warning: All percentages zero/invalid in row 9677
Warning: All percentages zero/invalid in row 9678
Warning: All percentages zero/invalid in row 9679
Warning: All percentages zero/invalid in row 9680
Warning: All percentages zero/invalid in row 9681
Warning: All percentages zero/invalid in row 9682
Warning: All percentages zero/invalid in row 9683
Warning: All percentages zero/invalid in row 9684
Warning: All percentages zero/invalid in row 9685
Warning: All percentages zero/invalid in row 9686
Warning: All percentages zero/invalid in row 9687
Warning: All percentages zero/invalid in row 9688
Warning: All percentages zero/invalid in row 9689
Warning: All percentages zero/invalid in row 9690
Warning: All percentages zero/invalid in row 9691
Warning: All percentages zero/invalid in row 9692
Warning: All percentages zero/invalid in row 9693
Warning: All percentages zero/invalid in row 9694
Warning: All percentages zero/invalid in row 9696
Warning: All percentages zero/invalid in row 9697
Warning: All percentages zero/invalid in row 9698
Warning: All percentages zero/invalid in row 9699
Warning: All percentages zero/invalid in row 9700
Warning: All percentages zero/invalid in row 9702
Warning: All percentages zero/invalid in row 9703
Warning: All percentages zero/invalid in row 9704
Warning: All percentages zero/invalid in row 9705
Warning: All percentages zero/invalid in row 9706
Warning: All percentages zero/invalid in row 9707
Warning: All percentages zero/invalid in row 9708
Warning: All percentages zero/invalid in row 9715
Warning: All percentages zero/invalid in row 9716
Warning: All percentages zero/invalid in row 9717
Warning: All percentages zero/invalid in row 9720
Warning: All percentages zero/invalid in row 9721
Warning: All percentages zero/invalid in row 9722
Warning: All percentages zero/invalid in row 9723
Warning: All percentages zero/invalid in row 9726
Warning: All percentages zero/invalid in row 9727
Warning: All percentages zero/invalid in row 9728
Warning: All percentages zero/invalid in row 9729
Warning: All percentages zero/invalid in row 9730
Warning: All percentages zero/invalid in row 9739
Warning: All percentages zero/invalid in row 9740
Warning: All percentages zero/invalid in row 9741
Warning: All percentages zero/invalid in row 9742
Warning: All percentages zero/invalid in row 9743
Warning: All percentages zero/invalid in row 9744
Warning: All percentages zero/invalid in row 9745
Warning: All percentages zero/invalid in row 9746
Warning: All percentages zero/invalid in row 9747
Warning: All percentages zero/invalid in row 9748
Warning: All percentages zero/invalid in row 9749
Warning: All percentages zero/invalid in row 9750
Warning: All percentages zero/invalid in row 9751
Warning: All percentages zero/invalid in row 9752
Warning: All percentages zero/invalid in row 9753
Warning: All percentages zero/invalid in row 9754
Warning: All percentages zero/invalid in row 9755
Warning: All percentages zero/invalid in row 9756
Warning: All percentages zero/invalid in row 9757
Warning: All percentages zero/invalid in row 9758
Warning: All percentages zero/invalid in row 9759
Warning: All percentages zero/invalid in row 9760
Warning: All percentages zero/invalid in row 9761
Warning: All percentages zero/invalid in row 9762
Warning: All percentages zero/invalid in row 9763
Warning: All percentages zero/invalid in row 9764
Warning: All percentages zero/invalid in row 9765
Warning: All percentages zero/invalid in row 9766
Warning: All percentages zero/invalid in row 9767
Warning: All percentages zero/invalid in row 9768
Warning: All percentages zero/invalid in row 9769
Warning: All percentages zero/invalid in row 9770
Warning: All percentages zero/invalid in row 9771
Warning: All percentages zero/invalid in row 9772
Warning: All percentages zero/invalid in row 9773
Warning: All percentages zero/invalid in row 9774
Warning: All percentages zero/invalid in row 9775
Warning: All percentages zero/invalid in row 9776
Warning: All percentages zero/invalid in row 9777
Warning: All percentages zero/invalid in row 9778
Warning: All percentages zero/invalid in row 9779
Warning: All percentages zero/invalid in row 9780
Warning: All percentages zero/invalid in row 9781
Warning: All percentages zero/invalid in row 9782
Warning: All percentages zero/invalid in row 9783
Warning: All percentages zero/invalid in row 9784
Warning: All percentages zero/invalid in row 9785
Warning: All percentages zero/invalid in row 9786
Warning: All percentages zero/invalid in row 9787
Warning: All percentages zero/invalid in row 9788
Warning: All percentages zero/invalid in row 9789
Warning: All percentages zero/invalid in row 9790
Warning: All percentages zero/invalid in row 9791
Warning: All percentages zero/invalid in row 9792
Warning: All percentages zero/invalid in row 9793
Warning: All percentages zero/invalid in row 9794
Warning: All percentages zero/invalid in row 9795
Warning: All percentages zero/invalid in row 9796
Warning: All percentages zero/invalid in row 9797
Warning: All percentages zero/invalid in row 9798
Warning: All percentages zero/invalid in row 9799
Warning: All percentages zero/invalid in row 9800
Warning: All percentages zero/invalid in row 9801
Warning: All percentages zero/invalid in row 9802
Warning: All percentages zero/invalid in row 9803
Warning: All percentages zero/invalid in row 9804
Warning: All percentages zero/invalid in row 9805
Warning: All percentages zero/invalid in row 9806
Warning: All percentages zero/invalid in row 9807
Warning: All percentages zero/invalid in row 9808
Warning: All percentages zero/invalid in row 9809
Warning: All percentages zero/invalid in row 9810
Warning: All percentages zero/invalid in row 9811
Warning: All percentages zero/invalid in row 9812
Warning: All percentages zero/invalid in row 9813
Warning: All percentages zero/invalid in row 9814
Warning: All percentages zero/invalid in row 9815
Warning: All percentages zero/invalid in row 9816
Warning: All percentages zero/invalid in row 9817
Warning: All percentages zero/invalid in row 9818
Warning: All percentages zero/invalid in row 9819
Warning: All percentages zero/invalid in row 9820
Warning: All percentages zero/invalid in row 9821
Warning: All percentages zero/invalid in row 9822
Warning: All percentages zero/invalid in row 9823
Warning: All percentages zero/invalid in row 9824
Warning: All percentages zero/invalid in row 9825
Warning: All percentages zero/invalid in row 9826
Warning: All percentages zero/invalid in row 9827
Warning: All percentages zero/invalid in row 9828
Warning: All percentages zero/invalid in row 9829
Warning: All percentages zero/invalid in row 9830
Warning: All percentages zero/invalid in row 9831
Warning: All percentages zero/invalid in row 9832
Warning: All percentages zero/invalid in row 9833
Warning: All percentages zero/invalid in row 9834
Warning: All percentages zero/invalid in row 9835
Warning: All percentages zero/invalid in row 9836
Warning: All percentages zero/invalid in row 9837
Warning: All percentages zero/invalid in row 9838
Warning: All percentages zero/invalid in row 9839
Warning: All percentages zero/invalid in row 9840
Warning: All percentages zero/invalid in row 9841
Warning: All percentages zero/invalid in row 9842
Warning: All percentages zero/invalid in row 9843
Warning: All percentages zero/invalid in row 9844
Warning: All percentages zero/invalid in row 9845
Warning: All percentages zero/invalid in row 9846
Warning: All percentages zero/invalid in row 9847
Warning: All percentages zero/invalid in row 9848
Warning: All percentages zero/invalid in row 9849
Warning: All percentages zero/invalid in row 9850
Warning: All percentages zero/invalid in row 9851
Warning: All percentages zero/invalid in row 9852
Warning: All percentages zero/invalid in row 9853
Warning: All percentages zero/invalid in row 9854
Warning: All percentages zero/invalid in row 9855
Warning: All percentages zero/invalid in row 9856
Warning: All percentages zero/invalid in row 9857
Warning: All percentages zero/invalid in row 9858
Warning: All percentages zero/invalid in row 9859
Warning: All percentages zero/invalid in row 9860
Warning: All percentages zero/invalid in row 9861
Warning: All percentages zero/invalid in row 9862
Warning: All percentages zero/invalid in row 9863
Warning: All percentages zero/invalid in row 9864
Warning: All percentages zero/invalid in row 9865
Warning: All percentages zero/invalid in row 9866
Warning: All percentages zero/invalid in row 9867
Warning: All percentages zero/invalid in row 9868
Warning: All percentages zero/invalid in row 9869
Warning: All percentages zero/invalid in row 9870
Warning: All percentages zero/invalid in row 9871
Warning: All percentages zero/invalid in row 9872
Warning: All percentages zero/invalid in row 9873
Warning: All percentages zero/invalid in row 9874
Warning: All percentages zero/invalid in row 9875
Warning: All percentages zero/invalid in row 9876
Warning: All percentages zero/invalid in row 9877
Warning: All percentages zero/invalid in row 9878
Warning: All percentages zero/invalid in row 9879
Warning: All percentages zero/invalid in row 9880
Warning: All percentages zero/invalid in row 9881
Warning: All percentages zero/invalid in row 9882
Warning: All percentages zero/invalid in row 9883
Warning: All percentages zero/invalid in row 9884
Warning: All percentages zero/invalid in row 9885
Warning: All percentages zero/invalid in row 9886
Warning: All percentages zero/invalid in row 9887
Warning: All percentages zero/invalid in row 9888
Warning: All percentages zero/invalid in row 9889
Warning: All percentages zero/invalid in row 9890
Warning: All percentages zero/invalid in row 9891
Warning: All percentages zero/invalid in row 9892
Warning: All percentages zero/invalid in row 9893
Warning: All percentages zero/invalid in row 9894
Warning: All percentages zero/invalid in row 9895
Warning: All percentages zero/invalid in row 9896
Warning: All percentages zero/invalid in row 9897
Warning: All percentages zero/invalid in row 9898
Warning: All percentages zero/invalid in row 9899
Warning: All percentages zero/invalid in row 9900
Warning: All percentages zero/invalid in row 9901
Warning: All percentages zero/invalid in row 9902
Warning: All percentages zero/invalid in row 9903
Warning: All percentages zero/invalid in row 9904
Warning: All percentages zero/invalid in row 9905
Warning: All percentages zero/invalid in row 9906
Warning: All percentages zero/invalid in row 9907
Warning: All percentages zero/invalid in row 9908
Warning: All percentages zero/invalid in row 9909
Warning: All percentages zero/invalid in row 9910
Warning: All percentages zero/invalid in row 9911
Warning: All percentages zero/invalid in row 9912
Warning: All percentages zero/invalid in row 9913
Warning: All percentages zero/invalid in row 9914
Warning: All percentages zero/invalid in row 9915
Warning: All percentages zero/invalid in row 9916
Warning: All percentages zero/invalid in row 9917
Warning: All percentages zero/invalid in row 9918
Warning: All percentages zero/invalid in row 9919
Warning: All percentages zero/invalid in row 9920
Warning: All percentages zero/invalid in row 9921
Warning: All percentages zero/invalid in row 9922
Warning: All percentages zero/invalid in row 9923
Warning: All percentages zero/invalid in row 9924
Warning: All percentages zero/invalid in row 9925
Warning: All percentages zero/invalid in row 9926
Warning: All percentages zero/invalid in row 9927
Warning: All percentages zero/invalid in row 9928
Warning: All percentages zero/invalid in row 9929
Warning: All percentages zero/invalid in row 9930
Warning: All percentages zero/invalid in row 9931
Warning: All percentages zero/invalid in row 9932
Warning: All percentages zero/invalid in row 9933
Warning: All percentages zero/invalid in row 9934
Warning: All percentages zero/invalid in row 9935
Warning: All percentages zero/invalid in row 9936
Warning: All percentages zero/invalid in row 9937
Warning: All percentages zero/invalid in row 9938
Warning: All percentages zero/invalid in row 9939
Warning: All percentages zero/invalid in row 9940
Warning: All percentages zero/invalid in row 9941
Warning: All percentages zero/invalid in row 9942
Warning: All percentages zero/invalid in row 9943
Warning: All percentages zero/invalid in row 9944
Warning: All percentages zero/invalid in row 9945
Warning: All percentages zero/invalid in row 9946
Warning: All percentages zero/invalid in row 9947
Warning: All percentages zero/invalid in row 9948
Warning: All percentages zero/invalid in row 9949
Warning: All percentages zero/invalid in row 9950
Warning: All percentages zero/invalid in row 9951
Warning: All percentages zero/invalid in row 9952
Warning: All percentages zero/invalid in row 9953
Warning: All percentages zero/invalid in row 9954
Warning: All percentages zero/invalid in row 9955
Warning: All percentages zero/invalid in row 9956
Warning: All percentages zero/invalid in row 9957
Warning: All percentages zero/invalid in row 9958
Warning: All percentages zero/invalid in row 9959
Warning: All percentages zero/invalid in row 9960
Warning: All percentages zero/invalid in row 9962
Warning: All percentages zero/invalid in row 9965
Warning: All percentages zero/invalid in row 9966
Warning: All percentages zero/invalid in row 9967
Warning: All percentages zero/invalid in row 9969
Warning: All percentages zero/invalid in row 9970
Warning: All percentages zero/invalid in row 9971
Warning: All percentages zero/invalid in row 9972
Warning: All percentages zero/invalid in row 9973
Warning: All percentages zero/invalid in row 9974
Warning: All percentages zero/invalid in row 9975
Warning: All percentages zero/invalid in row 9976
Warning: All percentages zero/invalid in row 9977
Warning: All percentages zero/invalid in row 9978
Warning: All percentages zero/invalid in row 9983
Warning: All percentages zero/invalid in row 9984
Warning: All percentages zero/invalid in row 9986
Warning: All percentages zero/invalid in row 9987
Warning: All percentages zero/invalid in row 9990
Warning: All percentages zero/invalid in row 9991
Warning: All percentages zero/invalid in row 9992
Warning: All percentages zero/invalid in row 9999
Warning: All percentages zero/invalid in row 10000
Warning: All percentages zero/invalid in row 10001
Warning: All percentages zero/invalid in row 10002
Warning: All percentages zero/invalid in row 10003
Warning: All percentages zero/invalid in row 10004
Warning: All percentages zero/invalid in row 10005
Warning: All percentages zero/invalid in row 10006
Warning: All percentages zero/invalid in row 10007
Warning: All percentages zero/invalid in row 10008
Warning: All percentages zero/invalid in row 10009
Warning: All percentages zero/invalid in row 10010
Warning: All percentages zero/invalid in row 10011
Warning: All percentages zero/invalid in row 10012
Warning: All percentages zero/invalid in row 10013
Warning: All percentages zero/invalid in row 10014
Warning: All percentages zero/invalid in row 10015
Warning: All percentages zero/invalid in row 10023
Warning: All percentages zero/invalid in row 10025
Warning: All percentages zero/invalid in row 10028
Warning: All percentages zero/invalid in row 10029
Warning: All percentages zero/invalid in row 10032
Warning: All percentages zero/invalid in row 10037
Warning: All percentages zero/invalid in row 10039
Warning: All percentages zero/invalid in row 10040
Warning: All percentages zero/invalid in row 10041
Warning: All percentages zero/invalid in row 10044
Warning: All percentages zero/invalid in row 10047
Warning: All percentages zero/invalid in row 10051
Warning: All percentages zero/invalid in row 10052
Warning: All percentages zero/invalid in row 10053
Warning: All percentages zero/invalid in row 10054
Warning: All percentages zero/invalid in row 10055
Warning: All percentages zero/invalid in row 10056
Warning: All percentages zero/invalid in row 10057
Warning: All percentages zero/invalid in row 10058
Warning: All percentages zero/invalid in row 10059
Warning: All percentages zero/invalid in row 10060
Warning: All percentages zero/invalid in row 10061
Warning: All percentages zero/invalid in row 10062
Warning: All percentages zero/invalid in row 10063
Warning: All percentages zero/invalid in row 10064
Warning: All percentages zero/invalid in row 10065
Warning: All percentages zero/invalid in row 10066
Warning: All percentages zero/invalid in row 10067
Warning: All percentages zero/invalid in row 10068
Warning: All percentages zero/invalid in row 10069
Warning: All percentages zero/invalid in row 10070
Warning: All percentages zero/invalid in row 10071
Warning: All percentages zero/invalid in row 10072
Warning: All percentages zero/invalid in row 10073
Warning: All percentages zero/invalid in row 10074
Warning: All percentages zero/invalid in row 10075
Warning: All percentages zero/invalid in row 10076
Warning: All percentages zero/invalid in row 10077
Warning: All percentages zero/invalid in row 10078
Warning: All percentages zero/invalid in row 10079
Warning: All percentages zero/invalid in row 10080
Warning: All percentages zero/invalid in row 10081
Warning: All percentages zero/invalid in row 10082
Warning: All percentages zero/invalid in row 10083
Warning: All percentages zero/invalid in row 10084
Warning: All percentages zero/invalid in row 10085
Warning: All percentages zero/invalid in row 10086
Warning: All percentages zero/invalid in row 10087
Warning: All percentages zero/invalid in row 10088
Warning: All percentages zero/invalid in row 10089
Warning: All percentages zero/invalid in row 10090
Warning: All percentages zero/invalid in row 10091
Warning: All percentages zero/invalid in row 10092
Warning: All percentages zero/invalid in row 10093
Warning: All percentages zero/invalid in row 10094
Warning: All percentages zero/invalid in row 10095
Warning: All percentages zero/invalid in row 10096
Warning: All percentages zero/invalid in row 10097
Warning: All percentages zero/invalid in row 10098
Warning: All percentages zero/invalid in row 10099
Warning: All percentages zero/invalid in row 10100
Warning: All percentages zero/invalid in row 10101
Warning: All percentages zero/invalid in row 10102
Warning: All percentages zero/invalid in row 10103
Warning: All percentages zero/invalid in row 10104
Warning: All percentages zero/invalid in row 10105
Warning: All percentages zero/invalid in row 10106
Warning: All percentages zero/invalid in row 10107
Warning: All percentages zero/invalid in row 10108
Warning: All percentages zero/invalid in row 10109
Warning: All percentages zero/invalid in row 10110
Warning: All percentages zero/invalid in row 10111
Warning: All percentages zero/invalid in row 10112
Warning: All percentages zero/invalid in row 10113
Warning: All percentages zero/invalid in row 10114
Warning: All percentages zero/invalid in row 10115
Warning: All percentages zero/invalid in row 10116
Warning: All percentages zero/invalid in row 10117
Warning: All percentages zero/invalid in row 10118
Warning: All percentages zero/invalid in row 10119
Warning: All percentages zero/invalid in row 10120
Warning: All percentages zero/invalid in row 10121
Warning: All percentages zero/invalid in row 10122
Warning: All percentages zero/invalid in row 10123
Warning: All percentages zero/invalid in row 10124
Warning: All percentages zero/invalid in row 10125
Warning: All percentages zero/invalid in row 10126
Warning: All percentages zero/invalid in row 10127
Warning: All percentages zero/invalid in row 10128
Warning: All percentages zero/invalid in row 10129
Warning: All percentages zero/invalid in row 10130
Warning: All percentages zero/invalid in row 10131
Warning: All percentages zero/invalid in row 10132
Warning: All percentages zero/invalid in row 10133
Warning: All percentages zero/invalid in row 10134
Warning: All percentages zero/invalid in row 10135
Warning: All percentages zero/invalid in row 10136
Warning: All percentages zero/invalid in row 10137
Warning: All percentages zero/invalid in row 10138
Warning: All percentages zero/invalid in row 10139
Warning: All percentages zero/invalid in row 10140
Warning: All percentages zero/invalid in row 10141
Warning: All percentages zero/invalid in row 10142
Warning: All percentages zero/invalid in row 10143
Warning: All percentages zero/invalid in row 10144
Warning: All percentages zero/invalid in row 10145
Warning: All percentages zero/invalid in row 10146
Warning: All percentages zero/invalid in row 10147
Warning: All percentages zero/invalid in row 10148
Warning: All percentages zero/invalid in row 10149
Warning: All percentages zero/invalid in row 10150
Warning: All percentages zero/invalid in row 10151
Warning: All percentages zero/invalid in row 10152
Warning: All percentages zero/invalid in row 10153
Warning: All percentages zero/invalid in row 10154
Warning: All percentages zero/invalid in row 10155
Warning: All percentages zero/invalid in row 10156
Warning: All percentages zero/invalid in row 10157
Warning: All percentages zero/invalid in row 10158
Warning: All percentages zero/invalid in row 10159
Warning: All percentages zero/invalid in row 10160
Warning: All percentages zero/invalid in row 10161
Warning: All percentages zero/invalid in row 10162
Warning: All percentages zero/invalid in row 10163
Warning: All percentages zero/invalid in row 10164
Warning: All percentages zero/invalid in row 10165
Warning: All percentages zero/invalid in row 10166
Warning: All percentages zero/invalid in row 10167
Warning: All percentages zero/invalid in row 10168
Warning: All percentages zero/invalid in row 10169
Warning: All percentages zero/invalid in row 10170
Warning: All percentages zero/invalid in row 10171
Warning: All percentages zero/invalid in row 10172
Warning: All percentages zero/invalid in row 10173
Warning: All percentages zero/invalid in row 10174
Warning: All percentages zero/invalid in row 10175
Warning: All percentages zero/invalid in row 10176
Warning: All percentages zero/invalid in row 10177
Warning: All percentages zero/invalid in row 10178
Warning: All percentages zero/invalid in row 10179
Warning: All percentages zero/invalid in row 10180
Warning: All percentages zero/invalid in row 10181
Warning: All percentages zero/invalid in row 10182
Warning: All percentages zero/invalid in row 10183
Warning: All percentages zero/invalid in row 10184
Warning: All percentages zero/invalid in row 10185
Warning: All percentages zero/invalid in row 10186
Warning: All percentages zero/invalid in row 10187
Warning: All percentages zero/invalid in row 10188
Warning: All percentages zero/invalid in row 10189
Warning: All percentages zero/invalid in row 10190
Warning: All percentages zero/invalid in row 10191
Warning: All percentages zero/invalid in row 10192
Warning: All percentages zero/invalid in row 10193
Warning: All percentages zero/invalid in row 10194
Warning: All percentages zero/invalid in row 10195
Warning: All percentages zero/invalid in row 10196
Warning: All percentages zero/invalid in row 10197
Warning: All percentages zero/invalid in row 10198
Warning: All percentages zero/invalid in row 10199
Warning: All percentages zero/invalid in row 10200
Warning: All percentages zero/invalid in row 10201
Warning: All percentages zero/invalid in row 10202
Warning: All percentages zero/invalid in row 10203
Warning: All percentages zero/invalid in row 10204
Warning: All percentages zero/invalid in row 10205
Warning: All percentages zero/invalid in row 10206
Warning: All percentages zero/invalid in row 10207
Warning: All percentages zero/invalid in row 10208
Warning: All percentages zero/invalid in row 10209
Warning: All percentages zero/invalid in row 10210
Warning: All percentages zero/invalid in row 10211
Warning: All percentages zero/invalid in row 10212
Warning: All percentages zero/invalid in row 10213
Warning: All percentages zero/invalid in row 10214
Warning: All percentages zero/invalid in row 10215
Warning: All percentages zero/invalid in row 10216
Warning: All percentages zero/invalid in row 10217
Warning: All percentages zero/invalid in row 10218
Warning: All percentages zero/invalid in row 10219
Warning: All percentages zero/invalid in row 10220
Warning: All percentages zero/invalid in row 10221
Warning: All percentages zero/invalid in row 10222
Warning: All percentages zero/invalid in row 10223
Warning: All percentages zero/invalid in row 10224
Warning: All percentages zero/invalid in row 10226
Warning: All percentages zero/invalid in row 10227
Warning: All percentages zero/invalid in row 10230
Warning: All percentages zero/invalid in row 10231
Warning: All percentages zero/invalid in row 10232
Warning: All percentages zero/invalid in row 10233
Warning: All percentages zero/invalid in row 10234
Warning: All percentages zero/invalid in row 10235
Warning: All percentages zero/invalid in row 10236
Warning: All percentages zero/invalid in row 10237
Warning: All percentages zero/invalid in row 10238
Warning: All percentages zero/invalid in row 10239
Warning: All percentages zero/invalid in row 10240
Warning: All percentages zero/invalid in row 10241
Warning: All percentages zero/invalid in row 10242
Warning: All percentages zero/invalid in row 10243
Warning: All percentages zero/invalid in row 10244
Warning: All percentages zero/invalid in row 10245
Warning: All percentages zero/invalid in row 10246
Warning: All percentages zero/invalid in row 10247
Warning: All percentages zero/invalid in row 10248
Warning: All percentages zero/invalid in row 10249
Warning: All percentages zero/invalid in row 10250
Warning: All percentages zero/invalid in row 10251
Warning: All percentages zero/invalid in row 10253
Warning: All percentages zero/invalid in row 10254
Warning: All percentages zero/invalid in row 10255
Warning: All percentages zero/invalid in row 10256
Warning: All percentages zero/invalid in row 10257
Warning: All percentages zero/invalid in row 10258
Warning: All percentages zero/invalid in row 10259
Warning: All percentages zero/invalid in row 10260
Warning: All percentages zero/invalid in row 10261
Warning: All percentages zero/invalid in row 10262
Warning: All percentages zero/invalid in row 10263
Warning: All percentages zero/invalid in row 10264
Warning: All percentages zero/invalid in row 10265
Warning: All percentages zero/invalid in row 10266
Warning: All percentages zero/invalid in row 10267
Warning: All percentages zero/invalid in row 10268
Warning: All percentages zero/invalid in row 10269
Warning: All percentages zero/invalid in row 10270
Warning: All percentages zero/invalid in row 10271
Warning: All percentages zero/invalid in row 10272
Warning: All percentages zero/invalid in row 10273
Warning: All percentages zero/invalid in row 10274
Warning: All percentages zero/invalid in row 10275
Warning: All percentages zero/invalid in row 10276
Warning: All percentages zero/invalid in row 10277
Warning: All percentages zero/invalid in row 10278
Warning: All percentages zero/invalid in row 10279
Warning: All percentages zero/invalid in row 10280
Warning: All percentages zero/invalid in row 10281
Warning: All percentages zero/invalid in row 10282
Warning: All percentages zero/invalid in row 10283
Warning: All percentages zero/invalid in row 10284
Warning: All percentages zero/invalid in row 10285
Warning: All percentages zero/invalid in row 10286
Warning: All percentages zero/invalid in row 10287
Warning: All percentages zero/invalid in row 10288
Warning: All percentages zero/invalid in row 10289
Warning: All percentages zero/invalid in row 10290
Warning: All percentages zero/invalid in row 10291
Warning: All percentages zero/invalid in row 10292
Warning: All percentages zero/invalid in row 10293
Warning: All percentages zero/invalid in row 10294
Warning: All percentages zero/invalid in row 10295
Warning: All percentages zero/invalid in row 10296
Warning: All percentages zero/invalid in row 10297
Warning: All percentages zero/invalid in row 10298
Warning: All percentages zero/invalid in row 10299
Warning: All percentages zero/invalid in row 10300
Warning: All percentages zero/invalid in row 10301
Warning: All percentages zero/invalid in row 10302
Warning: All percentages zero/invalid in row 10303
Warning: All percentages zero/invalid in row 10304
Warning: All percentages zero/invalid in row 10305
Warning: All percentages zero/invalid in row 10306
Warning: All percentages zero/invalid in row 10307
Warning: All percentages zero/invalid in row 10308
Warning: All percentages zero/invalid in row 10309
Warning: All percentages zero/invalid in row 10310
Warning: All percentages zero/invalid in row 10311
Warning: All percentages zero/invalid in row 10312
Warning: All percentages zero/invalid in row 10313
Warning: All percentages zero/invalid in row 10314
Warning: All percentages zero/invalid in row 10315
Warning: All percentages zero/invalid in row 10316
Warning: All percentages zero/invalid in row 10317
Warning: All percentages zero/invalid in row 10318
Warning: All percentages zero/invalid in row 10319
Warning: All percentages zero/invalid in row 10323
Warning: All percentages zero/invalid in row 10327
Warning: All percentages zero/invalid in row 10341
Warning: All percentages zero/invalid in row 10344
Warning: All percentages zero/invalid in row 10345
Warning: All percentages zero/invalid in row 10348
Warning: All percentages zero/invalid in row 10349
Warning: All percentages zero/invalid in row 10350
Warning: All percentages zero/invalid in row 10370
Warning: All percentages zero/invalid in row 10371
Warning: All percentages zero/invalid in row 10383
Warning: All percentages zero/invalid in row 10415
Warning: All percentages zero/invalid in row 10416
Warning: All percentages zero/invalid in row 10424
Warning: All percentages zero/invalid in row 10425
Warning: All percentages zero/invalid in row 10429
Warning: All percentages zero/invalid in row 10430
Warning: All percentages zero/invalid in row 10433
Warning: All percentages zero/invalid in row 10434
Warning: All percentages zero/invalid in row 10436
Warning: All percentages zero/invalid in row 10438
Warning: All percentages zero/invalid in row 10439
Warning: All percentages zero/invalid in row 10440
Warning: All percentages zero/invalid in row 10441
Warning: All percentages zero/invalid in row 10442
Warning: All percentages zero/invalid in row 10443
Warning: All percentages zero/invalid in row 10444
Warning: All percentages zero/invalid in row 10445
Warning: All percentages zero/invalid in row 10446
Warning: All percentages zero/invalid in row 10447
Warning: All percentages zero/invalid in row 10448
Warning: All percentages zero/invalid in row 10451
Warning: All percentages zero/invalid in row 10452
Warning: All percentages zero/invalid in row 10453
Warning: All percentages zero/invalid in row 10454
Warning: All percentages zero/invalid in row 10455
Warning: All percentages zero/invalid in row 10456
Warning: All percentages zero/invalid in row 10457
Warning: All percentages zero/invalid in row 10458
Warning: All percentages zero/invalid in row 10459
Warning: All percentages zero/invalid in row 10461
Warning: All percentages zero/invalid in row 10462
Warning: All percentages zero/invalid in row 10463
Warning: All percentages zero/invalid in row 10464
Warning: All percentages zero/invalid in row 10465
Warning: All percentages zero/invalid in row 10466
Warning: All percentages zero/invalid in row 10467
Warning: All percentages zero/invalid in row 10468
Warning: All percentages zero/invalid in row 10469
Warning: All percentages zero/invalid in row 10470
Warning: All percentages zero/invalid in row 10472
Warning: All percentages zero/invalid in row 10473
Warning: All percentages zero/invalid in row 10474
Warning: All percentages zero/invalid in row 10475
Warning: All percentages zero/invalid in row 10477
Warning: All percentages zero/invalid in row 10478
Warning: All percentages zero/invalid in row 10480
Warning: All percentages zero/invalid in row 10481
Warning: All percentages zero/invalid in row 10485
Warning: All percentages zero/invalid in row 10488
Warning: All percentages zero/invalid in row 10489
Warning: All percentages zero/invalid in row 10490
Warning: All percentages zero/invalid in row 10492
Warning: All percentages zero/invalid in row 10493
Warning: All percentages zero/invalid in row 10494
Warning: All percentages zero/invalid in row 10495
Warning: All percentages zero/invalid in row 10496
Warning: All percentages zero/invalid in row 10497
Warning: All percentages zero/invalid in row 10498
Warning: All percentages zero/invalid in row 10499
Warning: All percentages zero/invalid in row 10500
Warning: All percentages zero/invalid in row 10501
Warning: All percentages zero/invalid in row 10502
Warning: All percentages zero/invalid in row 10503
Warning: All percentages zero/invalid in row 10504
Warning: All percentages zero/invalid in row 10505
Warning: All percentages zero/invalid in row 10506
Warning: All percentages zero/invalid in row 10507
Warning: All percentages zero/invalid in row 10508
Warning: All percentages zero/invalid in row 10509
Warning: All percentages zero/invalid in row 10510
Warning: All percentages zero/invalid in row 10511
Warning: All percentages zero/invalid in row 10512
Warning: All percentages zero/invalid in row 10513
Warning: All percentages zero/invalid in row 10514
Warning: All percentages zero/invalid in row 10515
Warning: All percentages zero/invalid in row 10516
Warning: All percentages zero/invalid in row 10517
Warning: All percentages zero/invalid in row 10518
Warning: All percentages zero/invalid in row 10519
Warning: All percentages zero/invalid in row 10520
Warning: All percentages zero/invalid in row 10521
Warning: All percentages zero/invalid in row 10522
Warning: All percentages zero/invalid in row 10523
Warning: All percentages zero/invalid in row 10524
Warning: All percentages zero/invalid in row 10525
Warning: All percentages zero/invalid in row 10526
Warning: All percentages zero/invalid in row 10527
Warning: All percentages zero/invalid in row 10528
Warning: All percentages zero/invalid in row 10529
Warning: All percentages zero/invalid in row 10530
Warning: All percentages zero/invalid in row 10531
Warning: All percentages zero/invalid in row 10532
Warning: All percentages zero/invalid in row 10533
Warning: All percentages zero/invalid in row 10534
Warning: All percentages zero/invalid in row 10535
Warning: All percentages zero/invalid in row 10536
Warning: All percentages zero/invalid in row 10537
Warning: All percentages zero/invalid in row 10538
Warning: All percentages zero/invalid in row 10539
Warning: All percentages zero/invalid in row 10540
Warning: All percentages zero/invalid in row 10541
Warning: All percentages zero/invalid in row 10542
Warning: All percentages zero/invalid in row 10543
Warning: All percentages zero/invalid in row 10544
Warning: All percentages zero/invalid in row 10545
Warning: All percentages zero/invalid in row 10546
Warning: All percentages zero/invalid in row 10547
Warning: All percentages zero/invalid in row 10548
Warning: All percentages zero/invalid in row 10549
Warning: All percentages zero/invalid in row 10550
Warning: All percentages zero/invalid in row 10552
Warning: All percentages zero/invalid in row 10553
Warning: All percentages zero/invalid in row 10554
Warning: All percentages zero/invalid in row 10555
Warning: All percentages zero/invalid in row 10556
Warning: All percentages zero/invalid in row 10557
Warning: All percentages zero/invalid in row 10558
Warning: All percentages zero/invalid in row 10559
Warning: All percentages zero/invalid in row 10560
Warning: All percentages zero/invalid in row 10561
Warning: All percentages zero/invalid in row 10562
Warning: All percentages zero/invalid in row 10563
Warning: All percentages zero/invalid in row 10564
Warning: All percentages zero/invalid in row 10565
Warning: All percentages zero/invalid in row 10566
Warning: All percentages zero/invalid in row 10567
Warning: All percentages zero/invalid in row 10568
Warning: All percentages zero/invalid in row 10569
Warning: All percentages zero/invalid in row 10570
Warning: All percentages zero/invalid in row 10571
Warning: All percentages zero/invalid in row 10572
Warning: All percentages zero/invalid in row 10573
Warning: All percentages zero/invalid in row 10574
Warning: All percentages zero/invalid in row 10575
Warning: All percentages zero/invalid in row 10576
Warning: All percentages zero/invalid in row 10577
Warning: All percentages zero/invalid in row 10578
Warning: All percentages zero/invalid in row 10579
Warning: All percentages zero/invalid in row 10580
Warning: All percentages zero/invalid in row 10581
Warning: All percentages zero/invalid in row 10582
Warning: All percentages zero/invalid in row 10583
Warning: All percentages zero/invalid in row 10584
Warning: All percentages zero/invalid in row 10585
Warning: All percentages zero/invalid in row 10586
Warning: All percentages zero/invalid in row 10587
Warning: All percentages zero/invalid in row 10588
Warning: All percentages zero/invalid in row 10589
Warning: All percentages zero/invalid in row 10590
Warning: All percentages zero/invalid in row 10591
Warning: All percentages zero/invalid in row 10592
Warning: All percentages zero/invalid in row 10593
Warning: All percentages zero/invalid in row 10594
Warning: All percentages zero/invalid in row 10595
Warning: All percentages zero/invalid in row 10596
Warning: All percentages zero/invalid in row 10597
Warning: All percentages zero/invalid in row 10598
Warning: All percentages zero/invalid in row 10599
Warning: All percentages zero/invalid in row 10600
Warning: All percentages zero/invalid in row 10601
Warning: All percentages zero/invalid in row 10602
Warning: All percentages zero/invalid in row 10603
Warning: All percentages zero/invalid in row 10604
Warning: All percentages zero/invalid in row 10605
Warning: All percentages zero/invalid in row 10606
Warning: All percentages zero/invalid in row 10607
Warning: All percentages zero/invalid in row 10608
Warning: All percentages zero/invalid in row 10609
Warning: All percentages zero/invalid in row 10610
Warning: All percentages zero/invalid in row 10611
Warning: All percentages zero/invalid in row 10612
Warning: All percentages zero/invalid in row 10613
Warning: All percentages zero/invalid in row 10614
Warning: All percentages zero/invalid in row 10615
Warning: All percentages zero/invalid in row 10616
Warning: All percentages zero/invalid in row 10617
Warning: All percentages zero/invalid in row 10618
Warning: All percentages zero/invalid in row 10619
Warning: All percentages zero/invalid in row 10620
Warning: All percentages zero/invalid in row 10621
Warning: All percentages zero/invalid in row 10622
Warning: All percentages zero/invalid in row 10623
Warning: All percentages zero/invalid in row 10624
Warning: All percentages zero/invalid in row 10625
Warning: All percentages zero/invalid in row 10627
Warning: All percentages zero/invalid in row 10628
Warning: All percentages zero/invalid in row 10629
Warning: All percentages zero/invalid in row 10630
Warning: All percentages zero/invalid in row 10631
Warning: All percentages zero/invalid in row 10632
Warning: All percentages zero/invalid in row 10633
Warning: All percentages zero/invalid in row 10634
Warning: All percentages zero/invalid in row 10635
Warning: All percentages zero/invalid in row 10636
Warning: All percentages zero/invalid in row 10637
Warning: All percentages zero/invalid in row 10638
Warning: All percentages zero/invalid in row 10639
Warning: All percentages zero/invalid in row 10640
Warning: All percentages zero/invalid in row 10641
Warning: All percentages zero/invalid in row 10671
Warning: All percentages zero/invalid in row 10683
Warning: All percentages zero/invalid in row 10684
Warning: All percentages zero/invalid in row 10687
Warning: All percentages zero/invalid in row 10689
Warning: All percentages zero/invalid in row 10693
Warning: All percentages zero/invalid in row 10695
Warning: All percentages zero/invalid in row 10697
Warning: All percentages zero/invalid in row 10698
Warning: All percentages zero/invalid in row 10699
Warning: All percentages zero/invalid in row 10700
Warning: All percentages zero/invalid in row 10701
Warning: All percentages zero/invalid in row 10702
Warning: All percentages zero/invalid in row 10703
Warning: All percentages zero/invalid in row 10704
Warning: All percentages zero/invalid in row 10705
Warning: All percentages zero/invalid in row 10706
Warning: All percentages zero/invalid in row 10728
Warning: All percentages zero/invalid in row 10729
Warning: All percentages zero/invalid in row 10730
Warning: All percentages zero/invalid in row 10731
Warning: All percentages zero/invalid in row 10732
Warning: All percentages zero/invalid in row 10733
Warning: All percentages zero/invalid in row 10734
Warning: All percentages zero/invalid in row 10735
Warning: All percentages zero/invalid in row 10736
Warning: All percentages zero/invalid in row 10737
Warning: All percentages zero/invalid in row 10738
Warning: All percentages zero/invalid in row 10739
Warning: All percentages zero/invalid in row 10740
Warning: All percentages zero/invalid in row 10741
Warning: All percentages zero/invalid in row 10742
Warning: All percentages zero/invalid in row 10743
Warning: All percentages zero/invalid in row 10744
Warning: All percentages zero/invalid in row 10745
Warning: All percentages zero/invalid in row 10746
Warning: All percentages zero/invalid in row 10747
Warning: All percentages zero/invalid in row 10748
Warning: All percentages zero/invalid in row 10749
Warning: All percentages zero/invalid in row 10750
Warning: All percentages zero/invalid in row 10751
Warning: All percentages zero/invalid in row 10752
Warning: All percentages zero/invalid in row 10753
Warning: All percentages zero/invalid in row 10754
Warning: All percentages zero/invalid in row 10755
Warning: All percentages zero/invalid in row 10756
Warning: All percentages zero/invalid in row 10757
Warning: All percentages zero/invalid in row 10758
Warning: All percentages zero/invalid in row 10759
Warning: All percentages zero/invalid in row 10760
Warning: All percentages zero/invalid in row 10761
Warning: All percentages zero/invalid in row 10762
Warning: All percentages zero/invalid in row 10763
Warning: All percentages zero/invalid in row 10764
Warning: All percentages zero/invalid in row 10765
Warning: All percentages zero/invalid in row 10766
Warning: All percentages zero/invalid in row 10767
Warning: All percentages zero/invalid in row 10768
Warning: All percentages zero/invalid in row 10769
Warning: All percentages zero/invalid in row 10770
Warning: All percentages zero/invalid in row 10771
Warning: All percentages zero/invalid in row 10772
Warning: All percentages zero/invalid in row 10773
Warning: All percentages zero/invalid in row 10774
Warning: All percentages zero/invalid in row 10775
Warning: All percentages zero/invalid in row 10776
Warning: All percentages zero/invalid in row 10777
Warning: All percentages zero/invalid in row 10778
Warning: All percentages zero/invalid in row 10779
Warning: All percentages zero/invalid in row 10780
Warning: All percentages zero/invalid in row 10781
Warning: All percentages zero/invalid in row 10782
Warning: All percentages zero/invalid in row 10783
Warning: All percentages zero/invalid in row 10784
Warning: All percentages zero/invalid in row 10785
Warning: All percentages zero/invalid in row 10786
Warning: All percentages zero/invalid in row 10787
Warning: All percentages zero/invalid in row 10788
Warning: All percentages zero/invalid in row 10789
Warning: All percentages zero/invalid in row 10790
Warning: All percentages zero/invalid in row 10791
Warning: All percentages zero/invalid in row 10792
Warning: All percentages zero/invalid in row 10793
Warning: All percentages zero/invalid in row 10794
Warning: All percentages zero/invalid in row 10795
Warning: All percentages zero/invalid in row 10796
Warning: All percentages zero/invalid in row 10797
Warning: All percentages zero/invalid in row 10798
Warning: All percentages zero/invalid in row 10799
Warning: All percentages zero/invalid in row 10800
Warning: All percentages zero/invalid in row 10801
Warning: All percentages zero/invalid in row 10802
Warning: All percentages zero/invalid in row 10803
Warning: All percentages zero/invalid in row 10804
Warning: All percentages zero/invalid in row 10805
Warning: All percentages zero/invalid in row 10806
Warning: All percentages zero/invalid in row 10807
Warning: All percentages zero/invalid in row 10808
Warning: All percentages zero/invalid in row 10809
Warning: All percentages zero/invalid in row 10810
Warning: All percentages zero/invalid in row 10811
Warning: All percentages zero/invalid in row 10812
Warning: All percentages zero/invalid in row 10813
Warning: All percentages zero/invalid in row 10814
Warning: All percentages zero/invalid in row 10815
Warning: All percentages zero/invalid in row 10816
Warning: All percentages zero/invalid in row 10817
Warning: All percentages zero/invalid in row 10818
Warning: All percentages zero/invalid in row 10819
Warning: All percentages zero/invalid in row 10820
Warning: All percentages zero/invalid in row 10822
Warning: All percentages zero/invalid in row 10823
Warning: All percentages zero/invalid in row 10824
Warning: All percentages zero/invalid in row 10825
Warning: All percentages zero/invalid in row 10826
Warning: All percentages zero/invalid in row 10828
Warning: All percentages zero/invalid in row 10829
Warning: All percentages zero/invalid in row 10830
Warning: All percentages zero/invalid in row 10831
Warning: All percentages zero/invalid in row 10832
Warning: All percentages zero/invalid in row 10833
Warning: All percentages zero/invalid in row 10834
Warning: All percentages zero/invalid in row 10835
Warning: All percentages zero/invalid in row 10836
Warning: All percentages zero/invalid in row 10837
Warning: All percentages zero/invalid in row 10838
Warning: All percentages zero/invalid in row 10839
Warning: All percentages zero/invalid in row 10840
Warning: All percentages zero/invalid in row 10841
Warning: All percentages zero/invalid in row 10842
Warning: All percentages zero/invalid in row 10843
Warning: All percentages zero/invalid in row 10844
Warning: All percentages zero/invalid in row 10845
Warning: All percentages zero/invalid in row 10846
Warning: All percentages zero/invalid in row 10847
Warning: All percentages zero/invalid in row 10848
Warning: All percentages zero/invalid in row 10849
Warning: All percentages zero/invalid in row 10850
Warning: All percentages zero/invalid in row 10851
Warning: All percentages zero/invalid in row 10855
Warning: All percentages zero/invalid in row 10856
Warning: All percentages zero/invalid in row 10857
Warning: All percentages zero/invalid in row 10858
Warning: All percentages zero/invalid in row 10859
Warning: All percentages zero/invalid in row 10860
Warning: All percentages zero/invalid in row 10861
Warning: All percentages zero/invalid in row 10862
Warning: All percentages zero/invalid in row 10863
Warning: All percentages zero/invalid in row 10864
Warning: All percentages zero/invalid in row 10865
Warning: All percentages zero/invalid in row 10866
Warning: All percentages zero/invalid in row 10867
Warning: All percentages zero/invalid in row 10868
Warning: All percentages zero/invalid in row 10869
Warning: All percentages zero/invalid in row 10870
Warning: All percentages zero/invalid in row 10871
Warning: All percentages zero/invalid in row 10874
Warning: All percentages zero/invalid in row 10875
Warning: All percentages zero/invalid in row 10876
Warning: All percentages zero/invalid in row 10877
Warning: All percentages zero/invalid in row 10878
Warning: All percentages zero/invalid in row 10879
Warning: All percentages zero/invalid in row 10880
Warning: All percentages zero/invalid in row 10881
Warning: All percentages zero/invalid in row 10882
Warning: All percentages zero/invalid in row 10883
Warning: All percentages zero/invalid in row 10884
Warning: All percentages zero/invalid in row 10885
Warning: All percentages zero/invalid in row 10888
Warning: All percentages zero/invalid in row 10889
Warning: All percentages zero/invalid in row 10890
Warning: All percentages zero/invalid in row 10891
Warning: All percentages zero/invalid in row 10892
Warning: All percentages zero/invalid in row 10893
Warning: All percentages zero/invalid in row 10894
Warning: All percentages zero/invalid in row 10895
Warning: All percentages zero/invalid in row 10896
Warning: All percentages zero/invalid in row 10897
Warning: All percentages zero/invalid in row 10898
Warning: All percentages zero/invalid in row 10899
Warning: All percentages zero/invalid in row 10900
Warning: All percentages zero/invalid in row 10901
Warning: All percentages zero/invalid in row 10902
Warning: All percentages zero/invalid in row 10903
Warning: All percentages zero/invalid in row 10904
Warning: All percentages zero/invalid in row 10905
Warning: All percentages zero/invalid in row 10906
Warning: All percentages zero/invalid in row 10907
Warning: All percentages zero/invalid in row 10908
Warning: All percentages zero/invalid in row 10909
Warning: All percentages zero/invalid in row 10910
Warning: All percentages zero/invalid in row 10911
Warning: All percentages zero/invalid in row 10912
Warning: All percentages zero/invalid in row 10913
Warning: All percentages zero/invalid in row 10914
Warning: All percentages zero/invalid in row 10915
Warning: All percentages zero/invalid in row 10916
Warning: All percentages zero/invalid in row 10917
Warning: All percentages zero/invalid in row 10918
Warning: All percentages zero/invalid in row 10919
Warning: All percentages zero/invalid in row 10920
Warning: All percentages zero/invalid in row 10921
Warning: All percentages zero/invalid in row 10922
Warning: All percentages zero/invalid in row 10923
Warning: All percentages zero/invalid in row 10924
Warning: All percentages zero/invalid in row 10925
Warning: All percentages zero/invalid in row 10926
Warning: All percentages zero/invalid in row 10927
Warning: All percentages zero/invalid in row 10928
Warning: All percentages zero/invalid in row 10929
Warning: All percentages zero/invalid in row 10930
Warning: All percentages zero/invalid in row 10931
Warning: All percentages zero/invalid in row 10932
Warning: All percentages zero/invalid in row 10933
Warning: All percentages zero/invalid in row 10934
Warning: All percentages zero/invalid in row 10935
Warning: All percentages zero/invalid in row 10936
Warning: All percentages zero/invalid in row 10937
Warning: All percentages zero/invalid in row 10938
Warning: All percentages zero/invalid in row 10939
Warning: All percentages zero/invalid in row 10940
Warning: All percentages zero/invalid in row 10941
Warning: All percentages zero/invalid in row 10942
Warning: All percentages zero/invalid in row 10943
Warning: All percentages zero/invalid in row 10944
Warning: All percentages zero/invalid in row 10945
Warning: All percentages zero/invalid in row 10946
Warning: All percentages zero/invalid in row 10947
Warning: All percentages zero/invalid in row 10948
Warning: All percentages zero/invalid in row 10949
Warning: All percentages zero/invalid in row 10950
Warning: All percentages zero/invalid in row 10951
Warning: All percentages zero/invalid in row 10952
Warning: All percentages zero/invalid in row 10953
Warning: All percentages zero/invalid in row 10954
Warning: All percentages zero/invalid in row 10955
Warning: All percentages zero/invalid in row 10956
Warning: All percentages zero/invalid in row 10957
Warning: All percentages zero/invalid in row 10958
Warning: All percentages zero/invalid in row 10959
Warning: All percentages zero/invalid in row 10960
Warning: All percentages zero/invalid in row 10961
Warning: All percentages zero/invalid in row 10962
Warning: All percentages zero/invalid in row 10963
Warning: All percentages zero/invalid in row 10964
Warning: All percentages zero/invalid in row 10965
Warning: All percentages zero/invalid in row 10966
Warning: All percentages zero/invalid in row 10967
Warning: All percentages zero/invalid in row 10968
Warning: All percentages zero/invalid in row 10969
Warning: All percentages zero/invalid in row 10970
Warning: All percentages zero/invalid in row 10971
Warning: All percentages zero/invalid in row 10972
Warning: All percentages zero/invalid in row 10973
Warning: All percentages zero/invalid in row 10974
Warning: All percentages zero/invalid in row 10975
Warning: All percentages zero/invalid in row 10976
Warning: All percentages zero/invalid in row 10977
Warning: All percentages zero/invalid in row 10978
Warning: All percentages zero/invalid in row 10979
Warning: All percentages zero/invalid in row 10980
Warning: All percentages zero/invalid in row 10981
Warning: All percentages zero/invalid in row 10982
Warning: All percentages zero/invalid in row 10983
Warning: All percentages zero/invalid in row 10984
Warning: All percentages zero/invalid in row 10985
Warning: All percentages zero/invalid in row 10986
Warning: All percentages zero/invalid in row 10987
Warning: All percentages zero/invalid in row 10988
Warning: All percentages zero/invalid in row 10989
Warning: All percentages zero/invalid in row 10990
Warning: All percentages zero/invalid in row 10991
Warning: All percentages zero/invalid in row 10992
Warning: All percentages zero/invalid in row 10993
Warning: All percentages zero/invalid in row 10994
Warning: All percentages zero/invalid in row 10995
Warning: All percentages zero/invalid in row 10996
Warning: All percentages zero/invalid in row 10997
Warning: All percentages zero/invalid in row 10998
Warning: All percentages zero/invalid in row 10999
Warning: All percentages zero/invalid in row 11000
Warning: All percentages zero/invalid in row 11001
Warning: All percentages zero/invalid in row 11002
Warning: All percentages zero/invalid in row 11003
Warning: All percentages zero/invalid in row 11004
Warning: All percentages zero/invalid in row 11005
Warning: All percentages zero/invalid in row 11006
Warning: All percentages zero/invalid in row 11007
Warning: All percentages zero/invalid in row 11008
Warning: All percentages zero/invalid in row 11009
Warning: All percentages zero/invalid in row 11010
Warning: All percentages zero/invalid in row 11011
Warning: All percentages zero/invalid in row 11012
Warning: All percentages zero/invalid in row 11013
Warning: All percentages zero/invalid in row 11014
Warning: All percentages zero/invalid in row 11015
Warning: All percentages zero/invalid in row 11016
Warning: All percentages zero/invalid in row 11017
Warning: All percentages zero/invalid in row 11018
Warning: All percentages zero/invalid in row 11019
Warning: All percentages zero/invalid in row 11020
Warning: All percentages zero/invalid in row 11021
Warning: All percentages zero/invalid in row 11022
Warning: All percentages zero/invalid in row 11023
Warning: All percentages zero/invalid in row 11024
Warning: All percentages zero/invalid in row 11025
Warning: All percentages zero/invalid in row 11026
Warning: All percentages zero/invalid in row 11027
Warning: All percentages zero/invalid in row 11028
Warning: All percentages zero/invalid in row 11029
Warning: All percentages zero/invalid in row 11030
Warning: All percentages zero/invalid in row 11031
Warning: All percentages zero/invalid in row 11032
Warning: All percentages zero/invalid in row 11033
Warning: All percentages zero/invalid in row 11034
Warning: All percentages zero/invalid in row 11035
Warning: All percentages zero/invalid in row 11036
Warning: All percentages zero/invalid in row 11037
Warning: All percentages zero/invalid in row 11038
Warning: All percentages zero/invalid in row 11039
Warning: All percentages zero/invalid in row 11040
Warning: All percentages zero/invalid in row 11041
Warning: All percentages zero/invalid in row 11042
Warning: All percentages zero/invalid in row 11043
Warning: All percentages zero/invalid in row 11044
Warning: All percentages zero/invalid in row 11045
Warning: All percentages zero/invalid in row 11046
Warning: All percentages zero/invalid in row 11047
Warning: All percentages zero/invalid in row 11048
Warning: All percentages zero/invalid in row 11049
Warning: All percentages zero/invalid in row 11050
Warning: All percentages zero/invalid in row 11051
Warning: All percentages zero/invalid in row 11052
Warning: All percentages zero/invalid in row 11053
Warning: All percentages zero/invalid in row 11054
Warning: All percentages zero/invalid in row 11055
Warning: All percentages zero/invalid in row 11056
Warning: All percentages zero/invalid in row 11057
Warning: All percentages zero/invalid in row 11058
Warning: All percentages zero/invalid in row 11059
Warning: All percentages zero/invalid in row 11060
Warning: All percentages zero/invalid in row 11061
Warning: All percentages zero/invalid in row 11062
Warning: All percentages zero/invalid in row 11063
Warning: All percentages zero/invalid in row 11064
Warning: All percentages zero/invalid in row 11065
Warning: All percentages zero/invalid in row 11066
Warning: All percentages zero/invalid in row 11067
Warning: All percentages zero/invalid in row 11068
Warning: All percentages zero/invalid in row 11069
Warning: All percentages zero/invalid in row 11070
Warning: All percentages zero/invalid in row 11071
Warning: All percentages zero/invalid in row 11072
Warning: All percentages zero/invalid in row 11073
Warning: All percentages zero/invalid in row 11074
Warning: All percentages zero/invalid in row 11075
Warning: All percentages zero/invalid in row 11076
Warning: All percentages zero/invalid in row 11077
Warning: All percentages zero/invalid in row 11078
Warning: All percentages zero/invalid in row 11079
Warning: All percentages zero/invalid in row 11080
Warning: All percentages zero/invalid in row 11081
Warning: All percentages zero/invalid in row 11082
Warning: All percentages zero/invalid in row 11083
Warning: All percentages zero/invalid in row 11084
Warning: All percentages zero/invalid in row 11085
Warning: All percentages zero/invalid in row 11086
Warning: All percentages zero/invalid in row 11087
Warning: All percentages zero/invalid in row 11088
Warning: All percentages zero/invalid in row 11089
Warning: All percentages zero/invalid in row 11090
Warning: All percentages zero/invalid in row 11091
Warning: All percentages zero/invalid in row 11092
Warning: All percentages zero/invalid in row 11093
Warning: All percentages zero/invalid in row 11094
Warning: All percentages zero/invalid in row 11095
Warning: All percentages zero/invalid in row 11096
Warning: All percentages zero/invalid in row 11097
Warning: All percentages zero/invalid in row 11098
Warning: All percentages zero/invalid in row 11099
Warning: All percentages zero/invalid in row 11100
Warning: All percentages zero/invalid in row 11101
Warning: All percentages zero/invalid in row 11102
Warning: All percentages zero/invalid in row 11103
Warning: All percentages zero/invalid in row 11104
Warning: All percentages zero/invalid in row 11105
Warning: All percentages zero/invalid in row 11106
Warning: All percentages zero/invalid in row 11109
Warning: All percentages zero/invalid in row 11110
Warning: All percentages zero/invalid in row 11112
Warning: All percentages zero/invalid in row 11114
Warning: All percentages zero/invalid in row 11117
Warning: All percentages zero/invalid in row 11124
Warning: All percentages zero/invalid in row 11126
Warning: All percentages zero/invalid in row 11128
Warning: All percentages zero/invalid in row 11129
Warning: All percentages zero/invalid in row 11130
Warning: All percentages zero/invalid in row 11131
Warning: All percentages zero/invalid in row 11132
Warning: All percentages zero/invalid in row 11133
Warning: All percentages zero/invalid in row 11134
Warning: All percentages zero/invalid in row 11135
Warning: All percentages zero/invalid in row 11136
Warning: All percentages zero/invalid in row 11137
Warning: All percentages zero/invalid in row 11138
Warning: All percentages zero/invalid in row 11139
Warning: All percentages zero/invalid in row 11143
Warning: All percentages zero/invalid in row 11144
Warning: All percentages zero/invalid in row 11148
Warning: All percentages zero/invalid in row 11152
Warning: All percentages zero/invalid in row 11158
Warning: All percentages zero/invalid in row 11159
Warning: All percentages zero/invalid in row 11162
Warning: All percentages zero/invalid in row 11163
Warning: All percentages zero/invalid in row 11170
Warning: All percentages zero/invalid in row 11173
Warning: All percentages zero/invalid in row 11174
Warning: All percentages zero/invalid in row 11179
Warning: All percentages zero/invalid in row 11180
Warning: All percentages zero/invalid in row 11181
Warning: All percentages zero/invalid in row 11182
Warning: All percentages zero/invalid in row 11183
Warning: All percentages zero/invalid in row 11184
Warning: All percentages zero/invalid in row 11185
Warning: All percentages zero/invalid in row 11186
Warning: All percentages zero/invalid in row 11187
Warning: All percentages zero/invalid in row 11188
Warning: All percentages zero/invalid in row 11189
Warning: All percentages zero/invalid in row 11190
Warning: All percentages zero/invalid in row 11191
Warning: All percentages zero/invalid in row 11192
Warning: All percentages zero/invalid in row 11193
Warning: All percentages zero/invalid in row 11194
Warning: All percentages zero/invalid in row 11195
Warning: All percentages zero/invalid in row 11196
Warning: All percentages zero/invalid in row 11197
Warning: All percentages zero/invalid in row 11198
Warning: All percentages zero/invalid in row 11199
Warning: All percentages zero/invalid in row 11200
Warning: All percentages zero/invalid in row 11201
Warning: All percentages zero/invalid in row 11202
Warning: All percentages zero/invalid in row 11203
Warning: All percentages zero/invalid in row 11204
Warning: All percentages zero/invalid in row 11205
Warning: All percentages zero/invalid in row 11206
Warning: All percentages zero/invalid in row 11207
Warning: All percentages zero/invalid in row 11208
Warning: All percentages zero/invalid in row 11209
Warning: All percentages zero/invalid in row 11210
Warning: All percentages zero/invalid in row 11211
Warning: All percentages zero/invalid in row 11212
Warning: All percentages zero/invalid in row 11213
Warning: All percentages zero/invalid in row 11214
Warning: All percentages zero/invalid in row 11215
Warning: All percentages zero/invalid in row 11216
Warning: All percentages zero/invalid in row 11217
Warning: All percentages zero/invalid in row 11218
Warning: All percentages zero/invalid in row 11219
Warning: All percentages zero/invalid in row 11220
Warning: All percentages zero/invalid in row 11221
Warning: All percentages zero/invalid in row 11222
Warning: All percentages zero/invalid in row 11223
Warning: All percentages zero/invalid in row 11224
Warning: All percentages zero/invalid in row 11225
Warning: All percentages zero/invalid in row 11226
Warning: All percentages zero/invalid in row 11227
Warning: All percentages zero/invalid in row 11228
Warning: All percentages zero/invalid in row 11229
Warning: All percentages zero/invalid in row 11230
Warning: All percentages zero/invalid in row 11231
Warning: All percentages zero/invalid in row 11232
Warning: All percentages zero/invalid in row 11233
Warning: All percentages zero/invalid in row 11234
Warning: All percentages zero/invalid in row 11235
Warning: All percentages zero/invalid in row 11236
Warning: All percentages zero/invalid in row 11237
Warning: All percentages zero/invalid in row 11238
Warning: All percentages zero/invalid in row 11239
Warning: All percentages zero/invalid in row 11240
Warning: All percentages zero/invalid in row 11241
Warning: All percentages zero/invalid in row 11242
Warning: All percentages zero/invalid in row 11243
Warning: All percentages zero/invalid in row 11244
Warning: All percentages zero/invalid in row 11245
Warning: All percentages zero/invalid in row 11246
Warning: All percentages zero/invalid in row 11247
Warning: All percentages zero/invalid in row 11248
Warning: All percentages zero/invalid in row 11249
Warning: All percentages zero/invalid in row 11250
Warning: All percentages zero/invalid in row 11251
Warning: All percentages zero/invalid in row 11252
Warning: All percentages zero/invalid in row 11253
Warning: All percentages zero/invalid in row 11255
Warning: All percentages zero/invalid in row 11256
Warning: All percentages zero/invalid in row 11257
Warning: All percentages zero/invalid in row 11262
Warning: All percentages zero/invalid in row 11263
Warning: All percentages zero/invalid in row 11265
Warning: All percentages zero/invalid in row 11268
Warning: All percentages zero/invalid in row 11269
Warning: All percentages zero/invalid in row 11270
Warning: All percentages zero/invalid in row 11273
Warning: All percentages zero/invalid in row 11276
Warning: All percentages zero/invalid in row 11277
Warning: All percentages zero/invalid in row 11278
Warning: All percentages zero/invalid in row 11279
Warning: All percentages zero/invalid in row 11280
Warning: All percentages zero/invalid in row 11281
Warning: All percentages zero/invalid in row 11282
Warning: All percentages zero/invalid in row 11283
Warning: All percentages zero/invalid in row 11284
Warning: All percentages zero/invalid in row 11287
Warning: All percentages zero/invalid in row 11288
Warning: All percentages zero/invalid in row 11290
Warning: All percentages zero/invalid in row 11293
Warning: All percentages zero/invalid in row 11295
Warning: All percentages zero/invalid in row 11301
Warning: All percentages zero/invalid in row 11302
Warning: All percentages zero/invalid in row 11306
Warning: All percentages zero/invalid in row 11308
Warning: All percentages zero/invalid in row 11309
Warning: All percentages zero/invalid in row 11310
Warning: All percentages zero/invalid in row 11311
Warning: All percentages zero/invalid in row 11313
Warning: All percentages zero/invalid in row 11315
Warning: All percentages zero/invalid in row 11316
Warning: All percentages zero/invalid in row 11317
Warning: All percentages zero/invalid in row 11318
Warning: All percentages zero/invalid in row 11319
Warning: All percentages zero/invalid in row 11320
Warning: All percentages zero/invalid in row 11329
Warning: All percentages zero/invalid in row 11331
Warning: All percentages zero/invalid in row 11336
Warning: All percentages zero/invalid in row 11337
Warning: All percentages zero/invalid in row 11346
Warning: All percentages zero/invalid in row 11349
Warning: All percentages zero/invalid in row 11351
Warning: All percentages zero/invalid in row 11352
Warning: All percentages zero/invalid in row 11353
Warning: All percentages zero/invalid in row 11354
Warning: All percentages zero/invalid in row 11355
Warning: All percentages zero/invalid in row 11356
Warning: All percentages zero/invalid in row 11357
Warning: All percentages zero/invalid in row 11358
Warning: All percentages zero/invalid in row 11359
Warning: All percentages zero/invalid in row 11360
Warning: All percentages zero/invalid in row 11361
Warning: All percentages zero/invalid in row 11362
Warning: All percentages zero/invalid in row 11363
Warning: All percentages zero/invalid in row 11364
Warning: All percentages zero/invalid in row 11365
Warning: All percentages zero/invalid in row 11366
Warning: All percentages zero/invalid in row 11367
Warning: All percentages zero/invalid in row 11368
Warning: All percentages zero/invalid in row 11369
Warning: All percentages zero/invalid in row 11370
Warning: All percentages zero/invalid in row 11371
Warning: All percentages zero/invalid in row 11372
Warning: All percentages zero/invalid in row 11373
Warning: All percentages zero/invalid in row 11374
Warning: All percentages zero/invalid in row 11375
Warning: All percentages zero/invalid in row 11376
Warning: All percentages zero/invalid in row 11377
Warning: All percentages zero/invalid in row 11378
Warning: All percentages zero/invalid in row 11379
Warning: All percentages zero/invalid in row 11380
Warning: All percentages zero/invalid in row 11381
Warning: All percentages zero/invalid in row 11382
Warning: All percentages zero/invalid in row 11383
Warning: All percentages zero/invalid in row 11384
Warning: All percentages zero/invalid in row 11385
Warning: All percentages zero/invalid in row 11386
Warning: All percentages zero/invalid in row 11387
Warning: All percentages zero/invalid in row 11388
Warning: All percentages zero/invalid in row 11443
Warning: All percentages zero/invalid in row 11466
Warning: All percentages zero/invalid in row 11467
Warning: All percentages zero/invalid in row 11468
Warning: All percentages zero/invalid in row 11469
Warning: All percentages zero/invalid in row 11474
Warning: All percentages zero/invalid in row 11484
Warning: All percentages zero/invalid in row 11485
Warning: All percentages zero/invalid in row 11486
Warning: All percentages zero/invalid in row 11487
Warning: All percentages zero/invalid in row 11488
Warning: All percentages zero/invalid in row 11489
Warning: All percentages zero/invalid in row 11490
Warning: All percentages zero/invalid in row 11491
Warning: All percentages zero/invalid in row 11493
Warning: All percentages zero/invalid in row 11494
Warning: All percentages zero/invalid in row 11495
Warning: All percentages zero/invalid in row 11496
Warning: All percentages zero/invalid in row 11497
Warning: All percentages zero/invalid in row 11498
Warning: All percentages zero/invalid in row 11499
Warning: All percentages zero/invalid in row 11500
Warning: All percentages zero/invalid in row 11501
Warning: All percentages zero/invalid in row 11502
Warning: All percentages zero/invalid in row 11503
Warning: All percentages zero/invalid in row 11504
Warning: All percentages zero/invalid in row 11505
Warning: All percentages zero/invalid in row 11506
Warning: All percentages zero/invalid in row 11507
Warning: All percentages zero/invalid in row 11508
Warning: All percentages zero/invalid in row 11509
Warning: All percentages zero/invalid in row 11510
Warning: All percentages zero/invalid in row 11511
Warning: All percentages zero/invalid in row 11512
Warning: All percentages zero/invalid in row 11513
Warning: All percentages zero/invalid in row 11514
Warning: All percentages zero/invalid in row 11515
Warning: All percentages zero/invalid in row 11516
Warning: All percentages zero/invalid in row 11517
Warning: All percentages zero/invalid in row 11523
Warning: All percentages zero/invalid in row 11531
Warning: All percentages zero/invalid in row 11532
Warning: All percentages zero/invalid in row 11536
Warning: All percentages zero/invalid in row 11537
Warning: All percentages zero/invalid in row 11538
Warning: All percentages zero/invalid in row 11539
Warning: All percentages zero/invalid in row 11540
Warning: All percentages zero/invalid in row 11541
Warning: All percentages zero/invalid in row 11542
Warning: All percentages zero/invalid in row 11543
Warning: All percentages zero/invalid in row 11544
Warning: All percentages zero/invalid in row 11545
Warning: All percentages zero/invalid in row 11547
Warning: All percentages zero/invalid in row 11548
Warning: All percentages zero/invalid in row 11551
Warning: All percentages zero/invalid in row 11552
Warning: All percentages zero/invalid in row 11553
Warning: All percentages zero/invalid in row 11554
Warning: All percentages zero/invalid in row 11555
Warning: All percentages zero/invalid in row 11556
Warning: All percentages zero/invalid in row 11557
Warning: All percentages zero/invalid in row 11558
Warning: All percentages zero/invalid in row 11559
Warning: All percentages zero/invalid in row 11560
Warning: All percentages zero/invalid in row 11561
Warning: All percentages zero/invalid in row 11562
Warning: All percentages zero/invalid in row 11563
Warning: All percentages zero/invalid in row 11564
Warning: All percentages zero/invalid in row 11565
Warning: All percentages zero/invalid in row 11566
Warning: All percentages zero/invalid in row 11567
Warning: All percentages zero/invalid in row 11568
Warning: All percentages zero/invalid in row 11569
Warning: All percentages zero/invalid in row 11570
Warning: All percentages zero/invalid in row 11571
Warning: All percentages zero/invalid in row 11572
Warning: All percentages zero/invalid in row 11573
Warning: All percentages zero/invalid in row 11574
Warning: All percentages zero/invalid in row 11575
Warning: All percentages zero/invalid in row 11576
Warning: All percentages zero/invalid in row 11577
Warning: All percentages zero/invalid in row 11578
Warning: All percentages zero/invalid in row 11579
Warning: All percentages zero/invalid in row 11580
Warning: All percentages zero/invalid in row 11581
Warning: All percentages zero/invalid in row 11582
Warning: All percentages zero/invalid in row 11583
Warning: All percentages zero/invalid in row 11584
Warning: All percentages zero/invalid in row 11585
Warning: All percentages zero/invalid in row 11586
Warning: All percentages zero/invalid in row 11587
Warning: All percentages zero/invalid in row 11588
Warning: All percentages zero/invalid in row 11589
Warning: All percentages zero/invalid in row 11590
Warning: All percentages zero/invalid in row 11591
Warning: All percentages zero/invalid in row 11592
Warning: All percentages zero/invalid in row 11593
Warning: All percentages zero/invalid in row 11594
Warning: All percentages zero/invalid in row 11595
Warning: All percentages zero/invalid in row 11596
Warning: All percentages zero/invalid in row 11597
Warning: All percentages zero/invalid in row 11598
Warning: All percentages zero/invalid in row 11599
Warning: All percentages zero/invalid in row 11600
Warning: All percentages zero/invalid in row 11601
Warning: All percentages zero/invalid in row 11602
Warning: All percentages zero/invalid in row 11603
Warning: All percentages zero/invalid in row 11604
Warning: All percentages zero/invalid in row 11605
Warning: All percentages zero/invalid in row 11606
Warning: All percentages zero/invalid in row 11607
Warning: All percentages zero/invalid in row 11608
Warning: All percentages zero/invalid in row 11609
Warning: All percentages zero/invalid in row 11610
Warning: All percentages zero/invalid in row 11611
Warning: All percentages zero/invalid in row 11612
Warning: All percentages zero/invalid in row 11613
Warning: All percentages zero/invalid in row 11618
Warning: All percentages zero/invalid in row 11621
Warning: All percentages zero/invalid in row 11879
Warning: All percentages zero/invalid in row 11880
Warning: All percentages zero/invalid in row 11881
Warning: All percentages zero/invalid in row 11882
Warning: All percentages zero/invalid in row 11883
Warning: All percentages zero/invalid in row 11884
Warning: All percentages zero/invalid in row 11885
Warning: All percentages zero/invalid in row 11886
Warning: All percentages zero/invalid in row 11887
Warning: All percentages zero/invalid in row 11888
Warning: All percentages zero/invalid in row 11889
Warning: All percentages zero/invalid in row 11890
Warning: All percentages zero/invalid in row 11891
Warning: All percentages zero/invalid in row 11892
Warning: All percentages zero/invalid in row 11893
Warning: All percentages zero/invalid in row 11894
Warning: All percentages zero/invalid in row 11895
Warning: All percentages zero/invalid in row 11896
Warning: All percentages zero/invalid in row 11897
Warning: All percentages zero/invalid in row 11898
Warning: All percentages zero/invalid in row 11899
Warning: All percentages zero/invalid in row 11900
Warning: All percentages zero/invalid in row 11901
Warning: All percentages zero/invalid in row 11902
Warning: All percentages zero/invalid in row 11903
Warning: All percentages zero/invalid in row 11904
Warning: All percentages zero/invalid in row 11905
Warning: All percentages zero/invalid in row 11906
Warning: All percentages zero/invalid in row 11907
Warning: All percentages zero/invalid in row 11908
Warning: All percentages zero/invalid in row 11909
Warning: All percentages zero/invalid in row 11910
Warning: All percentages zero/invalid in row 11911
Warning: All percentages zero/invalid in row 11912
Warning: All percentages zero/invalid in row 11913
Warning: All percentages zero/invalid in row 11914
Warning: All percentages zero/invalid in row 11915
Warning: All percentages zero/invalid in row 11916
Warning: All percentages zero/invalid in row 11917
Warning: All percentages zero/invalid in row 11918
Warning: All percentages zero/invalid in row 11919
Warning: All percentages zero/invalid in row 11920
Warning: All percentages zero/invalid in row 11921
Warning: All percentages zero/invalid in row 11922
Warning: All percentages zero/invalid in row 11923
Warning: All percentages zero/invalid in row 11924
Warning: All percentages zero/invalid in row 11925
Warning: All percentages zero/invalid in row 11926
Warning: All percentages zero/invalid in row 11927
Warning: All percentages zero/invalid in row 11928
Warning: All percentages zero/invalid in row 11929
Warning: All percentages zero/invalid in row 11930
Warning: All percentages zero/invalid in row 11931
Warning: All percentages zero/invalid in row 11932
Warning: All percentages zero/invalid in row 11933
Warning: All percentages zero/invalid in row 11934
Warning: All percentages zero/invalid in row 11935
Warning: All percentages zero/invalid in row 11936
Warning: All percentages zero/invalid in row 11937
Warning: All percentages zero/invalid in row 11938
Warning: All percentages zero/invalid in row 11943
Warning: All percentages zero/invalid in row 11958
Warning: All percentages zero/invalid in row 11959
Warning: All percentages zero/invalid in row 11960
Warning: All percentages zero/invalid in row 11961
Warning: All percentages zero/invalid in row 11962
Warning: All percentages zero/invalid in row 11963
Warning: All percentages zero/invalid in row 11964
Warning: All percentages zero/invalid in row 11965
Warning: All percentages zero/invalid in row 11966
Warning: All percentages zero/invalid in row 11983
Warning: All percentages zero/invalid in row 11984
Warning: All percentages zero/invalid in row 11986
Warning: All percentages zero/invalid in row 11987
Warning: All percentages zero/invalid in row 11988
Warning: All percentages zero/invalid in row 11989
Warning: All percentages zero/invalid in row 11990
Warning: All percentages zero/invalid in row 11991
Warning: All percentages zero/invalid in row 12072
Warning: All percentages zero/invalid in row 12073
Warning: All percentages zero/invalid in row 12074
Warning: All percentages zero/invalid in row 12075
Warning: All percentages zero/invalid in row 12076
Warning: All percentages zero/invalid in row 12077
Warning: All percentages zero/invalid in row 12078
Warning: All percentages zero/invalid in row 12079
Warning: All percentages zero/invalid in row 12080
Warning: All percentages zero/invalid in row 12081
Warning: All percentages zero/invalid in row 12082
Warning: All percentages zero/invalid in row 12083
Warning: All percentages zero/invalid in row 12084
Warning: All percentages zero/invalid in row 12085
Warning: All percentages zero/invalid in row 12086
Warning: All percentages zero/invalid in row 12087
Warning: All percentages zero/invalid in row 12088
Warning: All percentages zero/invalid in row 12089
Warning: All percentages zero/invalid in row 12099
Warning: All percentages zero/invalid in row 12100
Warning: All percentages zero/invalid in row 12101
Warning: All percentages zero/invalid in row 12102
Warning: All percentages zero/invalid in row 12103
Warning: All percentages zero/invalid in row 12104
Warning: All percentages zero/invalid in row 12105
Warning: All percentages zero/invalid in row 12106
Warning: All percentages zero/invalid in row 12107
Warning: All percentages zero/invalid in row 12108
Warning: All percentages zero/invalid in row 12109
Warning: All percentages zero/invalid in row 12110
Warning: All percentages zero/invalid in row 12111
Warning: All percentages zero/invalid in row 12112
Warning: All percentages zero/invalid in row 12113
Warning: All percentages zero/invalid in row 12114
Warning: All percentages zero/invalid in row 12115
Warning: All percentages zero/invalid in row 12116
Warning: All percentages zero/invalid in row 12117
Warning: All percentages zero/invalid in row 12118
Warning: All percentages zero/invalid in row 12119
Warning: All percentages zero/invalid in row 12120
Warning: All percentages zero/invalid in row 12121
Warning: All percentages zero/invalid in row 12122
Warning: All percentages zero/invalid in row 12123
Warning: All percentages zero/invalid in row 12124
Warning: All percentages zero/invalid in row 12125
Warning: All percentages zero/invalid in row 12126
Warning: All percentages zero/invalid in row 12127
Warning: All percentages zero/invalid in row 12128
Warning: All percentages zero/invalid in row 12129
Warning: All percentages zero/invalid in row 12130
Warning: All percentages zero/invalid in row 12131
Warning: All percentages zero/invalid in row 12132
Warning: All percentages zero/invalid in row 12133
Warning: All percentages zero/invalid in row 12134
Warning: All percentages zero/invalid in row 12135
Warning: All percentages zero/invalid in row 12136
Warning: All percentages zero/invalid in row 12137
Warning: All percentages zero/invalid in row 12138
Warning: All percentages zero/invalid in row 12139
Warning: All percentages zero/invalid in row 12140
Warning: All percentages zero/invalid in row 12141
Warning: All percentages zero/invalid in row 12142
Warning: All percentages zero/invalid in row 12143
Warning: All percentages zero/invalid in row 12144
Warning: All percentages zero/invalid in row 12145
Warning: All percentages zero/invalid in row 12146
Warning: All percentages zero/invalid in row 12147
Warning: All percentages zero/invalid in row 12148
Warning: All percentages zero/invalid in row 12149
Warning: All percentages zero/invalid in row 12150
Warning: All percentages zero/invalid in row 12151
Warning: All percentages zero/invalid in row 12152
Warning: All percentages zero/invalid in row 12153
Warning: All percentages zero/invalid in row 12154
Warning: All percentages zero/invalid in row 12155
Warning: All percentages zero/invalid in row 12156
Warning: All percentages zero/invalid in row 12157
Warning: All percentages zero/invalid in row 12158
Warning: All percentages zero/invalid in row 12159
Warning: All percentages zero/invalid in row 12160
Warning: All percentages zero/invalid in row 12161
Warning: All percentages zero/invalid in row 12162
Warning: All percentages zero/invalid in row 12163
Warning: All percentages zero/invalid in row 12164
Warning: All percentages zero/invalid in row 12165
Warning: All percentages zero/invalid in row 12166
Warning: All percentages zero/invalid in row 12167
Warning: All percentages zero/invalid in row 12168
Warning: All percentages zero/invalid in row 12169
Warning: All percentages zero/invalid in row 12170
Warning: All percentages zero/invalid in row 12171
Warning: All percentages zero/invalid in row 12172
Warning: All percentages zero/invalid in row 12173
Warning: All percentages zero/invalid in row 12174
Warning: All percentages zero/invalid in row 12175
Warning: All percentages zero/invalid in row 12176
Warning: All percentages zero/invalid in row 12177
Warning: All percentages zero/invalid in row 12178
Warning: All percentages zero/invalid in row 12179
Warning: All percentages zero/invalid in row 12180
Warning: All percentages zero/invalid in row 12181
Warning: All percentages zero/invalid in row 12182
Warning: All percentages zero/invalid in row 12183
Warning: All percentages zero/invalid in row 12184
Warning: All percentages zero/invalid in row 12185
Warning: All percentages zero/invalid in row 12186
Warning: All percentages zero/invalid in row 12187
Warning: All percentages zero/invalid in row 12188
Warning: All percentages zero/invalid in row 12189
Warning: All percentages zero/invalid in row 12190
Warning: All percentages zero/invalid in row 12191
Warning: All percentages zero/invalid in row 12192
Warning: All percentages zero/invalid in row 12193
Warning: All percentages zero/invalid in row 12194
Warning: All percentages zero/invalid in row 12195
Warning: All percentages zero/invalid in row 12196
Warning: All percentages zero/invalid in row 12197
Warning: All percentages zero/invalid in row 12198
Warning: All percentages zero/invalid in row 12199
Warning: All percentages zero/invalid in row 12200
Warning: All percentages zero/invalid in row 12201
Warning: All percentages zero/invalid in row 12202
Warning: All percentages zero/invalid in row 12203
Warning: All percentages zero/invalid in row 12204
Warning: All percentages zero/invalid in row 12205
Warning: All percentages zero/invalid in row 12206
Warning: All percentages zero/invalid in row 12207
Warning: All percentages zero/invalid in row 12208
Warning: All percentages zero/invalid in row 12209
Warning: All percentages zero/invalid in row 12210
Warning: All percentages zero/invalid in row 12211
Warning: All percentages zero/invalid in row 12212
Warning: All percentages zero/invalid in row 12213
Warning: All percentages zero/invalid in row 12214
Warning: All percentages zero/invalid in row 12215
Warning: All percentages zero/invalid in row 12216
Warning: All percentages zero/invalid in row 12217
Warning: All percentages zero/invalid in row 12218
Warning: All percentages zero/invalid in row 12219
Warning: All percentages zero/invalid in row 12220
Warning: All percentages zero/invalid in row 12221
Warning: All percentages zero/invalid in row 12222
Warning: All percentages zero/invalid in row 12223
Warning: All percentages zero/invalid in row 12224
Warning: All percentages zero/invalid in row 12225
Warning: All percentages zero/invalid in row 12226
Warning: All percentages zero/invalid in row 12227
Warning: All percentages zero/invalid in row 12228
Warning: All percentages zero/invalid in row 12229
Warning: All percentages zero/invalid in row 12230
Warning: All percentages zero/invalid in row 12231
Warning: All percentages zero/invalid in row 12232
Warning: All percentages zero/invalid in row 12233
Warning: All percentages zero/invalid in row 12234
Warning: All percentages zero/invalid in row 12235
Warning: All percentages zero/invalid in row 12236
Warning: All percentages zero/invalid in row 12237
Warning: All percentages zero/invalid in row 12238
Warning: All percentages zero/invalid in row 12239
Warning: All percentages zero/invalid in row 12240
Warning: All percentages zero/invalid in row 12241
Warning: All percentages zero/invalid in row 12242
Warning: All percentages zero/invalid in row 12243
Warning: All percentages zero/invalid in row 12244
Warning: All percentages zero/invalid in row 12245
Warning: All percentages zero/invalid in row 12246
Warning: All percentages zero/invalid in row 12247
Warning: All percentages zero/invalid in row 12248
Warning: All percentages zero/invalid in row 12249
Warning: All percentages zero/invalid in row 12250
Warning: All percentages zero/invalid in row 12251
Warning: All percentages zero/invalid in row 12252
Warning: All percentages zero/invalid in row 12253
Warning: All percentages zero/invalid in row 12254
Warning: All percentages zero/invalid in row 12255
Warning: All percentages zero/invalid in row 12256
Warning: All percentages zero/invalid in row 12257
Warning: All percentages zero/invalid in row 12258
Warning: All percentages zero/invalid in row 12259
Warning: All percentages zero/invalid in row 12260
Warning: All percentages zero/invalid in row 12261
Warning: All percentages zero/invalid in row 12262
Warning: All percentages zero/invalid in row 12263
Warning: All percentages zero/invalid in row 12264
Warning: All percentages zero/invalid in row 12265
Warning: All percentages zero/invalid in row 12266
Warning: All percentages zero/invalid in row 12267
Warning: All percentages zero/invalid in row 12268
Warning: All percentages zero/invalid in row 12269
Warning: All percentages zero/invalid in row 12270
Warning: All percentages zero/invalid in row 12271
Warning: All percentages zero/invalid in row 12272
Warning: All percentages zero/invalid in row 12273
Warning: All percentages zero/invalid in row 12274
Warning: All percentages zero/invalid in row 12275
Warning: All percentages zero/invalid in row 12276
Warning: All percentages zero/invalid in row 12277
Warning: All percentages zero/invalid in row 12278
Warning: All percentages zero/invalid in row 12279
Warning: All percentages zero/invalid in row 12280
Warning: All percentages zero/invalid in row 12281
Warning: All percentages zero/invalid in row 12282
Warning: All percentages zero/invalid in row 12283
Warning: All percentages zero/invalid in row 12284
Warning: All percentages zero/invalid in row 12285
Warning: All percentages zero/invalid in row 12286
Warning: All percentages zero/invalid in row 12287
Warning: All percentages zero/invalid in row 12288
Warning: All percentages zero/invalid in row 12289
Warning: All percentages zero/invalid in row 12292
Warning: All percentages zero/invalid in row 12293
Warning: All percentages zero/invalid in row 12294
Warning: All percentages zero/invalid in row 12296
Warning: All percentages zero/invalid in row 12299
Warning: All percentages zero/invalid in row 12300
Warning: All percentages zero/invalid in row 12301
Warning: All percentages zero/invalid in row 12302
Warning: All percentages zero/invalid in row 12303
Warning: All percentages zero/invalid in row 12306
Warning: All percentages zero/invalid in row 12307
Warning: All percentages zero/invalid in row 12308
Warning: All percentages zero/invalid in row 12309
Warning: All percentages zero/invalid in row 12310
Warning: All percentages zero/invalid in row 12311
Warning: All percentages zero/invalid in row 12314
Warning: All percentages zero/invalid in row 12315
Warning: All percentages zero/invalid in row 12316
Warning: All percentages zero/invalid in row 12320
Warning: All percentages zero/invalid in row 12321
Warning: All percentages zero/invalid in row 12322
Warning: All percentages zero/invalid in row 12323
Warning: All percentages zero/invalid in row 12326
Warning: All percentages zero/invalid in row 12327
Warning: All percentages zero/invalid in row 12328
Warning: All percentages zero/invalid in row 12329
Warning: All percentages zero/invalid in row 12332
Warning: All percentages zero/invalid in row 12333
Warning: All percentages zero/invalid in row 12339
Warning: All percentages zero/invalid in row 12343
Warning: All percentages zero/invalid in row 12344
Warning: All percentages zero/invalid in row 12345
Warning: All percentages zero/invalid in row 12346
Warning: All percentages zero/invalid in row 12347
Warning: All percentages zero/invalid in row 12348
Warning: All percentages zero/invalid in row 12349
Warning: All percentages zero/invalid in row 12350
Warning: All percentages zero/invalid in row 12351
Warning: All percentages zero/invalid in row 12352
Warning: All percentages zero/invalid in row 12353
Warning: All percentages zero/invalid in row 12354
Warning: All percentages zero/invalid in row 12355
Warning: All percentages zero/invalid in row 12356
Warning: All percentages zero/invalid in row 12357
Warning: All percentages zero/invalid in row 12358
Warning: All percentages zero/invalid in row 12359
Warning: All percentages zero/invalid in row 12360
Warning: All percentages zero/invalid in row 12361
Warning: All percentages zero/invalid in row 12362
Warning: All percentages zero/invalid in row 12363
Warning: All percentages zero/invalid in row 12364
Warning: All percentages zero/invalid in row 12365
Warning: All percentages zero/invalid in row 12366
Warning: All percentages zero/invalid in row 12367
Warning: All percentages zero/invalid in row 12368
Warning: All percentages zero/invalid in row 12369
Warning: All percentages zero/invalid in row 12370
Warning: All percentages zero/invalid in row 12371
Warning: All percentages zero/invalid in row 12372
Warning: All percentages zero/invalid in row 12373
Warning: All percentages zero/invalid in row 12374
Warning: All percentages zero/invalid in row 12375
Warning: All percentages zero/invalid in row 12376
Warning: All percentages zero/invalid in row 12377
Warning: All percentages zero/invalid in row 12378
Warning: All percentages zero/invalid in row 12379
Warning: All percentages zero/invalid in row 12380
Warning: All percentages zero/invalid in row 12381
Warning: All percentages zero/invalid in row 12382
Warning: All percentages zero/invalid in row 12383
Warning: All percentages zero/invalid in row 12384
Warning: All percentages zero/invalid in row 12385
Warning: All percentages zero/invalid in row 12386
Warning: All percentages zero/invalid in row 12387
Warning: All percentages zero/invalid in row 12388
Warning: All percentages zero/invalid in row 12389
Warning: All percentages zero/invalid in row 12390
Warning: All percentages zero/invalid in row 12391
Warning: All percentages zero/invalid in row 12392
Warning: All percentages zero/invalid in row 12393
Warning: All percentages zero/invalid in row 12394
Warning: All percentages zero/invalid in row 12395
Warning: All percentages zero/invalid in row 12396
Warning: All percentages zero/invalid in row 12397
Warning: All percentages zero/invalid in row 12398
Warning: All percentages zero/invalid in row 12399
Warning: All percentages zero/invalid in row 12400
Warning: All percentages zero/invalid in row 12401
Warning: All percentages zero/invalid in row 12402
Warning: All percentages zero/invalid in row 12403
Warning: All percentages zero/invalid in row 12404
Warning: All percentages zero/invalid in row 12405
Warning: All percentages zero/invalid in row 12406
Warning: All percentages zero/invalid in row 12408
Warning: All percentages zero/invalid in row 12410
Warning: All percentages zero/invalid in row 12413
Warning: All percentages zero/invalid in row 12414
Warning: All percentages zero/invalid in row 12415
Warning: All percentages zero/invalid in row 12416
Warning: All percentages zero/invalid in row 12417
Warning: All percentages zero/invalid in row 12418
Warning: All percentages zero/invalid in row 12419
Warning: All percentages zero/invalid in row 12420
Warning: All percentages zero/invalid in row 12421
Warning: All percentages zero/invalid in row 12422
Warning: All percentages zero/invalid in row 12423
Warning: All percentages zero/invalid in row 12424
Warning: All percentages zero/invalid in row 12425
Warning: All percentages zero/invalid in row 12426
Warning: All percentages zero/invalid in row 12427
Warning: All percentages zero/invalid in row 12428
Warning: All percentages zero/invalid in row 12429
Warning: All percentages zero/invalid in row 12430
Warning: All percentages zero/invalid in row 12431
Warning: All percentages zero/invalid in row 12432
Warning: All percentages zero/invalid in row 12433
Warning: All percentages zero/invalid in row 12434
Warning: All percentages zero/invalid in row 12435
Warning: All percentages zero/invalid in row 12436
Warning: All percentages zero/invalid in row 12437
Warning: All percentages zero/invalid in row 12438
Warning: All percentages zero/invalid in row 12439
Warning: All percentages zero/invalid in row 12440
Warning: All percentages zero/invalid in row 12441
Warning: All percentages zero/invalid in row 12442
Warning: All percentages zero/invalid in row 12443
Warning: All percentages zero/invalid in row 12444
Warning: All percentages zero/invalid in row 12445
Warning: All percentages zero/invalid in row 12446
Warning: All percentages zero/invalid in row 12447
Warning: All percentages zero/invalid in row 12448
Warning: All percentages zero/invalid in row 12449
Warning: All percentages zero/invalid in row 12450
Warning: All percentages zero/invalid in row 12451
Warning: All percentages zero/invalid in row 12452
Warning: All percentages zero/invalid in row 12453
Warning: All percentages zero/invalid in row 12454
Warning: All percentages zero/invalid in row 12455
Warning: All percentages zero/invalid in row 12456
Warning: All percentages zero/invalid in row 12457
Warning: All percentages zero/invalid in row 12458
Warning: All percentages zero/invalid in row 12459
Warning: All percentages zero/invalid in row 12460
Warning: All percentages zero/invalid in row 12461
Warning: All percentages zero/invalid in row 12462
Warning: All percentages zero/invalid in row 12463
Warning: All percentages zero/invalid in row 12464
Warning: All percentages zero/invalid in row 12465
Warning: All percentages zero/invalid in row 12466
Warning: All percentages zero/invalid in row 12467
Warning: All percentages zero/invalid in row 12468
Warning: All percentages zero/invalid in row 12469
Warning: All percentages zero/invalid in row 12470
Warning: All percentages zero/invalid in row 12471
Warning: All percentages zero/invalid in row 12472
Warning: All percentages zero/invalid in row 12473
Warning: All percentages zero/invalid in row 12474
Warning: All percentages zero/invalid in row 12475
Warning: All percentages zero/invalid in row 12476
Warning: All percentages zero/invalid in row 12477
Warning: All percentages zero/invalid in row 12478
Warning: All percentages zero/invalid in row 12479
Warning: All percentages zero/invalid in row 12480
Warning: All percentages zero/invalid in row 12481
Warning: All percentages zero/invalid in row 12482
Warning: All percentages zero/invalid in row 12483
Warning: All percentages zero/invalid in row 12484
Warning: All percentages zero/invalid in row 12485
Warning: All percentages zero/invalid in row 12486
Warning: All percentages zero/invalid in row 12487
Warning: All percentages zero/invalid in row 12488
Warning: All percentages zero/invalid in row 12489
Warning: All percentages zero/invalid in row 12490
Warning: All percentages zero/invalid in row 12491
Warning: All percentages zero/invalid in row 12492
Warning: All percentages zero/invalid in row 12493
Warning: All percentages zero/invalid in row 12494
Warning: All percentages zero/invalid in row 12495
Warning: All percentages zero/invalid in row 12496
Warning: All percentages zero/invalid in row 12497
Warning: All percentages zero/invalid in row 12498
Warning: All percentages zero/invalid in row 12499
Warning: All percentages zero/invalid in row 12500
Warning: All percentages zero/invalid in row 12501
Warning: All percentages zero/invalid in row 12502
Warning: All percentages zero/invalid in row 12503
Warning: All percentages zero/invalid in row 12504
Warning: All percentages zero/invalid in row 12505
Warning: All percentages zero/invalid in row 12506
Warning: All percentages zero/invalid in row 12507
Warning: All percentages zero/invalid in row 12508
Warning: All percentages zero/invalid in row 12509
Warning: All percentages zero/invalid in row 12510
Warning: All percentages zero/invalid in row 12511
Warning: All percentages zero/invalid in row 12512
Warning: All percentages zero/invalid in row 12513
Warning: All percentages zero/invalid in row 12514
Warning: All percentages zero/invalid in row 12515
Warning: All percentages zero/invalid in row 12516
Warning: All percentages zero/invalid in row 12517
Warning: All percentages zero/invalid in row 12518
Warning: All percentages zero/invalid in row 12519
Warning: All percentages zero/invalid in row 12520
Warning: All percentages zero/invalid in row 12521
Warning: All percentages zero/invalid in row 12522
Warning: All percentages zero/invalid in row 12523
Warning: All percentages zero/invalid in row 12524
Warning: All percentages zero/invalid in row 12525
Warning: All percentages zero/invalid in row 12526
Warning: All percentages zero/invalid in row 12527
Warning: All percentages zero/invalid in row 12528
Warning: All percentages zero/invalid in row 12529
Warning: All percentages zero/invalid in row 12530
Warning: All percentages zero/invalid in row 12531
Warning: All percentages zero/invalid in row 12532
Warning: All percentages zero/invalid in row 12533
Warning: All percentages zero/invalid in row 12534
Warning: All percentages zero/invalid in row 12535
Warning: All percentages zero/invalid in row 12536
Warning: All percentages zero/invalid in row 12537
Warning: All percentages zero/invalid in row 12538
Warning: All percentages zero/invalid in row 12539
Warning: All percentages zero/invalid in row 12540
Warning: All percentages zero/invalid in row 12541
Warning: All percentages zero/invalid in row 12542
Warning: All percentages zero/invalid in row 12543
Warning: All percentages zero/invalid in row 12544
Warning: All percentages zero/invalid in row 12545
Warning: All percentages zero/invalid in row 12546
Warning: All percentages zero/invalid in row 12547
Warning: All percentages zero/invalid in row 12548
Warning: All percentages zero/invalid in row 12549
Warning: All percentages zero/invalid in row 12550
Warning: All percentages zero/invalid in row 12551
Warning: All percentages zero/invalid in row 12552
Warning: All percentages zero/invalid in row 12553
Warning: All percentages zero/invalid in row 12554
Warning: All percentages zero/invalid in row 12555
Warning: All percentages zero/invalid in row 12556
Warning: All percentages zero/invalid in row 12557
Warning: All percentages zero/invalid in row 12558
Warning: All percentages zero/invalid in row 12559
Warning: All percentages zero/invalid in row 12560
Warning: All percentages zero/invalid in row 12561
Warning: All percentages zero/invalid in row 12562
Warning: All percentages zero/invalid in row 12563
Warning: All percentages zero/invalid in row 12564
Warning: All percentages zero/invalid in row 12565
Warning: All percentages zero/invalid in row 12566
Warning: All percentages zero/invalid in row 12567
Warning: All percentages zero/invalid in row 12568
Warning: All percentages zero/invalid in row 12569
Warning: All percentages zero/invalid in row 12570
Warning: All percentages zero/invalid in row 12571
Warning: All percentages zero/invalid in row 12572
Warning: All percentages zero/invalid in row 12573
Warning: All percentages zero/invalid in row 12574
Warning: All percentages zero/invalid in row 12575
Warning: All percentages zero/invalid in row 12576
Warning: All percentages zero/invalid in row 12577
Warning: All percentages zero/invalid in row 12578
Warning: All percentages zero/invalid in row 12579
Warning: All percentages zero/invalid in row 12580
Warning: All percentages zero/invalid in row 12581
Warning: All percentages zero/invalid in row 12582
Warning: All percentages zero/invalid in row 12583
Warning: All percentages zero/invalid in row 12584
Warning: All percentages zero/invalid in row 12585
Warning: All percentages zero/invalid in row 12586
Warning: All percentages zero/invalid in row 12587
Warning: All percentages zero/invalid in row 12588
Warning: All percentages zero/invalid in row 12589
Warning: All percentages zero/invalid in row 12590
Warning: All percentages zero/invalid in row 12591
Warning: All percentages zero/invalid in row 12592
Warning: All percentages zero/invalid in row 12593
Warning: All percentages zero/invalid in row 12594
Warning: All percentages zero/invalid in row 12595
Warning: All percentages zero/invalid in row 12596
Warning: All percentages zero/invalid in row 12597
Warning: All percentages zero/invalid in row 12598
Warning: All percentages zero/invalid in row 12599
Warning: All percentages zero/invalid in row 12600
Warning: All percentages zero/invalid in row 12601
Warning: All percentages zero/invalid in row 12602
Warning: All percentages zero/invalid in row 12603
Warning: All percentages zero/invalid in row 12604
Warning: All percentages zero/invalid in row 12605
Warning: All percentages zero/invalid in row 12606
Warning: All percentages zero/invalid in row 12607
Warning: All percentages zero/invalid in row 12608
Warning: All percentages zero/invalid in row 12609
Warning: All percentages zero/invalid in row 12610
Warning: All percentages zero/invalid in row 12611
Warning: All percentages zero/invalid in row 12612
Warning: All percentages zero/invalid in row 12613
Warning: All percentages zero/invalid in row 12614
Warning: All percentages zero/invalid in row 12615
Warning: All percentages zero/invalid in row 12616
Warning: All percentages zero/invalid in row 12617
Warning: All percentages zero/invalid in row 12618
Warning: All percentages zero/invalid in row 12619
Warning: All percentages zero/invalid in row 12620
Warning: All percentages zero/invalid in row 12621
Warning: All percentages zero/invalid in row 12622
Warning: All percentages zero/invalid in row 12623
Warning: All percentages zero/invalid in row 12624
Warning: All percentages zero/invalid in row 12625
Warning: All percentages zero/invalid in row 12626
Warning: All percentages zero/invalid in row 12627
Warning: All percentages zero/invalid in row 12628
Warning: All percentages zero/invalid in row 12629
Warning: All percentages zero/invalid in row 12630
Warning: All percentages zero/invalid in row 12631
Warning: All percentages zero/invalid in row 12632
Warning: All percentages zero/invalid in row 12633
Warning: All percentages zero/invalid in row 12634
Warning: All percentages zero/invalid in row 12635
Warning: All percentages zero/invalid in row 12636
Warning: All percentages zero/invalid in row 12637
Warning: All percentages zero/invalid in row 12638
Warning: All percentages zero/invalid in row 12639
Warning: All percentages zero/invalid in row 12640
Warning: All percentages zero/invalid in row 12641
Warning: All percentages zero/invalid in row 12642
Warning: All percentages zero/invalid in row 12643
Warning: All percentages zero/invalid in row 12644
Warning: All percentages zero/invalid in row 12645
Warning: All percentages zero/invalid in row 12646
Warning: All percentages zero/invalid in row 12647
Warning: All percentages zero/invalid in row 12648
Warning: All percentages zero/invalid in row 12649
Warning: All percentages zero/invalid in row 12650
Warning: All percentages zero/invalid in row 12651
Warning: All percentages zero/invalid in row 12652
Warning: All percentages zero/invalid in row 12653
Warning: All percentages zero/invalid in row 12654
Warning: All percentages zero/invalid in row 12655
Warning: All percentages zero/invalid in row 12656
Warning: All percentages zero/invalid in row 12657
Warning: All percentages zero/invalid in row 12658
Warning: All percentages zero/invalid in row 12659
Warning: All percentages zero/invalid in row 12660
Warning: All percentages zero/invalid in row 12661
Warning: All percentages zero/invalid in row 12662
Warning: All percentages zero/invalid in row 12663
Warning: All percentages zero/invalid in row 12664
Warning: All percentages zero/invalid in row 12665
Warning: All percentages zero/invalid in row 12666
Warning: All percentages zero/invalid in row 12667
Warning: All percentages zero/invalid in row 12668
Warning: All percentages zero/invalid in row 12669
Warning: All percentages zero/invalid in row 12670
Warning: All percentages zero/invalid in row 12671
Warning: All percentages zero/invalid in row 12672
Warning: All percentages zero/invalid in row 12673
Warning: All percentages zero/invalid in row 12674
Warning: All percentages zero/invalid in row 12675
Warning: All percentages zero/invalid in row 12676
Warning: All percentages zero/invalid in row 12677
Warning: All percentages zero/invalid in row 12678
Warning: All percentages zero/invalid in row 12679
Warning: All percentages zero/invalid in row 12680
Warning: All percentages zero/invalid in row 12681
Warning: All percentages zero/invalid in row 12682
Warning: All percentages zero/invalid in row 12683
Warning: All percentages zero/invalid in row 12684
Warning: All percentages zero/invalid in row 12685
Warning: All percentages zero/invalid in row 12686
Warning: All percentages zero/invalid in row 12687
Warning: All percentages zero/invalid in row 12688
Warning: All percentages zero/invalid in row 12689
Warning: All percentages zero/invalid in row 12691
Warning: All percentages zero/invalid in row 12692
Warning: All percentages zero/invalid in row 12693
Warning: All percentages zero/invalid in row 12694
Warning: All percentages zero/invalid in row 12695
Warning: All percentages zero/invalid in row 12696
Warning: All percentages zero/invalid in row 12697
Warning: All percentages zero/invalid in row 12698
Warning: All percentages zero/invalid in row 12699
Warning: All percentages zero/invalid in row 12700
Warning: All percentages zero/invalid in row 12701
Warning: All percentages zero/invalid in row 12703
Warning: All percentages zero/invalid in row 12704
Warning: All percentages zero/invalid in row 12705
Warning: All percentages zero/invalid in row 12706
Warning: All percentages zero/invalid in row 12707
Warning: All percentages zero/invalid in row 12708
Warning: All percentages zero/invalid in row 12709
Warning: All percentages zero/invalid in row 12711
Warning: All percentages zero/invalid in row 12713
Warning: All percentages zero/invalid in row 12714
Warning: All percentages zero/invalid in row 12715
Warning: All percentages zero/invalid in row 12716
Warning: All percentages zero/invalid in row 12717
Warning: All percentages zero/invalid in row 12718
Warning: All percentages zero/invalid in row 12719
Warning: All percentages zero/invalid in row 12722
Warning: All percentages zero/invalid in row 12724
Warning: All percentages zero/invalid in row 12725
Warning: All percentages zero/invalid in row 12726
Warning: All percentages zero/invalid in row 12727
Warning: All percentages zero/invalid in row 12728
Warning: All percentages zero/invalid in row 12729
Warning: All percentages zero/invalid in row 12730
Warning: All percentages zero/invalid in row 12732
Warning: All percentages zero/invalid in row 12733
Warning: All percentages zero/invalid in row 12734
Warning: All percentages zero/invalid in row 12735
Warning: All percentages zero/invalid in row 12736
Warning: All percentages zero/invalid in row 12737
Warning: All percentages zero/invalid in row 12738
Warning: All percentages zero/invalid in row 12739
Warning: All percentages zero/invalid in row 12740
Warning: All percentages zero/invalid in row 12741
Warning: All percentages zero/invalid in row 12743
Warning: All percentages zero/invalid in row 12744
Warning: All percentages zero/invalid in row 12745
Warning: All percentages zero/invalid in row 12746
Warning: All percentages zero/invalid in row 12747
Warning: All percentages zero/invalid in row 12748
Warning: All percentages zero/invalid in row 12749
Warning: All percentages zero/invalid in row 12750
Warning: All percentages zero/invalid in row 12753
Warning: All percentages zero/invalid in row 12754
Warning: All percentages zero/invalid in row 12755
Warning: All percentages zero/invalid in row 12756
Warning: All percentages zero/invalid in row 12759
Warning: All percentages zero/invalid in row 12761
Warning: All percentages zero/invalid in row 12762
Warning: All percentages zero/invalid in row 12763
Warning: All percentages zero/invalid in row 12764
Warning: All percentages zero/invalid in row 12765
Warning: All percentages zero/invalid in row 12766
Warning: All percentages zero/invalid in row 12767
Warning: All percentages zero/invalid in row 12769
Warning: All percentages zero/invalid in row 12770
Warning: All percentages zero/invalid in row 12771
Warning: All percentages zero/invalid in row 12772
Warning: All percentages zero/invalid in row 12773
Warning: All percentages zero/invalid in row 12774
Warning: All percentages zero/invalid in row 12775
Warning: All percentages zero/invalid in row 12776
Warning: All percentages zero/invalid in row 12778
Warning: All percentages zero/invalid in row 12779
Warning: All percentages zero/invalid in row 12780
Warning: All percentages zero/invalid in row 12781
Warning: All percentages zero/invalid in row 12782
Warning: All percentages zero/invalid in row 12783
Warning: All percentages zero/invalid in row 12784
Warning: All percentages zero/invalid in row 12785
Warning: All percentages zero/invalid in row 12786
Warning: All percentages zero/invalid in row 12787
Warning: All percentages zero/invalid in row 12789
Warning: All percentages zero/invalid in row 12790
Warning: All percentages zero/invalid in row 12791
Warning: All percentages zero/invalid in row 12792
Warning: All percentages zero/invalid in row 12793
Warning: All percentages zero/invalid in row 12795
Warning: All percentages zero/invalid in row 12796
Warning: All percentages zero/invalid in row 12797
Warning: All percentages zero/invalid in row 12798
Warning: All percentages zero/invalid in row 12800
Warning: All percentages zero/invalid in row 12801
Warning: All percentages zero/invalid in row 12802
Warning: All percentages zero/invalid in row 12803
Warning: All percentages zero/invalid in row 12804
Warning: All percentages zero/invalid in row 12805
Warning: All percentages zero/invalid in row 12806
Warning: All percentages zero/invalid in row 12807
Warning: All percentages zero/invalid in row 12808
Warning: All percentages zero/invalid in row 12809
Warning: All percentages zero/invalid in row 12810
Warning: All percentages zero/invalid in row 12811
Warning: All percentages zero/invalid in row 12812
Warning: All percentages zero/invalid in row 12813
Warning: All percentages zero/invalid in row 12814
Warning: All percentages zero/invalid in row 12815
Warning: All percentages zero/invalid in row 12816
Warning: All percentages zero/invalid in row 12817
Warning: All percentages zero/invalid in row 12818
Warning: All percentages zero/invalid in row 12819
Warning: All percentages zero/invalid in row 12820
Warning: All percentages zero/invalid in row 12821
Warning: All percentages zero/invalid in row 12822
Warning: All percentages zero/invalid in row 12823
Warning: All percentages zero/invalid in row 12824
Warning: All percentages zero/invalid in row 12825
Warning: All percentages zero/invalid in row 12826
Warning: All percentages zero/invalid in row 12827
Warning: All percentages zero/invalid in row 12828
Warning: All percentages zero/invalid in row 12829
Warning: All percentages zero/invalid in row 12830
Warning: All percentages zero/invalid in row 12831
Warning: All percentages zero/invalid in row 12832
Warning: All percentages zero/invalid in row 12833
Warning: All percentages zero/invalid in row 12834
Warning: All percentages zero/invalid in row 12835
Warning: All percentages zero/invalid in row 12836
Warning: All percentages zero/invalid in row 12837
Warning: All percentages zero/invalid in row 12838
Warning: All percentages zero/invalid in row 12839
Warning: All percentages zero/invalid in row 12840
Warning: All percentages zero/invalid in row 12841
Warning: All percentages zero/invalid in row 12842
Warning: All percentages zero/invalid in row 12843
Warning: All percentages zero/invalid in row 12844
Warning: All percentages zero/invalid in row 12845
Warning: All percentages zero/invalid in row 12846
Warning: All percentages zero/invalid in row 12847
Warning: All percentages zero/invalid in row 12848
Warning: All percentages zero/invalid in row 12849
Warning: All percentages zero/invalid in row 12850
Warning: All percentages zero/invalid in row 12851
Warning: All percentages zero/invalid in row 12852
Warning: All percentages zero/invalid in row 12853
Warning: All percentages zero/invalid in row 12854
Warning: All percentages zero/invalid in row 12855
Warning: All percentages zero/invalid in row 12856
Warning: All percentages zero/invalid in row 12857
Warning: All percentages zero/invalid in row 12858
Warning: All percentages zero/invalid in row 12859
Warning: All percentages zero/invalid in row 12860
Warning: All percentages zero/invalid in row 12861
Warning: All percentages zero/invalid in row 12862
Warning: All percentages zero/invalid in row 12863
Warning: All percentages zero/invalid in row 12864
Warning: All percentages zero/invalid in row 12865
Warning: All percentages zero/invalid in row 12866
Warning: All percentages zero/invalid in row 12867
Warning: All percentages zero/invalid in row 12868
Warning: All percentages zero/invalid in row 12869
Warning: All percentages zero/invalid in row 12870
Warning: All percentages zero/invalid in row 12871
Warning: All percentages zero/invalid in row 12872
Warning: All percentages zero/invalid in row 12873
Warning: All percentages zero/invalid in row 12874
Warning: All percentages zero/invalid in row 12875
Warning: All percentages zero/invalid in row 12876
Warning: All percentages zero/invalid in row 12877
Warning: All percentages zero/invalid in row 12878
Warning: All percentages zero/invalid in row 12879
Warning: All percentages zero/invalid in row 12880
Warning: All percentages zero/invalid in row 12881
Warning: All percentages zero/invalid in row 12882
Warning: All percentages zero/invalid in row 12883
Warning: All percentages zero/invalid in row 12884
Warning: All percentages zero/invalid in row 12885
Warning: All percentages zero/invalid in row 12886
Warning: All percentages zero/invalid in row 12887
Warning: All percentages zero/invalid in row 12888
Warning: All percentages zero/invalid in row 12889
Warning: All percentages zero/invalid in row 12890
Warning: All percentages zero/invalid in row 12891
Warning: All percentages zero/invalid in row 12892
Warning: All percentages zero/invalid in row 12893
Warning: All percentages zero/invalid in row 12894
Warning: All percentages zero/invalid in row 12895
Warning: All percentages zero/invalid in row 12896
Warning: All percentages zero/invalid in row 12897
Warning: All percentages zero/invalid in row 12898
Warning: All percentages zero/invalid in row 12899
Warning: All percentages zero/invalid in row 12900
Warning: All percentages zero/invalid in row 12901
Warning: All percentages zero/invalid in row 12902
Warning: All percentages zero/invalid in row 12903
Warning: All percentages zero/invalid in row 12904
Warning: All percentages zero/invalid in row 12905
Warning: All percentages zero/invalid in row 12906
Warning: All percentages zero/invalid in row 12907
Warning: All percentages zero/invalid in row 12908
Warning: All percentages zero/invalid in row 12909
Warning: All percentages zero/invalid in row 12910
Warning: All percentages zero/invalid in row 12911
Warning: All percentages zero/invalid in row 12912
Warning: All percentages zero/invalid in row 12913
Warning: All percentages zero/invalid in row 12914
Warning: All percentages zero/invalid in row 12915
Warning: All percentages zero/invalid in row 12916
Warning: All percentages zero/invalid in row 12917
Warning: All percentages zero/invalid in row 12918
Warning: All percentages zero/invalid in row 12919
Warning: All percentages zero/invalid in row 12920
Warning: All percentages zero/invalid in row 12921
Warning: All percentages zero/invalid in row 12922
Warning: All percentages zero/invalid in row 12923
Warning: All percentages zero/invalid in row 12925
Warning: All percentages zero/invalid in row 12926
Warning: All percentages zero/invalid in row 12927
Warning: All percentages zero/invalid in row 12928
Warning: All percentages zero/invalid in row 12929
Warning: All percentages zero/invalid in row 12930
Warning: All percentages zero/invalid in row 12931
Warning: All percentages zero/invalid in row 12932
Warning: All percentages zero/invalid in row 12933
Warning: All percentages zero/invalid in row 12934
Warning: All percentages zero/invalid in row 12935
Warning: All percentages zero/invalid in row 12936
Warning: All percentages zero/invalid in row 12937
Warning: All percentages zero/invalid in row 12938
Warning: All percentages zero/invalid in row 12939
Warning: All percentages zero/invalid in row 12940
Warning: All percentages zero/invalid in row 12941
Warning: All percentages zero/invalid in row 12942
Warning: All percentages zero/invalid in row 12943
Warning: All percentages zero/invalid in row 12944
Warning: All percentages zero/invalid in row 12945
Warning: All percentages zero/invalid in row 12946
Warning: All percentages zero/invalid in row 12947
Warning: All percentages zero/invalid in row 12948
Warning: All percentages zero/invalid in row 12949
Warning: All percentages zero/invalid in row 12950
Warning: All percentages zero/invalid in row 12951
Warning: All percentages zero/invalid in row 12953
Warning: All percentages zero/invalid in row 12954
Warning: All percentages zero/invalid in row 12955
Warning: All percentages zero/invalid in row 12956
Warning: All percentages zero/invalid in row 12957
Warning: All percentages zero/invalid in row 12959
Warning: All percentages zero/invalid in row 12960
Warning: All percentages zero/invalid in row 12961
Warning: All percentages zero/invalid in row 12962
Warning: All percentages zero/invalid in row 12963
Warning: All percentages zero/invalid in row 12964
Warning: All percentages zero/invalid in row 12965
Warning: All percentages zero/invalid in row 12966
Warning: All percentages zero/invalid in row 12967
Warning: All percentages zero/invalid in row 12969
Warning: All percentages zero/invalid in row 12970
Warning: All percentages zero/invalid in row 12971
Warning: All percentages zero/invalid in row 12972
Warning: All percentages zero/invalid in row 12973
Warning: All percentages zero/invalid in row 12974
Warning: All percentages zero/invalid in row 12975
Warning: All percentages zero/invalid in row 12976
Warning: All percentages zero/invalid in row 12977
Warning: All percentages zero/invalid in row 12978
Warning: All percentages zero/invalid in row 12979
Warning: All percentages zero/invalid in row 12980
Warning: All percentages zero/invalid in row 12981
Warning: All percentages zero/invalid in row 12982
Warning: All percentages zero/invalid in row 12983
Warning: All percentages zero/invalid in row 12984
Warning: All percentages zero/invalid in row 12985
Warning: All percentages zero/invalid in row 12986
Warning: All percentages zero/invalid in row 12987
Warning: All percentages zero/invalid in row 12988
Warning: All percentages zero/invalid in row 12989
Warning: All percentages zero/invalid in row 12990
Warning: All percentages zero/invalid in row 12991
Warning: All percentages zero/invalid in row 12992
Warning: All percentages zero/invalid in row 12993
Warning: All percentages zero/invalid in row 12994
Warning: All percentages zero/invalid in row 12995
Warning: All percentages zero/invalid in row 12996
Warning: All percentages zero/invalid in row 12997
Warning: All percentages zero/invalid in row 12999
Warning: All percentages zero/invalid in row 13000
Warning: All percentages zero/invalid in row 13001
Warning: All percentages zero/invalid in row 13002
Warning: All percentages zero/invalid in row 13003
Warning: All percentages zero/invalid in row 13004
Warning: All percentages zero/invalid in row 13005
Warning: All percentages zero/invalid in row 13006
Warning: All percentages zero/invalid in row 13008
Warning: All percentages zero/invalid in row 13009
Warning: All percentages zero/invalid in row 13010
Warning: All percentages zero/invalid in row 13011
Warning: All percentages zero/invalid in row 13012
Warning: All percentages zero/invalid in row 13014
Warning: All percentages zero/invalid in row 13015
Warning: All percentages zero/invalid in row 13016
Warning: All percentages zero/invalid in row 13017
Warning: All percentages zero/invalid in row 13018
Warning: All percentages zero/invalid in row 13019
Warning: All percentages zero/invalid in row 13020
Warning: All percentages zero/invalid in row 13021
Warning: All percentages zero/invalid in row 13022
Warning: All percentages zero/invalid in row 13023
Warning: All percentages zero/invalid in row 13024
Warning: All percentages zero/invalid in row 13025
Warning: All percentages zero/invalid in row 13026
Warning: All percentages zero/invalid in row 13027
Warning: All percentages zero/invalid in row 13028
Warning: All percentages zero/invalid in row 13029
Warning: All percentages zero/invalid in row 13030
Warning: All percentages zero/invalid in row 13031
Warning: All percentages zero/invalid in row 13032
Warning: All percentages zero/invalid in row 13033
Warning: All percentages zero/invalid in row 13034
Warning: All percentages zero/invalid in row 13035
Warning: All percentages zero/invalid in row 13036
Warning: All percentages zero/invalid in row 13037
Warning: All percentages zero/invalid in row 13038
Warning: All percentages zero/invalid in row 13039
Warning: All percentages zero/invalid in row 13040
Warning: All percentages zero/invalid in row 13041
Warning: All percentages zero/invalid in row 13042
Warning: All percentages zero/invalid in row 13043
Warning: All percentages zero/invalid in row 13044
Warning: All percentages zero/invalid in row 13045
Warning: All percentages zero/invalid in row 13047
Warning: All percentages zero/invalid in row 13048
Warning: All percentages zero/invalid in row 13049
Warning: All percentages zero/invalid in row 13050
Warning: All percentages zero/invalid in row 13051
Warning: All percentages zero/invalid in row 13052
Warning: All percentages zero/invalid in row 13053
Warning: All percentages zero/invalid in row 13054
Warning: All percentages zero/invalid in row 13055
Warning: All percentages zero/invalid in row 13056
Warning: All percentages zero/invalid in row 13057
Warning: All percentages zero/invalid in row 13058
Warning: All percentages zero/invalid in row 13059
Warning: All percentages zero/invalid in row 13060
Warning: All percentages zero/invalid in row 13061
Warning: All percentages zero/invalid in row 13062
Warning: All percentages zero/invalid in row 13063
Warning: All percentages zero/invalid in row 13064
Warning: All percentages zero/invalid in row 13065
Warning: All percentages zero/invalid in row 13066
Warning: All percentages zero/invalid in row 13067
Warning: All percentages zero/invalid in row 13069
Warning: All percentages zero/invalid in row 13070
Warning: All percentages zero/invalid in row 13071
Warning: All percentages zero/invalid in row 13072
Warning: All percentages zero/invalid in row 13074
Warning: All percentages zero/invalid in row 13075
Warning: All percentages zero/invalid in row 13076
Warning: All percentages zero/invalid in row 13080
Warning: All percentages zero/invalid in row 13081
Warning: All percentages zero/invalid in row 13082
Warning: All percentages zero/invalid in row 13084
Warning: All percentages zero/invalid in row 13086
Warning: All percentages zero/invalid in row 13087
Warning: All percentages zero/invalid in row 13088
Warning: All percentages zero/invalid in row 13089
Warning: All percentages zero/invalid in row 13090
Warning: All percentages zero/invalid in row 13091
Warning: All percentages zero/invalid in row 13092
Warning: All percentages zero/invalid in row 13093
Warning: All percentages zero/invalid in row 13094
Warning: All percentages zero/invalid in row 13095
Warning: All percentages zero/invalid in row 13096
Warning: All percentages zero/invalid in row 13098
Warning: All percentages zero/invalid in row 13099
Warning: All percentages zero/invalid in row 13100
Warning: All percentages zero/invalid in row 13102
Warning: All percentages zero/invalid in row 13103
Warning: All percentages zero/invalid in row 13105
Warning: All percentages zero/invalid in row 13106
Warning: All percentages zero/invalid in row 13107
Warning: All percentages zero/invalid in row 13108
Warning: All percentages zero/invalid in row 13109
Warning: All percentages zero/invalid in row 13110
Warning: All percentages zero/invalid in row 13111
Warning: All percentages zero/invalid in row 13112
Warning: All percentages zero/invalid in row 13113
Warning: All percentages zero/invalid in row 13114
Warning: All percentages zero/invalid in row 13115
Warning: All percentages zero/invalid in row 13116
Warning: All percentages zero/invalid in row 13117
Warning: All percentages zero/invalid in row 13118
Warning: All percentages zero/invalid in row 13119
Warning: All percentages zero/invalid in row 13120
Warning: All percentages zero/invalid in row 13121
Warning: All percentages zero/invalid in row 13122
Warning: All percentages zero/invalid in row 13123
Warning: All percentages zero/invalid in row 13124
Warning: All percentages zero/invalid in row 13125
Warning: All percentages zero/invalid in row 13126
Warning: All percentages zero/invalid in row 13127
Warning: All percentages zero/invalid in row 13128
Warning: All percentages zero/invalid in row 13129
Warning: All percentages zero/invalid in row 13131
Warning: All percentages zero/invalid in row 13132
Warning: All percentages zero/invalid in row 13133
Warning: All percentages zero/invalid in row 13134
Warning: All percentages zero/invalid in row 13136
Warning: All percentages zero/invalid in row 13137
Warning: All percentages zero/invalid in row 13138
Warning: All percentages zero/invalid in row 13139
Warning: All percentages zero/invalid in row 13140
Warning: All percentages zero/invalid in row 13141
Warning: All percentages zero/invalid in row 13142
Warning: All percentages zero/invalid in row 13143
Warning: All percentages zero/invalid in row 13144
Warning: All percentages zero/invalid in row 13145
Warning: All percentages zero/invalid in row 13146
Warning: All percentages zero/invalid in row 13147
Warning: All percentages zero/invalid in row 13148
Warning: All percentages zero/invalid in row 13149
Warning: All percentages zero/invalid in row 13151
Warning: All percentages zero/invalid in row 13152
Warning: All percentages zero/invalid in row 13153
Warning: All percentages zero/invalid in row 13154
Warning: All percentages zero/invalid in row 13155
Warning: All percentages zero/invalid in row 13156
Warning: All percentages zero/invalid in row 13158
Warning: All percentages zero/invalid in row 13159
Warning: All percentages zero/invalid in row 13161
Warning: All percentages zero/invalid in row 13162
Warning: All percentages zero/invalid in row 13165
Warning: All percentages zero/invalid in row 13167
Warning: All percentages zero/invalid in row 13168
Warning: All percentages zero/invalid in row 13169
Warning: All percentages zero/invalid in row 13170
Warning: All percentages zero/invalid in row 13171
Warning: All percentages zero/invalid in row 13172
Warning: All percentages zero/invalid in row 13174
Warning: All percentages zero/invalid in row 13176
Warning: All percentages zero/invalid in row 13178
Warning: All percentages zero/invalid in row 13179
Warning: All percentages zero/invalid in row 13180
Warning: All percentages zero/invalid in row 13181
Warning: All percentages zero/invalid in row 13182
Warning: All percentages zero/invalid in row 13183
Warning: All percentages zero/invalid in row 13184
Warning: All percentages zero/invalid in row 13185
Warning: All percentages zero/invalid in row 13186
Warning: All percentages zero/invalid in row 13187
Warning: All percentages zero/invalid in row 13188
Warning: All percentages zero/invalid in row 13191
Warning: All percentages zero/invalid in row 13192
Warning: All percentages zero/invalid in row 13193
Warning: All percentages zero/invalid in row 13194
Warning: All percentages zero/invalid in row 13195
Warning: All percentages zero/invalid in row 13196
Warning: All percentages zero/invalid in row 13197
Warning: All percentages zero/invalid in row 13198
Warning: All percentages zero/invalid in row 13199
Warning: All percentages zero/invalid in row 13200
Warning: All percentages zero/invalid in row 13201
Warning: All percentages zero/invalid in row 13202
Warning: All percentages zero/invalid in row 13203
Warning: All percentages zero/invalid in row 13209
Warning: All percentages zero/invalid in row 13216
Warning: All percentages zero/invalid in row 13217
Warning: All percentages zero/invalid in row 13221
Warning: All percentages zero/invalid in row 13222
Warning: All percentages zero/invalid in row 13223
Warning: All percentages zero/invalid in row 13247
Warning: All percentages zero/invalid in row 13249
Warning: All percentages zero/invalid in row 13251
Warning: All percentages zero/invalid in row 13261
Warning: All percentages zero/invalid in row 13262
Warning: All percentages zero/invalid in row 13263
Warning: All percentages zero/invalid in row 13264
Warning: All percentages zero/invalid in row 13265
Warning: All percentages zero/invalid in row 13266
Warning: All percentages zero/invalid in row 13274
Warning: All percentages zero/invalid in row 13275
Warning: All percentages zero/invalid in row 13276
Warning: All percentages zero/invalid in row 13277
Warning: All percentages zero/invalid in row 13278
Warning: All percentages zero/invalid in row 13279
Warning: All percentages zero/invalid in row 13280
Warning: All percentages zero/invalid in row 13281
Warning: All percentages zero/invalid in row 13282
Warning: All percentages zero/invalid in row 13284
Warning: All percentages zero/invalid in row 13291
Warning: All percentages zero/invalid in row 13292
Warning: All percentages zero/invalid in row 13293
Warning: All percentages zero/invalid in row 13298
Warning: All percentages zero/invalid in row 13300
Warning: All percentages zero/invalid in row 13301
Warning: All percentages zero/invalid in row 13302
Warning: All percentages zero/invalid in row 13303
Warning: All percentages zero/invalid in row 13304
Warning: All percentages zero/invalid in row 13305
Warning: All percentages zero/invalid in row 13306
Warning: All percentages zero/invalid in row 13307
Warning: All percentages zero/invalid in row 13308
Warning: All percentages zero/invalid in row 13309
Warning: All percentages zero/invalid in row 13310
Warning: All percentages zero/invalid in row 13314
Warning: All percentages zero/invalid in row 13315
Warning: All percentages zero/invalid in row 13318
Warning: All percentages zero/invalid in row 13319
Warning: All percentages zero/invalid in row 13320
Warning: All percentages zero/invalid in row 13321
Warning: All percentages zero/invalid in row 13322
Warning: All percentages zero/invalid in row 13323
Warning: All percentages zero/invalid in row 13325
Warning: All percentages zero/invalid in row 13333
Warning: All percentages zero/invalid in row 13334
Warning: All percentages zero/invalid in row 13335
Warning: All percentages zero/invalid in row 13336
Warning: All percentages zero/invalid in row 13337
Warning: All percentages zero/invalid in row 13338
Warning: All percentages zero/invalid in row 13339
Warning: All percentages zero/invalid in row 13340
Warning: All percentages zero/invalid in row 13341
Warning: All percentages zero/invalid in row 13342
Warning: All percentages zero/invalid in row 13343
Warning: All percentages zero/invalid in row 13344
Warning: All percentages zero/invalid in row 13345
Warning: All percentages zero/invalid in row 13346
Warning: All percentages zero/invalid in row 13347
Warning: All percentages zero/invalid in row 13348
Warning: All percentages zero/invalid in row 13349
Warning: All percentages zero/invalid in row 13350
Warning: All percentages zero/invalid in row 13351
Warning: All percentages zero/invalid in row 13369
Warning: All percentages zero/invalid in row 13370
Warning: All percentages zero/invalid in row 13371
Warning: All percentages zero/invalid in row 13372
Warning: All percentages zero/invalid in row 13373
Warning: All percentages zero/invalid in row 13374
Warning: All percentages zero/invalid in row 13375
Warning: All percentages zero/invalid in row 13376
Warning: All percentages zero/invalid in row 13377
Warning: All percentages zero/invalid in row 13378
Warning: All percentages zero/invalid in row 13379
Warning: All percentages zero/invalid in row 13380
Warning: All percentages zero/invalid in row 13381
Warning: All percentages zero/invalid in row 13382
Warning: All percentages zero/invalid in row 13383
Warning: All percentages zero/invalid in row 13384
Warning: All percentages zero/invalid in row 13385
Warning: All percentages zero/invalid in row 13386
Warning: All percentages zero/invalid in row 13387
Warning: All percentages zero/invalid in row 13388
Warning: All percentages zero/invalid in row 13389
Warning: All percentages zero/invalid in row 13390
Warning: All percentages zero/invalid in row 13391
Warning: All percentages zero/invalid in row 13392
Warning: All percentages zero/invalid in row 13393
Warning: All percentages zero/invalid in row 13394
Warning: All percentages zero/invalid in row 13395
Warning: All percentages zero/invalid in row 13396
Warning: All percentages zero/invalid in row 13397
Warning: All percentages zero/invalid in row 13398
Warning: All percentages zero/invalid in row 13399
Warning: All percentages zero/invalid in row 13400
Warning: All percentages zero/invalid in row 13401
Warning: All percentages zero/invalid in row 13402
Warning: All percentages zero/invalid in row 13403
Warning: All percentages zero/invalid in row 13404
Warning: All percentages zero/invalid in row 13405
Warning: All percentages zero/invalid in row 13406
Warning: All percentages zero/invalid in row 13407
Warning: All percentages zero/invalid in row 13408
Warning: All percentages zero/invalid in row 13409
Warning: All percentages zero/invalid in row 13410
Warning: All percentages zero/invalid in row 13411
Warning: All percentages zero/invalid in row 13412
Warning: All percentages zero/invalid in row 13413
Warning: All percentages zero/invalid in row 13414
Warning: All percentages zero/invalid in row 13415
Warning: All percentages zero/invalid in row 13416
Warning: All percentages zero/invalid in row 13417
Warning: All percentages zero/invalid in row 13418
Warning: All percentages zero/invalid in row 13419
Warning: All percentages zero/invalid in row 13420
Warning: All percentages zero/invalid in row 13421
Warning: All percentages zero/invalid in row 13422
Warning: All percentages zero/invalid in row 13423
Warning: All percentages zero/invalid in row 13424
Warning: All percentages zero/invalid in row 13425
Warning: All percentages zero/invalid in row 13426
Warning: All percentages zero/invalid in row 13427
Warning: All percentages zero/invalid in row 13428
Warning: All percentages zero/invalid in row 13429
Warning: All percentages zero/invalid in row 13430
Warning: All percentages zero/invalid in row 13431
Warning: All percentages zero/invalid in row 13432
Warning: All percentages zero/invalid in row 13433
Warning: All percentages zero/invalid in row 13434
Warning: All percentages zero/invalid in row 13435
Warning: All percentages zero/invalid in row 13436
Warning: All percentages zero/invalid in row 13437
Warning: All percentages zero/invalid in row 13438
Warning: All percentages zero/invalid in row 13439
Warning: All percentages zero/invalid in row 13440
Warning: All percentages zero/invalid in row 13441
Warning: All percentages zero/invalid in row 13442
Warning: All percentages zero/invalid in row 13443
Warning: All percentages zero/invalid in row 13444
Warning: All percentages zero/invalid in row 13445
Warning: All percentages zero/invalid in row 13446
Warning: All percentages zero/invalid in row 13447
Warning: All percentages zero/invalid in row 13448
Warning: All percentages zero/invalid in row 13449
Warning: All percentages zero/invalid in row 13450
Warning: All percentages zero/invalid in row 13451
Warning: All percentages zero/invalid in row 13452
Warning: All percentages zero/invalid in row 13453
Warning: All percentages zero/invalid in row 13454
Warning: All percentages zero/invalid in row 13455
Warning: All percentages zero/invalid in row 13456
Warning: All percentages zero/invalid in row 13457
Warning: All percentages zero/invalid in row 13458
Warning: All percentages zero/invalid in row 13459
Warning: All percentages zero/invalid in row 13460
Warning: All percentages zero/invalid in row 13461
Warning: All percentages zero/invalid in row 13462
Warning: All percentages zero/invalid in row 13463
Warning: All percentages zero/invalid in row 13464
Warning: All percentages zero/invalid in row 13465
Warning: All percentages zero/invalid in row 13466
Warning: All percentages zero/invalid in row 13467
Warning: All percentages zero/invalid in row 13468
Warning: All percentages zero/invalid in row 13469
Warning: All percentages zero/invalid in row 13470
Warning: All percentages zero/invalid in row 13471
Warning: All percentages zero/invalid in row 13472
Warning: All percentages zero/invalid in row 13473
Warning: All percentages zero/invalid in row 13474
Warning: All percentages zero/invalid in row 13475
Warning: All percentages zero/invalid in row 13476
Warning: All percentages zero/invalid in row 13477
Warning: All percentages zero/invalid in row 13478
Warning: All percentages zero/invalid in row 13479
Warning: All percentages zero/invalid in row 13480
Warning: All percentages zero/invalid in row 13481
Warning: All percentages zero/invalid in row 13482
Warning: All percentages zero/invalid in row 13483
Warning: All percentages zero/invalid in row 13484
Warning: All percentages zero/invalid in row 13485
Warning: All percentages zero/invalid in row 13486
Warning: All percentages zero/invalid in row 13487
Warning: All percentages zero/invalid in row 13488
Warning: All percentages zero/invalid in row 13489
Warning: All percentages zero/invalid in row 13490
Warning: All percentages zero/invalid in row 13491
Warning: All percentages zero/invalid in row 13492
Warning: All percentages zero/invalid in row 13493
Warning: All percentages zero/invalid in row 13494
Warning: All percentages zero/invalid in row 13495
Warning: All percentages zero/invalid in row 13496
Warning: All percentages zero/invalid in row 13497
Warning: All percentages zero/invalid in row 13498
Warning: All percentages zero/invalid in row 13499
Warning: All percentages zero/invalid in row 13500
Warning: All percentages zero/invalid in row 13501
Warning: All percentages zero/invalid in row 13502
Warning: All percentages zero/invalid in row 13503
Warning: All percentages zero/invalid in row 13504
Warning: All percentages zero/invalid in row 13505
Warning: All percentages zero/invalid in row 13506
Warning: All percentages zero/invalid in row 13507
Warning: All percentages zero/invalid in row 13508
Warning: All percentages zero/invalid in row 13509
Warning: All percentages zero/invalid in row 13510
Warning: All percentages zero/invalid in row 13511
Warning: All percentages zero/invalid in row 13512
Warning: All percentages zero/invalid in row 13513
Warning: All percentages zero/invalid in row 13514
Warning: All percentages zero/invalid in row 13515
Warning: All percentages zero/invalid in row 13516
Warning: All percentages zero/invalid in row 13517
Warning: All percentages zero/invalid in row 13518
Warning: All percentages zero/invalid in row 13519
Warning: All percentages zero/invalid in row 13520
Warning: All percentages zero/invalid in row 13521
Warning: All percentages zero/invalid in row 13522
Warning: All percentages zero/invalid in row 13523
Warning: All percentages zero/invalid in row 13524
Warning: All percentages zero/invalid in row 13525
Warning: All percentages zero/invalid in row 13526
Warning: All percentages zero/invalid in row 13527
Warning: All percentages zero/invalid in row 13528
Warning: All percentages zero/invalid in row 13529
Warning: All percentages zero/invalid in row 13530
Warning: All percentages zero/invalid in row 13531
Warning: All percentages zero/invalid in row 13532
Warning: All percentages zero/invalid in row 13533
Warning: All percentages zero/invalid in row 13534
Warning: All percentages zero/invalid in row 13535
Warning: All percentages zero/invalid in row 13536
Warning: All percentages zero/invalid in row 13537
Warning: All percentages zero/invalid in row 13538
Warning: All percentages zero/invalid in row 13539
Warning: All percentages zero/invalid in row 13541
Warning: All percentages zero/invalid in row 13542
Warning: All percentages zero/invalid in row 13543
Warning: All percentages zero/invalid in row 13544
Warning: All percentages zero/invalid in row 13545
Warning: All percentages zero/invalid in row 13546
Warning: All percentages zero/invalid in row 13547
Warning: All percentages zero/invalid in row 13548
Warning: All percentages zero/invalid in row 13549
Warning: All percentages zero/invalid in row 13550
Warning: All percentages zero/invalid in row 13551
Warning: All percentages zero/invalid in row 13552
Warning: All percentages zero/invalid in row 13553
Warning: All percentages zero/invalid in row 13554
Warning: All percentages zero/invalid in row 13555
Warning: All percentages zero/invalid in row 13556
Warning: All percentages zero/invalid in row 13557
Warning: All percentages zero/invalid in row 13558
Warning: All percentages zero/invalid in row 13559
Warning: All percentages zero/invalid in row 13560
Warning: All percentages zero/invalid in row 13561
Warning: All percentages zero/invalid in row 13562
Warning: All percentages zero/invalid in row 13563
Warning: All percentages zero/invalid in row 13564
Warning: All percentages zero/invalid in row 13565
Warning: All percentages zero/invalid in row 13566
Warning: All percentages zero/invalid in row 13567
Warning: All percentages zero/invalid in row 13568
Warning: All percentages zero/invalid in row 13569
Warning: All percentages zero/invalid in row 13570
Warning: All percentages zero/invalid in row 13571
Warning: All percentages zero/invalid in row 13572
Warning: All percentages zero/invalid in row 13573
Warning: All percentages zero/invalid in row 13576
Warning: All percentages zero/invalid in row 13577
Warning: All percentages zero/invalid in row 13578
Warning: All percentages zero/invalid in row 13579
Warning: All percentages zero/invalid in row 13580
Warning: All percentages zero/invalid in row 13581
Warning: All percentages zero/invalid in row 13582
Warning: All percentages zero/invalid in row 13583
Warning: All percentages zero/invalid in row 13585
Warning: All percentages zero/invalid in row 13586
Warning: All percentages zero/invalid in row 13587
Warning: All percentages zero/invalid in row 13588
Warning: All percentages zero/invalid in row 13590
Warning: All percentages zero/invalid in row 13591
Warning: All percentages zero/invalid in row 13592
Warning: All percentages zero/invalid in row 13593
Warning: All percentages zero/invalid in row 13594
Warning: All percentages zero/invalid in row 13597
Warning: All percentages zero/invalid in row 13598
Warning: All percentages zero/invalid in row 13601
Warning: All percentages zero/invalid in row 13603
Warning: All percentages zero/invalid in row 13606
Warning: All percentages zero/invalid in row 13607
Warning: All percentages zero/invalid in row 13608
Warning: All percentages zero/invalid in row 13609
Warning: All percentages zero/invalid in row 13611
Warning: All percentages zero/invalid in row 13612
Warning: All percentages zero/invalid in row 13613
Warning: All percentages zero/invalid in row 13615
Warning: All percentages zero/invalid in row 13616
Warning: All percentages zero/invalid in row 13617
Warning: All percentages zero/invalid in row 13618
Warning: All percentages zero/invalid in row 13620
Warning: All percentages zero/invalid in row 13622
Warning: All percentages zero/invalid in row 13623
Warning: All percentages zero/invalid in row 13624
Warning: All percentages zero/invalid in row 13625
Warning: All percentages zero/invalid in row 13626
Warning: All percentages zero/invalid in row 13627
Warning: All percentages zero/invalid in row 13628
Warning: All percentages zero/invalid in row 13629
Warning: All percentages zero/invalid in row 13630
Warning: All percentages zero/invalid in row 13631
Warning: All percentages zero/invalid in row 13632
Warning: All percentages zero/invalid in row 13633
Warning: All percentages zero/invalid in row 13635
Warning: All percentages zero/invalid in row 13636
Warning: All percentages zero/invalid in row 13637
Warning: All percentages zero/invalid in row 13638
Warning: All percentages zero/invalid in row 13639
Warning: All percentages zero/invalid in row 13643
Warning: All percentages zero/invalid in row 13644
Warning: All percentages zero/invalid in row 13645
Warning: All percentages zero/invalid in row 13646
Warning: All percentages zero/invalid in row 13647
Warning: All percentages zero/invalid in row 13648
Warning: All percentages zero/invalid in row 13649
Warning: All percentages zero/invalid in row 13651
Warning: All percentages zero/invalid in row 13653
Warning: All percentages zero/invalid in row 13654
Warning: All percentages zero/invalid in row 13656
Warning: All percentages zero/invalid in row 13657
Warning: All percentages zero/invalid in row 13658
Warning: All percentages zero/invalid in row 13663
Warning: All percentages zero/invalid in row 13664
Warning: All percentages zero/invalid in row 13668
Warning: All percentages zero/invalid in row 13669
Warning: All percentages zero/invalid in row 13670
Warning: All percentages zero/invalid in row 13671
Warning: All percentages zero/invalid in row 13672
Warning: All percentages zero/invalid in row 13673
Warning: All percentages zero/invalid in row 13674
Warning: All percentages zero/invalid in row 13675
Warning: All percentages zero/invalid in row 13676
Warning: All percentages zero/invalid in row 13678
Warning: All percentages zero/invalid in row 13682
Warning: All percentages zero/invalid in row 13683
Warning: All percentages zero/invalid in row 13684
Warning: All percentages zero/invalid in row 13685
Warning: All percentages zero/invalid in row 13687
Warning: All percentages zero/invalid in row 13688
Warning: All percentages zero/invalid in row 13689
Warning: All percentages zero/invalid in row 13690
Warning: All percentages zero/invalid in row 13691
Warning: All percentages zero/invalid in row 13692
Warning: All percentages zero/invalid in row 13693
Warning: All percentages zero/invalid in row 13694
Warning: All percentages zero/invalid in row 13695
Warning: All percentages zero/invalid in row 13696
Warning: All percentages zero/invalid in row 13697
Warning: All percentages zero/invalid in row 13698
Warning: All percentages zero/invalid in row 13699
Warning: All percentages zero/invalid in row 13700
Warning: All percentages zero/invalid in row 13701
Warning: All percentages zero/invalid in row 13702
Warning: All percentages zero/invalid in row 13703
Warning: All percentages zero/invalid in row 13704
Warning: All percentages zero/invalid in row 13705
Warning: All percentages zero/invalid in row 13706
Warning: All percentages zero/invalid in row 13707
Warning: All percentages zero/invalid in row 13708
Warning: All percentages zero/invalid in row 13709
Warning: All percentages zero/invalid in row 13710
Warning: All percentages zero/invalid in row 13711
Warning: All percentages zero/invalid in row 13712
Warning: All percentages zero/invalid in row 13713
Warning: All percentages zero/invalid in row 13714
Warning: All percentages zero/invalid in row 13715
Warning: All percentages zero/invalid in row 13716
Warning: All percentages zero/invalid in row 13717
Warning: All percentages zero/invalid in row 13719
Warning: All percentages zero/invalid in row 13720
Warning: All percentages zero/invalid in row 13722
Warning: All percentages zero/invalid in row 13724
Warning: All percentages zero/invalid in row 13726
Warning: All percentages zero/invalid in row 13727
Warning: All percentages zero/invalid in row 13728
Warning: All percentages zero/invalid in row 13729
Warning: All percentages zero/invalid in row 13730
Warning: All percentages zero/invalid in row 13731
Warning: All percentages zero/invalid in row 13733
Warning: All percentages zero/invalid in row 13734
Warning: All percentages zero/invalid in row 13735
Warning: All percentages zero/invalid in row 13739
Warning: All percentages zero/invalid in row 13741
Warning: All percentages zero/invalid in row 13742
Warning: All percentages zero/invalid in row 13743
Warning: All percentages zero/invalid in row 13749
Warning: All percentages zero/invalid in row 13750
Warning: All percentages zero/invalid in row 13751
Warning: All percentages zero/invalid in row 13752
Warning: All percentages zero/invalid in row 13753
Warning: All percentages zero/invalid in row 13754
Warning: All percentages zero/invalid in row 13755
Warning: All percentages zero/invalid in row 13756
Warning: All percentages zero/invalid in row 13757
Warning: All percentages zero/invalid in row 13758
Warning: All percentages zero/invalid in row 13759
Warning: All percentages zero/invalid in row 13760
Warning: All percentages zero/invalid in row 13761
Warning: All percentages zero/invalid in row 13767
Warning: All percentages zero/invalid in row 13772
Warning: All percentages zero/invalid in row 13775
Warning: All percentages zero/invalid in row 13776
Warning: All percentages zero/invalid in row 13777
Warning: All percentages zero/invalid in row 13779
Warning: All percentages zero/invalid in row 13780
Warning: All percentages zero/invalid in row 13781
Warning: All percentages zero/invalid in row 13782
Warning: All percentages zero/invalid in row 13783
Warning: All percentages zero/invalid in row 13784
Warning: All percentages zero/invalid in row 13785
Warning: All percentages zero/invalid in row 13797
Warning: All percentages zero/invalid in row 13843
Warning: All percentages zero/invalid in row 13890
Warning: All percentages zero/invalid in row 13893
Warning: All percentages zero/invalid in row 13894
Warning: All percentages zero/invalid in row 13899
Warning: All percentages zero/invalid in row 13902
Warning: All percentages zero/invalid in row 13903
Warning: All percentages zero/invalid in row 13905
Warning: All percentages zero/invalid in row 13907
Warning: All percentages zero/invalid in row 13920
Warning: All percentages zero/invalid in row 13947
Warning: All percentages zero/invalid in row 14028
Warning: All percentages zero/invalid in row 14057
Warning: All percentages zero/invalid in row 14092
Warning: All percentages zero/invalid in row 14142
Warning: All percentages zero/invalid in row 14144
Warning: All percentages zero/invalid in row 14145
Warning: All percentages zero/invalid in row 14154
Warning: All percentages zero/invalid in row 14155
Warning: All percentages zero/invalid in row 14156
Warning: All percentages zero/invalid in row 14157
Warning: All percentages zero/invalid in row 14158
Warning: All percentages zero/invalid in row 14159
Warning: All percentages zero/invalid in row 14160
Warning: All percentages zero/invalid in row 14161
Warning: All percentages zero/invalid in row 14162
Warning: All percentages zero/invalid in row 14163
Warning: All percentages zero/invalid in row 14164
Warning: All percentages zero/invalid in row 14165
Warning: All percentages zero/invalid in row 14166
Warning: All percentages zero/invalid in row 14167
Warning: All percentages zero/invalid in row 14168
Warning: All percentages zero/invalid in row 14169
Warning: All percentages zero/invalid in row 14170
Warning: All percentages zero/invalid in row 14171
Warning: All percentages zero/invalid in row 14172
Warning: All percentages zero/invalid in row 14173
Warning: All percentages zero/invalid in row 14174
Warning: All percentages zero/invalid in row 14175
Warning: All percentages zero/invalid in row 14176
Warning: All percentages zero/invalid in row 14177
Warning: All percentages zero/invalid in row 14178
Warning: All percentages zero/invalid in row 14179
Warning: All percentages zero/invalid in row 14180
Warning: All percentages zero/invalid in row 14181
Warning: All percentages zero/invalid in row 14182
Warning: All percentages zero/invalid in row 14183
Warning: All percentages zero/invalid in row 14184
Warning: All percentages zero/invalid in row 14185
Warning: All percentages zero/invalid in row 14186
Warning: All percentages zero/invalid in row 14187
Warning: All percentages zero/invalid in row 14188
Warning: All percentages zero/invalid in row 14189
Warning: All percentages zero/invalid in row 14190
Warning: All percentages zero/invalid in row 14191
Warning: All percentages zero/invalid in row 14192
Warning: All percentages zero/invalid in row 14193
Warning: All percentages zero/invalid in row 14194
Warning: All percentages zero/invalid in row 14195
Warning: All percentages zero/invalid in row 14196
Warning: All percentages zero/invalid in row 14197
Warning: All percentages zero/invalid in row 14198
Warning: All percentages zero/invalid in row 14200
Warning: All percentages zero/invalid in row 14202
Warning: All percentages zero/invalid in row 14203
Warning: All percentages zero/invalid in row 14204
Warning: All percentages zero/invalid in row 14205
Warning: All percentages zero/invalid in row 14208
Warning: All percentages zero/invalid in row 14210
Warning: All percentages zero/invalid in row 14215
Warning: All percentages zero/invalid in row 14218
Warning: All percentages zero/invalid in row 14220
Warning: All percentages zero/invalid in row 14221
Warning: All percentages zero/invalid in row 14224
Warning: All percentages zero/invalid in row 14228
Warning: All percentages zero/invalid in row 14250
Warning: All percentages zero/invalid in row 14252
Warning: All percentages zero/invalid in row 14253
Warning: All percentages zero/invalid in row 14254
Warning: All percentages zero/invalid in row 14265
Warning: All percentages zero/invalid in row 14266
Warning: All percentages zero/invalid in row 14275
Warning: All percentages zero/invalid in row 14280
Warning: All percentages zero/invalid in row 14284
Warning: All percentages zero/invalid in row 14297
Warning: All percentages zero/invalid in row 14298
Warning: All percentages zero/invalid in row 14300
Warning: All percentages zero/invalid in row 14308
Warning: All percentages zero/invalid in row 14311
Warning: All percentages zero/invalid in row 14312
Warning: All percentages zero/invalid in row 14313
Warning: All percentages zero/invalid in row 14314
Warning: All percentages zero/invalid in row 14315
Warning: All percentages zero/invalid in row 14316
Warning: All percentages zero/invalid in row 14317
Warning: All percentages zero/invalid in row 14318
Warning: All percentages zero/invalid in row 14319
Warning: All percentages zero/invalid in row 14320
Warning: All percentages zero/invalid in row 14321
Warning: All percentages zero/invalid in row 14322
Warning: All percentages zero/invalid in row 14323
Warning: All percentages zero/invalid in row 14324
Warning: All percentages zero/invalid in row 14325
Warning: All percentages zero/invalid in row 14326
Warning: All percentages zero/invalid in row 14327
Warning: All percentages zero/invalid in row 14328
Warning: All percentages zero/invalid in row 14329
Warning: All percentages zero/invalid in row 14330
Warning: All percentages zero/invalid in row 14331
Warning: All percentages zero/invalid in row 14332
Warning: All percentages zero/invalid in row 14333
Warning: All percentages zero/invalid in row 14334
Warning: All percentages zero/invalid in row 14335
Warning: All percentages zero/invalid in row 14336
Warning: All percentages zero/invalid in row 14337
Warning: All percentages zero/invalid in row 14338
Warning: All percentages zero/invalid in row 14339
Warning: All percentages zero/invalid in row 14340
Warning: All percentages zero/invalid in row 14341
Warning: All percentages zero/invalid in row 14342
Warning: All percentages zero/invalid in row 14343
Warning: All percentages zero/invalid in row 14344
Warning: All percentages zero/invalid in row 14345
Warning: All percentages zero/invalid in row 14346
Warning: All percentages zero/invalid in row 14347
Warning: All percentages zero/invalid in row 14348
Warning: All percentages zero/invalid in row 14349
Warning: All percentages zero/invalid in row 14350
Warning: All percentages zero/invalid in row 14351
Warning: All percentages zero/invalid in row 14352
Warning: All percentages zero/invalid in row 14353
Warning: All percentages zero/invalid in row 14354
Warning: All percentages zero/invalid in row 14355
Warning: All percentages zero/invalid in row 14356
Warning: All percentages zero/invalid in row 14357
Warning: All percentages zero/invalid in row 14358
Warning: All percentages zero/invalid in row 14359
Warning: All percentages zero/invalid in row 14360
Warning: All percentages zero/invalid in row 14361
Warning: All percentages zero/invalid in row 14362
Warning: All percentages zero/invalid in row 14363
Warning: All percentages zero/invalid in row 14364
Warning: All percentages zero/invalid in row 14365
Warning: All percentages zero/invalid in row 14366
Warning: All percentages zero/invalid in row 14367
Warning: All percentages zero/invalid in row 14368
Warning: All percentages zero/invalid in row 14369
Warning: All percentages zero/invalid in row 14370
Warning: All percentages zero/invalid in row 14371
Warning: All percentages zero/invalid in row 14372
Warning: All percentages zero/invalid in row 14373
Warning: All percentages zero/invalid in row 14374
Warning: All percentages zero/invalid in row 14375
Warning: All percentages zero/invalid in row 14376
Warning: All percentages zero/invalid in row 14377
Warning: All percentages zero/invalid in row 14378
Warning: All percentages zero/invalid in row 14379
Warning: All percentages zero/invalid in row 14380
Warning: All percentages zero/invalid in row 14381
Warning: All percentages zero/invalid in row 14382
Warning: All percentages zero/invalid in row 14383
Warning: All percentages zero/invalid in row 14384
Warning: All percentages zero/invalid in row 14385
Warning: All percentages zero/invalid in row 14386
Warning: All percentages zero/invalid in row 14387
Warning: All percentages zero/invalid in row 14388
Warning: All percentages zero/invalid in row 14389
Warning: All percentages zero/invalid in row 14390
Warning: All percentages zero/invalid in row 14391
Warning: All percentages zero/invalid in row 14392
Warning: All percentages zero/invalid in row 14393
Warning: All percentages zero/invalid in row 14394
Warning: All percentages zero/invalid in row 14395
Warning: All percentages zero/invalid in row 14396
Warning: All percentages zero/invalid in row 14397
Warning: All percentages zero/invalid in row 14398
Warning: All percentages zero/invalid in row 14399
Warning: All percentages zero/invalid in row 14400
Warning: All percentages zero/invalid in row 14401
Warning: All percentages zero/invalid in row 14402
Warning: All percentages zero/invalid in row 14403
Warning: All percentages zero/invalid in row 14404
Warning: All percentages zero/invalid in row 14405
Warning: All percentages zero/invalid in row 14406
Warning: All percentages zero/invalid in row 14407
Warning: All percentages zero/invalid in row 14408
Warning: All percentages zero/invalid in row 14409
Warning: All percentages zero/invalid in row 14410
Warning: All percentages zero/invalid in row 14411
Warning: All percentages zero/invalid in row 14412
Warning: All percentages zero/invalid in row 14413
Warning: All percentages zero/invalid in row 14414
Warning: All percentages zero/invalid in row 14415
Warning: All percentages zero/invalid in row 14416
Warning: All percentages zero/invalid in row 14417
Warning: All percentages zero/invalid in row 14418
Warning: All percentages zero/invalid in row 14419
Warning: All percentages zero/invalid in row 14420
Warning: All percentages zero/invalid in row 14421
Warning: All percentages zero/invalid in row 14422
Warning: All percentages zero/invalid in row 14423
Warning: All percentages zero/invalid in row 14424
Warning: All percentages zero/invalid in row 14425
Warning: All percentages zero/invalid in row 14426
Warning: All percentages zero/invalid in row 14427
Warning: All percentages zero/invalid in row 14428
Warning: All percentages zero/invalid in row 14429
Warning: All percentages zero/invalid in row 14430
Warning: All percentages zero/invalid in row 14431
Warning: All percentages zero/invalid in row 14432
Warning: All percentages zero/invalid in row 14433
Warning: All percentages zero/invalid in row 14434
Warning: All percentages zero/invalid in row 14435
Warning: All percentages zero/invalid in row 14436
Warning: All percentages zero/invalid in row 14437
Warning: All percentages zero/invalid in row 14438
Warning: All percentages zero/invalid in row 14439
Warning: All percentages zero/invalid in row 14440
Warning: All percentages zero/invalid in row 14441
Warning: All percentages zero/invalid in row 14442
Warning: All percentages zero/invalid in row 14443
Warning: All percentages zero/invalid in row 14444
Warning: All percentages zero/invalid in row 14445
Warning: All percentages zero/invalid in row 14446
Warning: All percentages zero/invalid in row 14447
Warning: All percentages zero/invalid in row 14448
Warning: All percentages zero/invalid in row 14449
Warning: All percentages zero/invalid in row 14450
Warning: All percentages zero/invalid in row 14451
Warning: All percentages zero/invalid in row 14452
Warning: All percentages zero/invalid in row 14453
Warning: All percentages zero/invalid in row 14454
Warning: All percentages zero/invalid in row 14455
Warning: All percentages zero/invalid in row 14456
Warning: All percentages zero/invalid in row 14457
Warning: All percentages zero/invalid in row 14458
Warning: All percentages zero/invalid in row 14459
Warning: All percentages zero/invalid in row 14460
Warning: All percentages zero/invalid in row 14461
Warning: All percentages zero/invalid in row 14462
Warning: All percentages zero/invalid in row 14463
Warning: All percentages zero/invalid in row 14464
Warning: All percentages zero/invalid in row 14465
Warning: All percentages zero/invalid in row 14466
Warning: All percentages zero/invalid in row 14467
Warning: All percentages zero/invalid in row 14468
Warning: All percentages zero/invalid in row 14469
Warning: All percentages zero/invalid in row 14470
Warning: All percentages zero/invalid in row 14471
Warning: All percentages zero/invalid in row 14472
Warning: All percentages zero/invalid in row 14473
Warning: All percentages zero/invalid in row 14474
Warning: All percentages zero/invalid in row 14475
Warning: All percentages zero/invalid in row 14476
Warning: All percentages zero/invalid in row 14477
Warning: All percentages zero/invalid in row 14478
Warning: All percentages zero/invalid in row 14479
Warning: All percentages zero/invalid in row 14480
Warning: All percentages zero/invalid in row 14481
Warning: All percentages zero/invalid in row 14482
Warning: All percentages zero/invalid in row 14483
Warning: All percentages zero/invalid in row 14484
Warning: All percentages zero/invalid in row 14485
Warning: All percentages zero/invalid in row 14486
Warning: All percentages zero/invalid in row 14487
Warning: All percentages zero/invalid in row 14488
Warning: All percentages zero/invalid in row 14489
Warning: All percentages zero/invalid in row 14490
Warning: All percentages zero/invalid in row 14491
Warning: All percentages zero/invalid in row 14492
Warning: All percentages zero/invalid in row 14493
Warning: All percentages zero/invalid in row 14494
Warning: All percentages zero/invalid in row 14495
Warning: All percentages zero/invalid in row 14496
Warning: All percentages zero/invalid in row 14497
Warning: All percentages zero/invalid in row 14498
Warning: All percentages zero/invalid in row 14499
Warning: All percentages zero/invalid in row 14500
Warning: All percentages zero/invalid in row 14501
Warning: All percentages zero/invalid in row 14502
Warning: All percentages zero/invalid in row 14503
Warning: All percentages zero/invalid in row 14504
Warning: All percentages zero/invalid in row 14505
Warning: All percentages zero/invalid in row 14506
Warning: All percentages zero/invalid in row 14507
Warning: All percentages zero/invalid in row 14508
Warning: All percentages zero/invalid in row 14509
Warning: All percentages zero/invalid in row 14510
Warning: All percentages zero/invalid in row 14511
Warning: All percentages zero/invalid in row 14512
Warning: All percentages zero/invalid in row 14513
Warning: All percentages zero/invalid in row 14514
Warning: All percentages zero/invalid in row 14515
Warning: All percentages zero/invalid in row 14516
Warning: All percentages zero/invalid in row 14517
Warning: All percentages zero/invalid in row 14518
Warning: All percentages zero/invalid in row 14519
Warning: All percentages zero/invalid in row 14520
Warning: All percentages zero/invalid in row 14521
Warning: All percentages zero/invalid in row 14522
Warning: All percentages zero/invalid in row 14523
Warning: All percentages zero/invalid in row 14524
Warning: All percentages zero/invalid in row 14525
Warning: All percentages zero/invalid in row 14526
Warning: All percentages zero/invalid in row 14527
Warning: All percentages zero/invalid in row 14528
Warning: All percentages zero/invalid in row 14529
Warning: All percentages zero/invalid in row 14530
Warning: All percentages zero/invalid in row 14531
Warning: All percentages zero/invalid in row 14532
Warning: All percentages zero/invalid in row 14533
Warning: All percentages zero/invalid in row 14534
Warning: All percentages zero/invalid in row 14535
Warning: All percentages zero/invalid in row 14536
Warning: All percentages zero/invalid in row 14537
Warning: All percentages zero/invalid in row 14538
Warning: All percentages zero/invalid in row 14539
Warning: All percentages zero/invalid in row 14540
Warning: All percentages zero/invalid in row 14541
Warning: All percentages zero/invalid in row 14542
Warning: All percentages zero/invalid in row 14543
Warning: All percentages zero/invalid in row 14544
Warning: All percentages zero/invalid in row 14545
Warning: All percentages zero/invalid in row 14546
Warning: All percentages zero/invalid in row 14547
Warning: All percentages zero/invalid in row 14548
Warning: All percentages zero/invalid in row 14549
Warning: All percentages zero/invalid in row 14550
Warning: All percentages zero/invalid in row 14551
Warning: All percentages zero/invalid in row 14552
Warning: All percentages zero/invalid in row 14553
Warning: All percentages zero/invalid in row 14554
Warning: All percentages zero/invalid in row 14555
Warning: All percentages zero/invalid in row 14556
Warning: All percentages zero/invalid in row 14557
Warning: All percentages zero/invalid in row 14558
Warning: All percentages zero/invalid in row 14559
Warning: All percentages zero/invalid in row 14560
Warning: All percentages zero/invalid in row 14561
Warning: All percentages zero/invalid in row 14562
Warning: All percentages zero/invalid in row 14563
Warning: All percentages zero/invalid in row 14564
Warning: All percentages zero/invalid in row 14565
Warning: All percentages zero/invalid in row 14566
Warning: All percentages zero/invalid in row 14567
Warning: All percentages zero/invalid in row 14568
Warning: All percentages zero/invalid in row 14569
Warning: All percentages zero/invalid in row 14570
Warning: All percentages zero/invalid in row 14571
Warning: All percentages zero/invalid in row 14572
Warning: All percentages zero/invalid in row 14573
Warning: All percentages zero/invalid in row 14574
Warning: All percentages zero/invalid in row 14575
Warning: All percentages zero/invalid in row 14576
Warning: All percentages zero/invalid in row 14577
Warning: All percentages zero/invalid in row 14578
Warning: All percentages zero/invalid in row 14579
Warning: All percentages zero/invalid in row 14580
Warning: All percentages zero/invalid in row 14581
Warning: All percentages zero/invalid in row 14582
Warning: All percentages zero/invalid in row 14583
Warning: All percentages zero/invalid in row 14584
Warning: All percentages zero/invalid in row 14585
Warning: All percentages zero/invalid in row 14586
Warning: All percentages zero/invalid in row 14587
Warning: All percentages zero/invalid in row 14588
Warning: All percentages zero/invalid in row 14589
Warning: All percentages zero/invalid in row 14590
Warning: All percentages zero/invalid in row 14591
Warning: All percentages zero/invalid in row 14592
Warning: All percentages zero/invalid in row 14593
Warning: All percentages zero/invalid in row 14594
Warning: All percentages zero/invalid in row 14595
Warning: All percentages zero/invalid in row 14596
Warning: All percentages zero/invalid in row 14597
Warning: All percentages zero/invalid in row 14598
Warning: All percentages zero/invalid in row 14599
Warning: All percentages zero/invalid in row 14600
Warning: All percentages zero/invalid in row 14601
Warning: All percentages zero/invalid in row 14602
Warning: All percentages zero/invalid in row 14603
Warning: All percentages zero/invalid in row 14604
Warning: All percentages zero/invalid in row 14605
Warning: All percentages zero/invalid in row 14606
Warning: All percentages zero/invalid in row 14607
Warning: All percentages zero/invalid in row 14608
Warning: All percentages zero/invalid in row 14609
Warning: All percentages zero/invalid in row 14610
Warning: All percentages zero/invalid in row 14611
Warning: All percentages zero/invalid in row 14612
Warning: All percentages zero/invalid in row 14613
Warning: All percentages zero/invalid in row 14614
Warning: All percentages zero/invalid in row 14615
Warning: All percentages zero/invalid in row 14616
Warning: All percentages zero/invalid in row 14617
Warning: All percentages zero/invalid in row 14618
Warning: All percentages zero/invalid in row 14619
Warning: All percentages zero/invalid in row 14620
Warning: All percentages zero/invalid in row 14621
Warning: All percentages zero/invalid in row 14622
Warning: All percentages zero/invalid in row 14623
Warning: All percentages zero/invalid in row 14624
Warning: All percentages zero/invalid in row 14625
Warning: All percentages zero/invalid in row 14626
Warning: All percentages zero/invalid in row 14627
Warning: All percentages zero/invalid in row 14628
Warning: All percentages zero/invalid in row 14629
Warning: All percentages zero/invalid in row 14630
Warning: All percentages zero/invalid in row 14631
Warning: All percentages zero/invalid in row 14632
Warning: All percentages zero/invalid in row 14633
Warning: All percentages zero/invalid in row 14634
Warning: All percentages zero/invalid in row 14635
Warning: All percentages zero/invalid in row 14636
Warning: All percentages zero/invalid in row 14637
Warning: All percentages zero/invalid in row 14638
Warning: All percentages zero/invalid in row 14639
Warning: All percentages zero/invalid in row 14640
Warning: All percentages zero/invalid in row 14641
Warning: All percentages zero/invalid in row 14642
Warning: All percentages zero/invalid in row 14643
Warning: All percentages zero/invalid in row 14644
Warning: All percentages zero/invalid in row 14645
Warning: All percentages zero/invalid in row 14646
Warning: All percentages zero/invalid in row 14647
Warning: All percentages zero/invalid in row 14648
Warning: All percentages zero/invalid in row 14649
Warning: All percentages zero/invalid in row 14650
Warning: All percentages zero/invalid in row 14651
Warning: All percentages zero/invalid in row 14652
Warning: All percentages zero/invalid in row 14653
Warning: All percentages zero/invalid in row 14654
Warning: All percentages zero/invalid in row 14655
Warning: All percentages zero/invalid in row 14656
Warning: All percentages zero/invalid in row 14657
Warning: All percentages zero/invalid in row 14658
Warning: All percentages zero/invalid in row 14659
Warning: All percentages zero/invalid in row 14660
Warning: All percentages zero/invalid in row 14661
Warning: All percentages zero/invalid in row 14662
Warning: All percentages zero/invalid in row 14663
Warning: All percentages zero/invalid in row 14664
Warning: All percentages zero/invalid in row 14665
Warning: All percentages zero/invalid in row 14666
Warning: All percentages zero/invalid in row 14667
Warning: All percentages zero/invalid in row 14668
Warning: All percentages zero/invalid in row 14669
Warning: All percentages zero/invalid in row 14670
Warning: All percentages zero/invalid in row 14671
Warning: All percentages zero/invalid in row 14672
Warning: All percentages zero/invalid in row 14673
Warning: All percentages zero/invalid in row 14674
Warning: All percentages zero/invalid in row 14675
Warning: All percentages zero/invalid in row 14676
Warning: All percentages zero/invalid in row 14677
Warning: All percentages zero/invalid in row 14678
Warning: All percentages zero/invalid in row 14679
Warning: All percentages zero/invalid in row 14680
Warning: All percentages zero/invalid in row 14681
Warning: All percentages zero/invalid in row 14682
Warning: All percentages zero/invalid in row 14683
Warning: All percentages zero/invalid in row 14684
Warning: All percentages zero/invalid in row 14685
Warning: All percentages zero/invalid in row 14686
Warning: All percentages zero/invalid in row 14687
Warning: All percentages zero/invalid in row 14688
Warning: All percentages zero/invalid in row 14689
Warning: All percentages zero/invalid in row 14690
Warning: All percentages zero/invalid in row 14691
Warning: All percentages zero/invalid in row 14692
Warning: All percentages zero/invalid in row 14693
Warning: All percentages zero/invalid in row 14694
Warning: All percentages zero/invalid in row 14695
Warning: All percentages zero/invalid in row 14696
Warning: All percentages zero/invalid in row 14697
Warning: All percentages zero/invalid in row 14698
Warning: All percentages zero/invalid in row 14699
Warning: All percentages zero/invalid in row 14700
Warning: All percentages zero/invalid in row 14701
Warning: All percentages zero/invalid in row 14702
Warning: All percentages zero/invalid in row 14703
Warning: All percentages zero/invalid in row 14704
Warning: All percentages zero/invalid in row 14705
Warning: All percentages zero/invalid in row 14706
Warning: All percentages zero/invalid in row 14707
Warning: All percentages zero/invalid in row 14708
Warning: All percentages zero/invalid in row 14709
Warning: All percentages zero/invalid in row 14710
Warning: All percentages zero/invalid in row 14711
Warning: All percentages zero/invalid in row 14712
Warning: All percentages zero/invalid in row 14713
Warning: All percentages zero/invalid in row 14714
Warning: All percentages zero/invalid in row 14715
Warning: All percentages zero/invalid in row 14716
Warning: All percentages zero/invalid in row 14717
Warning: All percentages zero/invalid in row 14718
Warning: All percentages zero/invalid in row 14719
Warning: All percentages zero/invalid in row 14720
Warning: All percentages zero/invalid in row 14721
Warning: All percentages zero/invalid in row 14722
Warning: All percentages zero/invalid in row 14723
Warning: All percentages zero/invalid in row 14724
Warning: All percentages zero/invalid in row 14725
Warning: All percentages zero/invalid in row 14726
Warning: All percentages zero/invalid in row 14727
Warning: All percentages zero/invalid in row 14728
Warning: All percentages zero/invalid in row 14729
Warning: All percentages zero/invalid in row 14730
Warning: All percentages zero/invalid in row 14731
Warning: All percentages zero/invalid in row 14732
Warning: All percentages zero/invalid in row 14733
Warning: All percentages zero/invalid in row 14734
Warning: All percentages zero/invalid in row 14735
Warning: All percentages zero/invalid in row 14736
Warning: All percentages zero/invalid in row 14738
Warning: All percentages zero/invalid in row 14739
Warning: All percentages zero/invalid in row 14740
Warning: All percentages zero/invalid in row 14741
Warning: All percentages zero/invalid in row 14742
Warning: All percentages zero/invalid in row 14743
Warning: All percentages zero/invalid in row 14744
Warning: All percentages zero/invalid in row 14745
Warning: All percentages zero/invalid in row 14746
Warning: All percentages zero/invalid in row 14747
Warning: All percentages zero/invalid in row 14748
Warning: All percentages zero/invalid in row 14749
Warning: All percentages zero/invalid in row 14750
Warning: All percentages zero/invalid in row 14754
Warning: All percentages zero/invalid in row 14755
Warning: All percentages zero/invalid in row 14756
Warning: All percentages zero/invalid in row 14757
Warning: All percentages zero/invalid in row 14758
Warning: All percentages zero/invalid in row 14759
Warning: All percentages zero/invalid in row 14760
Warning: All percentages zero/invalid in row 14761
Warning: All percentages zero/invalid in row 14762
Warning: All percentages zero/invalid in row 14763
Warning: All percentages zero/invalid in row 14764
Warning: All percentages zero/invalid in row 14765
Warning: All percentages zero/invalid in row 14767
Warning: All percentages zero/invalid in row 14768
Warning: All percentages zero/invalid in row 14770
Warning: All percentages zero/invalid in row 14771
Warning: All percentages zero/invalid in row 14772
Warning: All percentages zero/invalid in row 14773
Warning: All percentages zero/invalid in row 14774
Warning: All percentages zero/invalid in row 14775
Warning: All percentages zero/invalid in row 14776
Warning: All percentages zero/invalid in row 14778
Warning: All percentages zero/invalid in row 14779
Warning: All percentages zero/invalid in row 14780
Warning: All percentages zero/invalid in row 14781
Warning: All percentages zero/invalid in row 14782
Warning: All percentages zero/invalid in row 14783
Warning: All percentages zero/invalid in row 14784
Warning: All percentages zero/invalid in row 14785
Warning: All percentages zero/invalid in row 14786
Warning: All percentages zero/invalid in row 14787
Warning: All percentages zero/invalid in row 14788
Warning: All percentages zero/invalid in row 14789
Warning: All percentages zero/invalid in row 14790
Warning: All percentages zero/invalid in row 14792
Warning: All percentages zero/invalid in row 14793
Warning: All percentages zero/invalid in row 14794
Warning: All percentages zero/invalid in row 14795
Warning: All percentages zero/invalid in row 14796
Warning: All percentages zero/invalid in row 14797
Warning: All percentages zero/invalid in row 14798
Warning: All percentages zero/invalid in row 14799
Warning: All percentages zero/invalid in row 14800
Warning: All percentages zero/invalid in row 14802
Warning: All percentages zero/invalid in row 14803
Warning: All percentages zero/invalid in row 14805
Warning: All percentages zero/invalid in row 14806
Warning: All percentages zero/invalid in row 14808
Warning: All percentages zero/invalid in row 14809
Warning: All percentages zero/invalid in row 14810
Warning: All percentages zero/invalid in row 14811
Warning: All percentages zero/invalid in row 14812
Warning: All percentages zero/invalid in row 14813
Warning: All percentages zero/invalid in row 14814
Warning: All percentages zero/invalid in row 14815
Warning: All percentages zero/invalid in row 14816
Warning: All percentages zero/invalid in row 14817
Warning: All percentages zero/invalid in row 14818
Warning: All percentages zero/invalid in row 14819
Warning: All percentages zero/invalid in row 14821
Warning: All percentages zero/invalid in row 14822
Warning: All percentages zero/invalid in row 14824
Warning: All percentages zero/invalid in row 14831
Warning: All percentages zero/invalid in row 14837
Warning: All percentages zero/invalid in row 14841
Warning: All percentages zero/invalid in row 14874
Warning: All percentages zero/invalid in row 14875
Warning: All percentages zero/invalid in row 14876
Warning: All percentages zero/invalid in row 14877
Warning: All percentages zero/invalid in row 14878
Warning: All percentages zero/invalid in row 14879
Warning: All percentages zero/invalid in row 14880
Warning: All percentages zero/invalid in row 14881
Warning: All percentages zero/invalid in row 14882
Warning: All percentages zero/invalid in row 14883
Warning: All percentages zero/invalid in row 14884
Warning: All percentages zero/invalid in row 14885
Warning: All percentages zero/invalid in row 14886
Warning: All percentages zero/invalid in row 14887
Warning: All percentages zero/invalid in row 14888
Warning: All percentages zero/invalid in row 14889
Warning: All percentages zero/invalid in row 14890
Warning: All percentages zero/invalid in row 14891
Warning: All percentages zero/invalid in row 14892
Warning: All percentages zero/invalid in row 14893
Warning: All percentages zero/invalid in row 14894
Warning: All percentages zero/invalid in row 14895
Warning: All percentages zero/invalid in row 14896
Warning: All percentages zero/invalid in row 14897
Warning: All percentages zero/invalid in row 14898
Warning: All percentages zero/invalid in row 14899
Warning: All percentages zero/invalid in row 14900
Warning: All percentages zero/invalid in row 14901
Warning: All percentages zero/invalid in row 14902
Warning: All percentages zero/invalid in row 14903
Warning: All percentages zero/invalid in row 14904
Warning: All percentages zero/invalid in row 14905
Warning: All percentages zero/invalid in row 14906
Warning: All percentages zero/invalid in row 14907
Warning: All percentages zero/invalid in row 14908
Warning: All percentages zero/invalid in row 14909
Warning: All percentages zero/invalid in row 14910
Warning: All percentages zero/invalid in row 14911
Warning: All percentages zero/invalid in row 14912
Warning: All percentages zero/invalid in row 14913
Warning: All percentages zero/invalid in row 14914
Warning: All percentages zero/invalid in row 14915
Warning: All percentages zero/invalid in row 14916
Warning: All percentages zero/invalid in row 14917
Warning: All percentages zero/invalid in row 14918
Warning: All percentages zero/invalid in row 14919
Warning: All percentages zero/invalid in row 14920
Warning: All percentages zero/invalid in row 14921
Warning: All percentages zero/invalid in row 14922
Warning: All percentages zero/invalid in row 14923
Warning: All percentages zero/invalid in row 14924
Warning: All percentages zero/invalid in row 14925
Warning: All percentages zero/invalid in row 14926
Warning: All percentages zero/invalid in row 14927
Warning: All percentages zero/invalid in row 14928
Warning: All percentages zero/invalid in row 14929
Warning: All percentages zero/invalid in row 14930
Warning: All percentages zero/invalid in row 14931
Warning: All percentages zero/invalid in row 14932
Warning: All percentages zero/invalid in row 14933
Warning: All percentages zero/invalid in row 14934
Warning: All percentages zero/invalid in row 14935
Warning: All percentages zero/invalid in row 14936
Warning: All percentages zero/invalid in row 14937
Warning: All percentages zero/invalid in row 14938
Warning: All percentages zero/invalid in row 14939
Warning: All percentages zero/invalid in row 14940
Warning: All percentages zero/invalid in row 14941
Warning: All percentages zero/invalid in row 14942
Warning: All percentages zero/invalid in row 14943
Warning: All percentages zero/invalid in row 14944
Warning: All percentages zero/invalid in row 14945
Warning: All percentages zero/invalid in row 14946
Warning: All percentages zero/invalid in row 14947
Warning: All percentages zero/invalid in row 14948
Warning: All percentages zero/invalid in row 14949
Warning: All percentages zero/invalid in row 14950
Warning: All percentages zero/invalid in row 14951
Warning: All percentages zero/invalid in row 14952
Warning: All percentages zero/invalid in row 14953
Warning: All percentages zero/invalid in row 14954
Warning: All percentages zero/invalid in row 14955
Warning: All percentages zero/invalid in row 14956
Warning: All percentages zero/invalid in row 14957
Warning: All percentages zero/invalid in row 14958
Warning: All percentages zero/invalid in row 14959
Warning: All percentages zero/invalid in row 14960
Warning: All percentages zero/invalid in row 14961
Warning: All percentages zero/invalid in row 14962
Warning: All percentages zero/invalid in row 14963
Warning: All percentages zero/invalid in row 14964
Warning: All percentages zero/invalid in row 14965
Warning: All percentages zero/invalid in row 14969
Warning: All percentages zero/invalid in row 14977
Warning: All percentages zero/invalid in row 14993
Warning: All percentages zero/invalid in row 14995
Warning: All percentages zero/invalid in row 14999
Warning: All percentages zero/invalid in row 15000
Warning: All percentages zero/invalid in row 15002
Warning: All percentages zero/invalid in row 15004
Warning: All percentages zero/invalid in row 15005
Warning: All percentages zero/invalid in row 15008
Warning: All percentages zero/invalid in row 15015
Warning: All percentages zero/invalid in row 15017
Warning: All percentages zero/invalid in row 15019
Warning: All percentages zero/invalid in row 15021
Warning: All percentages zero/invalid in row 15028
Warning: All percentages zero/invalid in row 15029
Warning: All percentages zero/invalid in row 15030
Warning: All percentages zero/invalid in row 15031
Warning: All percentages zero/invalid in row 15032
Warning: All percentages zero/invalid in row 15033
Warning: All percentages zero/invalid in row 15034
Warning: All percentages zero/invalid in row 15035
Warning: All percentages zero/invalid in row 15036
Warning: All percentages zero/invalid in row 15037
Warning: All percentages zero/invalid in row 15038
Warning: All percentages zero/invalid in row 15039
Warning: All percentages zero/invalid in row 15040
Warning: All percentages zero/invalid in row 15041
Warning: All percentages zero/invalid in row 15042
Warning: All percentages zero/invalid in row 15043
Warning: All percentages zero/invalid in row 15044
Warning: All percentages zero/invalid in row 15045
Warning: All percentages zero/invalid in row 15046
Warning: All percentages zero/invalid in row 15047
Warning: All percentages zero/invalid in row 15048
Warning: All percentages zero/invalid in row 15049
Warning: All percentages zero/invalid in row 15050
Warning: All percentages zero/invalid in row 15051
Warning: All percentages zero/invalid in row 15052
Warning: All percentages zero/invalid in row 15053
Warning: All percentages zero/invalid in row 15054
Warning: All percentages zero/invalid in row 15055
Warning: All percentages zero/invalid in row 15056
Warning: All percentages zero/invalid in row 15057
Warning: All percentages zero/invalid in row 15058
Warning: All percentages zero/invalid in row 15059
Warning: All percentages zero/invalid in row 15060
Warning: All percentages zero/invalid in row 15061
Warning: All percentages zero/invalid in row 15062
Warning: All percentages zero/invalid in row 15063
Warning: All percentages zero/invalid in row 15064
Warning: All percentages zero/invalid in row 15065
Warning: All percentages zero/invalid in row 15066
Warning: All percentages zero/invalid in row 15067
Warning: All percentages zero/invalid in row 15068
Warning: All percentages zero/invalid in row 15069
Warning: All percentages zero/invalid in row 15070
Warning: All percentages zero/invalid in row 15071
Warning: All percentages zero/invalid in row 15072
Warning: All percentages zero/invalid in row 15073
Warning: All percentages zero/invalid in row 15074
Warning: All percentages zero/invalid in row 15075
Warning: All percentages zero/invalid in row 15076
Warning: All percentages zero/invalid in row 15077
Warning: All percentages zero/invalid in row 15078
Warning: All percentages zero/invalid in row 15079
Warning: All percentages zero/invalid in row 15080
Warning: All percentages zero/invalid in row 15081
Warning: All percentages zero/invalid in row 15082
Warning: All percentages zero/invalid in row 15083
Warning: All percentages zero/invalid in row 15084
Warning: All percentages zero/invalid in row 15085
Warning: All percentages zero/invalid in row 15086
Warning: All percentages zero/invalid in row 15087
Warning: All percentages zero/invalid in row 15088
Warning: All percentages zero/invalid in row 15089
Warning: All percentages zero/invalid in row 15090
Warning: All percentages zero/invalid in row 15091
Warning: All percentages zero/invalid in row 15092
Warning: All percentages zero/invalid in row 15093
Warning: All percentages zero/invalid in row 15094
Warning: All percentages zero/invalid in row 15095
Warning: All percentages zero/invalid in row 15096
Warning: All percentages zero/invalid in row 15097
Warning: All percentages zero/invalid in row 15098
Warning: All percentages zero/invalid in row 15099
Warning: All percentages zero/invalid in row 15100
Warning: All percentages zero/invalid in row 15101
Warning: All percentages zero/invalid in row 15102
Warning: All percentages zero/invalid in row 15103
Warning: All percentages zero/invalid in row 15104
Warning: All percentages zero/invalid in row 15105
Warning: All percentages zero/invalid in row 15106
Warning: All percentages zero/invalid in row 15107
Warning: All percentages zero/invalid in row 15108
Warning: All percentages zero/invalid in row 15109
Warning: All percentages zero/invalid in row 15110
Warning: All percentages zero/invalid in row 15111
Warning: All percentages zero/invalid in row 15112
Warning: All percentages zero/invalid in row 15113
Warning: All percentages zero/invalid in row 15114
Warning: All percentages zero/invalid in row 15115
Warning: All percentages zero/invalid in row 15116
Warning: All percentages zero/invalid in row 15117
Warning: All percentages zero/invalid in row 15118
Warning: All percentages zero/invalid in row 15119
Warning: All percentages zero/invalid in row 15120
Warning: All percentages zero/invalid in row 15121
Warning: All percentages zero/invalid in row 15122
Warning: All percentages zero/invalid in row 15123
Warning: All percentages zero/invalid in row 15124
Warning: All percentages zero/invalid in row 15125
Warning: All percentages zero/invalid in row 15126
Warning: All percentages zero/invalid in row 15127
Warning: All percentages zero/invalid in row 15128
Warning: All percentages zero/invalid in row 15129
Warning: All percentages zero/invalid in row 15130
Warning: All percentages zero/invalid in row 15131
Warning: All percentages zero/invalid in row 15132
Warning: All percentages zero/invalid in row 15133
Warning: All percentages zero/invalid in row 15134
Warning: All percentages zero/invalid in row 15135
Warning: All percentages zero/invalid in row 15136
Warning: All percentages zero/invalid in row 15137
Warning: All percentages zero/invalid in row 15138
Warning: All percentages zero/invalid in row 15139
Warning: All percentages zero/invalid in row 15140
Warning: All percentages zero/invalid in row 15141
Warning: All percentages zero/invalid in row 15142
Warning: All percentages zero/invalid in row 15143
Warning: All percentages zero/invalid in row 15144
Warning: All percentages zero/invalid in row 15145
Warning: All percentages zero/invalid in row 15146
Warning: All percentages zero/invalid in row 15147
Warning: All percentages zero/invalid in row 15148
Warning: All percentages zero/invalid in row 15149
Warning: All percentages zero/invalid in row 15150
Warning: All percentages zero/invalid in row 15151
Warning: All percentages zero/invalid in row 15152
Warning: All percentages zero/invalid in row 15153
Warning: All percentages zero/invalid in row 15154
Warning: All percentages zero/invalid in row 15155
Warning: All percentages zero/invalid in row 15156
Warning: All percentages zero/invalid in row 15157
Warning: All percentages zero/invalid in row 15158
Warning: All percentages zero/invalid in row 15159
Warning: All percentages zero/invalid in row 15160
Warning: All percentages zero/invalid in row 15161
Warning: All percentages zero/invalid in row 15162
Warning: All percentages zero/invalid in row 15163
Warning: All percentages zero/invalid in row 15164
Warning: All percentages zero/invalid in row 15165
Warning: All percentages zero/invalid in row 15166
Warning: All percentages zero/invalid in row 15167
Warning: All percentages zero/invalid in row 15168
Warning: All percentages zero/invalid in row 15170
Warning: All percentages zero/invalid in row 15171
Warning: All percentages zero/invalid in row 15172
Warning: All percentages zero/invalid in row 15173
Warning: All percentages zero/invalid in row 15174
Warning: All percentages zero/invalid in row 15175
Warning: All percentages zero/invalid in row 15176
Warning: All percentages zero/invalid in row 15177
Warning: All percentages zero/invalid in row 15178
Warning: All percentages zero/invalid in row 15179
Warning: All percentages zero/invalid in row 15180
Warning: All percentages zero/invalid in row 15181
Warning: All percentages zero/invalid in row 15182
Warning: All percentages zero/invalid in row 15183
Warning: All percentages zero/invalid in row 15184
Warning: All percentages zero/invalid in row 15185
Warning: All percentages zero/invalid in row 15186
Warning: All percentages zero/invalid in row 15187
Warning: All percentages zero/invalid in row 15188
Warning: All percentages zero/invalid in row 15189
Warning: All percentages zero/invalid in row 15190
Warning: All percentages zero/invalid in row 15191
Warning: All percentages zero/invalid in row 15192
Warning: All percentages zero/invalid in row 15193
Warning: All percentages zero/invalid in row 15194
Warning: All percentages zero/invalid in row 15195
Warning: All percentages zero/invalid in row 15196
Warning: All percentages zero/invalid in row 15197
Warning: All percentages zero/invalid in row 15198
Warning: All percentages zero/invalid in row 15199
Warning: All percentages zero/invalid in row 15200
Warning: All percentages zero/invalid in row 15201
Warning: All percentages zero/invalid in row 15202
Warning: All percentages zero/invalid in row 15203
Warning: All percentages zero/invalid in row 15204
Warning: All percentages zero/invalid in row 15205
Warning: All percentages zero/invalid in row 15206
Warning: All percentages zero/invalid in row 15207
Warning: All percentages zero/invalid in row 15223
Warning: All percentages zero/invalid in row 15224
Warning: All percentages zero/invalid in row 15225
Warning: All percentages zero/invalid in row 15226
Warning: All percentages zero/invalid in row 15227
Warning: All percentages zero/invalid in row 15228
Warning: All percentages zero/invalid in row 15229
Warning: All percentages zero/invalid in row 15230
Warning: All percentages zero/invalid in row 15232
Warning: All percentages zero/invalid in row 15233
Warning: All percentages zero/invalid in row 15234
Warning: All percentages zero/invalid in row 15235
Warning: All percentages zero/invalid in row 15236
Warning: All percentages zero/invalid in row 15237
Warning: All percentages zero/invalid in row 15261
Warning: All percentages zero/invalid in row 15265
Warning: All percentages zero/invalid in row 15280
Warning: All percentages zero/invalid in row 15285
Warning: All percentages zero/invalid in row 15286
Warning: All percentages zero/invalid in row 15287
Warning: All percentages zero/invalid in row 15288
Warning: All percentages zero/invalid in row 15289
Warning: All percentages zero/invalid in row 15290
Warning: All percentages zero/invalid in row 15291
Warning: All percentages zero/invalid in row 15292
Warning: All percentages zero/invalid in row 15293
Warning: All percentages zero/invalid in row 15294
Warning: All percentages zero/invalid in row 15295
Warning: All percentages zero/invalid in row 15296
Warning: All percentages zero/invalid in row 15297
Warning: All percentages zero/invalid in row 15298
Warning: All percentages zero/invalid in row 15299
Warning: All percentages zero/invalid in row 15300
Warning: All percentages zero/invalid in row 15301
Warning: All percentages zero/invalid in row 15302
Warning: All percentages zero/invalid in row 15303
Warning: All percentages zero/invalid in row 15304
Warning: All percentages zero/invalid in row 15305
Warning: All percentages zero/invalid in row 15306
Warning: All percentages zero/invalid in row 15307
Warning: All percentages zero/invalid in row 15308
Warning: All percentages zero/invalid in row 15309
Warning: All percentages zero/invalid in row 15310
Warning: All percentages zero/invalid in row 15311
Warning: All percentages zero/invalid in row 15312
Warning: All percentages zero/invalid in row 15313
Warning: All percentages zero/invalid in row 15314
Warning: All percentages zero/invalid in row 15315
Warning: All percentages zero/invalid in row 15318
Warning: All percentages zero/invalid in row 15320
Warning: All percentages zero/invalid in row 15321
Warning: All percentages zero/invalid in row 15322
Warning: All percentages zero/invalid in row 15326
Warning: All percentages zero/invalid in row 15327
Warning: All percentages zero/invalid in row 15328
Warning: All percentages zero/invalid in row 15334
Warning: All percentages zero/invalid in row 15335
Warning: All percentages zero/invalid in row 15336
Warning: All percentages zero/invalid in row 15337
Warning: All percentages zero/invalid in row 15338
Warning: All percentages zero/invalid in row 15339
Warning: All percentages zero/invalid in row 15340
Warning: All percentages zero/invalid in row 15341
Warning: All percentages zero/invalid in row 15342
Warning: All percentages zero/invalid in row 15343
Warning: All percentages zero/invalid in row 15344
Warning: All percentages zero/invalid in row 15345
Warning: All percentages zero/invalid in row 15346
Warning: All percentages zero/invalid in row 15347
Warning: All percentages zero/invalid in row 15348
Warning: All percentages zero/invalid in row 15349
Warning: All percentages zero/invalid in row 15350
Warning: All percentages zero/invalid in row 15351
Warning: All percentages zero/invalid in row 15352
Warning: All percentages zero/invalid in row 15353
Warning: All percentages zero/invalid in row 15354
Warning: All percentages zero/invalid in row 15355
Warning: All percentages zero/invalid in row 15356
Warning: All percentages zero/invalid in row 15357
Warning: All percentages zero/invalid in row 15382
Warning: All percentages zero/invalid in row 15387
Warning: All percentages zero/invalid in row 15388
Warning: All percentages zero/invalid in row 15392
Warning: All percentages zero/invalid in row 15426
Warning: All percentages zero/invalid in row 15427
Warning: All percentages zero/invalid in row 15428
Warning: All percentages zero/invalid in row 15429
Warning: All percentages zero/invalid in row 15430
Warning: All percentages zero/invalid in row 15431
Warning: All percentages zero/invalid in row 15432
Warning: All percentages zero/invalid in row 15433
Warning: All percentages zero/invalid in row 15434
Warning: All percentages zero/invalid in row 15435
Warning: All percentages zero/invalid in row 15436
Warning: All percentages zero/invalid in row 15437
Warning: All percentages zero/invalid in row 15438
Warning: All percentages zero/invalid in row 15439
Warning: All percentages zero/invalid in row 15440
Warning: All percentages zero/invalid in row 15441
Warning: All percentages zero/invalid in row 15442
Warning: All percentages zero/invalid in row 15443
Warning: All percentages zero/invalid in row 15444
Warning: All percentages zero/invalid in row 15445
Warning: All percentages zero/invalid in row 15446
Warning: All percentages zero/invalid in row 15447
Warning: All percentages zero/invalid in row 15448
Warning: All percentages zero/invalid in row 15449
Warning: All percentages zero/invalid in row 15450
Warning: All percentages zero/invalid in row 15451
Warning: All percentages zero/invalid in row 15452
Warning: All percentages zero/invalid in row 15453
Warning: All percentages zero/invalid in row 15454
Warning: All percentages zero/invalid in row 15455
Warning: All percentages zero/invalid in row 15456
Warning: All percentages zero/invalid in row 15458
Warning: All percentages zero/invalid in row 15459
Warning: All percentages zero/invalid in row 15460
Warning: All percentages zero/invalid in row 15461
Warning: All percentages zero/invalid in row 15462
Warning: All percentages zero/invalid in row 15463
Warning: All percentages zero/invalid in row 15464
Warning: All percentages zero/invalid in row 15465
Warning: All percentages zero/invalid in row 15466
Warning: All percentages zero/invalid in row 15467
Warning: All percentages zero/invalid in row 15468
Warning: All percentages zero/invalid in row 15469
Warning: All percentages zero/invalid in row 15470
Warning: All percentages zero/invalid in row 15471
Warning: All percentages zero/invalid in row 15472
Warning: All percentages zero/invalid in row 15473
Warning: All percentages zero/invalid in row 15474
Warning: All percentages zero/invalid in row 15475
Warning: All percentages zero/invalid in row 15476
Warning: All percentages zero/invalid in row 15477
Warning: All percentages zero/invalid in row 15478
Warning: All percentages zero/invalid in row 15479
Warning: All percentages zero/invalid in row 15480
Warning: All percentages zero/invalid in row 15481
Warning: All percentages zero/invalid in row 15482
Warning: All percentages zero/invalid in row 15483
Warning: All percentages zero/invalid in row 15484
Warning: All percentages zero/invalid in row 15485
Warning: All percentages zero/invalid in row 15486
Warning: All percentages zero/invalid in row 15487
Warning: All percentages zero/invalid in row 15488
Warning: All percentages zero/invalid in row 15489
Warning: All percentages zero/invalid in row 15490
Warning: All percentages zero/invalid in row 15491
Warning: All percentages zero/invalid in row 15492
Warning: All percentages zero/invalid in row 15493
Warning: All percentages zero/invalid in row 15494
Warning: All percentages zero/invalid in row 15495
Warning: All percentages zero/invalid in row 15496
Warning: All percentages zero/invalid in row 15497
Warning: All percentages zero/invalid in row 15498
Warning: All percentages zero/invalid in row 15499
Warning: All percentages zero/invalid in row 15500
Warning: All percentages zero/invalid in row 15501
Warning: All percentages zero/invalid in row 15502
Warning: All percentages zero/invalid in row 15503
Warning: All percentages zero/invalid in row 15504
Warning: All percentages zero/invalid in row 15505
Warning: All percentages zero/invalid in row 15506
Warning: All percentages zero/invalid in row 15507
Warning: All percentages zero/invalid in row 15508
Warning: All percentages zero/invalid in row 15509
Warning: All percentages zero/invalid in row 15510
Warning: All percentages zero/invalid in row 15511
Warning: All percentages zero/invalid in row 15512
Warning: All percentages zero/invalid in row 15513
Warning: All percentages zero/invalid in row 15514
Warning: All percentages zero/invalid in row 15515
Warning: All percentages zero/invalid in row 15516
Warning: All percentages zero/invalid in row 15517
Warning: All percentages zero/invalid in row 15518
Warning: All percentages zero/invalid in row 15519
Warning: All percentages zero/invalid in row 15520
Warning: All percentages zero/invalid in row 15521
Warning: All percentages zero/invalid in row 15522
Warning: All percentages zero/invalid in row 15523
Warning: All percentages zero/invalid in row 15524
Warning: All percentages zero/invalid in row 15525
Warning: All percentages zero/invalid in row 15526
Warning: All percentages zero/invalid in row 15527
Warning: All percentages zero/invalid in row 15528
Warning: All percentages zero/invalid in row 15529
Warning: All percentages zero/invalid in row 15530
Warning: All percentages zero/invalid in row 15531
Warning: All percentages zero/invalid in row 15532
Warning: All percentages zero/invalid in row 15533
Warning: All percentages zero/invalid in row 15534
Warning: All percentages zero/invalid in row 15535
Warning: All percentages zero/invalid in row 15536
Warning: All percentages zero/invalid in row 15537
Warning: All percentages zero/invalid in row 15538
Warning: All percentages zero/invalid in row 15539
Warning: All percentages zero/invalid in row 15540
Warning: All percentages zero/invalid in row 15541
Warning: All percentages zero/invalid in row 15542
Warning: All percentages zero/invalid in row 15543
Warning: All percentages zero/invalid in row 15544
Warning: All percentages zero/invalid in row 15545
Warning: All percentages zero/invalid in row 15546
Warning: All percentages zero/invalid in row 15547
Warning: All percentages zero/invalid in row 15548
Warning: All percentages zero/invalid in row 15549
Warning: All percentages zero/invalid in row 15550
Warning: All percentages zero/invalid in row 15551
Warning: All percentages zero/invalid in row 15552
Warning: All percentages zero/invalid in row 15553
Warning: All percentages zero/invalid in row 15554
Warning: All percentages zero/invalid in row 15555
Warning: All percentages zero/invalid in row 15556
Warning: All percentages zero/invalid in row 15557
Warning: All percentages zero/invalid in row 15558
Warning: All percentages zero/invalid in row 15559
Warning: All percentages zero/invalid in row 15560
Warning: All percentages zero/invalid in row 15561
Warning: All percentages zero/invalid in row 15562
Warning: All percentages zero/invalid in row 15563
Warning: All percentages zero/invalid in row 15564
Warning: All percentages zero/invalid in row 15565
Warning: All percentages zero/invalid in row 15566
Warning: All percentages zero/invalid in row 15567
Warning: All percentages zero/invalid in row 15568
Warning: All percentages zero/invalid in row 15569
Warning: All percentages zero/invalid in row 15570
Warning: All percentages zero/invalid in row 15571
Warning: All percentages zero/invalid in row 15572
Warning: All percentages zero/invalid in row 15574
Warning: All percentages zero/invalid in row 15576
Warning: All percentages zero/invalid in row 15577
Warning: All percentages zero/invalid in row 15578
Warning: All percentages zero/invalid in row 15579
Warning: All percentages zero/invalid in row 15580
Warning: All percentages zero/invalid in row 15581
Warning: All percentages zero/invalid in row 15582
Warning: All percentages zero/invalid in row 15583
Warning: All percentages zero/invalid in row 15584
Warning: All percentages zero/invalid in row 15585
Warning: All percentages zero/invalid in row 15586
Warning: All percentages zero/invalid in row 15587
Warning: All percentages zero/invalid in row 15588
Warning: All percentages zero/invalid in row 15589
Warning: All percentages zero/invalid in row 15590
Warning: All percentages zero/invalid in row 15591
Warning: All percentages zero/invalid in row 15592
Warning: All percentages zero/invalid in row 15593
Warning: All percentages zero/invalid in row 15594
Warning: All percentages zero/invalid in row 15595
Warning: All percentages zero/invalid in row 15596
Warning: All percentages zero/invalid in row 15597
Warning: All percentages zero/invalid in row 15598
Warning: All percentages zero/invalid in row 15599
Warning: All percentages zero/invalid in row 15600
Warning: All percentages zero/invalid in row 15601
Warning: All percentages zero/invalid in row 15602
Warning: All percentages zero/invalid in row 15603
Warning: All percentages zero/invalid in row 15604
Warning: All percentages zero/invalid in row 15605
Warning: All percentages zero/invalid in row 15606
Warning: All percentages zero/invalid in row 15607
Warning: All percentages zero/invalid in row 15608
Warning: All percentages zero/invalid in row 15609
Warning: All percentages zero/invalid in row 15610
Warning: All percentages zero/invalid in row 15611
Warning: All percentages zero/invalid in row 15612
Warning: All percentages zero/invalid in row 15613
Warning: All percentages zero/invalid in row 15614
Warning: All percentages zero/invalid in row 15615
Warning: All percentages zero/invalid in row 15616
Warning: All percentages zero/invalid in row 15617
Warning: All percentages zero/invalid in row 15618
Warning: All percentages zero/invalid in row 15619
Warning: All percentages zero/invalid in row 15620
Warning: All percentages zero/invalid in row 15621
Warning: All percentages zero/invalid in row 15622
Warning: All percentages zero/invalid in row 15623
Warning: All percentages zero/invalid in row 15624
Warning: All percentages zero/invalid in row 15625
Warning: All percentages zero/invalid in row 15626
Warning: All percentages zero/invalid in row 15627
Warning: All percentages zero/invalid in row 15628
Warning: All percentages zero/invalid in row 15629
Warning: All percentages zero/invalid in row 15630
Warning: All percentages zero/invalid in row 15631
Warning: All percentages zero/invalid in row 15632
Warning: All percentages zero/invalid in row 15633
Warning: All percentages zero/invalid in row 15634
Warning: All percentages zero/invalid in row 15635
Warning: All percentages zero/invalid in row 15636
Warning: All percentages zero/invalid in row 15637
Warning: All percentages zero/invalid in row 15638
Warning: All percentages zero/invalid in row 15639
Warning: All percentages zero/invalid in row 15640
Warning: All percentages zero/invalid in row 15641
Warning: All percentages zero/invalid in row 15642
Warning: All percentages zero/invalid in row 15643
Warning: All percentages zero/invalid in row 15644
Warning: All percentages zero/invalid in row 15645
Warning: All percentages zero/invalid in row 15646
Warning: All percentages zero/invalid in row 15647
Warning: All percentages zero/invalid in row 15648
Warning: All percentages zero/invalid in row 15649
Warning: All percentages zero/invalid in row 15650
Warning: All percentages zero/invalid in row 15651
Warning: All percentages zero/invalid in row 15652
Warning: All percentages zero/invalid in row 15653
Warning: All percentages zero/invalid in row 15654
Warning: All percentages zero/invalid in row 15655
Warning: All percentages zero/invalid in row 15656
Warning: All percentages zero/invalid in row 15657
Warning: All percentages zero/invalid in row 15659
Warning: All percentages zero/invalid in row 15660
Warning: All percentages zero/invalid in row 15661
Warning: All percentages zero/invalid in row 15662
Warning: All percentages zero/invalid in row 15663
Warning: All percentages zero/invalid in row 15664
Warning: All percentages zero/invalid in row 15665
Warning: All percentages zero/invalid in row 15666
Warning: All percentages zero/invalid in row 15667
Warning: All percentages zero/invalid in row 15668
Warning: All percentages zero/invalid in row 15669
Warning: All percentages zero/invalid in row 15670
Warning: All percentages zero/invalid in row 15671
Warning: All percentages zero/invalid in row 15672
Warning: All percentages zero/invalid in row 15673
Warning: All percentages zero/invalid in row 15674
Warning: All percentages zero/invalid in row 15675
Warning: All percentages zero/invalid in row 15676
Warning: All percentages zero/invalid in row 15677
Warning: All percentages zero/invalid in row 15678
Warning: All percentages zero/invalid in row 15679
Warning: All percentages zero/invalid in row 15680
Warning: All percentages zero/invalid in row 15681
Warning: All percentages zero/invalid in row 15682
Warning: All percentages zero/invalid in row 15683
Warning: All percentages zero/invalid in row 15684
Warning: All percentages zero/invalid in row 15685
Warning: All percentages zero/invalid in row 15686
Warning: All percentages zero/invalid in row 15687
Warning: All percentages zero/invalid in row 15688
Warning: All percentages zero/invalid in row 15689
Warning: All percentages zero/invalid in row 15690
Warning: All percentages zero/invalid in row 15691
Warning: All percentages zero/invalid in row 15692
Warning: All percentages zero/invalid in row 15693
Warning: All percentages zero/invalid in row 15694
Warning: All percentages zero/invalid in row 15695
Warning: All percentages zero/invalid in row 15696
Warning: All percentages zero/invalid in row 15697
Warning: All percentages zero/invalid in row 15698
Warning: All percentages zero/invalid in row 15699
Warning: All percentages zero/invalid in row 15700
Warning: All percentages zero/invalid in row 15701
Warning: All percentages zero/invalid in row 15702
Warning: All percentages zero/invalid in row 15703
Warning: All percentages zero/invalid in row 15704
Warning: All percentages zero/invalid in row 15705
Warning: All percentages zero/invalid in row 15706
Warning: All percentages zero/invalid in row 15707
Warning: All percentages zero/invalid in row 15708
Warning: All percentages zero/invalid in row 15709
Warning: All percentages zero/invalid in row 15710
Warning: All percentages zero/invalid in row 15711
Warning: All percentages zero/invalid in row 15712
Warning: All percentages zero/invalid in row 15713
Warning: All percentages zero/invalid in row 15714
Warning: All percentages zero/invalid in row 15715
Warning: All percentages zero/invalid in row 15716
Warning: All percentages zero/invalid in row 15717
Warning: All percentages zero/invalid in row 15718
Warning: All percentages zero/invalid in row 15719
Warning: All percentages zero/invalid in row 15720
Warning: All percentages zero/invalid in row 15721
Warning: All percentages zero/invalid in row 15722
Warning: All percentages zero/invalid in row 15723
Warning: All percentages zero/invalid in row 15724
Warning: All percentages zero/invalid in row 15725
Warning: All percentages zero/invalid in row 15726
Warning: All percentages zero/invalid in row 15727
Warning: All percentages zero/invalid in row 15728
Warning: All percentages zero/invalid in row 15729
Warning: All percentages zero/invalid in row 15730
Warning: All percentages zero/invalid in row 15731
Warning: All percentages zero/invalid in row 15732
Warning: All percentages zero/invalid in row 15733
Warning: All percentages zero/invalid in row 15734
Warning: All percentages zero/invalid in row 15737
Warning: All percentages zero/invalid in row 15738
Warning: All percentages zero/invalid in row 15739
Warning: All percentages zero/invalid in row 15740
Warning: All percentages zero/invalid in row 15741
Warning: All percentages zero/invalid in row 15742
Warning: All percentages zero/invalid in row 15743
Warning: All percentages zero/invalid in row 15744
Warning: All percentages zero/invalid in row 15745
Warning: All percentages zero/invalid in row 15746
Warning: All percentages zero/invalid in row 15747
Warning: All percentages zero/invalid in row 15748
Warning: All percentages zero/invalid in row 15749
Warning: All percentages zero/invalid in row 15750
Warning: All percentages zero/invalid in row 15751
Warning: All percentages zero/invalid in row 15752
Warning: All percentages zero/invalid in row 15753
Warning: All percentages zero/invalid in row 15754
Warning: All percentages zero/invalid in row 15755
Warning: All percentages zero/invalid in row 15756
Warning: All percentages zero/invalid in row 15757
Warning: All percentages zero/invalid in row 15758
Warning: All percentages zero/invalid in row 15759
Warning: All percentages zero/invalid in row 15760
Warning: All percentages zero/invalid in row 15761
Warning: All percentages zero/invalid in row 15762
Warning: All percentages zero/invalid in row 15763
Warning: All percentages zero/invalid in row 15764
Warning: All percentages zero/invalid in row 15765
Warning: All percentages zero/invalid in row 15766
Warning: All percentages zero/invalid in row 15767
Warning: All percentages zero/invalid in row 15768
Warning: All percentages zero/invalid in row 15769
Warning: All percentages zero/invalid in row 15770
Warning: All percentages zero/invalid in row 15771
Warning: All percentages zero/invalid in row 15772
Warning: All percentages zero/invalid in row 15773
Warning: All percentages zero/invalid in row 15775
Warning: All percentages zero/invalid in row 15776
Warning: All percentages zero/invalid in row 15777
Warning: All percentages zero/invalid in row 15778
Warning: All percentages zero/invalid in row 15779
Warning: All percentages zero/invalid in row 15780
Warning: All percentages zero/invalid in row 15781
Warning: All percentages zero/invalid in row 15782
Warning: All percentages zero/invalid in row 15783
Warning: All percentages zero/invalid in row 15784
Warning: All percentages zero/invalid in row 15785
Warning: All percentages zero/invalid in row 15787
Warning: All percentages zero/invalid in row 15788
Warning: All percentages zero/invalid in row 15789
Warning: All percentages zero/invalid in row 15790
Warning: All percentages zero/invalid in row 15791
Warning: All percentages zero/invalid in row 15792
Warning: All percentages zero/invalid in row 15793
Warning: All percentages zero/invalid in row 15794
Warning: All percentages zero/invalid in row 15795
Warning: All percentages zero/invalid in row 15796
Warning: All percentages zero/invalid in row 15797
Warning: All percentages zero/invalid in row 15798
Warning: All percentages zero/invalid in row 15799
Warning: All percentages zero/invalid in row 15800
Warning: All percentages zero/invalid in row 15801
Warning: All percentages zero/invalid in row 15803
Warning: All percentages zero/invalid in row 15804
Warning: All percentages zero/invalid in row 15805
Warning: All percentages zero/invalid in row 15806
Warning: All percentages zero/invalid in row 15807
Warning: All percentages zero/invalid in row 15811
Warning: All percentages zero/invalid in row 15813
Warning: All percentages zero/invalid in row 15817
Warning: All percentages zero/invalid in row 15818
Warning: All percentages zero/invalid in row 15820
Warning: All percentages zero/invalid in row 15822
Warning: All percentages zero/invalid in row 15825
Warning: All percentages zero/invalid in row 15826
Warning: All percentages zero/invalid in row 15828
Warning: All percentages zero/invalid in row 15830
Warning: All percentages zero/invalid in row 15831
Warning: All percentages zero/invalid in row 15833
Warning: All percentages zero/invalid in row 15836
Warning: All percentages zero/invalid in row 15837
Warning: All percentages zero/invalid in row 15839
Warning: All percentages zero/invalid in row 15841
Warning: All percentages zero/invalid in row 15843
Warning: All percentages zero/invalid in row 15844
Warning: All percentages zero/invalid in row 15847
Warning: All percentages zero/invalid in row 15860
Warning: All percentages zero/invalid in row 15885
Warning: All percentages zero/invalid in row 15886
Warning: All percentages zero/invalid in row 15888
Warning: All percentages zero/invalid in row 15889
Warning: All percentages zero/invalid in row 15891
Warning: All percentages zero/invalid in row 15893
Warning: All percentages zero/invalid in row 15894
Warning: All percentages zero/invalid in row 15895
Warning: All percentages zero/invalid in row 15897
Warning: All percentages zero/invalid in row 15899
Warning: All percentages zero/invalid in row 15900
Warning: All percentages zero/invalid in row 15901
Warning: All percentages zero/invalid in row 15902
Warning: All percentages zero/invalid in row 15903
Warning: All percentages zero/invalid in row 15904
Warning: All percentages zero/invalid in row 15906
Warning: All percentages zero/invalid in row 15907
Warning: All percentages zero/invalid in row 15908
Warning: All percentages zero/invalid in row 15909
Warning: All percentages zero/invalid in row 15910
Warning: All percentages zero/invalid in row 15911
Warning: All percentages zero/invalid in row 15912
Warning: All percentages zero/invalid in row 15913
Warning: All percentages zero/invalid in row 15914
Warning: All percentages zero/invalid in row 15915
Warning: All percentages zero/invalid in row 15916
Warning: All percentages zero/invalid in row 15917
Warning: All percentages zero/invalid in row 15918
Warning: All percentages zero/invalid in row 15919
Warning: All percentages zero/invalid in row 15920
Warning: All percentages zero/invalid in row 15921
Warning: All percentages zero/invalid in row 15922
Warning: All percentages zero/invalid in row 15923
Warning: All percentages zero/invalid in row 15924
Warning: All percentages zero/invalid in row 15925
Warning: All percentages zero/invalid in row 15926
Warning: All percentages zero/invalid in row 15927
Warning: All percentages zero/invalid in row 15928
Warning: All percentages zero/invalid in row 15929
Warning: All percentages zero/invalid in row 15930
Warning: All percentages zero/invalid in row 15931
Warning: All percentages zero/invalid in row 15932
Warning: All percentages zero/invalid in row 15933
Warning: All percentages zero/invalid in row 15934
Warning: All percentages zero/invalid in row 15935
Warning: All percentages zero/invalid in row 15936
Warning: All percentages zero/invalid in row 15937
Warning: All percentages zero/invalid in row 15938
Warning: All percentages zero/invalid in row 15939
Warning: All percentages zero/invalid in row 15940
Warning: All percentages zero/invalid in row 15941
Warning: All percentages zero/invalid in row 15942
Warning: All percentages zero/invalid in row 16030
Warning: All percentages zero/invalid in row 16031
Warning: All percentages zero/invalid in row 16032
Warning: All percentages zero/invalid in row 16033
Warning: All percentages zero/invalid in row 16034
Warning: All percentages zero/invalid in row 16035
Warning: All percentages zero/invalid in row 16036
Warning: All percentages zero/invalid in row 16037
Warning: All percentages zero/invalid in row 16038
Warning: All percentages zero/invalid in row 16039
Warning: All percentages zero/invalid in row 16040
Warning: All percentages zero/invalid in row 16041
Warning: All percentages zero/invalid in row 16042
Warning: All percentages zero/invalid in row 16043
Warning: All percentages zero/invalid in row 16044
Warning: All percentages zero/invalid in row 16045
Warning: All percentages zero/invalid in row 16046
Warning: All percentages zero/invalid in row 16047
Warning: All percentages zero/invalid in row 16048
Warning: All percentages zero/invalid in row 16049
Warning: All percentages zero/invalid in row 16050
Warning: All percentages zero/invalid in row 16051
Warning: All percentages zero/invalid in row 16052
Warning: All percentages zero/invalid in row 16053
Warning: All percentages zero/invalid in row 16054
Warning: All percentages zero/invalid in row 16058
Warning: All percentages zero/invalid in row 16059
Warning: All percentages zero/invalid in row 16105
Warning: All percentages zero/invalid in row 16106
Warning: All percentages zero/invalid in row 16108
Warning: All percentages zero/invalid in row 16110
Warning: All percentages zero/invalid in row 16111
Warning: All percentages zero/invalid in row 16112
Warning: All percentages zero/invalid in row 16113
Warning: All percentages zero/invalid in row 16114
Warning: All percentages zero/invalid in row 16115
Warning: All percentages zero/invalid in row 16116
Warning: All percentages zero/invalid in row 16117
Warning: All percentages zero/invalid in row 16118
Warning: All percentages zero/invalid in row 16119
Warning: All percentages zero/invalid in row 16120
Warning: All percentages zero/invalid in row 16121
Warning: All percentages zero/invalid in row 16122
Warning: All percentages zero/invalid in row 16123
Warning: All percentages zero/invalid in row 16124
Warning: All percentages zero/invalid in row 16125
Warning: All percentages zero/invalid in row 16126
Warning: All percentages zero/invalid in row 16127
Warning: All percentages zero/invalid in row 16128
Warning: All percentages zero/invalid in row 16129
Warning: All percentages zero/invalid in row 16130
Warning: All percentages zero/invalid in row 16131
Warning: All percentages zero/invalid in row 16132
Warning: All percentages zero/invalid in row 16133
Warning: All percentages zero/invalid in row 16134
Warning: All percentages zero/invalid in row 16135
Warning: All percentages zero/invalid in row 16136
Warning: All percentages zero/invalid in row 16137
Warning: All percentages zero/invalid in row 16138
Warning: All percentages zero/invalid in row 16139
Warning: All percentages zero/invalid in row 16140
Warning: All percentages zero/invalid in row 16141
Warning: All percentages zero/invalid in row 16142
Warning: All percentages zero/invalid in row 16143
Warning: All percentages zero/invalid in row 16144
Warning: All percentages zero/invalid in row 16145
Warning: All percentages zero/invalid in row 16146
Warning: All percentages zero/invalid in row 16147
Warning: All percentages zero/invalid in row 16148
Warning: All percentages zero/invalid in row 16149
Warning: All percentages zero/invalid in row 16150
Warning: All percentages zero/invalid in row 16151
Warning: All percentages zero/invalid in row 16152
Warning: All percentages zero/invalid in row 16153
Warning: All percentages zero/invalid in row 16154
Warning: All percentages zero/invalid in row 16155
Warning: All percentages zero/invalid in row 16156
Warning: All percentages zero/invalid in row 16157
Warning: All percentages zero/invalid in row 16158
Warning: All percentages zero/invalid in row 16159
Warning: All percentages zero/invalid in row 16160
Warning: All percentages zero/invalid in row 16161
Warning: All percentages zero/invalid in row 16162
Warning: All percentages zero/invalid in row 16163
Warning: All percentages zero/invalid in row 16164
Warning: All percentages zero/invalid in row 16165
Warning: All percentages zero/invalid in row 16166
Warning: All percentages zero/invalid in row 16167
Warning: All percentages zero/invalid in row 16168
Warning: All percentages zero/invalid in row 16169
Warning: All percentages zero/invalid in row 16170
Warning: All percentages zero/invalid in row 16172
Warning: All percentages zero/invalid in row 16173
Warning: All percentages zero/invalid in row 16174
Warning: All percentages zero/invalid in row 16175
Warning: All percentages zero/invalid in row 16176
Warning: All percentages zero/invalid in row 16177
Warning: All percentages zero/invalid in row 16178
Warning: All percentages zero/invalid in row 16179
Warning: All percentages zero/invalid in row 16180
Warning: All percentages zero/invalid in row 16181
Warning: All percentages zero/invalid in row 16196
Warning: All percentages zero/invalid in row 16201
Warning: All percentages zero/invalid in row 16202
Warning: All percentages zero/invalid in row 16204
Warning: All percentages zero/invalid in row 16205
Warning: All percentages zero/invalid in row 16214
Warning: All percentages zero/invalid in row 16228
Warning: All percentages zero/invalid in row 16231
Warning: All percentages zero/invalid in row 16232
Warning: All percentages zero/invalid in row 16233
Warning: All percentages zero/invalid in row 16234
Warning: All percentages zero/invalid in row 16235
Warning: All percentages zero/invalid in row 16236
Warning: All percentages zero/invalid in row 16237
Warning: All percentages zero/invalid in row 16238
Warning: All percentages zero/invalid in row 16239
Warning: All percentages zero/invalid in row 16240
Warning: All percentages zero/invalid in row 16241
Warning: All percentages zero/invalid in row 16242
Warning: All percentages zero/invalid in row 16243
Warning: All percentages zero/invalid in row 16246
Warning: All percentages zero/invalid in row 16247
Warning: All percentages zero/invalid in row 16248
Warning: All percentages zero/invalid in row 16252
Warning: All percentages zero/invalid in row 16254
Warning: All percentages zero/invalid in row 16256
Warning: All percentages zero/invalid in row 16257
Warning: All percentages zero/invalid in row 16260
Warning: All percentages zero/invalid in row 16261
Warning: All percentages zero/invalid in row 16269
Warning: All percentages zero/invalid in row 16270
Warning: All percentages zero/invalid in row 16271
Warning: All percentages zero/invalid in row 16272
Warning: All percentages zero/invalid in row 16273
Warning: All percentages zero/invalid in row 16274
Warning: All percentages zero/invalid in row 16275
Warning: All percentages zero/invalid in row 16276
Warning: All percentages zero/invalid in row 16277
Warning: All percentages zero/invalid in row 16278
Warning: All percentages zero/invalid in row 16279
Warning: All percentages zero/invalid in row 16280
Warning: All percentages zero/invalid in row 16281
Warning: All percentages zero/invalid in row 16282
Warning: All percentages zero/invalid in row 16283
Warning: All percentages zero/invalid in row 16284
Warning: All percentages zero/invalid in row 16285
Warning: All percentages zero/invalid in row 16286
Warning: All percentages zero/invalid in row 16287
Warning: All percentages zero/invalid in row 16288
Warning: All percentages zero/invalid in row 16289
Warning: All percentages zero/invalid in row 16290
Warning: All percentages zero/invalid in row 16291
Warning: All percentages zero/invalid in row 16292
Warning: All percentages zero/invalid in row 16293
Warning: All percentages zero/invalid in row 16294
Warning: All percentages zero/invalid in row 16295
Warning: All percentages zero/invalid in row 16296
Warning: All percentages zero/invalid in row 16297
Warning: All percentages zero/invalid in row 16298
Warning: All percentages zero/invalid in row 16299
Warning: All percentages zero/invalid in row 16300
Warning: All percentages zero/invalid in row 16301
Warning: All percentages zero/invalid in row 16302
Warning: All percentages zero/invalid in row 16303
Warning: All percentages zero/invalid in row 16304
Warning: All percentages zero/invalid in row 16305
Warning: All percentages zero/invalid in row 16306
Warning: All percentages zero/invalid in row 16307
Warning: All percentages zero/invalid in row 16308
Warning: All percentages zero/invalid in row 16309
Warning: All percentages zero/invalid in row 16310
Warning: All percentages zero/invalid in row 16311
Warning: All percentages zero/invalid in row 16312
Warning: All percentages zero/invalid in row 16313
Warning: All percentages zero/invalid in row 16314
Warning: All percentages zero/invalid in row 16315
Warning: All percentages zero/invalid in row 16316
Warning: All percentages zero/invalid in row 16317
Warning: All percentages zero/invalid in row 16318
Warning: All percentages zero/invalid in row 16319
Warning: All percentages zero/invalid in row 16320
Warning: All percentages zero/invalid in row 16321
Warning: All percentages zero/invalid in row 16322
Warning: All percentages zero/invalid in row 16323
Warning: All percentages zero/invalid in row 16324
Warning: All percentages zero/invalid in row 16325
Warning: All percentages zero/invalid in row 16326
Warning: All percentages zero/invalid in row 16327
Warning: All percentages zero/invalid in row 16328
Warning: All percentages zero/invalid in row 16329
Warning: All percentages zero/invalid in row 16330
Warning: All percentages zero/invalid in row 16331
Warning: All percentages zero/invalid in row 16332
Warning: All percentages zero/invalid in row 16333
Warning: All percentages zero/invalid in row 16334
Warning: All percentages zero/invalid in row 16335
Warning: All percentages zero/invalid in row 16336
Warning: All percentages zero/invalid in row 16337
Warning: All percentages zero/invalid in row 16338
Warning: All percentages zero/invalid in row 16339
Warning: All percentages zero/invalid in row 16340
Warning: All percentages zero/invalid in row 16341
Warning: All percentages zero/invalid in row 16342
Warning: All percentages zero/invalid in row 16343
Warning: All percentages zero/invalid in row 16344
Warning: All percentages zero/invalid in row 16345
Warning: All percentages zero/invalid in row 16346
Warning: All percentages zero/invalid in row 16347
Warning: All percentages zero/invalid in row 16348
Warning: All percentages zero/invalid in row 16349
Warning: All percentages zero/invalid in row 16350
Warning: All percentages zero/invalid in row 16351
Warning: All percentages zero/invalid in row 16352
Warning: All percentages zero/invalid in row 16353
Warning: All percentages zero/invalid in row 16354
Warning: All percentages zero/invalid in row 16355
Warning: All percentages zero/invalid in row 16356
Warning: All percentages zero/invalid in row 16357
Warning: All percentages zero/invalid in row 16358
Warning: All percentages zero/invalid in row 16359
Warning: All percentages zero/invalid in row 16360
Warning: All percentages zero/invalid in row 16361
Warning: All percentages zero/invalid in row 16362
Warning: All percentages zero/invalid in row 16363
Warning: All percentages zero/invalid in row 16364
Warning: All percentages zero/invalid in row 16365
Warning: All percentages zero/invalid in row 16366
Warning: All percentages zero/invalid in row 16367
Warning: All percentages zero/invalid in row 16368
Warning: All percentages zero/invalid in row 16369
Warning: All percentages zero/invalid in row 16370
Warning: All percentages zero/invalid in row 16371
Warning: All percentages zero/invalid in row 16372
Warning: All percentages zero/invalid in row 16373
Warning: All percentages zero/invalid in row 16374
Warning: All percentages zero/invalid in row 16375
Warning: All percentages zero/invalid in row 16376
Warning: All percentages zero/invalid in row 16377
Warning: All percentages zero/invalid in row 16378
Warning: All percentages zero/invalid in row 16379
Warning: All percentages zero/invalid in row 16380
Warning: All percentages zero/invalid in row 16381
Warning: All percentages zero/invalid in row 16382
Warning: All percentages zero/invalid in row 16383
Warning: All percentages zero/invalid in row 16384
Warning: All percentages zero/invalid in row 16385
Warning: All percentages zero/invalid in row 16386
Warning: All percentages zero/invalid in row 16387
Warning: All percentages zero/invalid in row 16388
Warning: All percentages zero/invalid in row 16389
Warning: All percentages zero/invalid in row 16390
Warning: All percentages zero/invalid in row 16391
Warning: All percentages zero/invalid in row 16392
Warning: All percentages zero/invalid in row 16393
Warning: All percentages zero/invalid in row 16394
Warning: All percentages zero/invalid in row 16395
Warning: All percentages zero/invalid in row 16396
Warning: All percentages zero/invalid in row 16397
Warning: All percentages zero/invalid in row 16398
Warning: All percentages zero/invalid in row 16399
Warning: All percentages zero/invalid in row 16400
Warning: All percentages zero/invalid in row 16403
Warning: All percentages zero/invalid in row 16404
Warning: All percentages zero/invalid in row 16413
Warning: All percentages zero/invalid in row 16414
Warning: All percentages zero/invalid in row 16422
Warning: All percentages zero/invalid in row 16423
Warning: All percentages zero/invalid in row 16433
Warning: All percentages zero/invalid in row 16440
Warning: All percentages zero/invalid in row 16441
Warning: All percentages zero/invalid in row 16447
Warning: All percentages zero/invalid in row 16448
Warning: All percentages zero/invalid in row 16454
Warning: All percentages zero/invalid in row 16455
Warning: All percentages zero/invalid in row 16457
Warning: All percentages zero/invalid in row 16458
Warning: All percentages zero/invalid in row 16464
Warning: All percentages zero/invalid in row 16465
Warning: All percentages zero/invalid in row 16471
Warning: All percentages zero/invalid in row 16472
Warning: All percentages zero/invalid in row 16473
Warning: All percentages zero/invalid in row 16474
Warning: All percentages zero/invalid in row 16479
Warning: All percentages zero/invalid in row 16480
Warning: All percentages zero/invalid in row 16485
Warning: All percentages zero/invalid in row 16488
Warning: All percentages zero/invalid in row 16501
Warning: All percentages zero/invalid in row 16503
Warning: All percentages zero/invalid in row 16509
Warning: All percentages zero/invalid in row 16510
Warning: All percentages zero/invalid in row 16511
Warning: All percentages zero/invalid in row 16512
Warning: All percentages zero/invalid in row 16513
Warning: All percentages zero/invalid in row 16514
Warning: All percentages zero/invalid in row 16515
Warning: All percentages zero/invalid in row 16517
Warning: All percentages zero/invalid in row 16518
Warning: All percentages zero/invalid in row 16519
Warning: All percentages zero/invalid in row 16520
Warning: All percentages zero/invalid in row 16544
Warning: All percentages zero/invalid in row 16555
Warning: All percentages zero/invalid in row 16567
Warning: All percentages zero/invalid in row 16576
Warning: All percentages zero/invalid in row 16599
Warning: All percentages zero/invalid in row 16605
Warning: All percentages zero/invalid in row 16606
Warning: All percentages zero/invalid in row 16619
Warning: All percentages zero/invalid in row 16623
Warning: All percentages zero/invalid in row 16625
Warning: All percentages zero/invalid in row 16631
Warning: All percentages zero/invalid in row 16634
Warning: All percentages zero/invalid in row 16640
Warning: All percentages zero/invalid in row 16647
Warning: All percentages zero/invalid in row 16650
Warning: All percentages zero/invalid in row 16651
Warning: All percentages zero/invalid in row 16660
Warning: All percentages zero/invalid in row 16669
Warning: All percentages zero/invalid in row 16672
Warning: All percentages zero/invalid in row 16673
Warning: All percentages zero/invalid in row 16678
Warning: All percentages zero/invalid in row 16684
Warning: All percentages zero/invalid in row 16687
Warning: All percentages zero/invalid in row 16690
Warning: All percentages zero/invalid in row 16692
Warning: All percentages zero/invalid in row 16696
Warning: All percentages zero/invalid in row 16697
Warning: All percentages zero/invalid in row 16698
Warning: All percentages zero/invalid in row 16700
Warning: All percentages zero/invalid in row 16701
Warning: All percentages zero/invalid in row 16705
Warning: All percentages zero/invalid in row 16706
Warning: All percentages zero/invalid in row 16707
Warning: All percentages zero/invalid in row 16708
Warning: All percentages zero/invalid in row 16710
Warning: All percentages zero/invalid in row 16711
Warning: All percentages zero/invalid in row 16717
Warning: All percentages zero/invalid in row 16718
Warning: All percentages zero/invalid in row 16719
Warning: All percentages zero/invalid in row 16720
Warning: All percentages zero/invalid in row 16721
Warning: All percentages zero/invalid in row 16722
Warning: All percentages zero/invalid in row 16723
Warning: All percentages zero/invalid in row 16724
Warning: All percentages zero/invalid in row 16725
Warning: All percentages zero/invalid in row 16726
Warning: All percentages zero/invalid in row 16727
Warning: All percentages zero/invalid in row 16728
Warning: All percentages zero/invalid in row 16729
Warning: All percentages zero/invalid in row 16730
Warning: All percentages zero/invalid in row 16731
Warning: All percentages zero/invalid in row 16732
Warning: All percentages zero/invalid in row 16733
Warning: All percentages zero/invalid in row 16734
Warning: All percentages zero/invalid in row 16735
Warning: All percentages zero/invalid in row 16736
Warning: All percentages zero/invalid in row 16737
Warning: All percentages zero/invalid in row 16738
Warning: All percentages zero/invalid in row 16739
Warning: All percentages zero/invalid in row 16740
Warning: All percentages zero/invalid in row 16741
Warning: All percentages zero/invalid in row 16742
Warning: All percentages zero/invalid in row 16743
Warning: All percentages zero/invalid in row 16744
Warning: All percentages zero/invalid in row 16745
Warning: All percentages zero/invalid in row 16746
Warning: All percentages zero/invalid in row 16747
Warning: All percentages zero/invalid in row 16748
Warning: All percentages zero/invalid in row 16749
Warning: All percentages zero/invalid in row 16750
Warning: All percentages zero/invalid in row 16751
Warning: All percentages zero/invalid in row 16752
Warning: All percentages zero/invalid in row 16753
Warning: All percentages zero/invalid in row 16754
Warning: All percentages zero/invalid in row 16755
Warning: All percentages zero/invalid in row 16756
Warning: All percentages zero/invalid in row 16757
Warning: All percentages zero/invalid in row 16758
Warning: All percentages zero/invalid in row 16759
Warning: All percentages zero/invalid in row 16760
Warning: All percentages zero/invalid in row 16761
Warning: All percentages zero/invalid in row 16762
Warning: All percentages zero/invalid in row 16763
Warning: All percentages zero/invalid in row 16764
Warning: All percentages zero/invalid in row 16765
Warning: All percentages zero/invalid in row 16766
Warning: All percentages zero/invalid in row 16767
Warning: All percentages zero/invalid in row 16768
Warning: All percentages zero/invalid in row 16769
Warning: All percentages zero/invalid in row 16770
Warning: All percentages zero/invalid in row 16771
Warning: All percentages zero/invalid in row 16772
Warning: All percentages zero/invalid in row 16773
Warning: All percentages zero/invalid in row 16774
Warning: All percentages zero/invalid in row 16775
Warning: All percentages zero/invalid in row 16776
Warning: All percentages zero/invalid in row 16777
Warning: All percentages zero/invalid in row 16778
Warning: All percentages zero/invalid in row 16779
Warning: All percentages zero/invalid in row 16780
Warning: All percentages zero/invalid in row 16781
Warning: All percentages zero/invalid in row 16782
Warning: All percentages zero/invalid in row 16783
Warning: All percentages zero/invalid in row 16784
Warning: All percentages zero/invalid in row 16785
Warning: All percentages zero/invalid in row 16786
Warning: All percentages zero/invalid in row 16787
Warning: All percentages zero/invalid in row 16788
Warning: All percentages zero/invalid in row 16789
Warning: All percentages zero/invalid in row 16790
Warning: All percentages zero/invalid in row 16791
Warning: All percentages zero/invalid in row 16792
Warning: All percentages zero/invalid in row 16793
Warning: All percentages zero/invalid in row 16794
Warning: All percentages zero/invalid in row 16826
Warning: All percentages zero/invalid in row 16827
Warning: All percentages zero/invalid in row 16828
Warning: All percentages zero/invalid in row 16829
Warning: All percentages zero/invalid in row 16830
Warning: All percentages zero/invalid in row 16832
Warning: All percentages zero/invalid in row 16833
Warning: All percentages zero/invalid in row 16846
Warning: All percentages zero/invalid in row 16872
Warning: All percentages zero/invalid in row 16894
Warning: All percentages zero/invalid in row 16897
Warning: All percentages zero/invalid in row 16898
Warning: All percentages zero/invalid in row 16899
Warning: All percentages zero/invalid in row 16900
Warning: All percentages zero/invalid in row 16901
Warning: All percentages zero/invalid in row 16902
Warning: All percentages zero/invalid in row 16904
Warning: All percentages zero/invalid in row 16906
Warning: All percentages zero/invalid in row 16907
Warning: All percentages zero/invalid in row 16908
Warning: All percentages zero/invalid in row 16909
Warning: All percentages zero/invalid in row 16910
Warning: All percentages zero/invalid in row 16911
Warning: All percentages zero/invalid in row 16912
Warning: All percentages zero/invalid in row 16913
Warning: All percentages zero/invalid in row 16914
Warning: All percentages zero/invalid in row 16915
Warning: All percentages zero/invalid in row 16916
Warning: All percentages zero/invalid in row 16917
Warning: All percentages zero/invalid in row 16918
Warning: All percentages zero/invalid in row 16919
Warning: All percentages zero/invalid in row 16920
Warning: All percentages zero/invalid in row 16921
Warning: All percentages zero/invalid in row 16922
Warning: All percentages zero/invalid in row 16923
Warning: All percentages zero/invalid in row 16924
Warning: All percentages zero/invalid in row 16925
Warning: All percentages zero/invalid in row 16926
Warning: All percentages zero/invalid in row 16927
Warning: All percentages zero/invalid in row 16928
Warning: All percentages zero/invalid in row 16929
Warning: All percentages zero/invalid in row 16930
Warning: All percentages zero/invalid in row 16931
Warning: All percentages zero/invalid in row 16932
Warning: All percentages zero/invalid in row 16933
Warning: All percentages zero/invalid in row 16934
Warning: All percentages zero/invalid in row 16935
Warning: All percentages zero/invalid in row 16939
Warning: All percentages zero/invalid in row 16940
Warning: All percentages zero/invalid in row 16941
Warning: All percentages zero/invalid in row 16942
Warning: All percentages zero/invalid in row 16945
Warning: All percentages zero/invalid in row 16946
Warning: All percentages zero/invalid in row 16947
Warning: All percentages zero/invalid in row 16948
Warning: All percentages zero/invalid in row 16950
Warning: All percentages zero/invalid in row 16952
Warning: All percentages zero/invalid in row 16953
Warning: All percentages zero/invalid in row 16954
Warning: All percentages zero/invalid in row 16955
Warning: All percentages zero/invalid in row 16960
Warning: All percentages zero/invalid in row 16977
Warning: All percentages zero/invalid in row 16983
Warning: All percentages zero/invalid in row 16988
Warning: All percentages zero/invalid in row 16998
Warning: All percentages zero/invalid in row 17007
Warning: All percentages zero/invalid in row 17017
Warning: All percentages zero/invalid in row 17018
Warning: All percentages zero/invalid in row 17024
Warning: All percentages zero/invalid in row 17025
Warning: All percentages zero/invalid in row 17026
Warning: All percentages zero/invalid in row 17027
Warning: All percentages zero/invalid in row 17028
Warning: All percentages zero/invalid in row 17030
Warning: All percentages zero/invalid in row 17034
Warning: All percentages zero/invalid in row 17035
Warning: All percentages zero/invalid in row 17037
Warning: All percentages zero/invalid in row 17038
Warning: All percentages zero/invalid in row 17039
Warning: All percentages zero/invalid in row 17040
Warning: All percentages zero/invalid in row 17041
Warning: All percentages zero/invalid in row 17042
Warning: All percentages zero/invalid in row 17043
Warning: All percentages zero/invalid in row 17044
Warning: All percentages zero/invalid in row 17045
Warning: All percentages zero/invalid in row 17046
Warning: All percentages zero/invalid in row 17047
Warning: All percentages zero/invalid in row 17048
Warning: All percentages zero/invalid in row 17049
Warning: All percentages zero/invalid in row 17050
Warning: All percentages zero/invalid in row 17051
Warning: All percentages zero/invalid in row 17052
Warning: All percentages zero/invalid in row 17053
Warning: All percentages zero/invalid in row 17054
Warning: All percentages zero/invalid in row 17055
Warning: All percentages zero/invalid in row 17056
Warning: All percentages zero/invalid in row 17057
Warning: All percentages zero/invalid in row 17058
Warning: All percentages zero/invalid in row 17059
Warning: All percentages zero/invalid in row 17060
Warning: All percentages zero/invalid in row 17061
Warning: All percentages zero/invalid in row 17062
Warning: All percentages zero/invalid in row 17063
Warning: All percentages zero/invalid in row 17064
Warning: All percentages zero/invalid in row 17065
Warning: All percentages zero/invalid in row 17066
Warning: All percentages zero/invalid in row 17067
Warning: All percentages zero/invalid in row 17068
Warning: All percentages zero/invalid in row 17069
Warning: All percentages zero/invalid in row 17070
Warning: All percentages zero/invalid in row 17071
Warning: All percentages zero/invalid in row 17072
Warning: All percentages zero/invalid in row 17073
Warning: All percentages zero/invalid in row 17074
Warning: All percentages zero/invalid in row 17075
Warning: All percentages zero/invalid in row 17076
Warning: All percentages zero/invalid in row 17077
Warning: All percentages zero/invalid in row 17078
Warning: All percentages zero/invalid in row 17079
Warning: All percentages zero/invalid in row 17080
Warning: All percentages zero/invalid in row 17081
Warning: All percentages zero/invalid in row 17082
Warning: All percentages zero/invalid in row 17083
Warning: All percentages zero/invalid in row 17084
Warning: All percentages zero/invalid in row 17085
Warning: All percentages zero/invalid in row 17086
Warning: All percentages zero/invalid in row 17087
Warning: All percentages zero/invalid in row 17088
Warning: All percentages zero/invalid in row 17089
Warning: All percentages zero/invalid in row 17090
Warning: All percentages zero/invalid in row 17091
Warning: All percentages zero/invalid in row 17092
Warning: All percentages zero/invalid in row 17093
Warning: All percentages zero/invalid in row 17094
Warning: All percentages zero/invalid in row 17095
Warning: All percentages zero/invalid in row 17096
Warning: All percentages zero/invalid in row 17097
Warning: All percentages zero/invalid in row 17098
Warning: All percentages zero/invalid in row 17099
Warning: All percentages zero/invalid in row 17100
Warning: All percentages zero/invalid in row 17101
Warning: All percentages zero/invalid in row 17102
Warning: All percentages zero/invalid in row 17103
Warning: All percentages zero/invalid in row 17104
Warning: All percentages zero/invalid in row 17105
Warning: All percentages zero/invalid in row 17106
Warning: All percentages zero/invalid in row 17107
Warning: All percentages zero/invalid in row 17108
Warning: All percentages zero/invalid in row 17109
Warning: All percentages zero/invalid in row 17110
Warning: All percentages zero/invalid in row 17111
Warning: All percentages zero/invalid in row 17112
Warning: All percentages zero/invalid in row 17113
Warning: All percentages zero/invalid in row 17114
Warning: All percentages zero/invalid in row 17115
Warning: All percentages zero/invalid in row 17116
Warning: All percentages zero/invalid in row 17117
Warning: All percentages zero/invalid in row 17118
Warning: All percentages zero/invalid in row 17119
Warning: All percentages zero/invalid in row 17120
Warning: All percentages zero/invalid in row 17121
Warning: All percentages zero/invalid in row 17122
Warning: All percentages zero/invalid in row 17123
Warning: All percentages zero/invalid in row 17124
Warning: All percentages zero/invalid in row 17125
Warning: All percentages zero/invalid in row 17126
Warning: All percentages zero/invalid in row 17127
Warning: All percentages zero/invalid in row 17128
Warning: All percentages zero/invalid in row 17129
Warning: All percentages zero/invalid in row 17130
Warning: All percentages zero/invalid in row 17131
Warning: All percentages zero/invalid in row 17132
Warning: All percentages zero/invalid in row 17133
Warning: All percentages zero/invalid in row 17134
Warning: All percentages zero/invalid in row 17135
Warning: All percentages zero/invalid in row 17136
Warning: All percentages zero/invalid in row 17137
Warning: All percentages zero/invalid in row 17138
Warning: All percentages zero/invalid in row 17139
Warning: All percentages zero/invalid in row 17140
Warning: All percentages zero/invalid in row 17141
Warning: All percentages zero/invalid in row 17142
Warning: All percentages zero/invalid in row 17143
Warning: All percentages zero/invalid in row 17144
Warning: All percentages zero/invalid in row 17145
Warning: All percentages zero/invalid in row 17146
Warning: All percentages zero/invalid in row 17147
Warning: All percentages zero/invalid in row 17148
Warning: All percentages zero/invalid in row 17149
Warning: All percentages zero/invalid in row 17150
Warning: All percentages zero/invalid in row 17151
Warning: All percentages zero/invalid in row 17152
Warning: All percentages zero/invalid in row 17153
Warning: All percentages zero/invalid in row 17154
Warning: All percentages zero/invalid in row 17155
Warning: All percentages zero/invalid in row 17156
Warning: All percentages zero/invalid in row 17157
Warning: All percentages zero/invalid in row 17158
Warning: All percentages zero/invalid in row 17159
Warning: All percentages zero/invalid in row 17160
Warning: All percentages zero/invalid in row 17161
Warning: All percentages zero/invalid in row 17162
Warning: All percentages zero/invalid in row 17163
Warning: All percentages zero/invalid in row 17164
Warning: All percentages zero/invalid in row 17165
Warning: All percentages zero/invalid in row 17166
Warning: All percentages zero/invalid in row 17167
Warning: All percentages zero/invalid in row 17168
Warning: All percentages zero/invalid in row 17169
Warning: All percentages zero/invalid in row 17170
Warning: All percentages zero/invalid in row 17171
Warning: All percentages zero/invalid in row 17172
Warning: All percentages zero/invalid in row 17173
Warning: All percentages zero/invalid in row 17174
Warning: All percentages zero/invalid in row 17175
Warning: All percentages zero/invalid in row 17176
Warning: All percentages zero/invalid in row 17177
Warning: All percentages zero/invalid in row 17178
Warning: All percentages zero/invalid in row 17179
Warning: All percentages zero/invalid in row 17180
Warning: All percentages zero/invalid in row 17181
Warning: All percentages zero/invalid in row 17182
Warning: All percentages zero/invalid in row 17183
Warning: All percentages zero/invalid in row 17184
Warning: All percentages zero/invalid in row 17185
Warning: All percentages zero/invalid in row 17186
Warning: All percentages zero/invalid in row 17187
Warning: All percentages zero/invalid in row 17188
Warning: All percentages zero/invalid in row 17189
Warning: All percentages zero/invalid in row 17190
Warning: All percentages zero/invalid in row 17191
Warning: All percentages zero/invalid in row 17192
Warning: All percentages zero/invalid in row 17193
Warning: All percentages zero/invalid in row 17194
Warning: All percentages zero/invalid in row 17195
Warning: All percentages zero/invalid in row 17196
Warning: All percentages zero/invalid in row 17197
Warning: All percentages zero/invalid in row 17198
Warning: All percentages zero/invalid in row 17199
Warning: All percentages zero/invalid in row 17200
Warning: All percentages zero/invalid in row 17201
Warning: All percentages zero/invalid in row 17202
Warning: All percentages zero/invalid in row 17203
Warning: All percentages zero/invalid in row 17204
Warning: All percentages zero/invalid in row 17205
Warning: All percentages zero/invalid in row 17206
Warning: All percentages zero/invalid in row 17207
Warning: All percentages zero/invalid in row 17208
Warning: All percentages zero/invalid in row 17209
Warning: All percentages zero/invalid in row 17210
Warning: All percentages zero/invalid in row 17211
Warning: All percentages zero/invalid in row 17212
Warning: All percentages zero/invalid in row 17213
Warning: All percentages zero/invalid in row 17214
Warning: All percentages zero/invalid in row 17215
Warning: All percentages zero/invalid in row 17216
Warning: All percentages zero/invalid in row 17217
Warning: All percentages zero/invalid in row 17218
Warning: All percentages zero/invalid in row 17219
Warning: All percentages zero/invalid in row 17220
Warning: All percentages zero/invalid in row 17221
Warning: All percentages zero/invalid in row 17222
Warning: All percentages zero/invalid in row 17223
Warning: All percentages zero/invalid in row 17224
Warning: All percentages zero/invalid in row 17225
Warning: All percentages zero/invalid in row 17226
Warning: All percentages zero/invalid in row 17227
Warning: All percentages zero/invalid in row 17228
Warning: All percentages zero/invalid in row 17229
Warning: All percentages zero/invalid in row 17230
Warning: All percentages zero/invalid in row 17231
Warning: All percentages zero/invalid in row 17232
Warning: All percentages zero/invalid in row 17233
Warning: All percentages zero/invalid in row 17234
Warning: All percentages zero/invalid in row 17235
Warning: All percentages zero/invalid in row 17236
Warning: All percentages zero/invalid in row 17237
Warning: All percentages zero/invalid in row 17238
Warning: All percentages zero/invalid in row 17239
Warning: All percentages zero/invalid in row 17240
Warning: All percentages zero/invalid in row 17241
Warning: All percentages zero/invalid in row 17242
Warning: All percentages zero/invalid in row 17243
Warning: All percentages zero/invalid in row 17244
Warning: All percentages zero/invalid in row 17245
Warning: All percentages zero/invalid in row 17246
Warning: All percentages zero/invalid in row 17247
Warning: All percentages zero/invalid in row 17248
Warning: All percentages zero/invalid in row 17249
Warning: All percentages zero/invalid in row 17250
Warning: All percentages zero/invalid in row 17251
Warning: All percentages zero/invalid in row 17252
Warning: All percentages zero/invalid in row 17253
Warning: All percentages zero/invalid in row 17254
Warning: All percentages zero/invalid in row 17255
Warning: All percentages zero/invalid in row 17256
Warning: All percentages zero/invalid in row 17257
Warning: All percentages zero/invalid in row 17258
Warning: All percentages zero/invalid in row 17259
Warning: All percentages zero/invalid in row 17260
Warning: All percentages zero/invalid in row 17261
Warning: All percentages zero/invalid in row 17262
Warning: All percentages zero/invalid in row 17263
Warning: All percentages zero/invalid in row 17264
Warning: All percentages zero/invalid in row 17265
Warning: All percentages zero/invalid in row 17266
Warning: All percentages zero/invalid in row 17267
Warning: All percentages zero/invalid in row 17268
Warning: All percentages zero/invalid in row 17269
Warning: All percentages zero/invalid in row 17270
Warning: All percentages zero/invalid in row 17271
Warning: All percentages zero/invalid in row 17272
Warning: All percentages zero/invalid in row 17273
Warning: All percentages zero/invalid in row 17274
Warning: All percentages zero/invalid in row 17275
Warning: All percentages zero/invalid in row 17276
Warning: All percentages zero/invalid in row 17277
Warning: All percentages zero/invalid in row 17278
Warning: All percentages zero/invalid in row 17279
Warning: All percentages zero/invalid in row 17280
Warning: All percentages zero/invalid in row 17281
Warning: All percentages zero/invalid in row 17282
Warning: All percentages zero/invalid in row 17283
Warning: All percentages zero/invalid in row 17284
Warning: All percentages zero/invalid in row 17285
Warning: All percentages zero/invalid in row 17286
Warning: All percentages zero/invalid in row 17287
Warning: All percentages zero/invalid in row 17288
Warning: All percentages zero/invalid in row 17289
Warning: All percentages zero/invalid in row 17290
Warning: All percentages zero/invalid in row 17291
Warning: All percentages zero/invalid in row 17292
Warning: All percentages zero/invalid in row 17293
Warning: All percentages zero/invalid in row 17294
Warning: All percentages zero/invalid in row 17295
Warning: All percentages zero/invalid in row 17296
Warning: All percentages zero/invalid in row 17297
Warning: All percentages zero/invalid in row 17298
Warning: All percentages zero/invalid in row 17299
Warning: All percentages zero/invalid in row 17300
Warning: All percentages zero/invalid in row 17301
Warning: All percentages zero/invalid in row 17302
Warning: All percentages zero/invalid in row 17303
Warning: All percentages zero/invalid in row 17304
Warning: All percentages zero/invalid in row 17305
Warning: All percentages zero/invalid in row 17306
Warning: All percentages zero/invalid in row 17307
Warning: All percentages zero/invalid in row 17308
Warning: All percentages zero/invalid in row 17309
Warning: All percentages zero/invalid in row 17310
Warning: All percentages zero/invalid in row 17311
Warning: All percentages zero/invalid in row 17312
Warning: All percentages zero/invalid in row 17313
Warning: All percentages zero/invalid in row 17314
Warning: All percentages zero/invalid in row 17315
Warning: All percentages zero/invalid in row 17316
Warning: All percentages zero/invalid in row 17317
Warning: All percentages zero/invalid in row 17318
Warning: All percentages zero/invalid in row 17319
Warning: All percentages zero/invalid in row 17320
Warning: All percentages zero/invalid in row 17321
Warning: All percentages zero/invalid in row 17322
Warning: All percentages zero/invalid in row 17323
Warning: All percentages zero/invalid in row 17324
Warning: All percentages zero/invalid in row 17325
Warning: All percentages zero/invalid in row 17326
Warning: All percentages zero/invalid in row 17327
Warning: All percentages zero/invalid in row 17328
Warning: All percentages zero/invalid in row 17329
Warning: All percentages zero/invalid in row 17330
Warning: All percentages zero/invalid in row 17331
Warning: All percentages zero/invalid in row 17332
Warning: All percentages zero/invalid in row 17333
Warning: All percentages zero/invalid in row 17334
Warning: All percentages zero/invalid in row 17335
Warning: All percentages zero/invalid in row 17336
Warning: All percentages zero/invalid in row 17337
Warning: All percentages zero/invalid in row 17338
Warning: All percentages zero/invalid in row 17339
Warning: All percentages zero/invalid in row 17340
Warning: All percentages zero/invalid in row 17341
Warning: All percentages zero/invalid in row 17342
Warning: All percentages zero/invalid in row 17343
Warning: All percentages zero/invalid in row 17344
Warning: All percentages zero/invalid in row 17345
Warning: All percentages zero/invalid in row 17346
Warning: All percentages zero/invalid in row 17347
Warning: All percentages zero/invalid in row 17348
Warning: All percentages zero/invalid in row 17349
Warning: All percentages zero/invalid in row 17350
Warning: All percentages zero/invalid in row 17351
Warning: All percentages zero/invalid in row 17352
Warning: All percentages zero/invalid in row 17353
Warning: All percentages zero/invalid in row 17354
Warning: All percentages zero/invalid in row 17355
Warning: All percentages zero/invalid in row 17356
Warning: All percentages zero/invalid in row 17357
Warning: All percentages zero/invalid in row 17358
Warning: All percentages zero/invalid in row 17359
Warning: All percentages zero/invalid in row 17360
Warning: All percentages zero/invalid in row 17361
Warning: All percentages zero/invalid in row 17362
Warning: All percentages zero/invalid in row 17363
Warning: All percentages zero/invalid in row 17364
Warning: All percentages zero/invalid in row 17365
Warning: All percentages zero/invalid in row 17366
Warning: All percentages zero/invalid in row 17367
Warning: All percentages zero/invalid in row 17368
Warning: All percentages zero/invalid in row 17369
Warning: All percentages zero/invalid in row 17370
Warning: All percentages zero/invalid in row 17371
Warning: All percentages zero/invalid in row 17372
Warning: All percentages zero/invalid in row 17373
Warning: All percentages zero/invalid in row 17374
Warning: All percentages zero/invalid in row 17375
Warning: All percentages zero/invalid in row 17376
Warning: All percentages zero/invalid in row 17378
Warning: All percentages zero/invalid in row 17380
Warning: All percentages zero/invalid in row 17382
Warning: All percentages zero/invalid in row 17383
Warning: All percentages zero/invalid in row 17384
Warning: All percentages zero/invalid in row 17385
Warning: All percentages zero/invalid in row 17386
Warning: All percentages zero/invalid in row 17387
Warning: All percentages zero/invalid in row 17388
Warning: All percentages zero/invalid in row 17389
Warning: All percentages zero/invalid in row 17390
Warning: All percentages zero/invalid in row 17391
Warning: All percentages zero/invalid in row 17392
Warning: All percentages zero/invalid in row 17393
Warning: All percentages zero/invalid in row 17394
Warning: All percentages zero/invalid in row 17395
Warning: All percentages zero/invalid in row 17396
Warning: All percentages zero/invalid in row 17397
Warning: All percentages zero/invalid in row 17398
Warning: All percentages zero/invalid in row 17399
Warning: All percentages zero/invalid in row 17400
Warning: All percentages zero/invalid in row 17401
Warning: All percentages zero/invalid in row 17402
Warning: All percentages zero/invalid in row 17403
Warning: All percentages zero/invalid in row 17404
Warning: All percentages zero/invalid in row 17405
Warning: All percentages zero/invalid in row 17406
Warning: All percentages zero/invalid in row 17407
Warning: All percentages zero/invalid in row 17408
Warning: All percentages zero/invalid in row 17409
Warning: All percentages zero/invalid in row 17410
Warning: All percentages zero/invalid in row 17441
Warning: All percentages zero/invalid in row 17442
Warning: All percentages zero/invalid in row 17446
Warning: All percentages zero/invalid in row 17447
Warning: All percentages zero/invalid in row 17448
Warning: All percentages zero/invalid in row 17449
Warning: All percentages zero/invalid in row 17451
Warning: All percentages zero/invalid in row 17470
Warning: All percentages zero/invalid in row 17530
Warning: All percentages zero/invalid in row 17568
Warning: All percentages zero/invalid in row 17571
Warning: All percentages zero/invalid in row 17582
Warning: All percentages zero/invalid in row 17583
Warning: All percentages zero/invalid in row 17585
Warning: All percentages zero/invalid in row 17586
Warning: All percentages zero/invalid in row 17587
Warning: All percentages zero/invalid in row 17588
Warning: All percentages zero/invalid in row 17589
Warning: All percentages zero/invalid in row 17590
Warning: All percentages zero/invalid in row 17591
Warning: All percentages zero/invalid in row 17592
Warning: All percentages zero/invalid in row 17593
Warning: All percentages zero/invalid in row 17594
Warning: All percentages zero/invalid in row 17595
Warning: All percentages zero/invalid in row 17596
Warning: All percentages zero/invalid in row 17597
Warning: All percentages zero/invalid in row 17598
Warning: All percentages zero/invalid in row 17599
Warning: All percentages zero/invalid in row 17600
Warning: All percentages zero/invalid in row 17601
Warning: All percentages zero/invalid in row 17602
Warning: All percentages zero/invalid in row 17603
Warning: All percentages zero/invalid in row 17604
Warning: All percentages zero/invalid in row 17605
Warning: All percentages zero/invalid in row 17606
Warning: All percentages zero/invalid in row 17607
Warning: All percentages zero/invalid in row 17608
Warning: All percentages zero/invalid in row 17609
Warning: All percentages zero/invalid in row 17610
Warning: All percentages zero/invalid in row 17611
Warning: All percentages zero/invalid in row 17612
Warning: All percentages zero/invalid in row 17613
Warning: All percentages zero/invalid in row 17614
Warning: All percentages zero/invalid in row 17615
Warning: All percentages zero/invalid in row 17616
Warning: All percentages zero/invalid in row 17617
Warning: All percentages zero/invalid in row 17618
Warning: All percentages zero/invalid in row 17619
Warning: All percentages zero/invalid in row 17620
Warning: All percentages zero/invalid in row 17621
Warning: All percentages zero/invalid in row 17622
Warning: All percentages zero/invalid in row 17626
Warning: All percentages zero/invalid in row 17627
Warning: All percentages zero/invalid in row 17628
Warning: All percentages zero/invalid in row 17632
Warning: All percentages zero/invalid in row 17633
Warning: All percentages zero/invalid in row 17634
Warning: All percentages zero/invalid in row 17639
Warning: All percentages zero/invalid in row 17640
Warning: All percentages zero/invalid in row 17641
Warning: All percentages zero/invalid in row 17642
Warning: All percentages zero/invalid in row 17643
Warning: All percentages zero/invalid in row 17644
Warning: All percentages zero/invalid in row 17645
Warning: All percentages zero/invalid in row 17646
Warning: All percentages zero/invalid in row 17647
Warning: All percentages zero/invalid in row 17648
Warning: All percentages zero/invalid in row 17649
Warning: All percentages zero/invalid in row 17650
Warning: All percentages zero/invalid in row 17651
Warning: All percentages zero/invalid in row 17652
Warning: All percentages zero/invalid in row 17653
Warning: All percentages zero/invalid in row 17654
Warning: All percentages zero/invalid in row 17655
Warning: All percentages zero/invalid in row 17658
Warning: All percentages zero/invalid in row 17659
Warning: All percentages zero/invalid in row 17661
Warning: All percentages zero/invalid in row 17662
Warning: All percentages zero/invalid in row 17670
Warning: All percentages zero/invalid in row 17671
Warning: All percentages zero/invalid in row 17673
Warning: All percentages zero/invalid in row 17674
Warning: All percentages zero/invalid in row 17675
Warning: All percentages zero/invalid in row 17676
Warning: All percentages zero/invalid in row 17677
Warning: All percentages zero/invalid in row 17678
Warning: All percentages zero/invalid in row 17680
Warning: All percentages zero/invalid in row 17681
Warning: All percentages zero/invalid in row 17682
Warning: All percentages zero/invalid in row 17683
Warning: All percentages zero/invalid in row 17686
Warning: All percentages zero/invalid in row 17687
Warning: All percentages zero/invalid in row 17688
Warning: All percentages zero/invalid in row 17689
Warning: All percentages zero/invalid in row 17690
Warning: All percentages zero/invalid in row 17691
Warning: All percentages zero/invalid in row 17692
Warning: All percentages zero/invalid in row 17693
Warning: All percentages zero/invalid in row 17694
Warning: All percentages zero/invalid in row 17696
Warning: All percentages zero/invalid in row 17697
Warning: All percentages zero/invalid in row 17698
Warning: All percentages zero/invalid in row 17699
Warning: All percentages zero/invalid in row 17700
Warning: All percentages zero/invalid in row 17701
Warning: All percentages zero/invalid in row 17702
Warning: All percentages zero/invalid in row 17703
Warning: All percentages zero/invalid in row 17704
Warning: All percentages zero/invalid in row 17705
Warning: All percentages zero/invalid in row 17706
Warning: All percentages zero/invalid in row 17707
Warning: All percentages zero/invalid in row 17708
Warning: All percentages zero/invalid in row 17709
Warning: All percentages zero/invalid in row 17710
Warning: All percentages zero/invalid in row 17711
Warning: All percentages zero/invalid in row 17712
Warning: All percentages zero/invalid in row 17713
Warning: All percentages zero/invalid in row 17714
Warning: All percentages zero/invalid in row 17715
Warning: All percentages zero/invalid in row 17716
Warning: All percentages zero/invalid in row 17717
Warning: All percentages zero/invalid in row 17718
Warning: All percentages zero/invalid in row 17719
Warning: All percentages zero/invalid in row 17720
Warning: All percentages zero/invalid in row 17721
Warning: All percentages zero/invalid in row 17722
Warning: All percentages zero/invalid in row 17723
Warning: All percentages zero/invalid in row 17724
Warning: All percentages zero/invalid in row 17725
Warning: All percentages zero/invalid in row 17726
Warning: All percentages zero/invalid in row 17727
Warning: All percentages zero/invalid in row 17728
Warning: All percentages zero/invalid in row 17729
Warning: All percentages zero/invalid in row 17730
Warning: All percentages zero/invalid in row 17731
Warning: All percentages zero/invalid in row 17732
Warning: All percentages zero/invalid in row 17733
Warning: All percentages zero/invalid in row 17734
Warning: All percentages zero/invalid in row 17735
Warning: All percentages zero/invalid in row 17736
Warning: All percentages zero/invalid in row 17737
Warning: All percentages zero/invalid in row 17738
Warning: All percentages zero/invalid in row 17739
Warning: All percentages zero/invalid in row 17740
Warning: All percentages zero/invalid in row 17741
Warning: All percentages zero/invalid in row 17742
Warning: All percentages zero/invalid in row 17743
Warning: All percentages zero/invalid in row 17745
Warning: All percentages zero/invalid in row 17746
Warning: All percentages zero/invalid in row 17747
Warning: All percentages zero/invalid in row 17748
Warning: All percentages zero/invalid in row 17749
Warning: All percentages zero/invalid in row 17750
Warning: All percentages zero/invalid in row 17751
Warning: All percentages zero/invalid in row 17752
Warning: All percentages zero/invalid in row 17753
Warning: All percentages zero/invalid in row 17754
Warning: All percentages zero/invalid in row 17755
Warning: All percentages zero/invalid in row 17756
Warning: All percentages zero/invalid in row 17757
Warning: All percentages zero/invalid in row 17758
Warning: All percentages zero/invalid in row 17759
Warning: All percentages zero/invalid in row 17760
Warning: All percentages zero/invalid in row 17761
Warning: All percentages zero/invalid in row 17762
Warning: All percentages zero/invalid in row 17763
Warning: All percentages zero/invalid in row 17764
Warning: All percentages zero/invalid in row 17765
Warning: All percentages zero/invalid in row 17766
Warning: All percentages zero/invalid in row 17767
Warning: All percentages zero/invalid in row 17768
Warning: All percentages zero/invalid in row 17769
Warning: All percentages zero/invalid in row 17770
Warning: All percentages zero/invalid in row 17771
Warning: All percentages zero/invalid in row 17772
Warning: All percentages zero/invalid in row 17773
Warning: All percentages zero/invalid in row 17774
Warning: All percentages zero/invalid in row 17775
Warning: All percentages zero/invalid in row 17776
Warning: All percentages zero/invalid in row 17777
Warning: All percentages zero/invalid in row 17778
Warning: All percentages zero/invalid in row 17779
Warning: All percentages zero/invalid in row 17780
Warning: All percentages zero/invalid in row 17781
Warning: All percentages zero/invalid in row 17782
Warning: All percentages zero/invalid in row 17783
Warning: All percentages zero/invalid in row 17784
Warning: All percentages zero/invalid in row 17785
Warning: All percentages zero/invalid in row 17786
Warning: All percentages zero/invalid in row 17787
Warning: All percentages zero/invalid in row 17788
Warning: All percentages zero/invalid in row 17789
Warning: All percentages zero/invalid in row 17790
Warning: All percentages zero/invalid in row 17791
Warning: All percentages zero/invalid in row 17792
Warning: All percentages zero/invalid in row 17793
Warning: All percentages zero/invalid in row 17794
Warning: All percentages zero/invalid in row 17795
Warning: All percentages zero/invalid in row 17796
Warning: All percentages zero/invalid in row 17797
Warning: All percentages zero/invalid in row 17798
Warning: All percentages zero/invalid in row 17799
Warning: All percentages zero/invalid in row 17800
Warning: All percentages zero/invalid in row 17801
Warning: All percentages zero/invalid in row 17802
Warning: All percentages zero/invalid in row 17803
Warning: All percentages zero/invalid in row 17804
Warning: All percentages zero/invalid in row 17805
Warning: All percentages zero/invalid in row 17806
Warning: All percentages zero/invalid in row 17807
Warning: All percentages zero/invalid in row 17808
Warning: All percentages zero/invalid in row 17809
Warning: All percentages zero/invalid in row 17810
Warning: All percentages zero/invalid in row 17811
Warning: All percentages zero/invalid in row 17812
Warning: All percentages zero/invalid in row 17813
Warning: All percentages zero/invalid in row 17814
Warning: All percentages zero/invalid in row 17815
Warning: All percentages zero/invalid in row 17816
Warning: All percentages zero/invalid in row 17817
Warning: All percentages zero/invalid in row 17818
Warning: All percentages zero/invalid in row 17819
Warning: All percentages zero/invalid in row 17820
Warning: All percentages zero/invalid in row 17821
Warning: All percentages zero/invalid in row 17822
Warning: All percentages zero/invalid in row 17823
Warning: All percentages zero/invalid in row 17824
Warning: All percentages zero/invalid in row 17825
Warning: All percentages zero/invalid in row 17826
Warning: All percentages zero/invalid in row 17827
Warning: All percentages zero/invalid in row 17828
Warning: All percentages zero/invalid in row 17829
Warning: All percentages zero/invalid in row 17830
Warning: All percentages zero/invalid in row 17831
Warning: All percentages zero/invalid in row 17832
Warning: All percentages zero/invalid in row 17833
Warning: All percentages zero/invalid in row 17834
Warning: All percentages zero/invalid in row 17835
Warning: All percentages zero/invalid in row 17836
Warning: All percentages zero/invalid in row 17837
Warning: All percentages zero/invalid in row 17838
Warning: All percentages zero/invalid in row 17839
Warning: All percentages zero/invalid in row 17840
Warning: All percentages zero/invalid in row 17841
Warning: All percentages zero/invalid in row 17842
Warning: All percentages zero/invalid in row 17843
Warning: All percentages zero/invalid in row 17844
Warning: All percentages zero/invalid in row 17845
Warning: All percentages zero/invalid in row 17846
Warning: All percentages zero/invalid in row 17847
Warning: All percentages zero/invalid in row 17848
Warning: All percentages zero/invalid in row 17849
Warning: All percentages zero/invalid in row 17850
Warning: All percentages zero/invalid in row 17851
Warning: All percentages zero/invalid in row 17852
Warning: All percentages zero/invalid in row 17853
Warning: All percentages zero/invalid in row 17854
Warning: All percentages zero/invalid in row 17855
Warning: All percentages zero/invalid in row 17856
Warning: All percentages zero/invalid in row 17857
Warning: All percentages zero/invalid in row 17858
Warning: All percentages zero/invalid in row 17859
Warning: All percentages zero/invalid in row 17860
Warning: All percentages zero/invalid in row 17861
Warning: All percentages zero/invalid in row 17862
Warning: All percentages zero/invalid in row 17863
Warning: All percentages zero/invalid in row 17864
Warning: All percentages zero/invalid in row 17865
Warning: All percentages zero/invalid in row 17866
Warning: All percentages zero/invalid in row 17867
Warning: All percentages zero/invalid in row 17868
Warning: All percentages zero/invalid in row 17869
Warning: All percentages zero/invalid in row 17870
Warning: All percentages zero/invalid in row 17871
Warning: All percentages zero/invalid in row 17872
Warning: All percentages zero/invalid in row 17873
Warning: All percentages zero/invalid in row 17874
Warning: All percentages zero/invalid in row 17875
Warning: All percentages zero/invalid in row 17876
Warning: All percentages zero/invalid in row 17877
Warning: All percentages zero/invalid in row 17878
Warning: All percentages zero/invalid in row 17879
Warning: All percentages zero/invalid in row 17880
Warning: All percentages zero/invalid in row 17881
Warning: All percentages zero/invalid in row 17882
Warning: All percentages zero/invalid in row 17883
Warning: All percentages zero/invalid in row 17884
Warning: All percentages zero/invalid in row 17885
Warning: All percentages zero/invalid in row 17886
Warning: All percentages zero/invalid in row 17887
Warning: All percentages zero/invalid in row 17888
Warning: All percentages zero/invalid in row 17889
Warning: All percentages zero/invalid in row 17890
Warning: All percentages zero/invalid in row 17891
Warning: All percentages zero/invalid in row 17892
Warning: All percentages zero/invalid in row 17893
Warning: All percentages zero/invalid in row 17894
Warning: All percentages zero/invalid in row 17895
Warning: All percentages zero/invalid in row 17896
Warning: All percentages zero/invalid in row 17897
Warning: All percentages zero/invalid in row 17898
Warning: All percentages zero/invalid in row 17899
Warning: All percentages zero/invalid in row 17900
Warning: All percentages zero/invalid in row 17901
Warning: All percentages zero/invalid in row 17902
Warning: All percentages zero/invalid in row 17903
Warning: All percentages zero/invalid in row 17904
Warning: All percentages zero/invalid in row 17905
Warning: All percentages zero/invalid in row 17906
Warning: All percentages zero/invalid in row 17907
Warning: All percentages zero/invalid in row 17908
Warning: All percentages zero/invalid in row 17909
Warning: All percentages zero/invalid in row 17910
Warning: All percentages zero/invalid in row 17911
Warning: All percentages zero/invalid in row 17912
Warning: All percentages zero/invalid in row 17913
Warning: All percentages zero/invalid in row 17914
Warning: All percentages zero/invalid in row 17915
Warning: All percentages zero/invalid in row 17916
Warning: All percentages zero/invalid in row 17917
Warning: All percentages zero/invalid in row 17918
Warning: All percentages zero/invalid in row 17919
Warning: All percentages zero/invalid in row 17920
Warning: All percentages zero/invalid in row 17921
Warning: All percentages zero/invalid in row 17922
Warning: All percentages zero/invalid in row 17923
Warning: All percentages zero/invalid in row 17924
Warning: All percentages zero/invalid in row 17925
Warning: All percentages zero/invalid in row 17926
Warning: All percentages zero/invalid in row 17927
Warning: All percentages zero/invalid in row 17928
Warning: All percentages zero/invalid in row 17929
Warning: All percentages zero/invalid in row 17930
Warning: All percentages zero/invalid in row 17931
Warning: All percentages zero/invalid in row 17932
Warning: All percentages zero/invalid in row 17933
Warning: All percentages zero/invalid in row 17934
Warning: All percentages zero/invalid in row 17935
Warning: All percentages zero/invalid in row 17936
Warning: All percentages zero/invalid in row 17937
Warning: All percentages zero/invalid in row 17938
Warning: All percentages zero/invalid in row 17939
Warning: All percentages zero/invalid in row 17940
Warning: All percentages zero/invalid in row 17941
Warning: All percentages zero/invalid in row 17942
Warning: All percentages zero/invalid in row 17943
Warning: All percentages zero/invalid in row 17944
Warning: All percentages zero/invalid in row 17945
Warning: All percentages zero/invalid in row 17946
Warning: All percentages zero/invalid in row 17947
Warning: All percentages zero/invalid in row 17948
Warning: All percentages zero/invalid in row 17949
Warning: All percentages zero/invalid in row 17950
Warning: All percentages zero/invalid in row 17951
Warning: All percentages zero/invalid in row 17952
Warning: All percentages zero/invalid in row 17953
Warning: All percentages zero/invalid in row 17954
Warning: All percentages zero/invalid in row 17955
Warning: All percentages zero/invalid in row 17956
Warning: All percentages zero/invalid in row 17957
Warning: All percentages zero/invalid in row 17958
Warning: All percentages zero/invalid in row 17959
Warning: All percentages zero/invalid in row 17960
Warning: All percentages zero/invalid in row 17961
Warning: All percentages zero/invalid in row 17962
Warning: All percentages zero/invalid in row 17963
Warning: All percentages zero/invalid in row 17964
Warning: All percentages zero/invalid in row 17965
Warning: All percentages zero/invalid in row 17966
Warning: All percentages zero/invalid in row 17967
Warning: All percentages zero/invalid in row 17968
Warning: All percentages zero/invalid in row 17969
Warning: All percentages zero/invalid in row 17970
Warning: All percentages zero/invalid in row 17971
Warning: All percentages zero/invalid in row 17972
Warning: All percentages zero/invalid in row 17973
Warning: All percentages zero/invalid in row 17974
Warning: All percentages zero/invalid in row 17975
Warning: All percentages zero/invalid in row 17976
Warning: All percentages zero/invalid in row 17977
Warning: All percentages zero/invalid in row 17978
Warning: All percentages zero/invalid in row 17979
Warning: All percentages zero/invalid in row 17980
Warning: All percentages zero/invalid in row 17981
Warning: All percentages zero/invalid in row 17982
Warning: All percentages zero/invalid in row 17983
Warning: All percentages zero/invalid in row 17984
Warning: All percentages zero/invalid in row 17985
Warning: All percentages zero/invalid in row 17986
Warning: All percentages zero/invalid in row 17987
Warning: All percentages zero/invalid in row 17988
Warning: All percentages zero/invalid in row 17989
Warning: All percentages zero/invalid in row 17990
Warning: All percentages zero/invalid in row 17991
Warning: All percentages zero/invalid in row 17992
Warning: All percentages zero/invalid in row 17993
Warning: All percentages zero/invalid in row 17994
Warning: All percentages zero/invalid in row 17995
Warning: All percentages zero/invalid in row 17996
Warning: All percentages zero/invalid in row 17997
Warning: All percentages zero/invalid in row 17998
Warning: All percentages zero/invalid in row 17999
Warning: All percentages zero/invalid in row 18000
Warning: All percentages zero/invalid in row 18001
Warning: All percentages zero/invalid in row 18002
Warning: All percentages zero/invalid in row 18003
Warning: All percentages zero/invalid in row 18004
Warning: All percentages zero/invalid in row 18005
Warning: All percentages zero/invalid in row 18006
Warning: All percentages zero/invalid in row 18007
Warning: All percentages zero/invalid in row 18008
Warning: All percentages zero/invalid in row 18009
Warning: All percentages zero/invalid in row 18010
Warning: All percentages zero/invalid in row 18011
Warning: All percentages zero/invalid in row 18012
Warning: All percentages zero/invalid in row 18013
Warning: All percentages zero/invalid in row 18014
Warning: All percentages zero/invalid in row 18015
Warning: All percentages zero/invalid in row 18016
Warning: All percentages zero/invalid in row 18017
Warning: All percentages zero/invalid in row 18018
Warning: All percentages zero/invalid in row 18019
Warning: All percentages zero/invalid in row 18020
Warning: All percentages zero/invalid in row 18021
Warning: All percentages zero/invalid in row 18022
Warning: All percentages zero/invalid in row 18023
Warning: All percentages zero/invalid in row 18024
Warning: All percentages zero/invalid in row 18025
Warning: All percentages zero/invalid in row 18026
Warning: All percentages zero/invalid in row 18027
Warning: All percentages zero/invalid in row 18028
Warning: All percentages zero/invalid in row 18029
Warning: All percentages zero/invalid in row 18030
Warning: All percentages zero/invalid in row 18031
Warning: All percentages zero/invalid in row 18032
Warning: All percentages zero/invalid in row 18033
Warning: All percentages zero/invalid in row 18034
Warning: All percentages zero/invalid in row 18035
Warning: All percentages zero/invalid in row 18036
Warning: All percentages zero/invalid in row 18037
Warning: All percentages zero/invalid in row 18038
Warning: All percentages zero/invalid in row 18039
Warning: All percentages zero/invalid in row 18040
Warning: All percentages zero/invalid in row 18041
Warning: All percentages zero/invalid in row 18042
Warning: All percentages zero/invalid in row 18043
Warning: All percentages zero/invalid in row 18044
Warning: All percentages zero/invalid in row 18045
Warning: All percentages zero/invalid in row 18046
Warning: All percentages zero/invalid in row 18047
Warning: All percentages zero/invalid in row 18048
Warning: All percentages zero/invalid in row 18049
Warning: All percentages zero/invalid in row 18050
Warning: All percentages zero/invalid in row 18051
Warning: All percentages zero/invalid in row 18052
Warning: All percentages zero/invalid in row 18053
Warning: All percentages zero/invalid in row 18054
Warning: All percentages zero/invalid in row 18055
Warning: All percentages zero/invalid in row 18056
Warning: All percentages zero/invalid in row 18057
Warning: All percentages zero/invalid in row 18058
Warning: All percentages zero/invalid in row 18059
Warning: All percentages zero/invalid in row 18060
Warning: All percentages zero/invalid in row 18061
Warning: All percentages zero/invalid in row 18062
Warning: All percentages zero/invalid in row 18063
Warning: All percentages zero/invalid in row 18064
Warning: All percentages zero/invalid in row 18065
Warning: All percentages zero/invalid in row 18066
Warning: All percentages zero/invalid in row 18067
Warning: All percentages zero/invalid in row 18068
Warning: All percentages zero/invalid in row 18069
Warning: All percentages zero/invalid in row 18070
Warning: All percentages zero/invalid in row 18071
Warning: All percentages zero/invalid in row 18072
Warning: All percentages zero/invalid in row 18073
Warning: All percentages zero/invalid in row 18074
Warning: All percentages zero/invalid in row 18075
Warning: All percentages zero/invalid in row 18076
Warning: All percentages zero/invalid in row 18077
Warning: All percentages zero/invalid in row 18078
Warning: All percentages zero/invalid in row 18079
Warning: All percentages zero/invalid in row 18080
Warning: All percentages zero/invalid in row 18081
Warning: All percentages zero/invalid in row 18082
Warning: All percentages zero/invalid in row 18083
Warning: All percentages zero/invalid in row 18084
Warning: All percentages zero/invalid in row 18085
Warning: All percentages zero/invalid in row 18086
Warning: All percentages zero/invalid in row 18087
Warning: All percentages zero/invalid in row 18088
Warning: All percentages zero/invalid in row 18089
Warning: All percentages zero/invalid in row 18090
Warning: All percentages zero/invalid in row 18091
Warning: All percentages zero/invalid in row 18092
Warning: All percentages zero/invalid in row 18093
Warning: All percentages zero/invalid in row 18094
Warning: All percentages zero/invalid in row 18095
Warning: All percentages zero/invalid in row 18096
Warning: All percentages zero/invalid in row 18097
Warning: All percentages zero/invalid in row 18098
Warning: All percentages zero/invalid in row 18099
Warning: All percentages zero/invalid in row 18100
Warning: All percentages zero/invalid in row 18101
Warning: All percentages zero/invalid in row 18102
Warning: All percentages zero/invalid in row 18103
Warning: All percentages zero/invalid in row 18104
Warning: All percentages zero/invalid in row 18105
Warning: All percentages zero/invalid in row 18106
Warning: All percentages zero/invalid in row 18107
Warning: All percentages zero/invalid in row 18108
Warning: All percentages zero/invalid in row 18109
Warning: All percentages zero/invalid in row 18110
Warning: All percentages zero/invalid in row 18111
Warning: All percentages zero/invalid in row 18112
Warning: All percentages zero/invalid in row 18113
Warning: All percentages zero/invalid in row 18114
Warning: All percentages zero/invalid in row 18115
Warning: All percentages zero/invalid in row 18116
Warning: All percentages zero/invalid in row 18117
Warning: All percentages zero/invalid in row 18118
Warning: All percentages zero/invalid in row 18119
Warning: All percentages zero/invalid in row 18120
Warning: All percentages zero/invalid in row 18121
Warning: All percentages zero/invalid in row 18122
Warning: All percentages zero/invalid in row 18123
Warning: All percentages zero/invalid in row 18124
Warning: All percentages zero/invalid in row 18125
Warning: All percentages zero/invalid in row 18126
Warning: All percentages zero/invalid in row 18127
Warning: All percentages zero/invalid in row 18128
Warning: All percentages zero/invalid in row 18129
Warning: All percentages zero/invalid in row 18130
Warning: All percentages zero/invalid in row 18153
Warning: All percentages zero/invalid in row 18170
Warning: All percentages zero/invalid in row 18174
Warning: All percentages zero/invalid in row 18179
Warning: All percentages zero/invalid in row 18180
Warning: All percentages zero/invalid in row 18181
Warning: All percentages zero/invalid in row 18182
Warning: All percentages zero/invalid in row 18183
Warning: All percentages zero/invalid in row 18184
Warning: All percentages zero/invalid in row 18185
Warning: All percentages zero/invalid in row 18186
Warning: All percentages zero/invalid in row 18187
Warning: All percentages zero/invalid in row 18188
Warning: All percentages zero/invalid in row 18189
Warning: All percentages zero/invalid in row 18190
Warning: All percentages zero/invalid in row 18191
Warning: All percentages zero/invalid in row 18192
Warning: All percentages zero/invalid in row 18193
Warning: All percentages zero/invalid in row 18194
Warning: All percentages zero/invalid in row 18195
Warning: All percentages zero/invalid in row 18197
Warning: All percentages zero/invalid in row 18198
Warning: All percentages zero/invalid in row 18199
Warning: All percentages zero/invalid in row 18200
Warning: All percentages zero/invalid in row 18201
Warning: All percentages zero/invalid in row 18202
Warning: All percentages zero/invalid in row 18203
Warning: All percentages zero/invalid in row 18204
Warning: All percentages zero/invalid in row 18205
Warning: All percentages zero/invalid in row 18206
Warning: All percentages zero/invalid in row 18207
Warning: All percentages zero/invalid in row 18208
Warning: All percentages zero/invalid in row 18209
Warning: All percentages zero/invalid in row 18210
Warning: All percentages zero/invalid in row 18211
Warning: All percentages zero/invalid in row 18212
Warning: All percentages zero/invalid in row 18213
Warning: All percentages zero/invalid in row 18221
Warning: All percentages zero/invalid in row 18222
Warning: All percentages zero/invalid in row 18228
Warning: All percentages zero/invalid in row 18231
Warning: All percentages zero/invalid in row 18233
Warning: All percentages zero/invalid in row 18250
Warning: All percentages zero/invalid in row 18271
Warning: All percentages zero/invalid in row 18273
Warning: All percentages zero/invalid in row 18275
Warning: All percentages zero/invalid in row 18279
Warning: All percentages zero/invalid in row 18280
Warning: All percentages zero/invalid in row 18285
Warning: All percentages zero/invalid in row 18286
Warning: All percentages zero/invalid in row 18287
Warning: All percentages zero/invalid in row 18288
Warning: All percentages zero/invalid in row 18289
Warning: All percentages zero/invalid in row 18290
Warning: All percentages zero/invalid in row 18291
Warning: All percentages zero/invalid in row 18292
Warning: All percentages zero/invalid in row 18293
Warning: All percentages zero/invalid in row 18295
Warning: All percentages zero/invalid in row 18296
Warning: All percentages zero/invalid in row 18299
Warning: All percentages zero/invalid in row 18302
Warning: All percentages zero/invalid in row 18314
Warning: All percentages zero/invalid in row 18315
Warning: All percentages zero/invalid in row 18317
Warning: All percentages zero/invalid in row 18319
Warning: All percentages zero/invalid in row 18323
Warning: All percentages zero/invalid in row 18324
Warning: All percentages zero/invalid in row 18325
Warning: All percentages zero/invalid in row 18326
Warning: All percentages zero/invalid in row 18327
Warning: All percentages zero/invalid in row 18328
Warning: All percentages zero/invalid in row 18329
Warning: All percentages zero/invalid in row 18330
Warning: All percentages zero/invalid in row 18331
Warning: All percentages zero/invalid in row 18332
Warning: All percentages zero/invalid in row 18334
Warning: All percentages zero/invalid in row 18335
Warning: All percentages zero/invalid in row 18336
Warning: All percentages zero/invalid in row 18337
Warning: All percentages zero/invalid in row 18338
Warning: All percentages zero/invalid in row 18339
Warning: All percentages zero/invalid in row 18340
Warning: All percentages zero/invalid in row 18341
Warning: All percentages zero/invalid in row 18342
Warning: All percentages zero/invalid in row 18343
Warning: All percentages zero/invalid in row 18349
Warning: All percentages zero/invalid in row 18350
Warning: All percentages zero/invalid in row 18351
Warning: All percentages zero/invalid in row 18352
Warning: All percentages zero/invalid in row 18353
Warning: All percentages zero/invalid in row 18354
Warning: All percentages zero/invalid in row 18355
Warning: All percentages zero/invalid in row 18356
Warning: All percentages zero/invalid in row 18357
Warning: All percentages zero/invalid in row 18358
Warning: All percentages zero/invalid in row 18359
Warning: All percentages zero/invalid in row 18360
Warning: All percentages zero/invalid in row 18361
Warning: All percentages zero/invalid in row 18362
Warning: All percentages zero/invalid in row 18363
Warning: All percentages zero/invalid in row 18364
Warning: All percentages zero/invalid in row 18365
Warning: All percentages zero/invalid in row 18366
Warning: All percentages zero/invalid in row 18367
Warning: All percentages zero/invalid in row 18368
Warning: All percentages zero/invalid in row 18369
Warning: All percentages zero/invalid in row 18370
Warning: All percentages zero/invalid in row 18371
Warning: All percentages zero/invalid in row 18372
Warning: All percentages zero/invalid in row 18373
Warning: All percentages zero/invalid in row 18374
Warning: All percentages zero/invalid in row 18375
Warning: All percentages zero/invalid in row 18376
Warning: All percentages zero/invalid in row 18377
Warning: All percentages zero/invalid in row 18378
Warning: All percentages zero/invalid in row 18379
Warning: All percentages zero/invalid in row 18380
Warning: All percentages zero/invalid in row 18381
Warning: All percentages zero/invalid in row 18382
Warning: All percentages zero/invalid in row 18383
Warning: All percentages zero/invalid in row 18384
Warning: All percentages zero/invalid in row 18385
Warning: All percentages zero/invalid in row 18386
Warning: All percentages zero/invalid in row 18387
Warning: All percentages zero/invalid in row 18388
Warning: All percentages zero/invalid in row 18389
Warning: All percentages zero/invalid in row 18390
Warning: All percentages zero/invalid in row 18391
Warning: All percentages zero/invalid in row 18392
Warning: All percentages zero/invalid in row 18393
Warning: All percentages zero/invalid in row 18394
Warning: All percentages zero/invalid in row 18395
Warning: All percentages zero/invalid in row 18396
Warning: All percentages zero/invalid in row 18397
Warning: All percentages zero/invalid in row 18398
Warning: All percentages zero/invalid in row 18399
Warning: All percentages zero/invalid in row 18400
Warning: All percentages zero/invalid in row 18401
Warning: All percentages zero/invalid in row 18402
Warning: All percentages zero/invalid in row 18403
Warning: All percentages zero/invalid in row 18404
Warning: All percentages zero/invalid in row 18405
Warning: All percentages zero/invalid in row 18406
Warning: All percentages zero/invalid in row 18407
Warning: All percentages zero/invalid in row 18408
Warning: All percentages zero/invalid in row 18409
Warning: All percentages zero/invalid in row 18410
Warning: All percentages zero/invalid in row 18411
Warning: All percentages zero/invalid in row 18412
Warning: All percentages zero/invalid in row 18413
Warning: All percentages zero/invalid in row 18414
Warning: All percentages zero/invalid in row 18415
Warning: All percentages zero/invalid in row 18416
Warning: All percentages zero/invalid in row 18417
Warning: All percentages zero/invalid in row 18418
Warning: All percentages zero/invalid in row 18419
Warning: All percentages zero/invalid in row 18420
Warning: All percentages zero/invalid in row 18421
Warning: All percentages zero/invalid in row 18422
Warning: All percentages zero/invalid in row 18423
Warning: All percentages zero/invalid in row 18424
Warning: All percentages zero/invalid in row 18425
Warning: All percentages zero/invalid in row 18426
Warning: All percentages zero/invalid in row 18427
Warning: All percentages zero/invalid in row 18428
Warning: All percentages zero/invalid in row 18429
Warning: All percentages zero/invalid in row 18430
Warning: All percentages zero/invalid in row 18431
Warning: All percentages zero/invalid in row 18432
Warning: All percentages zero/invalid in row 18433
Warning: All percentages zero/invalid in row 18434
Warning: All percentages zero/invalid in row 18435
Warning: All percentages zero/invalid in row 18436
Warning: All percentages zero/invalid in row 18437
Warning: All percentages zero/invalid in row 18438
Warning: All percentages zero/invalid in row 18439
Warning: All percentages zero/invalid in row 18440
Warning: All percentages zero/invalid in row 18441
Warning: All percentages zero/invalid in row 18442
Warning: All percentages zero/invalid in row 18443
Warning: All percentages zero/invalid in row 18444
Warning: All percentages zero/invalid in row 18445
Warning: All percentages zero/invalid in row 18446
Warning: All percentages zero/invalid in row 18447
Warning: All percentages zero/invalid in row 18448
Warning: All percentages zero/invalid in row 18449
Warning: All percentages zero/invalid in row 18450
Warning: All percentages zero/invalid in row 18451
Warning: All percentages zero/invalid in row 18452
Warning: All percentages zero/invalid in row 18453
Warning: All percentages zero/invalid in row 18454
Warning: All percentages zero/invalid in row 18455
Warning: All percentages zero/invalid in row 18456
Warning: All percentages zero/invalid in row 18457
Warning: All percentages zero/invalid in row 18458
Warning: All percentages zero/invalid in row 18459
Warning: All percentages zero/invalid in row 18460
Warning: All percentages zero/invalid in row 18461
Warning: All percentages zero/invalid in row 18462
Warning: All percentages zero/invalid in row 18463
Warning: All percentages zero/invalid in row 18464
Warning: All percentages zero/invalid in row 18465
Warning: All percentages zero/invalid in row 18466
Warning: All percentages zero/invalid in row 18467
Warning: All percentages zero/invalid in row 18468
Warning: All percentages zero/invalid in row 18469
Warning: All percentages zero/invalid in row 18470
Warning: All percentages zero/invalid in row 18471
Warning: All percentages zero/invalid in row 18472
Warning: All percentages zero/invalid in row 18473
Warning: All percentages zero/invalid in row 18474
Warning: All percentages zero/invalid in row 18475
Warning: All percentages zero/invalid in row 18476
Warning: All percentages zero/invalid in row 18477
Warning: All percentages zero/invalid in row 18478
Warning: All percentages zero/invalid in row 18479
Warning: All percentages zero/invalid in row 18480
Warning: All percentages zero/invalid in row 18481
Warning: All percentages zero/invalid in row 18482
Warning: All percentages zero/invalid in row 18483
Warning: All percentages zero/invalid in row 18484
Warning: All percentages zero/invalid in row 18485
Warning: All percentages zero/invalid in row 18486
Warning: All percentages zero/invalid in row 18487
Warning: All percentages zero/invalid in row 18489
Warning: All percentages zero/invalid in row 18490
Warning: All percentages zero/invalid in row 18491
Warning: All percentages zero/invalid in row 18492
Warning: All percentages zero/invalid in row 18493
Warning: All percentages zero/invalid in row 18494
Warning: All percentages zero/invalid in row 18495
Warning: All percentages zero/invalid in row 18496
Warning: All percentages zero/invalid in row 18497
Warning: All percentages zero/invalid in row 18498
Warning: All percentages zero/invalid in row 18499
Warning: All percentages zero/invalid in row 18500
Warning: All percentages zero/invalid in row 18501
Warning: All percentages zero/invalid in row 18502
Warning: All percentages zero/invalid in row 18503
Warning: All percentages zero/invalid in row 18504
Warning: All percentages zero/invalid in row 18505
Warning: All percentages zero/invalid in row 18506
Warning: All percentages zero/invalid in row 18507
Warning: All percentages zero/invalid in row 18508
Warning: All percentages zero/invalid in row 18509
Warning: All percentages zero/invalid in row 18510
Warning: All percentages zero/invalid in row 18511
Warning: All percentages zero/invalid in row 18512
Warning: All percentages zero/invalid in row 18513
Warning: All percentages zero/invalid in row 18514
Warning: All percentages zero/invalid in row 18515
Warning: All percentages zero/invalid in row 18516
Warning: All percentages zero/invalid in row 18517
Warning: All percentages zero/invalid in row 18518
Warning: All percentages zero/invalid in row 18519
Warning: All percentages zero/invalid in row 18520
Warning: All percentages zero/invalid in row 18521
Warning: All percentages zero/invalid in row 18522
Warning: All percentages zero/invalid in row 18523
Warning: All percentages zero/invalid in row 18524
Warning: All percentages zero/invalid in row 18525
Warning: All percentages zero/invalid in row 18526
Warning: All percentages zero/invalid in row 18527
Warning: All percentages zero/invalid in row 18529
Warning: All percentages zero/invalid in row 18530
Warning: All percentages zero/invalid in row 18531
Warning: All percentages zero/invalid in row 18532
Warning: All percentages zero/invalid in row 18533
Warning: All percentages zero/invalid in row 18534
Warning: All percentages zero/invalid in row 18535
Warning: All percentages zero/invalid in row 18536
Warning: All percentages zero/invalid in row 18537
Warning: All percentages zero/invalid in row 18538
Warning: All percentages zero/invalid in row 18539
Warning: All percentages zero/invalid in row 18540
Warning: All percentages zero/invalid in row 18541
Warning: All percentages zero/invalid in row 18542
Warning: All percentages zero/invalid in row 18543
Warning: All percentages zero/invalid in row 18544
Warning: All percentages zero/invalid in row 18545
Warning: All percentages zero/invalid in row 18546
Warning: All percentages zero/invalid in row 18547
Warning: All percentages zero/invalid in row 18548
Warning: All percentages zero/invalid in row 18549
Warning: All percentages zero/invalid in row 18550
Warning: All percentages zero/invalid in row 18551
Warning: All percentages zero/invalid in row 18552
Warning: All percentages zero/invalid in row 18553
Warning: All percentages zero/invalid in row 18554
Warning: All percentages zero/invalid in row 18555
Warning: All percentages zero/invalid in row 18556
Warning: All percentages zero/invalid in row 18557
Warning: All percentages zero/invalid in row 18558
Warning: All percentages zero/invalid in row 18559
Warning: All percentages zero/invalid in row 18560
Warning: All percentages zero/invalid in row 18561
Warning: All percentages zero/invalid in row 18562
Warning: All percentages zero/invalid in row 18563
Warning: All percentages zero/invalid in row 18564
Warning: All percentages zero/invalid in row 18565
Warning: All percentages zero/invalid in row 18566
Warning: All percentages zero/invalid in row 18567
Warning: All percentages zero/invalid in row 18568
Warning: All percentages zero/invalid in row 18569
Warning: All percentages zero/invalid in row 18570
Warning: All percentages zero/invalid in row 18571
Warning: All percentages zero/invalid in row 18572
Warning: All percentages zero/invalid in row 18573
Warning: All percentages zero/invalid in row 18574
Warning: All percentages zero/invalid in row 18575
Warning: All percentages zero/invalid in row 18576
Warning: All percentages zero/invalid in row 18577
Warning: All percentages zero/invalid in row 18578
Warning: All percentages zero/invalid in row 18579
Warning: All percentages zero/invalid in row 18580
Warning: All percentages zero/invalid in row 18582
Warning: All percentages zero/invalid in row 18583
Warning: All percentages zero/invalid in row 18584
Warning: All percentages zero/invalid in row 18585
Warning: All percentages zero/invalid in row 18586
Warning: All percentages zero/invalid in row 18587
Warning: All percentages zero/invalid in row 18588
Warning: All percentages zero/invalid in row 18589
Warning: All percentages zero/invalid in row 18590
Warning: All percentages zero/invalid in row 18591
Warning: All percentages zero/invalid in row 18592
Warning: All percentages zero/invalid in row 18593
Warning: All percentages zero/invalid in row 18594
Warning: All percentages zero/invalid in row 18595
Warning: All percentages zero/invalid in row 18596
Warning: All percentages zero/invalid in row 18597
Warning: All percentages zero/invalid in row 18602
Warning: All percentages zero/invalid in row 18604
Warning: All percentages zero/invalid in row 18605
Warning: All percentages zero/invalid in row 18607
Warning: All percentages zero/invalid in row 18614
Warning: All percentages zero/invalid in row 18659
Warning: All percentages zero/invalid in row 18678
Warning: All percentages zero/invalid in row 18680
Warning: All percentages zero/invalid in row 18690
Warning: All percentages zero/invalid in row 18695
Warning: All percentages zero/invalid in row 18711
Warning: All percentages zero/invalid in row 18761
Warning: All percentages zero/invalid in row 18764
Warning: All percentages zero/invalid in row 18768
Warning: All percentages zero/invalid in row 18771
Warning: All percentages zero/invalid in row 18772
Warning: All percentages zero/invalid in row 18774
Warning: All percentages zero/invalid in row 18775
Warning: All percentages zero/invalid in row 18777
Warning: All percentages zero/invalid in row 18778
Warning: All percentages zero/invalid in row 18783
Warning: All percentages zero/invalid in row 18786
Warning: All percentages zero/invalid in row 18787
Warning: All percentages zero/invalid in row 18788
Warning: All percentages zero/invalid in row 18789
Warning: All percentages zero/invalid in row 18790
Warning: All percentages zero/invalid in row 18791
Warning: All percentages zero/invalid in row 18792
Warning: All percentages zero/invalid in row 18793
Warning: All percentages zero/invalid in row 18794
Warning: All percentages zero/invalid in row 18795
Warning: All percentages zero/invalid in row 18796
Warning: All percentages zero/invalid in row 18797
Warning: All percentages zero/invalid in row 18798
Warning: All percentages zero/invalid in row 18799
Warning: All percentages zero/invalid in row 18800
Warning: All percentages zero/invalid in row 18801
Warning: All percentages zero/invalid in row 18802
Warning: All percentages zero/invalid in row 18803
Warning: All percentages zero/invalid in row 18804
Warning: All percentages zero/invalid in row 18805
Warning: All percentages zero/invalid in row 18806
Warning: All percentages zero/invalid in row 18807
Warning: All percentages zero/invalid in row 18808
Warning: All percentages zero/invalid in row 18809
Warning: All percentages zero/invalid in row 18810
Warning: All percentages zero/invalid in row 18811
Warning: All percentages zero/invalid in row 18812
Warning: All percentages zero/invalid in row 18813
Warning: All percentages zero/invalid in row 18814
Warning: All percentages zero/invalid in row 18815
Warning: All percentages zero/invalid in row 18816
Warning: All percentages zero/invalid in row 18817
Warning: All percentages zero/invalid in row 18818
Warning: All percentages zero/invalid in row 18819
Warning: All percentages zero/invalid in row 18820
Warning: All percentages zero/invalid in row 18821
Warning: All percentages zero/invalid in row 18822
Warning: All percentages zero/invalid in row 18823
Warning: All percentages zero/invalid in row 18824
Warning: All percentages zero/invalid in row 18825
Warning: All percentages zero/invalid in row 18826
Warning: All percentages zero/invalid in row 18827
Warning: All percentages zero/invalid in row 18831
Warning: All percentages zero/invalid in row 18832
Warning: All percentages zero/invalid in row 18835
Warning: All percentages zero/invalid in row 18836
Warning: All percentages zero/invalid in row 18839
Warning: All percentages zero/invalid in row 18840
Warning: All percentages zero/invalid in row 18843
Warning: All percentages zero/invalid in row 18844
Warning: All percentages zero/invalid in row 18848
Warning: All percentages zero/invalid in row 18849
Warning: All percentages zero/invalid in row 18852
Warning: All percentages zero/invalid in row 18853
Warning: All percentages zero/invalid in row 18855
Warning: All percentages zero/invalid in row 18857
Warning: All percentages zero/invalid in row 18859
Warning: All percentages zero/invalid in row 18862
Warning: All percentages zero/invalid in row 18863
Warning: All percentages zero/invalid in row 18864
Warning: All percentages zero/invalid in row 18866
Warning: All percentages zero/invalid in row 18869
Warning: All percentages zero/invalid in row 18871
Warning: All percentages zero/invalid in row 18875
Warning: All percentages zero/invalid in row 18876
Warning: All percentages zero/invalid in row 18877
Warning: All percentages zero/invalid in row 18879
Warning: All percentages zero/invalid in row 18882
Warning: All percentages zero/invalid in row 18887
Warning: All percentages zero/invalid in row 18891
Warning: All percentages zero/invalid in row 18896
Warning: All percentages zero/invalid in row 18905
Warning: All percentages zero/invalid in row 18908
Warning: All percentages zero/invalid in row 18910
Warning: All percentages zero/invalid in row 18911
Warning: All percentages zero/invalid in row 18915
Warning: All percentages zero/invalid in row 18917
Warning: All percentages zero/invalid in row 18918
Warning: All percentages zero/invalid in row 18939
Warning: All percentages zero/invalid in row 18941
Warning: All percentages zero/invalid in row 18942
Warning: All percentages zero/invalid in row 18944
Warning: All percentages zero/invalid in row 18946
Warning: All percentages zero/invalid in row 18947
Warning: All percentages zero/invalid in row 18949
Warning: All percentages zero/invalid in row 18951
Warning: All percentages zero/invalid in row 18952
Warning: All percentages zero/invalid in row 18953
Warning: All percentages zero/invalid in row 18954
Warning: All percentages zero/invalid in row 18955
Warning: All percentages zero/invalid in row 18956
Warning: All percentages zero/invalid in row 18957
Warning: All percentages zero/invalid in row 18958
Warning: All percentages zero/invalid in row 18959
Warning: All percentages zero/invalid in row 18960
Warning: All percentages zero/invalid in row 18961
Warning: All percentages zero/invalid in row 18962
Warning: All percentages zero/invalid in row 18963
Warning: All percentages zero/invalid in row 18964
Warning: All percentages zero/invalid in row 18965
Warning: All percentages zero/invalid in row 18966
Warning: All percentages zero/invalid in row 18967
Warning: All percentages zero/invalid in row 18968
Warning: All percentages zero/invalid in row 18969
Warning: All percentages zero/invalid in row 18970
Warning: All percentages zero/invalid in row 18971
Warning: All percentages zero/invalid in row 18972
Warning: All percentages zero/invalid in row 18973
Warning: All percentages zero/invalid in row 18974
Warning: All percentages zero/invalid in row 18975
Warning: All percentages zero/invalid in row 18976
Warning: All percentages zero/invalid in row 18977
Warning: All percentages zero/invalid in row 18978
Warning: All percentages zero/invalid in row 18979
Warning: All percentages zero/invalid in row 18980
Warning: All percentages zero/invalid in row 18981
Warning: All percentages zero/invalid in row 18982
Warning: All percentages zero/invalid in row 19016
Warning: All percentages zero/invalid in row 19017
Warning: All percentages zero/invalid in row 19018
Warning: All percentages zero/invalid in row 19021
Warning: All percentages zero/invalid in row 19023
Warning: All percentages zero/invalid in row 19024
Warning: All percentages zero/invalid in row 19025
Warning: All percentages zero/invalid in row 19026
Warning: All percentages zero/invalid in row 19028
Warning: All percentages zero/invalid in row 19030
Warning: All percentages zero/invalid in row 19031
Warning: All percentages zero/invalid in row 19032
Warning: All percentages zero/invalid in row 19055
Warning: All percentages zero/invalid in row 19125
Warning: All percentages zero/invalid in row 19126
Warning: All percentages zero/invalid in row 19140
Warning: All percentages zero/invalid in row 19154
Warning: All percentages zero/invalid in row 19157
Warning: All percentages zero/invalid in row 19158
Warning: All percentages zero/invalid in row 19162
Warning: All percentages zero/invalid in row 19163
Warning: All percentages zero/invalid in row 19164
Warning: All percentages zero/invalid in row 19171
Warning: All percentages zero/invalid in row 19173
Warning: All percentages zero/invalid in row 19174
Warning: All percentages zero/invalid in row 19175
Warning: All percentages zero/invalid in row 19176
Warning: All percentages zero/invalid in row 19177
Warning: All percentages zero/invalid in row 19178
Warning: All percentages zero/invalid in row 19179
Warning: All percentages zero/invalid in row 19180
Warning: All percentages zero/invalid in row 19181
Warning: All percentages zero/invalid in row 19182
Warning: All percentages zero/invalid in row 19183
Warning: All percentages zero/invalid in row 19184
Warning: All percentages zero/invalid in row 19185
Warning: All percentages zero/invalid in row 19186
Warning: All percentages zero/invalid in row 19187
Warning: All percentages zero/invalid in row 19188
Warning: All percentages zero/invalid in row 19189
Warning: All percentages zero/invalid in row 19190
Warning: All percentages zero/invalid in row 19191
Warning: All percentages zero/invalid in row 19192
Warning: All percentages zero/invalid in row 19193
Warning: All percentages zero/invalid in row 19194
Warning: All percentages zero/invalid in row 19195
Warning: All percentages zero/invalid in row 19196
Warning: All percentages zero/invalid in row 19197
Warning: All percentages zero/invalid in row 19198
Warning: All percentages zero/invalid in row 19199
Warning: All percentages zero/invalid in row 19200
Warning: All percentages zero/invalid in row 19201
Warning: All percentages zero/invalid in row 19202
Warning: All percentages zero/invalid in row 19203
Warning: All percentages zero/invalid in row 19204
Warning: All percentages zero/invalid in row 19205
Warning: All percentages zero/invalid in row 19206
Warning: All percentages zero/invalid in row 19207
Warning: All percentages zero/invalid in row 19208
Warning: All percentages zero/invalid in row 19209
Warning: All percentages zero/invalid in row 19210
Warning: All percentages zero/invalid in row 19211
Warning: All percentages zero/invalid in row 19212
Warning: All percentages zero/invalid in row 19213
Warning: All percentages zero/invalid in row 19214
Warning: All percentages zero/invalid in row 19215
Warning: All percentages zero/invalid in row 19216
Warning: All percentages zero/invalid in row 19217
Warning: All percentages zero/invalid in row 19218
Warning: All percentages zero/invalid in row 19219
Warning: All percentages zero/invalid in row 19220
Warning: All percentages zero/invalid in row 19221
Warning: All percentages zero/invalid in row 19222
Warning: All percentages zero/invalid in row 19224
Warning: All percentages zero/invalid in row 19226
Warning: All percentages zero/invalid in row 19228
Warning: All percentages zero/invalid in row 19229
Warning: All percentages zero/invalid in row 19230
Warning: All percentages zero/invalid in row 19232
Warning: All percentages zero/invalid in row 19233
Warning: All percentages zero/invalid in row 19234
Warning: All percentages zero/invalid in row 19236
Warning: All percentages zero/invalid in row 19237
Warning: All percentages zero/invalid in row 19239
Warning: All percentages zero/invalid in row 19240
Warning: All percentages zero/invalid in row 19241
Warning: All percentages zero/invalid in row 19242
Warning: All percentages zero/invalid in row 19244
Warning: All percentages zero/invalid in row 19246
Warning: All percentages zero/invalid in row 19247
Warning: All percentages zero/invalid in row 19249
Warning: All percentages zero/invalid in row 19252
Warning: All percentages zero/invalid in row 19253
Warning: All percentages zero/invalid in row 19254
Warning: All percentages zero/invalid in row 19255
Warning: All percentages zero/invalid in row 19256
Warning: All percentages zero/invalid in row 19257
Warning: All percentages zero/invalid in row 19258
Warning: All percentages zero/invalid in row 19259
Warning: All percentages zero/invalid in row 19260
Warning: All percentages zero/invalid in row 19261
Warning: All percentages zero/invalid in row 19262
Warning: All percentages zero/invalid in row 19263
Warning: All percentages zero/invalid in row 19264
Warning: All percentages zero/invalid in row 19265
Warning: All percentages zero/invalid in row 19268
Warning: All percentages zero/invalid in row 19271
Warning: All percentages zero/invalid in row 19272
Warning: All percentages zero/invalid in row 19273
Warning: All percentages zero/invalid in row 19274
Warning: All percentages zero/invalid in row 19280
Warning: All percentages zero/invalid in row 19287
Warning: All percentages zero/invalid in row 19288
Warning: All percentages zero/invalid in row 19297
Warning: All percentages zero/invalid in row 19299
Warning: All percentages zero/invalid in row 19311
Warning: All percentages zero/invalid in row 19313
Warning: All percentages zero/invalid in row 19320
Warning: All percentages zero/invalid in row 19328
Warning: All percentages zero/invalid in row 19336
Warning: All percentages zero/invalid in row 19346
Warning: All percentages zero/invalid in row 19347
Warning: All percentages zero/invalid in row 19362
Warning: All percentages zero/invalid in row 19364
Warning: All percentages zero/invalid in row 19378
Warning: All percentages zero/invalid in row 19381
Warning: All percentages zero/invalid in row 19386
Warning: All percentages zero/invalid in row 19391
Warning: All percentages zero/invalid in row 19392
Warning: All percentages zero/invalid in row 19395
Warning: All percentages zero/invalid in row 19396
Warning: All percentages zero/invalid in row 19397
Warning: All percentages zero/invalid in row 19399
Warning: All percentages zero/invalid in row 19404
Warning: All percentages zero/invalid in row 19405
Warning: All percentages zero/invalid in row 19406
Warning: All percentages zero/invalid in row 19409
Warning: All percentages zero/invalid in row 19410
Warning: All percentages zero/invalid in row 19411
Warning: All percentages zero/invalid in row 19412
Warning: All percentages zero/invalid in row 19413
Warning: All percentages zero/invalid in row 19414
Warning: All percentages zero/invalid in row 19415
Warning: All percentages zero/invalid in row 19416
Warning: All percentages zero/invalid in row 19417
Warning: All percentages zero/invalid in row 19418
Warning: All percentages zero/invalid in row 19419
Warning: All percentages zero/invalid in row 19420
Warning: All percentages zero/invalid in row 19421
Warning: All percentages zero/invalid in row 19422
Warning: All percentages zero/invalid in row 19423
Warning: All percentages zero/invalid in row 19424
Warning: All percentages zero/invalid in row 19425
Warning: All percentages zero/invalid in row 19426
Warning: All percentages zero/invalid in row 19427
Warning: All percentages zero/invalid in row 19428
Warning: All percentages zero/invalid in row 19429
Warning: All percentages zero/invalid in row 19430
Warning: All percentages zero/invalid in row 19431
Warning: All percentages zero/invalid in row 19432
Warning: All percentages zero/invalid in row 19433
Warning: All percentages zero/invalid in row 19434
Warning: All percentages zero/invalid in row 19435
Warning: All percentages zero/invalid in row 19436
Warning: All percentages zero/invalid in row 19437
Warning: All percentages zero/invalid in row 19438
Warning: All percentages zero/invalid in row 19439
Warning: All percentages zero/invalid in row 19440
Warning: All percentages zero/invalid in row 19441
Warning: All percentages zero/invalid in row 19442
Warning: All percentages zero/invalid in row 19443
Warning: All percentages zero/invalid in row 19444
Warning: All percentages zero/invalid in row 19445
Warning: All percentages zero/invalid in row 19446
Warning: All percentages zero/invalid in row 19447
Warning: All percentages zero/invalid in row 19448
Warning: All percentages zero/invalid in row 19449
Warning: All percentages zero/invalid in row 19450
Warning: All percentages zero/invalid in row 19451
Warning: All percentages zero/invalid in row 19452
Warning: All percentages zero/invalid in row 19453
Warning: All percentages zero/invalid in row 19454
Warning: All percentages zero/invalid in row 19455
Warning: All percentages zero/invalid in row 19456
Warning: All percentages zero/invalid in row 19457
Warning: All percentages zero/invalid in row 19458
Warning: All percentages zero/invalid in row 19459
Warning: All percentages zero/invalid in row 19460
Warning: All percentages zero/invalid in row 19461
Warning: All percentages zero/invalid in row 19462
Warning: All percentages zero/invalid in row 19463
Warning: All percentages zero/invalid in row 19464
Warning: All percentages zero/invalid in row 19465
Warning: All percentages zero/invalid in row 19466
Warning: All percentages zero/invalid in row 19467
Warning: All percentages zero/invalid in row 19468
Warning: All percentages zero/invalid in row 19469
Warning: All percentages zero/invalid in row 19470
Warning: All percentages zero/invalid in row 19471
Warning: All percentages zero/invalid in row 19472
Warning: All percentages zero/invalid in row 19473
Warning: All percentages zero/invalid in row 19474
Warning: All percentages zero/invalid in row 19475
Warning: All percentages zero/invalid in row 19476
Warning: All percentages zero/invalid in row 19477
Warning: All percentages zero/invalid in row 19478
Warning: All percentages zero/invalid in row 19479
Warning: All percentages zero/invalid in row 19480
Warning: All percentages zero/invalid in row 19481
Warning: All percentages zero/invalid in row 19482
Warning: All percentages zero/invalid in row 19483
Warning: All percentages zero/invalid in row 19484
Warning: All percentages zero/invalid in row 19485
Warning: All percentages zero/invalid in row 19486
Warning: All percentages zero/invalid in row 19487
Warning: All percentages zero/invalid in row 19488
Warning: All percentages zero/invalid in row 19489
Warning: All percentages zero/invalid in row 19490
Warning: All percentages zero/invalid in row 19491
Warning: All percentages zero/invalid in row 19492
Warning: All percentages zero/invalid in row 19493
Warning: All percentages zero/invalid in row 19494
Warning: All percentages zero/invalid in row 19495
Warning: All percentages zero/invalid in row 19496
Warning: All percentages zero/invalid in row 19497
Warning: All percentages zero/invalid in row 19498
Warning: All percentages zero/invalid in row 19499
Warning: All percentages zero/invalid in row 19500
Warning: All percentages zero/invalid in row 19501
Warning: All percentages zero/invalid in row 19502
Warning: All percentages zero/invalid in row 19503
Warning: All percentages zero/invalid in row 19504
Warning: All percentages zero/invalid in row 19505
Warning: All percentages zero/invalid in row 19506
Warning: All percentages zero/invalid in row 19507
Warning: All percentages zero/invalid in row 19508
Warning: All percentages zero/invalid in row 19509
Warning: All percentages zero/invalid in row 19510
Warning: All percentages zero/invalid in row 19511
Warning: All percentages zero/invalid in row 19512
Warning: All percentages zero/invalid in row 19513
Warning: All percentages zero/invalid in row 19514
Warning: All percentages zero/invalid in row 19515
Warning: All percentages zero/invalid in row 19516
Warning: All percentages zero/invalid in row 19517
Warning: All percentages zero/invalid in row 19518
Warning: All percentages zero/invalid in row 19519
Warning: All percentages zero/invalid in row 19520
Warning: All percentages zero/invalid in row 19521
Warning: All percentages zero/invalid in row 19522
Warning: All percentages zero/invalid in row 19523
Warning: All percentages zero/invalid in row 19524
Warning: All percentages zero/invalid in row 19525
Warning: All percentages zero/invalid in row 19526
Warning: All percentages zero/invalid in row 19527
Warning: All percentages zero/invalid in row 19528
Warning: All percentages zero/invalid in row 19529
Warning: All percentages zero/invalid in row 19530
Warning: All percentages zero/invalid in row 19531
Warning: All percentages zero/invalid in row 19532
Warning: All percentages zero/invalid in row 19533
Warning: All percentages zero/invalid in row 19534
Warning: All percentages zero/invalid in row 19535
Warning: All percentages zero/invalid in row 19536
Warning: All percentages zero/invalid in row 19537
Warning: All percentages zero/invalid in row 19538
Warning: All percentages zero/invalid in row 19539
Warning: All percentages zero/invalid in row 19540
Warning: All percentages zero/invalid in row 19541
Warning: All percentages zero/invalid in row 19542
Warning: All percentages zero/invalid in row 19543
Warning: All percentages zero/invalid in row 19544
Warning: All percentages zero/invalid in row 19545
Warning: All percentages zero/invalid in row 19546
Warning: All percentages zero/invalid in row 19547
Warning: All percentages zero/invalid in row 19548
Warning: All percentages zero/invalid in row 19549
Warning: All percentages zero/invalid in row 19550
Warning: All percentages zero/invalid in row 19551
Warning: All percentages zero/invalid in row 19552
Warning: All percentages zero/invalid in row 19553
Warning: All percentages zero/invalid in row 19554
Warning: All percentages zero/invalid in row 19555
Warning: All percentages zero/invalid in row 19556
Warning: All percentages zero/invalid in row 19557
Warning: All percentages zero/invalid in row 19558
Warning: All percentages zero/invalid in row 19559
Warning: All percentages zero/invalid in row 19560
Warning: All percentages zero/invalid in row 19561
Warning: All percentages zero/invalid in row 19562
Warning: All percentages zero/invalid in row 19563
Warning: All percentages zero/invalid in row 19564
Warning: All percentages zero/invalid in row 19565
Warning: All percentages zero/invalid in row 19566
Warning: All percentages zero/invalid in row 19567
Warning: All percentages zero/invalid in row 19568
Warning: All percentages zero/invalid in row 19569
Warning: All percentages zero/invalid in row 19570
Warning: All percentages zero/invalid in row 19571
Warning: All percentages zero/invalid in row 19572
Warning: All percentages zero/invalid in row 19573
Warning: All percentages zero/invalid in row 19574
Warning: All percentages zero/invalid in row 19575
Warning: All percentages zero/invalid in row 19576
Warning: All percentages zero/invalid in row 19577
Warning: All percentages zero/invalid in row 19578
Warning: All percentages zero/invalid in row 19579
Warning: All percentages zero/invalid in row 19580
Warning: All percentages zero/invalid in row 19581
Warning: All percentages zero/invalid in row 19582
Warning: All percentages zero/invalid in row 19583
Warning: All percentages zero/invalid in row 19584
Warning: All percentages zero/invalid in row 19585
Warning: All percentages zero/invalid in row 19586
Warning: All percentages zero/invalid in row 19587
Warning: All percentages zero/invalid in row 19588
Warning: All percentages zero/invalid in row 19589
Warning: All percentages zero/invalid in row 19590
Warning: All percentages zero/invalid in row 19591
Warning: All percentages zero/invalid in row 19592
Warning: All percentages zero/invalid in row 19593
Warning: All percentages zero/invalid in row 19594
Warning: All percentages zero/invalid in row 19595
Warning: All percentages zero/invalid in row 19596
Warning: All percentages zero/invalid in row 19597
Warning: All percentages zero/invalid in row 19598
Warning: All percentages zero/invalid in row 19599
Warning: All percentages zero/invalid in row 19600
Warning: All percentages zero/invalid in row 19601
Warning: All percentages zero/invalid in row 19602
Warning: All percentages zero/invalid in row 19603
Warning: All percentages zero/invalid in row 19604
Warning: All percentages zero/invalid in row 19605
Warning: All percentages zero/invalid in row 19606
Warning: All percentages zero/invalid in row 19607
Warning: All percentages zero/invalid in row 19608
Warning: All percentages zero/invalid in row 19609
Warning: All percentages zero/invalid in row 19610
Warning: All percentages zero/invalid in row 19611
Warning: All percentages zero/invalid in row 19612
Warning: All percentages zero/invalid in row 19613
Warning: All percentages zero/invalid in row 19614
Warning: All percentages zero/invalid in row 19615
Warning: All percentages zero/invalid in row 19616
Warning: All percentages zero/invalid in row 19617
Warning: All percentages zero/invalid in row 19618
Warning: All percentages zero/invalid in row 19619
Warning: All percentages zero/invalid in row 19620
Warning: All percentages zero/invalid in row 19621
Warning: All percentages zero/invalid in row 19622
Warning: All percentages zero/invalid in row 19623
Warning: All percentages zero/invalid in row 19624
Warning: All percentages zero/invalid in row 19625
Warning: All percentages zero/invalid in row 19626
Warning: All percentages zero/invalid in row 19627
Warning: All percentages zero/invalid in row 19628
Warning: All percentages zero/invalid in row 19629
Warning: All percentages zero/invalid in row 19630
Warning: All percentages zero/invalid in row 19631
Warning: All percentages zero/invalid in row 19632
Warning: All percentages zero/invalid in row 19633
Warning: All percentages zero/invalid in row 19634
Warning: All percentages zero/invalid in row 19635
Warning: All percentages zero/invalid in row 19636
Warning: All percentages zero/invalid in row 19637
Warning: All percentages zero/invalid in row 19638
Warning: All percentages zero/invalid in row 19639
Warning: All percentages zero/invalid in row 19640
Warning: All percentages zero/invalid in row 19641
Warning: All percentages zero/invalid in row 19642
Warning: All percentages zero/invalid in row 19643
Warning: All percentages zero/invalid in row 19644
Warning: All percentages zero/invalid in row 19645
Warning: All percentages zero/invalid in row 19646
Warning: All percentages zero/invalid in row 19647
Warning: All percentages zero/invalid in row 19648
Warning: All percentages zero/invalid in row 19649
Warning: All percentages zero/invalid in row 19650
Warning: All percentages zero/invalid in row 19651
Warning: All percentages zero/invalid in row 19652
Warning: All percentages zero/invalid in row 19653
Warning: All percentages zero/invalid in row 19654
Warning: All percentages zero/invalid in row 19655
Warning: All percentages zero/invalid in row 19656
Warning: All percentages zero/invalid in row 19657
Warning: All percentages zero/invalid in row 19658
Warning: All percentages zero/invalid in row 19659
Warning: All percentages zero/invalid in row 19660
Warning: All percentages zero/invalid in row 19661
Warning: All percentages zero/invalid in row 19662
Warning: All percentages zero/invalid in row 19663
Warning: All percentages zero/invalid in row 19664
Warning: All percentages zero/invalid in row 19665
Warning: All percentages zero/invalid in row 19666
Warning: All percentages zero/invalid in row 19667
Warning: All percentages zero/invalid in row 19668
Warning: All percentages zero/invalid in row 19669
Warning: All percentages zero/invalid in row 19670
Warning: All percentages zero/invalid in row 19671
Warning: All percentages zero/invalid in row 19672
Warning: All percentages zero/invalid in row 19673
Warning: All percentages zero/invalid in row 19674
Warning: All percentages zero/invalid in row 19675
Warning: All percentages zero/invalid in row 19676
Warning: All percentages zero/invalid in row 19677
Warning: All percentages zero/invalid in row 19678
Warning: All percentages zero/invalid in row 19679
Warning: All percentages zero/invalid in row 19680
Warning: All percentages zero/invalid in row 19681
Warning: All percentages zero/invalid in row 19682
Warning: All percentages zero/invalid in row 19684
Warning: All percentages zero/invalid in row 19685
Warning: All percentages zero/invalid in row 19686
Warning: All percentages zero/invalid in row 19687
Warning: All percentages zero/invalid in row 19688
Warning: All percentages zero/invalid in row 19689
Warning: All percentages zero/invalid in row 19690
Warning: All percentages zero/invalid in row 19691
Warning: All percentages zero/invalid in row 19692
Warning: All percentages zero/invalid in row 19693
Warning: All percentages zero/invalid in row 19694
Warning: All percentages zero/invalid in row 19695
Warning: All percentages zero/invalid in row 19696
Warning: All percentages zero/invalid in row 19697
Warning: All percentages zero/invalid in row 19698
Warning: All percentages zero/invalid in row 19699
Warning: All percentages zero/invalid in row 19700
Warning: All percentages zero/invalid in row 19701
Warning: All percentages zero/invalid in row 19702
Warning: All percentages zero/invalid in row 19703
Warning: All percentages zero/invalid in row 19704
Warning: All percentages zero/invalid in row 19705
Warning: All percentages zero/invalid in row 19706
Warning: All percentages zero/invalid in row 19707
Warning: All percentages zero/invalid in row 19708
Warning: All percentages zero/invalid in row 19709
Warning: All percentages zero/invalid in row 19710
Warning: All percentages zero/invalid in row 19711
Warning: All percentages zero/invalid in row 19712
Warning: All percentages zero/invalid in row 19713
Warning: All percentages zero/invalid in row 19714
Warning: All percentages zero/invalid in row 19715
Warning: All percentages zero/invalid in row 19716
Warning: All percentages zero/invalid in row 19717
Warning: All percentages zero/invalid in row 19718
Warning: All percentages zero/invalid in row 19719
Warning: All percentages zero/invalid in row 19720
Warning: All percentages zero/invalid in row 19721
Warning: All percentages zero/invalid in row 19722
Warning: All percentages zero/invalid in row 19723
Warning: All percentages zero/invalid in row 19724
Warning: All percentages zero/invalid in row 19725
Warning: All percentages zero/invalid in row 19726
Warning: All percentages zero/invalid in row 19727
Warning: All percentages zero/invalid in row 19728
Warning: All percentages zero/invalid in row 19729
Warning: All percentages zero/invalid in row 19730
Warning: All percentages zero/invalid in row 19731
Warning: All percentages zero/invalid in row 19732
Warning: All percentages zero/invalid in row 19733
Warning: All percentages zero/invalid in row 19734
Warning: All percentages zero/invalid in row 19735
Warning: All percentages zero/invalid in row 19736
Warning: All percentages zero/invalid in row 19737
Warning: All percentages zero/invalid in row 19738
Warning: All percentages zero/invalid in row 19739
Warning: All percentages zero/invalid in row 19740
Warning: All percentages zero/invalid in row 19741
Warning: All percentages zero/invalid in row 19742
Warning: All percentages zero/invalid in row 19743
Warning: All percentages zero/invalid in row 19744
Warning: All percentages zero/invalid in row 19745
Warning: All percentages zero/invalid in row 19746
Warning: All percentages zero/invalid in row 19747
Warning: All percentages zero/invalid in row 19748
Warning: All percentages zero/invalid in row 19749
Warning: All percentages zero/invalid in row 19750
Warning: All percentages zero/invalid in row 19751
Warning: All percentages zero/invalid in row 19752
Warning: All percentages zero/invalid in row 19753
Warning: All percentages zero/invalid in row 19754
Warning: All percentages zero/invalid in row 19755
Warning: All percentages zero/invalid in row 19756
Warning: All percentages zero/invalid in row 19757
Warning: All percentages zero/invalid in row 19758
Warning: All percentages zero/invalid in row 19759
Warning: All percentages zero/invalid in row 19760
Warning: All percentages zero/invalid in row 19761
Warning: All percentages zero/invalid in row 19762
Warning: All percentages zero/invalid in row 19763
Warning: All percentages zero/invalid in row 19764
Warning: All percentages zero/invalid in row 19765
Warning: All percentages zero/invalid in row 19766
Warning: All percentages zero/invalid in row 19767
Warning: All percentages zero/invalid in row 19768
Warning: All percentages zero/invalid in row 19811
Warning: All percentages zero/invalid in row 19814
Warning: All percentages zero/invalid in row 19820
Warning: All percentages zero/invalid in row 19823
Warning: All percentages zero/invalid in row 19845
Warning: All percentages zero/invalid in row 19864
Warning: All percentages zero/invalid in row 19871
Warning: All percentages zero/invalid in row 19872
Warning: All percentages zero/invalid in row 19873
Warning: All percentages zero/invalid in row 19874
Warning: All percentages zero/invalid in row 19875
Warning: All percentages zero/invalid in row 19876
Warning: All percentages zero/invalid in row 19877
Warning: All percentages zero/invalid in row 19878
Warning: All percentages zero/invalid in row 19879
Warning: All percentages zero/invalid in row 19880
Warning: All percentages zero/invalid in row 19881
Warning: All percentages zero/invalid in row 19882
Warning: All percentages zero/invalid in row 19883
Warning: All percentages zero/invalid in row 19884
Warning: All percentages zero/invalid in row 19885
Warning: All percentages zero/invalid in row 19886
Warning: All percentages zero/invalid in row 19887
Warning: All percentages zero/invalid in row 19888
Warning: All percentages zero/invalid in row 19889
Warning: All percentages zero/invalid in row 19890
Warning: All percentages zero/invalid in row 19891
Warning: All percentages zero/invalid in row 19892
Warning: All percentages zero/invalid in row 19893
Warning: All percentages zero/invalid in row 19894
Warning: All percentages zero/invalid in row 19895
Warning: All percentages zero/invalid in row 19896
Warning: All percentages zero/invalid in row 19897
Warning: All percentages zero/invalid in row 19898
Warning: All percentages zero/invalid in row 19899
Warning: All percentages zero/invalid in row 19900
Warning: All percentages zero/invalid in row 19901
Warning: All percentages zero/invalid in row 19902
Warning: All percentages zero/invalid in row 19903
Warning: All percentages zero/invalid in row 19904
Warning: All percentages zero/invalid in row 19905
Warning: All percentages zero/invalid in row 19906
Warning: All percentages zero/invalid in row 19907
Warning: All percentages zero/invalid in row 19908
Warning: All percentages zero/invalid in row 19909
Warning: All percentages zero/invalid in row 19910
Warning: All percentages zero/invalid in row 19911
Warning: All percentages zero/invalid in row 19912
Warning: All percentages zero/invalid in row 19913
Warning: All percentages zero/invalid in row 19914
Warning: All percentages zero/invalid in row 19915
Warning: All percentages zero/invalid in row 19916
Warning: All percentages zero/invalid in row 19917
Warning: All percentages zero/invalid in row 19918
Warning: All percentages zero/invalid in row 19919
Warning: All percentages zero/invalid in row 19920
Warning: All percentages zero/invalid in row 19921
Warning: All percentages zero/invalid in row 19922
Warning: All percentages zero/invalid in row 19923
Warning: All percentages zero/invalid in row 19924
Warning: All percentages zero/invalid in row 19925
Warning: All percentages zero/invalid in row 19926
Warning: All percentages zero/invalid in row 19927
Warning: All percentages zero/invalid in row 19928
Warning: All percentages zero/invalid in row 19929
Warning: All percentages zero/invalid in row 19930
Warning: All percentages zero/invalid in row 19931
Warning: All percentages zero/invalid in row 19932
Warning: All percentages zero/invalid in row 19933
Warning: All percentages zero/invalid in row 19934
Warning: All percentages zero/invalid in row 19935
Warning: All percentages zero/invalid in row 19936
Warning: All percentages zero/invalid in row 19937
Warning: All percentages zero/invalid in row 19938
Warning: All percentages zero/invalid in row 19939
Warning: All percentages zero/invalid in row 19940
Warning: All percentages zero/invalid in row 19941
Warning: All percentages zero/invalid in row 19942
Warning: All percentages zero/invalid in row 19943
Warning: All percentages zero/invalid in row 19944
Warning: All percentages zero/invalid in row 19945
Warning: All percentages zero/invalid in row 19946
Warning: All percentages zero/invalid in row 19947
Warning: All percentages zero/invalid in row 19948
Warning: All percentages zero/invalid in row 19949
Warning: All percentages zero/invalid in row 19950
Warning: All percentages zero/invalid in row 19951
Warning: All percentages zero/invalid in row 19952
Warning: All percentages zero/invalid in row 19953
Warning: All percentages zero/invalid in row 19954
Warning: All percentages zero/invalid in row 19955
Warning: All percentages zero/invalid in row 19956
Warning: All percentages zero/invalid in row 19957
Warning: All percentages zero/invalid in row 19958
Warning: All percentages zero/invalid in row 19959
Warning: All percentages zero/invalid in row 19960
Warning: All percentages zero/invalid in row 19961
Warning: All percentages zero/invalid in row 19962
Warning: All percentages zero/invalid in row 19963
Warning: All percentages zero/invalid in row 19964
Warning: All percentages zero/invalid in row 19965
Warning: All percentages zero/invalid in row 19966
Warning: All percentages zero/invalid in row 19967
Warning: All percentages zero/invalid in row 19968
Warning: All percentages zero/invalid in row 19969
Warning: All percentages zero/invalid in row 19970
Warning: All percentages zero/invalid in row 19971
Warning: All percentages zero/invalid in row 19972
Warning: All percentages zero/invalid in row 19973
Warning: All percentages zero/invalid in row 19974
Warning: All percentages zero/invalid in row 19975
Warning: All percentages zero/invalid in row 19976
Warning: All percentages zero/invalid in row 19977
Warning: All percentages zero/invalid in row 19978
Warning: All percentages zero/invalid in row 19979
Warning: All percentages zero/invalid in row 19980
Warning: All percentages zero/invalid in row 19981
Warning: All percentages zero/invalid in row 19982
Warning: All percentages zero/invalid in row 19983
Warning: All percentages zero/invalid in row 19984
Warning: All percentages zero/invalid in row 19985
Warning: All percentages zero/invalid in row 19986
Warning: All percentages zero/invalid in row 19987
Warning: All percentages zero/invalid in row 19988
Warning: All percentages zero/invalid in row 19989
Warning: All percentages zero/invalid in row 19990
Warning: All percentages zero/invalid in row 19991
Warning: All percentages zero/invalid in row 19992
Warning: All percentages zero/invalid in row 19993
Warning: All percentages zero/invalid in row 19994
Warning: All percentages zero/invalid in row 19995
Warning: All percentages zero/invalid in row 19996
Warning: All percentages zero/invalid in row 19997
Warning: All percentages zero/invalid in row 19998
Warning: All percentages zero/invalid in row 19999
Warning: All percentages zero/invalid in row 20000
Warning: All percentages zero/invalid in row 20001
Warning: All percentages zero/invalid in row 20002
Warning: All percentages zero/invalid in row 20003
Warning: All percentages zero/invalid in row 20004
Warning: All percentages zero/invalid in row 20005
Warning: All percentages zero/invalid in row 20006
Warning: All percentages zero/invalid in row 20007
Warning: All percentages zero/invalid in row 20008
Warning: All percentages zero/invalid in row 20009
Warning: All percentages zero/invalid in row 20010
Warning: All percentages zero/invalid in row 20011
Warning: All percentages zero/invalid in row 20012
Warning: All percentages zero/invalid in row 20013
Warning: All percentages zero/invalid in row 20014
Warning: All percentages zero/invalid in row 20015
Warning: All percentages zero/invalid in row 20016
Warning: All percentages zero/invalid in row 20017
Warning: All percentages zero/invalid in row 20018
Warning: All percentages zero/invalid in row 20019
Warning: All percentages zero/invalid in row 20020
Warning: All percentages zero/invalid in row 20021
Warning: All percentages zero/invalid in row 20022
Warning: All percentages zero/invalid in row 20023
Warning: All percentages zero/invalid in row 20024
Warning: All percentages zero/invalid in row 20025
Warning: All percentages zero/invalid in row 20026
Warning: All percentages zero/invalid in row 20027
Warning: All percentages zero/invalid in row 20028
Warning: All percentages zero/invalid in row 20029
Warning: All percentages zero/invalid in row 20030
Warning: All percentages zero/invalid in row 20031
Warning: All percentages zero/invalid in row 20032
Warning: All percentages zero/invalid in row 20033
Warning: All percentages zero/invalid in row 20034
Warning: All percentages zero/invalid in row 20035
Warning: All percentages zero/invalid in row 20036
Warning: All percentages zero/invalid in row 20037
Warning: All percentages zero/invalid in row 20038
Warning: All percentages zero/invalid in row 20039
Warning: All percentages zero/invalid in row 20040
Warning: All percentages zero/invalid in row 20041
Warning: All percentages zero/invalid in row 20042
Warning: All percentages zero/invalid in row 20043
Warning: All percentages zero/invalid in row 20044
Warning: All percentages zero/invalid in row 20045
Warning: All percentages zero/invalid in row 20046
Warning: All percentages zero/invalid in row 20047
Warning: All percentages zero/invalid in row 20048
Warning: All percentages zero/invalid in row 20049
Warning: All percentages zero/invalid in row 20050
Warning: All percentages zero/invalid in row 20051
Warning: All percentages zero/invalid in row 20052
Warning: All percentages zero/invalid in row 20053
Warning: All percentages zero/invalid in row 20054
Warning: All percentages zero/invalid in row 20055
Warning: All percentages zero/invalid in row 20056
Warning: All percentages zero/invalid in row 20057
Warning: All percentages zero/invalid in row 20058
Warning: All percentages zero/invalid in row 20059
Warning: All percentages zero/invalid in row 20060
Warning: All percentages zero/invalid in row 20061
Warning: All percentages zero/invalid in row 20062
Warning: All percentages zero/invalid in row 20063
Warning: All percentages zero/invalid in row 20064
Warning: All percentages zero/invalid in row 20065
Warning: All percentages zero/invalid in row 20066
Warning: All percentages zero/invalid in row 20067
Warning: All percentages zero/invalid in row 20068
Warning: All percentages zero/invalid in row 20069
Warning: All percentages zero/invalid in row 20070
Warning: All percentages zero/invalid in row 20071
Warning: All percentages zero/invalid in row 20072
Warning: All percentages zero/invalid in row 20073
Warning: All percentages zero/invalid in row 20074
Warning: All percentages zero/invalid in row 20075
Warning: All percentages zero/invalid in row 20076
Warning: All percentages zero/invalid in row 20077
Warning: All percentages zero/invalid in row 20078
Warning: All percentages zero/invalid in row 20079
Warning: All percentages zero/invalid in row 20080
Warning: All percentages zero/invalid in row 20081
Warning: All percentages zero/invalid in row 20082
Warning: All percentages zero/invalid in row 20083
Warning: All percentages zero/invalid in row 20084
Warning: All percentages zero/invalid in row 20085
Warning: All percentages zero/invalid in row 20086
Warning: All percentages zero/invalid in row 20087
Warning: All percentages zero/invalid in row 20088
Warning: All percentages zero/invalid in row 20089
Warning: All percentages zero/invalid in row 20090
Warning: All percentages zero/invalid in row 20091
Warning: All percentages zero/invalid in row 20092
Warning: All percentages zero/invalid in row 20093
Warning: All percentages zero/invalid in row 20094
Warning: All percentages zero/invalid in row 20095
Warning: All percentages zero/invalid in row 20096
Warning: All percentages zero/invalid in row 20097
Warning: All percentages zero/invalid in row 20098
Warning: All percentages zero/invalid in row 20099
Warning: All percentages zero/invalid in row 20100
Warning: All percentages zero/invalid in row 20101
Warning: All percentages zero/invalid in row 20102
Warning: All percentages zero/invalid in row 20103
Warning: All percentages zero/invalid in row 20104
Warning: All percentages zero/invalid in row 20105
Warning: All percentages zero/invalid in row 20106
Warning: All percentages zero/invalid in row 20107
Warning: All percentages zero/invalid in row 20108
Warning: All percentages zero/invalid in row 20109
Warning: All percentages zero/invalid in row 20110
Warning: All percentages zero/invalid in row 20111
Warning: All percentages zero/invalid in row 20112
Warning: All percentages zero/invalid in row 20113
Warning: All percentages zero/invalid in row 20114
Warning: All percentages zero/invalid in row 20115
Warning: All percentages zero/invalid in row 20116
Warning: All percentages zero/invalid in row 20117
Warning: All percentages zero/invalid in row 20118
Warning: All percentages zero/invalid in row 20119
Warning: All percentages zero/invalid in row 20120
Warning: All percentages zero/invalid in row 20121
Warning: All percentages zero/invalid in row 20122
Warning: All percentages zero/invalid in row 20123
Warning: All percentages zero/invalid in row 20124
Warning: All percentages zero/invalid in row 20125
Warning: All percentages zero/invalid in row 20126
Warning: All percentages zero/invalid in row 20127
Warning: All percentages zero/invalid in row 20128
Warning: All percentages zero/invalid in row 20129
Warning: All percentages zero/invalid in row 20132
Warning: All percentages zero/invalid in row 20134
Warning: All percentages zero/invalid in row 20146
Warning: All percentages zero/invalid in row 20151
Warning: All percentages zero/invalid in row 20159
Warning: All percentages zero/invalid in row 20160
Warning: All percentages zero/invalid in row 20161
Warning: All percentages zero/invalid in row 20162
Warning: All percentages zero/invalid in row 20163
Warning: All percentages zero/invalid in row 20164
Warning: All percentages zero/invalid in row 20165
Warning: All percentages zero/invalid in row 20166
Warning: All percentages zero/invalid in row 20167
Warning: All percentages zero/invalid in row 20168
Warning: All percentages zero/invalid in row 20180
Warning: All percentages zero/invalid in row 20195
Warning: All percentages zero/invalid in row 20197
Warning: All percentages zero/invalid in row 20198
Warning: All percentages zero/invalid in row 20199
Warning: All percentages zero/invalid in row 20200
Warning: All percentages zero/invalid in row 20201
Warning: All percentages zero/invalid in row 20202
Warning: All percentages zero/invalid in row 20203
Warning: All percentages zero/invalid in row 20204
Warning: All percentages zero/invalid in row 20205
Warning: All percentages zero/invalid in row 20206
Warning: All percentages zero/invalid in row 20207
Warning: All percentages zero/invalid in row 20208
Warning: All percentages zero/invalid in row 20209
Warning: All percentages zero/invalid in row 20210
Warning: All percentages zero/invalid in row 20211
Warning: All percentages zero/invalid in row 20212
Warning: All percentages zero/invalid in row 20213
Warning: All percentages zero/invalid in row 20214
Warning: All percentages zero/invalid in row 20215
Warning: All percentages zero/invalid in row 20216
Warning: All percentages zero/invalid in row 20217
Warning: All percentages zero/invalid in row 20218
Warning: All percentages zero/invalid in row 20219
Warning: All percentages zero/invalid in row 20220
Warning: All percentages zero/invalid in row 20221
Warning: All percentages zero/invalid in row 20222
Warning: All percentages zero/invalid in row 20223
Warning: All percentages zero/invalid in row 20224
Warning: All percentages zero/invalid in row 20225
Warning: All percentages zero/invalid in row 20226
Warning: All percentages zero/invalid in row 20227
Warning: All percentages zero/invalid in row 20228
Warning: All percentages zero/invalid in row 20229
Warning: All percentages zero/invalid in row 20230
Warning: All percentages zero/invalid in row 20231
Warning: All percentages zero/invalid in row 20232
Warning: All percentages zero/invalid in row 20233
Warning: All percentages zero/invalid in row 20234
Warning: All percentages zero/invalid in row 20235
Warning: All percentages zero/invalid in row 20236
Warning: All percentages zero/invalid in row 20237
Warning: All percentages zero/invalid in row 20238
Warning: All percentages zero/invalid in row 20239
Warning: All percentages zero/invalid in row 20240
Warning: All percentages zero/invalid in row 20241
Warning: All percentages zero/invalid in row 20242
Warning: All percentages zero/invalid in row 20243
Warning: All percentages zero/invalid in row 20244
Warning: All percentages zero/invalid in row 20245
Warning: All percentages zero/invalid in row 20246
Warning: All percentages zero/invalid in row 20247
Warning: All percentages zero/invalid in row 20248
Warning: All percentages zero/invalid in row 20249
Warning: All percentages zero/invalid in row 20250
Warning: All percentages zero/invalid in row 20251
Warning: All percentages zero/invalid in row 20252
Warning: All percentages zero/invalid in row 20253
Warning: All percentages zero/invalid in row 20254
Warning: All percentages zero/invalid in row 20255
Warning: All percentages zero/invalid in row 20256
Warning: All percentages zero/invalid in row 20257
Warning: All percentages zero/invalid in row 20258
Warning: All percentages zero/invalid in row 20259
Warning: All percentages zero/invalid in row 20260
Warning: All percentages zero/invalid in row 20261
Warning: All percentages zero/invalid in row 20262
Warning: All percentages zero/invalid in row 20263
Warning: All percentages zero/invalid in row 20264
Warning: All percentages zero/invalid in row 20265
Warning: All percentages zero/invalid in row 20266
Warning: All percentages zero/invalid in row 20267
Warning: All percentages zero/invalid in row 20268
Warning: All percentages zero/invalid in row 20269
Warning: All percentages zero/invalid in row 20270
Warning: All percentages zero/invalid in row 20271
Warning: All percentages zero/invalid in row 20272
Warning: All percentages zero/invalid in row 20273
Warning: All percentages zero/invalid in row 20274
Warning: All percentages zero/invalid in row 20275
Warning: All percentages zero/invalid in row 20276
Warning: All percentages zero/invalid in row 20277
Warning: All percentages zero/invalid in row 20278
Warning: All percentages zero/invalid in row 20279
Warning: All percentages zero/invalid in row 20280
Warning: All percentages zero/invalid in row 20281
Warning: All percentages zero/invalid in row 20282
Warning: All percentages zero/invalid in row 20283
Warning: All percentages zero/invalid in row 20284
Warning: All percentages zero/invalid in row 20285
Warning: All percentages zero/invalid in row 20286
Warning: All percentages zero/invalid in row 20287
Warning: All percentages zero/invalid in row 20288
Warning: All percentages zero/invalid in row 20289
Warning: All percentages zero/invalid in row 20290
Warning: All percentages zero/invalid in row 20291
Warning: All percentages zero/invalid in row 20292
Warning: All percentages zero/invalid in row 20293
Warning: All percentages zero/invalid in row 20294
Warning: All percentages zero/invalid in row 20295
Warning: All percentages zero/invalid in row 20296
Warning: All percentages zero/invalid in row 20297
Warning: All percentages zero/invalid in row 20298
Warning: All percentages zero/invalid in row 20299
Warning: All percentages zero/invalid in row 20300
Warning: All percentages zero/invalid in row 20301
Warning: All percentages zero/invalid in row 20302
Warning: All percentages zero/invalid in row 20303
Warning: All percentages zero/invalid in row 20304
Warning: All percentages zero/invalid in row 20305
Warning: All percentages zero/invalid in row 20306
Warning: All percentages zero/invalid in row 20307
Warning: All percentages zero/invalid in row 20308
Warning: All percentages zero/invalid in row 20309
Warning: All percentages zero/invalid in row 20310
Warning: All percentages zero/invalid in row 20311
Warning: All percentages zero/invalid in row 20312
Warning: All percentages zero/invalid in row 20313
Warning: All percentages zero/invalid in row 20314
Warning: All percentages zero/invalid in row 20315
Warning: All percentages zero/invalid in row 20316
Warning: All percentages zero/invalid in row 20317
Warning: All percentages zero/invalid in row 20318
Warning: All percentages zero/invalid in row 20319
Warning: All percentages zero/invalid in row 20320
Warning: All percentages zero/invalid in row 20321
Warning: All percentages zero/invalid in row 20322
Warning: All percentages zero/invalid in row 20323
Warning: All percentages zero/invalid in row 20324
Warning: All percentages zero/invalid in row 20325
Warning: All percentages zero/invalid in row 20326
Warning: All percentages zero/invalid in row 20327
Warning: All percentages zero/invalid in row 20328
Warning: All percentages zero/invalid in row 20329
Warning: All percentages zero/invalid in row 20330
Warning: All percentages zero/invalid in row 20331
Warning: All percentages zero/invalid in row 20332
Warning: All percentages zero/invalid in row 20333
Warning: All percentages zero/invalid in row 20334
Warning: All percentages zero/invalid in row 20335
Warning: All percentages zero/invalid in row 20336
Warning: All percentages zero/invalid in row 20337
Warning: All percentages zero/invalid in row 20338
Warning: All percentages zero/invalid in row 20339
Warning: All percentages zero/invalid in row 20340
Warning: All percentages zero/invalid in row 20341
Warning: All percentages zero/invalid in row 20342
Warning: All percentages zero/invalid in row 20343
Warning: All percentages zero/invalid in row 20344
Warning: All percentages zero/invalid in row 20345
Warning: All percentages zero/invalid in row 20346
Warning: All percentages zero/invalid in row 20347
Warning: All percentages zero/invalid in row 20348
Warning: All percentages zero/invalid in row 20349
Warning: All percentages zero/invalid in row 20350
Warning: All percentages zero/invalid in row 20351
Warning: All percentages zero/invalid in row 20352
Warning: All percentages zero/invalid in row 20353
Warning: All percentages zero/invalid in row 20354
Warning: All percentages zero/invalid in row 20355
Warning: All percentages zero/invalid in row 20356
Warning: All percentages zero/invalid in row 20357
Warning: All percentages zero/invalid in row 20358
Warning: All percentages zero/invalid in row 20359
Warning: All percentages zero/invalid in row 20360
Warning: All percentages zero/invalid in row 20361
Warning: All percentages zero/invalid in row 20362
Warning: All percentages zero/invalid in row 20363
Warning: All percentages zero/invalid in row 20364
Warning: All percentages zero/invalid in row 20365
Warning: All percentages zero/invalid in row 20366
Warning: All percentages zero/invalid in row 20367
Warning: All percentages zero/invalid in row 20368
Warning: All percentages zero/invalid in row 20369
Warning: All percentages zero/invalid in row 20370
Warning: All percentages zero/invalid in row 20371
Warning: All percentages zero/invalid in row 20372
Warning: All percentages zero/invalid in row 20373
Warning: All percentages zero/invalid in row 20374
Warning: All percentages zero/invalid in row 20375
Warning: All percentages zero/invalid in row 20376
Warning: All percentages zero/invalid in row 20377
Warning: All percentages zero/invalid in row 20378
Warning: All percentages zero/invalid in row 20379
Warning: All percentages zero/invalid in row 20380
Warning: All percentages zero/invalid in row 20381
Warning: All percentages zero/invalid in row 20382
Warning: All percentages zero/invalid in row 20383
Warning: All percentages zero/invalid in row 20384
Warning: All percentages zero/invalid in row 20385
Warning: All percentages zero/invalid in row 20386
Warning: All percentages zero/invalid in row 20387
Warning: All percentages zero/invalid in row 20388
Warning: All percentages zero/invalid in row 20389
Warning: All percentages zero/invalid in row 20390
Warning: All percentages zero/invalid in row 20391
Warning: All percentages zero/invalid in row 20392
Warning: All percentages zero/invalid in row 20393
Warning: All percentages zero/invalid in row 20394
Warning: All percentages zero/invalid in row 20395
Warning: All percentages zero/invalid in row 20396
Warning: All percentages zero/invalid in row 20397
Warning: All percentages zero/invalid in row 20398
Warning: All percentages zero/invalid in row 20399
Warning: All percentages zero/invalid in row 20400
Warning: All percentages zero/invalid in row 20401
Warning: All percentages zero/invalid in row 20402
Warning: All percentages zero/invalid in row 20403
Warning: All percentages zero/invalid in row 20404
Warning: All percentages zero/invalid in row 20405
Warning: All percentages zero/invalid in row 20406
Warning: All percentages zero/invalid in row 20407
Warning: All percentages zero/invalid in row 20408
Warning: All percentages zero/invalid in row 20409
Warning: All percentages zero/invalid in row 20410
Warning: All percentages zero/invalid in row 20411
Warning: All percentages zero/invalid in row 20412
Warning: All percentages zero/invalid in row 20413
Warning: All percentages zero/invalid in row 20414
Warning: All percentages zero/invalid in row 20415
Warning: All percentages zero/invalid in row 20416
Warning: All percentages zero/invalid in row 20417
Warning: All percentages zero/invalid in row 20418
Warning: All percentages zero/invalid in row 20419
Warning: All percentages zero/invalid in row 20420
Warning: All percentages zero/invalid in row 20421
Warning: All percentages zero/invalid in row 20422
Warning: All percentages zero/invalid in row 20423
Warning: All percentages zero/invalid in row 20424
Warning: All percentages zero/invalid in row 20425
Warning: All percentages zero/invalid in row 20426
Warning: All percentages zero/invalid in row 20427
Warning: All percentages zero/invalid in row 20428
Warning: All percentages zero/invalid in row 20429
Warning: All percentages zero/invalid in row 20430
Warning: All percentages zero/invalid in row 20431
Warning: All percentages zero/invalid in row 20432
Warning: All percentages zero/invalid in row 20433
Warning: All percentages zero/invalid in row 20434
Warning: All percentages zero/invalid in row 20435
Warning: All percentages zero/invalid in row 20436
Warning: All percentages zero/invalid in row 20437
Warning: All percentages zero/invalid in row 20438
Warning: All percentages zero/invalid in row 20439
Warning: All percentages zero/invalid in row 20440
Warning: All percentages zero/invalid in row 20441
Warning: All percentages zero/invalid in row 20442
Warning: All percentages zero/invalid in row 20443
Warning: All percentages zero/invalid in row 20444
Warning: All percentages zero/invalid in row 20445
Warning: All percentages zero/invalid in row 20446
Warning: All percentages zero/invalid in row 20447
Warning: All percentages zero/invalid in row 20448
Warning: All percentages zero/invalid in row 20449
Warning: All percentages zero/invalid in row 20450
Warning: All percentages zero/invalid in row 20451
Warning: All percentages zero/invalid in row 20452
Warning: All percentages zero/invalid in row 20453
Warning: All percentages zero/invalid in row 20454
Warning: All percentages zero/invalid in row 20455
Warning: All percentages zero/invalid in row 20456
Warning: All percentages zero/invalid in row 20457
Warning: All percentages zero/invalid in row 20458
Warning: All percentages zero/invalid in row 20459
Warning: All percentages zero/invalid in row 20460
Warning: All percentages zero/invalid in row 20461
Warning: All percentages zero/invalid in row 20462
Warning: All percentages zero/invalid in row 20463
Warning: All percentages zero/invalid in row 20464
Warning: All percentages zero/invalid in row 20465
Warning: All percentages zero/invalid in row 20466
Warning: All percentages zero/invalid in row 20467
Warning: All percentages zero/invalid in row 20468
Warning: All percentages zero/invalid in row 20469
Warning: All percentages zero/invalid in row 20470
Warning: All percentages zero/invalid in row 20471
Warning: All percentages zero/invalid in row 20472
Warning: All percentages zero/invalid in row 20473
Warning: All percentages zero/invalid in row 20474
Warning: All percentages zero/invalid in row 20475
Warning: All percentages zero/invalid in row 20476
Warning: All percentages zero/invalid in row 20477
Warning: All percentages zero/invalid in row 20478
Warning: All percentages zero/invalid in row 20479
Warning: All percentages zero/invalid in row 20480
Warning: All percentages zero/invalid in row 20481
Warning: All percentages zero/invalid in row 20482
Warning: All percentages zero/invalid in row 20483
Warning: All percentages zero/invalid in row 20484
Warning: All percentages zero/invalid in row 20485
Warning: All percentages zero/invalid in row 20486
Warning: All percentages zero/invalid in row 20487
Warning: All percentages zero/invalid in row 20488
Warning: All percentages zero/invalid in row 20489
Warning: All percentages zero/invalid in row 20491
Warning: All percentages zero/invalid in row 20492
Warning: All percentages zero/invalid in row 20493
Warning: All percentages zero/invalid in row 20494
Warning: All percentages zero/invalid in row 20495
Warning: All percentages zero/invalid in row 20496
Warning: All percentages zero/invalid in row 20497
Warning: All percentages zero/invalid in row 20498
Warning: All percentages zero/invalid in row 20499
Warning: All percentages zero/invalid in row 20500
Warning: All percentages zero/invalid in row 20501
Warning: All percentages zero/invalid in row 20503
Warning: All percentages zero/invalid in row 20505
Warning: All percentages zero/invalid in row 20506
Warning: All percentages zero/invalid in row 20508
Warning: All percentages zero/invalid in row 20509
Warning: All percentages zero/invalid in row 20510
Warning: All percentages zero/invalid in row 20511
Warning: All percentages zero/invalid in row 20512
Warning: All percentages zero/invalid in row 20513
Warning: All percentages zero/invalid in row 20514
Warning: All percentages zero/invalid in row 20515
Warning: All percentages zero/invalid in row 20516
Warning: All percentages zero/invalid in row 20517
Warning: All percentages zero/invalid in row 20518
Warning: All percentages zero/invalid in row 20519
Warning: All percentages zero/invalid in row 20520
Warning: All percentages zero/invalid in row 20521
Warning: All percentages zero/invalid in row 20522
Warning: All percentages zero/invalid in row 20523
Warning: All percentages zero/invalid in row 20524
Warning: All percentages zero/invalid in row 20554
Warning: All percentages zero/invalid in row 20555
Warning: All percentages zero/invalid in row 20556
Warning: All percentages zero/invalid in row 20558
Warning: All percentages zero/invalid in row 20562
Warning: All percentages zero/invalid in row 20563
Warning: All percentages zero/invalid in row 20564
Warning: All percentages zero/invalid in row 20565
Warning: All percentages zero/invalid in row 20566
Warning: All percentages zero/invalid in row 20567
Warning: All percentages zero/invalid in row 20568
Warning: All percentages zero/invalid in row 20569
Warning: All percentages zero/invalid in row 20570
Warning: All percentages zero/invalid in row 20571
Warning: All percentages zero/invalid in row 20572
Warning: All percentages zero/invalid in row 20573
Warning: All percentages zero/invalid in row 20577
Warning: All percentages zero/invalid in row 20578
Warning: All percentages zero/invalid in row 20579
Warning: All percentages zero/invalid in row 20589
Warning: All percentages zero/invalid in row 20590
Warning: All percentages zero/invalid in row 20591
Warning: All percentages zero/invalid in row 20599
Warning: All percentages zero/invalid in row 20600
Warning: All percentages zero/invalid in row 20601
Warning: All percentages zero/invalid in row 20602
Warning: All percentages zero/invalid in row 20603
Warning: All percentages zero/invalid in row 20604
Warning: All percentages zero/invalid in row 20605
Warning: All percentages zero/invalid in row 20606
Warning: All percentages zero/invalid in row 20607
Warning: All percentages zero/invalid in row 20608
Warning: All percentages zero/invalid in row 20609
Warning: All percentages zero/invalid in row 20610
Warning: All percentages zero/invalid in row 20611
Warning: All percentages zero/invalid in row 20612
Warning: All percentages zero/invalid in row 20613
Warning: All percentages zero/invalid in row 20614
Warning: All percentages zero/invalid in row 20615
Warning: All percentages zero/invalid in row 20616
Warning: All percentages zero/invalid in row 20617
Warning: All percentages zero/invalid in row 20618
Warning: All percentages zero/invalid in row 20619
Warning: All percentages zero/invalid in row 20620
Warning: All percentages zero/invalid in row 20621
Warning: All percentages zero/invalid in row 20622
Warning: All percentages zero/invalid in row 20623
Warning: All percentages zero/invalid in row 20624
Warning: All percentages zero/invalid in row 20625
Warning: All percentages zero/invalid in row 20626
Warning: All percentages zero/invalid in row 20627
Warning: All percentages zero/invalid in row 20628
Warning: All percentages zero/invalid in row 20629
Warning: All percentages zero/invalid in row 20630
Warning: All percentages zero/invalid in row 20631
Warning: All percentages zero/invalid in row 20632
Warning: All percentages zero/invalid in row 20633
Warning: All percentages zero/invalid in row 20634
Warning: All percentages zero/invalid in row 20635
Warning: All percentages zero/invalid in row 20639
Warning: All percentages zero/invalid in row 20640
Warning: All percentages zero/invalid in row 20641
Warning: All percentages zero/invalid in row 20642
Warning: All percentages zero/invalid in row 20643
Warning: All percentages zero/invalid in row 20644
Warning: All percentages zero/invalid in row 20645
Warning: All percentages zero/invalid in row 20646
Warning: All percentages zero/invalid in row 20647
Warning: All percentages zero/invalid in row 20648
Warning: All percentages zero/invalid in row 20649
Warning: All percentages zero/invalid in row 20650
Warning: All percentages zero/invalid in row 20651
Warning: All percentages zero/invalid in row 20652
Warning: All percentages zero/invalid in row 20653
Warning: All percentages zero/invalid in row 20654
Warning: All percentages zero/invalid in row 20655
Warning: All percentages zero/invalid in row 20656
Warning: All percentages zero/invalid in row 20657
Warning: All percentages zero/invalid in row 20658
Warning: All percentages zero/invalid in row 20659
Warning: All percentages zero/invalid in row 20660
Warning: All percentages zero/invalid in row 20661
Warning: All percentages zero/invalid in row 20662
Warning: All percentages zero/invalid in row 20663
Warning: All percentages zero/invalid in row 20664
Warning: All percentages zero/invalid in row 20665
Warning: All percentages zero/invalid in row 20666
Warning: All percentages zero/invalid in row 20667
Warning: All percentages zero/invalid in row 20668
Warning: All percentages zero/invalid in row 20669
Warning: All percentages zero/invalid in row 20670
Warning: All percentages zero/invalid in row 20671
Warning: All percentages zero/invalid in row 20672
Warning: All percentages zero/invalid in row 20673
Warning: All percentages zero/invalid in row 20674
Warning: All percentages zero/invalid in row 20675
Warning: All percentages zero/invalid in row 20676
Warning: All percentages zero/invalid in row 20677
Warning: All percentages zero/invalid in row 20678
Warning: All percentages zero/invalid in row 20679
Warning: All percentages zero/invalid in row 20680
Warning: All percentages zero/invalid in row 20681
Warning: All percentages zero/invalid in row 20682
Warning: All percentages zero/invalid in row 20683
Warning: All percentages zero/invalid in row 20684
Warning: All percentages zero/invalid in row 20685
Warning: All percentages zero/invalid in row 20686
Warning: All percentages zero/invalid in row 20687
Warning: All percentages zero/invalid in row 20688
Warning: All percentages zero/invalid in row 20689
Warning: All percentages zero/invalid in row 20690
Warning: All percentages zero/invalid in row 20691
Warning: All percentages zero/invalid in row 20692
Warning: All percentages zero/invalid in row 20693
Warning: All percentages zero/invalid in row 20694
Warning: All percentages zero/invalid in row 20695
Warning: All percentages zero/invalid in row 20696
Warning: All percentages zero/invalid in row 20697
Warning: All percentages zero/invalid in row 20698
Warning: All percentages zero/invalid in row 20699
Warning: All percentages zero/invalid in row 20700
Warning: All percentages zero/invalid in row 20701
Warning: All percentages zero/invalid in row 20702
Warning: All percentages zero/invalid in row 20705
Warning: All percentages zero/invalid in row 20706
Warning: All percentages zero/invalid in row 20707
Warning: All percentages zero/invalid in row 20708
Warning: All percentages zero/invalid in row 20709
Warning: All percentages zero/invalid in row 20710
Warning: All percentages zero/invalid in row 20711
Warning: All percentages zero/invalid in row 20712
Warning: All percentages zero/invalid in row 20713
Warning: All percentages zero/invalid in row 20714
Warning: All percentages zero/invalid in row 20715
Warning: All percentages zero/invalid in row 20716
Warning: All percentages zero/invalid in row 20717
Warning: All percentages zero/invalid in row 20718
Warning: All percentages zero/invalid in row 20728
Warning: All percentages zero/invalid in row 20729
Warning: All percentages zero/invalid in row 20730
Warning: All percentages zero/invalid in row 20733
Warning: All percentages zero/invalid in row 20734
Warning: All percentages zero/invalid in row 20774
Warning: All percentages zero/invalid in row 20780
Warning: All percentages zero/invalid in row 20781
Warning: All percentages zero/invalid in row 20782
Warning: All percentages zero/invalid in row 20783
Warning: All percentages zero/invalid in row 20784
Warning: All percentages zero/invalid in row 20785
Warning: All percentages zero/invalid in row 20786
Warning: All percentages zero/invalid in row 20787
Warning: All percentages zero/invalid in row 20788
Warning: All percentages zero/invalid in row 20789
Warning: All percentages zero/invalid in row 20790
Warning: All percentages zero/invalid in row 20791
Warning: All percentages zero/invalid in row 20792
Warning: All percentages zero/invalid in row 20793
Warning: All percentages zero/invalid in row 20794
Warning: All percentages zero/invalid in row 20795
Warning: All percentages zero/invalid in row 20796
Warning: All percentages zero/invalid in row 20797
Warning: All percentages zero/invalid in row 20798
Warning: All percentages zero/invalid in row 20799
Warning: All percentages zero/invalid in row 20800
Warning: All percentages zero/invalid in row 20801
Warning: All percentages zero/invalid in row 20802
Warning: All percentages zero/invalid in row 20803
Warning: All percentages zero/invalid in row 20804
Warning: All percentages zero/invalid in row 20805
Warning: All percentages zero/invalid in row 20806
Warning: All percentages zero/invalid in row 20807
Warning: All percentages zero/invalid in row 20808
Warning: All percentages zero/invalid in row 20809
Warning: All percentages zero/invalid in row 20810
Warning: All percentages zero/invalid in row 20811
Warning: All percentages zero/invalid in row 20812
Warning: All percentages zero/invalid in row 20813
Warning: All percentages zero/invalid in row 20814
Warning: All percentages zero/invalid in row 20815
Warning: All percentages zero/invalid in row 20816
Warning: All percentages zero/invalid in row 20817
Warning: All percentages zero/invalid in row 20818
Warning: All percentages zero/invalid in row 20819
Warning: All percentages zero/invalid in row 20820
Warning: All percentages zero/invalid in row 20821
Warning: All percentages zero/invalid in row 20822
Warning: All percentages zero/invalid in row 20823
Warning: All percentages zero/invalid in row 20824
Warning: All percentages zero/invalid in row 20825
Warning: All percentages zero/invalid in row 20826
Warning: All percentages zero/invalid in row 20827
Warning: All percentages zero/invalid in row 20828
Warning: All percentages zero/invalid in row 20829
Warning: All percentages zero/invalid in row 20830
Warning: All percentages zero/invalid in row 20831
Warning: All percentages zero/invalid in row 20832
Warning: All percentages zero/invalid in row 20833
Warning: All percentages zero/invalid in row 20834
Warning: All percentages zero/invalid in row 20835
Warning: All percentages zero/invalid in row 20836
Warning: All percentages zero/invalid in row 20837
Warning: All percentages zero/invalid in row 20838
Warning: All percentages zero/invalid in row 20839
Warning: All percentages zero/invalid in row 20840
Warning: All percentages zero/invalid in row 20841
Warning: All percentages zero/invalid in row 20842
Warning: All percentages zero/invalid in row 20843
Warning: All percentages zero/invalid in row 20844
Warning: All percentages zero/invalid in row 20845
Warning: All percentages zero/invalid in row 20846
Warning: All percentages zero/invalid in row 20847
Warning: All percentages zero/invalid in row 20848
Warning: All percentages zero/invalid in row 20849
Warning: All percentages zero/invalid in row 20850
Warning: All percentages zero/invalid in row 20851
Warning: All percentages zero/invalid in row 20852
Warning: All percentages zero/invalid in row 20853
Warning: All percentages zero/invalid in row 20854
Warning: All percentages zero/invalid in row 20857
Warning: All percentages zero/invalid in row 20858
Warning: All percentages zero/invalid in row 20860
Warning: All percentages zero/invalid in row 20862
Warning: All percentages zero/invalid in row 20863
Warning: All percentages zero/invalid in row 20864
Warning: All percentages zero/invalid in row 20865
Warning: All percentages zero/invalid in row 20867
Warning: All percentages zero/invalid in row 20869
Warning: All percentages zero/invalid in row 20870
Warning: All percentages zero/invalid in row 20872
Warning: All percentages zero/invalid in row 20873
Warning: All percentages zero/invalid in row 20874
Warning: All percentages zero/invalid in row 20877
Warning: All percentages zero/invalid in row 20878
Warning: All percentages zero/invalid in row 20879
Warning: All percentages zero/invalid in row 20880
Warning: All percentages zero/invalid in row 20881
Warning: All percentages zero/invalid in row 20882
Warning: All percentages zero/invalid in row 20883
Warning: All percentages zero/invalid in row 20884
Warning: All percentages zero/invalid in row 20885
Warning: All percentages zero/invalid in row 20886
Warning: All percentages zero/invalid in row 20887
Warning: All percentages zero/invalid in row 20888
Warning: All percentages zero/invalid in row 20889
Warning: All percentages zero/invalid in row 20890
Warning: All percentages zero/invalid in row 20891
Warning: All percentages zero/invalid in row 20892
Warning: All percentages zero/invalid in row 20895
Warning: All percentages zero/invalid in row 20897
Warning: All percentages zero/invalid in row 20900
Warning: All percentages zero/invalid in row 20902
Warning: All percentages zero/invalid in row 20904
Warning: All percentages zero/invalid in row 20913
Warning: All percentages zero/invalid in row 20921
Warning: All percentages zero/invalid in row 20922
Warning: All percentages zero/invalid in row 20926
Warning: All percentages zero/invalid in row 20931
Warning: All percentages zero/invalid in row 20935
Warning: All percentages zero/invalid in row 20940
Warning: All percentages zero/invalid in row 20941
Warning: All percentages zero/invalid in row 20942
Warning: All percentages zero/invalid in row 20943
Warning: All percentages zero/invalid in row 20944
Warning: All percentages zero/invalid in row 20945
Warning: All percentages zero/invalid in row 20946
Warning: All percentages zero/invalid in row 20947
Warning: All percentages zero/invalid in row 20948
Warning: All percentages zero/invalid in row 20949
Warning: All percentages zero/invalid in row 20950
Warning: All percentages zero/invalid in row 20951
Warning: All percentages zero/invalid in row 20952
Warning: All percentages zero/invalid in row 20953
Warning: All percentages zero/invalid in row 20954
Warning: All percentages zero/invalid in row 20955
Warning: All percentages zero/invalid in row 20956
Warning: All percentages zero/invalid in row 20957
Warning: All percentages zero/invalid in row 20958
Warning: All percentages zero/invalid in row 20959
Warning: All percentages zero/invalid in row 20960
Warning: All percentages zero/invalid in row 20961
Warning: All percentages zero/invalid in row 20962
Warning: All percentages zero/invalid in row 20963
Warning: All percentages zero/invalid in row 20964
Warning: All percentages zero/invalid in row 20965
Warning: All percentages zero/invalid in row 20966
Warning: All percentages zero/invalid in row 20967
Warning: All percentages zero/invalid in row 20968
Warning: All percentages zero/invalid in row 20969
Warning: All percentages zero/invalid in row 20970
Warning: All percentages zero/invalid in row 20971
Warning: All percentages zero/invalid in row 20972
Warning: All percentages zero/invalid in row 20973
Warning: All percentages zero/invalid in row 20974
Warning: All percentages zero/invalid in row 20975
Warning: All percentages zero/invalid in row 20976
Warning: All percentages zero/invalid in row 20977
Warning: All percentages zero/invalid in row 20978
Warning: All percentages zero/invalid in row 20979
Warning: All percentages zero/invalid in row 20980
Warning: All percentages zero/invalid in row 20981
Warning: All percentages zero/invalid in row 20982
Warning: All percentages zero/invalid in row 20983
Warning: All percentages zero/invalid in row 20984
Warning: All percentages zero/invalid in row 20985
Warning: All percentages zero/invalid in row 20986
Warning: All percentages zero/invalid in row 20987
Warning: All percentages zero/invalid in row 20988
Warning: All percentages zero/invalid in row 20989
Warning: All percentages zero/invalid in row 20990
Warning: All percentages zero/invalid in row 20991
Warning: All percentages zero/invalid in row 20992
Warning: All percentages zero/invalid in row 20993
Warning: All percentages zero/invalid in row 20994
Warning: All percentages zero/invalid in row 20995
Warning: All percentages zero/invalid in row 20996
Warning: All percentages zero/invalid in row 20997
Warning: All percentages zero/invalid in row 20998
Warning: All percentages zero/invalid in row 20999
Warning: All percentages zero/invalid in row 21000
Warning: All percentages zero/invalid in row 21001
Warning: All percentages zero/invalid in row 21002
Warning: All percentages zero/invalid in row 21003
Warning: All percentages zero/invalid in row 21004
Warning: All percentages zero/invalid in row 21005
Warning: All percentages zero/invalid in row 21006
Warning: All percentages zero/invalid in row 21007
Warning: All percentages zero/invalid in row 21008
Warning: All percentages zero/invalid in row 21009
Warning: All percentages zero/invalid in row 21010
Warning: All percentages zero/invalid in row 21011
Warning: All percentages zero/invalid in row 21012
Warning: All percentages zero/invalid in row 21013
Warning: All percentages zero/invalid in row 21014
Warning: All percentages zero/invalid in row 21015
Warning: All percentages zero/invalid in row 21016
Warning: All percentages zero/invalid in row 21017
Warning: All percentages zero/invalid in row 21018
Warning: All percentages zero/invalid in row 21019
Warning: All percentages zero/invalid in row 21020
Warning: All percentages zero/invalid in row 21021
Warning: All percentages zero/invalid in row 21022
Warning: All percentages zero/invalid in row 21023
Warning: All percentages zero/invalid in row 21024
Warning: All percentages zero/invalid in row 21025
Warning: All percentages zero/invalid in row 21026
Warning: All percentages zero/invalid in row 21027
Warning: All percentages zero/invalid in row 21028
Warning: All percentages zero/invalid in row 21029
Warning: All percentages zero/invalid in row 21030
Warning: All percentages zero/invalid in row 21031
Warning: All percentages zero/invalid in row 21032
Warning: All percentages zero/invalid in row 21033
Warning: All percentages zero/invalid in row 21034
Warning: All percentages zero/invalid in row 21035
Warning: All percentages zero/invalid in row 21036
Warning: All percentages zero/invalid in row 21037
Warning: All percentages zero/invalid in row 21038
Warning: All percentages zero/invalid in row 21039
Warning: All percentages zero/invalid in row 21040
Warning: All percentages zero/invalid in row 21041
Warning: All percentages zero/invalid in row 21042
Warning: All percentages zero/invalid in row 21043
Warning: All percentages zero/invalid in row 21044
Warning: All percentages zero/invalid in row 21045
Warning: All percentages zero/invalid in row 21046
Warning: All percentages zero/invalid in row 21047
Warning: All percentages zero/invalid in row 21048
Warning: All percentages zero/invalid in row 21049
Warning: All percentages zero/invalid in row 21050
Warning: All percentages zero/invalid in row 21051
Warning: All percentages zero/invalid in row 21052
Warning: All percentages zero/invalid in row 21053
Warning: All percentages zero/invalid in row 21054
Warning: All percentages zero/invalid in row 21055
Warning: All percentages zero/invalid in row 21056
Warning: All percentages zero/invalid in row 21057
Warning: All percentages zero/invalid in row 21058
Warning: All percentages zero/invalid in row 21059
Warning: All percentages zero/invalid in row 21060
Warning: All percentages zero/invalid in row 21061
Warning: All percentages zero/invalid in row 21062
Warning: All percentages zero/invalid in row 21063
Warning: All percentages zero/invalid in row 21064
Warning: All percentages zero/invalid in row 21065
Warning: All percentages zero/invalid in row 21066
Warning: All percentages zero/invalid in row 21067
Warning: All percentages zero/invalid in row 21068
Warning: All percentages zero/invalid in row 21069
Warning: All percentages zero/invalid in row 21070
Warning: All percentages zero/invalid in row 21071
Warning: All percentages zero/invalid in row 21072
Warning: All percentages zero/invalid in row 21073
Warning: All percentages zero/invalid in row 21074
Warning: All percentages zero/invalid in row 21075
Warning: All percentages zero/invalid in row 21076
Warning: All percentages zero/invalid in row 21077
Warning: All percentages zero/invalid in row 21078
Warning: All percentages zero/invalid in row 21079
Warning: All percentages zero/invalid in row 21080
Warning: All percentages zero/invalid in row 21081
Warning: All percentages zero/invalid in row 21082
Warning: All percentages zero/invalid in row 21083
Warning: All percentages zero/invalid in row 21084
Warning: All percentages zero/invalid in row 21085
Warning: All percentages zero/invalid in row 21086
Warning: All percentages zero/invalid in row 21087
Warning: All percentages zero/invalid in row 21088
Warning: All percentages zero/invalid in row 21089
Warning: All percentages zero/invalid in row 21090
Warning: All percentages zero/invalid in row 21091
Warning: All percentages zero/invalid in row 21092
Warning: All percentages zero/invalid in row 21093
Warning: All percentages zero/invalid in row 21094
Warning: All percentages zero/invalid in row 21095
Warning: All percentages zero/invalid in row 21096
Warning: All percentages zero/invalid in row 21097
Warning: All percentages zero/invalid in row 21098
Warning: All percentages zero/invalid in row 21099
Warning: All percentages zero/invalid in row 21100
Warning: All percentages zero/invalid in row 21101
Warning: All percentages zero/invalid in row 21102
Warning: All percentages zero/invalid in row 21103
Warning: All percentages zero/invalid in row 21104
Warning: All percentages zero/invalid in row 21105
Warning: All percentages zero/invalid in row 21106
Warning: All percentages zero/invalid in row 21107
Warning: All percentages zero/invalid in row 21108
Warning: All percentages zero/invalid in row 21109
Warning: All percentages zero/invalid in row 21110
Warning: All percentages zero/invalid in row 21111
Warning: All percentages zero/invalid in row 21112
Warning: All percentages zero/invalid in row 21113
Warning: All percentages zero/invalid in row 21114
Warning: All percentages zero/invalid in row 21115
Warning: All percentages zero/invalid in row 21116
Warning: All percentages zero/invalid in row 21117
Warning: All percentages zero/invalid in row 21118
Warning: All percentages zero/invalid in row 21119
Warning: All percentages zero/invalid in row 21120
Warning: All percentages zero/invalid in row 21121
Warning: All percentages zero/invalid in row 21122
Warning: All percentages zero/invalid in row 21123
Warning: All percentages zero/invalid in row 21124
Warning: All percentages zero/invalid in row 21125
Warning: All percentages zero/invalid in row 21126
Warning: All percentages zero/invalid in row 21127
Warning: All percentages zero/invalid in row 21128
Warning: All percentages zero/invalid in row 21129
Warning: All percentages zero/invalid in row 21130
Warning: All percentages zero/invalid in row 21131
Warning: All percentages zero/invalid in row 21132
Warning: All percentages zero/invalid in row 21133
Warning: All percentages zero/invalid in row 21134
Warning: All percentages zero/invalid in row 21135
Warning: All percentages zero/invalid in row 21136
Warning: All percentages zero/invalid in row 21137
Warning: All percentages zero/invalid in row 21138
Warning: All percentages zero/invalid in row 21139
Warning: All percentages zero/invalid in row 21140
Warning: All percentages zero/invalid in row 21141
Warning: All percentages zero/invalid in row 21142
Warning: All percentages zero/invalid in row 21143
Warning: All percentages zero/invalid in row 21144
Warning: All percentages zero/invalid in row 21145
Warning: All percentages zero/invalid in row 21146
Warning: All percentages zero/invalid in row 21147
Warning: All percentages zero/invalid in row 21148
Warning: All percentages zero/invalid in row 21149
Warning: All percentages zero/invalid in row 21150
Warning: All percentages zero/invalid in row 21151
Warning: All percentages zero/invalid in row 21152
Warning: All percentages zero/invalid in row 21153
Warning: All percentages zero/invalid in row 21154
Warning: All percentages zero/invalid in row 21155
Warning: All percentages zero/invalid in row 21156
Warning: All percentages zero/invalid in row 21157
Warning: All percentages zero/invalid in row 21158
Warning: All percentages zero/invalid in row 21159
Warning: All percentages zero/invalid in row 21160
Warning: All percentages zero/invalid in row 21161
Warning: All percentages zero/invalid in row 21162
Warning: All percentages zero/invalid in row 21163
Warning: All percentages zero/invalid in row 21164
Warning: All percentages zero/invalid in row 21165
Warning: All percentages zero/invalid in row 21166
Warning: All percentages zero/invalid in row 21167
Warning: All percentages zero/invalid in row 21168
Warning: All percentages zero/invalid in row 21169
Warning: All percentages zero/invalid in row 21170
Warning: All percentages zero/invalid in row 21171
Warning: All percentages zero/invalid in row 21172
Warning: All percentages zero/invalid in row 21173
Warning: All percentages zero/invalid in row 21174
Warning: All percentages zero/invalid in row 21175
Warning: All percentages zero/invalid in row 21176
Warning: All percentages zero/invalid in row 21177
Warning: All percentages zero/invalid in row 21178
Warning: All percentages zero/invalid in row 21179
Warning: All percentages zero/invalid in row 21180
Warning: All percentages zero/invalid in row 21181
Warning: All percentages zero/invalid in row 21182
Warning: All percentages zero/invalid in row 21183
Warning: All percentages zero/invalid in row 21200
Warning: All percentages zero/invalid in row 21202
Warning: All percentages zero/invalid in row 21210
Warning: All percentages zero/invalid in row 21211
Warning: All percentages zero/invalid in row 21218
Warning: All percentages zero/invalid in row 21223
Warning: All percentages zero/invalid in row 21232
Warning: All percentages zero/invalid in row 21235
Warning: All percentages zero/invalid in row 21236
Warning: All percentages zero/invalid in row 21241
Warning: All percentages zero/invalid in row 21242
Warning: All percentages zero/invalid in row 21247
Warning: All percentages zero/invalid in row 21248
Warning: All percentages zero/invalid in row 21249
Warning: All percentages zero/invalid in row 21250
Warning: All percentages zero/invalid in row 21251
Warning: All percentages zero/invalid in row 21252
Warning: All percentages zero/invalid in row 21253
Warning: All percentages zero/invalid in row 21255
Warning: All percentages zero/invalid in row 21256
Warning: All percentages zero/invalid in row 21262
Warning: All percentages zero/invalid in row 21263
Warning: All percentages zero/invalid in row 21264
Warning: All percentages zero/invalid in row 21265
Warning: All percentages zero/invalid in row 21266
Warning: All percentages zero/invalid in row 21267
Warning: All percentages zero/invalid in row 21268
Warning: All percentages zero/invalid in row 21269
Warning: All percentages zero/invalid in row 21270
Warning: All percentages zero/invalid in row 21283
Warning: All percentages zero/invalid in row 21285
Warning: All percentages zero/invalid in row 21288
Warning: All percentages zero/invalid in row 21294
Warning: All percentages zero/invalid in row 21299
Warning: All percentages zero/invalid in row 21300
Warning: All percentages zero/invalid in row 21303
Warning: All percentages zero/invalid in row 21304
Warning: All percentages zero/invalid in row 21314
Warning: All percentages zero/invalid in row 21318
Warning: All percentages zero/invalid in row 21323
Warning: All percentages zero/invalid in row 21325
Warning: All percentages zero/invalid in row 21326
Warning: All percentages zero/invalid in row 21328
Warning: All percentages zero/invalid in row 21329
Warning: All percentages zero/invalid in row 21330
Warning: All percentages zero/invalid in row 21331
Warning: All percentages zero/invalid in row 21332
Warning: All percentages zero/invalid in row 21333
Warning: All percentages zero/invalid in row 21334
Warning: All percentages zero/invalid in row 21335
Warning: All percentages zero/invalid in row 21338
Warning: All percentages zero/invalid in row 21344
Warning: All percentages zero/invalid in row 21347
Warning: All percentages zero/invalid in row 21348
Warning: All percentages zero/invalid in row 21349
Warning: All percentages zero/invalid in row 21351
Warning: All percentages zero/invalid in row 21352
Warning: All percentages zero/invalid in row 21353
Warning: All percentages zero/invalid in row 21354
Warning: All percentages zero/invalid in row 21355
Warning: All percentages zero/invalid in row 21356
Warning: All percentages zero/invalid in row 21357
Warning: All percentages zero/invalid in row 21358
Warning: All percentages zero/invalid in row 21359
Warning: All percentages zero/invalid in row 21360
Warning: All percentages zero/invalid in row 21361
Warning: All percentages zero/invalid in row 21362
Warning: All percentages zero/invalid in row 21363
Warning: All percentages zero/invalid in row 21364
Warning: All percentages zero/invalid in row 21365
Warning: All percentages zero/invalid in row 21366
Warning: All percentages zero/invalid in row 21367
Warning: All percentages zero/invalid in row 21368
Warning: All percentages zero/invalid in row 21369
Warning: All percentages zero/invalid in row 21370
Warning: All percentages zero/invalid in row 21371
Warning: All percentages zero/invalid in row 21372
Warning: All percentages zero/invalid in row 21373
Warning: All percentages zero/invalid in row 21374
Warning: All percentages zero/invalid in row 21375
Warning: All percentages zero/invalid in row 21376
Warning: All percentages zero/invalid in row 21377
Warning: All percentages zero/invalid in row 21378
Warning: All percentages zero/invalid in row 21379
Warning: All percentages zero/invalid in row 21380
Warning: All percentages zero/invalid in row 21381
Warning: All percentages zero/invalid in row 21382
Warning: All percentages zero/invalid in row 21383
Warning: All percentages zero/invalid in row 21384
Warning: All percentages zero/invalid in row 21385
Warning: All percentages zero/invalid in row 21386
Warning: All percentages zero/invalid in row 21387
Warning: All percentages zero/invalid in row 21388
Warning: All percentages zero/invalid in row 21389
Warning: All percentages zero/invalid in row 21390
Warning: All percentages zero/invalid in row 21391
Warning: All percentages zero/invalid in row 21392
Warning: All percentages zero/invalid in row 21393
Warning: All percentages zero/invalid in row 21394
Warning: All percentages zero/invalid in row 21395
Warning: All percentages zero/invalid in row 21396
Warning: All percentages zero/invalid in row 21397
Warning: All percentages zero/invalid in row 21398
Warning: All percentages zero/invalid in row 21399
Warning: All percentages zero/invalid in row 21400
Warning: All percentages zero/invalid in row 21401
Warning: All percentages zero/invalid in row 21402
Warning: All percentages zero/invalid in row 21403
Warning: All percentages zero/invalid in row 21428
Warning: All percentages zero/invalid in row 21429
Warning: All percentages zero/invalid in row 21430
Warning: All percentages zero/invalid in row 21431
Warning: All percentages zero/invalid in row 21432
Warning: All percentages zero/invalid in row 21433
Warning: All percentages zero/invalid in row 21434
Warning: All percentages zero/invalid in row 21435
Warning: All percentages zero/invalid in row 21436
Warning: All percentages zero/invalid in row 21438
Warning: All percentages zero/invalid in row 21439
Warning: All percentages zero/invalid in row 21440
Warning: All percentages zero/invalid in row 21441
Warning: All percentages zero/invalid in row 21442
Warning: All percentages zero/invalid in row 21443
Warning: All percentages zero/invalid in row 21445
Warning: All percentages zero/invalid in row 21446
Warning: All percentages zero/invalid in row 21447
Warning: All percentages zero/invalid in row 21535
Warning: All percentages zero/invalid in row 21541
Warning: All percentages zero/invalid in row 21542
Warning: All percentages zero/invalid in row 21544
Warning: All percentages zero/invalid in row 21576
Warning: All percentages zero/invalid in row 21578
Warning: All percentages zero/invalid in row 21583
Warning: All percentages zero/invalid in row 21584
Warning: All percentages zero/invalid in row 21593
Warning: All percentages zero/invalid in row 21641
Warning: All percentages zero/invalid in row 21658
Warning: All percentages zero/invalid in row 21660
Warning: All percentages zero/invalid in row 21666
Warning: All percentages zero/invalid in row 21671
Warning: All percentages zero/invalid in row 21675
Warning: All percentages zero/invalid in row 21677
Warning: All percentages zero/invalid in row 21679
Warning: All percentages zero/invalid in row 21689
Warning: All percentages zero/invalid in row 21690
Warning: All percentages zero/invalid in row 21693
Warning: All percentages zero/invalid in row 21712
Warning: All percentages zero/invalid in row 21714
Warning: All percentages zero/invalid in row 21716
Warning: All percentages zero/invalid in row 21717
Warning: All percentages zero/invalid in row 21772
Warning: All percentages zero/invalid in row 21773
Warning: All percentages zero/invalid in row 21774
Warning: All percentages zero/invalid in row 21776
Warning: All percentages zero/invalid in row 21778
Warning: All percentages zero/invalid in row 21779
Warning: All percentages zero/invalid in row 21780
Warning: All percentages zero/invalid in row 21781
Warning: All percentages zero/invalid in row 21782
Warning: All percentages zero/invalid in row 21785
Warning: All percentages zero/invalid in row 21786
Warning: All percentages zero/invalid in row 21787
Warning: All percentages zero/invalid in row 21794
Warning: All percentages zero/invalid in row 21795
Warning: All percentages zero/invalid in row 21798
Warning: All percentages zero/invalid in row 21799
Warning: All percentages zero/invalid in row 21800
Warning: All percentages zero/invalid in row 21805
Warning: All percentages zero/invalid in row 21807
Warning: All percentages zero/invalid in row 21808
Warning: All percentages zero/invalid in row 21810
Warning: All percentages zero/invalid in row 21812
Warning: All percentages zero/invalid in row 21813
Warning: All percentages zero/invalid in row 21814
Warning: All percentages zero/invalid in row 21815
Warning: All percentages zero/invalid in row 21816
Warning: All percentages zero/invalid in row 21817
Warning: All percentages zero/invalid in row 21818
Warning: All percentages zero/invalid in row 21819
Warning: All percentages zero/invalid in row 21820
Warning: All percentages zero/invalid in row 21821
Warning: All percentages zero/invalid in row 21822
Warning: All percentages zero/invalid in row 21823
Warning: All percentages zero/invalid in row 21824
Warning: All percentages zero/invalid in row 21825
Warning: All percentages zero/invalid in row 21826
Warning: All percentages zero/invalid in row 21827
Warning: All percentages zero/invalid in row 21828
Warning: All percentages zero/invalid in row 21829
Warning: All percentages zero/invalid in row 21830
Warning: All percentages zero/invalid in row 21831
Warning: All percentages zero/invalid in row 21832
Warning: All percentages zero/invalid in row 21833
Warning: All percentages zero/invalid in row 21834
Warning: All percentages zero/invalid in row 21835
Warning: All percentages zero/invalid in row 21836
Warning: All percentages zero/invalid in row 21837
Warning: All percentages zero/invalid in row 21838
Warning: All percentages zero/invalid in row 21839
Warning: All percentages zero/invalid in row 21840
Warning: All percentages zero/invalid in row 21841
Warning: All percentages zero/invalid in row 21842
Warning: All percentages zero/invalid in row 21843
Warning: All percentages zero/invalid in row 21844
Warning: All percentages zero/invalid in row 21845
Warning: All percentages zero/invalid in row 21846
Warning: All percentages zero/invalid in row 21847
Warning: All percentages zero/invalid in row 21848
Warning: All percentages zero/invalid in row 21849
Warning: All percentages zero/invalid in row 21850
Warning: All percentages zero/invalid in row 21851
Warning: All percentages zero/invalid in row 21852
Warning: All percentages zero/invalid in row 21853
Warning: All percentages zero/invalid in row 21854
Warning: All percentages zero/invalid in row 21855
Warning: All percentages zero/invalid in row 21856
Warning: All percentages zero/invalid in row 21857
Warning: All percentages zero/invalid in row 21858
Warning: All percentages zero/invalid in row 21859
Warning: All percentages zero/invalid in row 21860
Warning: All percentages zero/invalid in row 21861
Warning: All percentages zero/invalid in row 21862
Warning: All percentages zero/invalid in row 21863
Warning: All percentages zero/invalid in row 21864
Warning: All percentages zero/invalid in row 21865
Warning: All percentages zero/invalid in row 21866
Warning: All percentages zero/invalid in row 21867
Warning: All percentages zero/invalid in row 21868
Warning: All percentages zero/invalid in row 21869
Warning: All percentages zero/invalid in row 21870
Warning: All percentages zero/invalid in row 21871
Warning: All percentages zero/invalid in row 21872
Warning: All percentages zero/invalid in row 21873
Warning: All percentages zero/invalid in row 21874
Warning: All percentages zero/invalid in row 21875
Warning: All percentages zero/invalid in row 21876
Warning: All percentages zero/invalid in row 21877
Warning: All percentages zero/invalid in row 21878
Warning: All percentages zero/invalid in row 21879
Warning: All percentages zero/invalid in row 21880
Warning: All percentages zero/invalid in row 21881
Warning: All percentages zero/invalid in row 21882
Warning: All percentages zero/invalid in row 21883
Warning: All percentages zero/invalid in row 21884
Warning: All percentages zero/invalid in row 21885
Warning: All percentages zero/invalid in row 21886
Warning: All percentages zero/invalid in row 21887
Warning: All percentages zero/invalid in row 21888
Warning: All percentages zero/invalid in row 21889
Warning: All percentages zero/invalid in row 21890
Warning: All percentages zero/invalid in row 21891
Warning: All percentages zero/invalid in row 21892
Warning: All percentages zero/invalid in row 21893
Warning: All percentages zero/invalid in row 21894
Warning: All percentages zero/invalid in row 21895
Warning: All percentages zero/invalid in row 21896
Warning: All percentages zero/invalid in row 21897
Warning: All percentages zero/invalid in row 21898
Warning: All percentages zero/invalid in row 21899
Warning: All percentages zero/invalid in row 21900
Warning: All percentages zero/invalid in row 21901
Warning: All percentages zero/invalid in row 21902
Warning: All percentages zero/invalid in row 21903
Warning: All percentages zero/invalid in row 21904
Warning: All percentages zero/invalid in row 21905
Warning: All percentages zero/invalid in row 21906
Warning: All percentages zero/invalid in row 21907
Warning: All percentages zero/invalid in row 21908
Warning: All percentages zero/invalid in row 21909
Warning: All percentages zero/invalid in row 21910
Warning: All percentages zero/invalid in row 21911
Warning: All percentages zero/invalid in row 21912
Warning: All percentages zero/invalid in row 21913
Warning: All percentages zero/invalid in row 21914
Warning: All percentages zero/invalid in row 21915
Warning: All percentages zero/invalid in row 21916
Warning: All percentages zero/invalid in row 21917
Warning: All percentages zero/invalid in row 21918
Warning: All percentages zero/invalid in row 21919
Warning: All percentages zero/invalid in row 21920
Warning: All percentages zero/invalid in row 21921
Warning: All percentages zero/invalid in row 21922
Warning: All percentages zero/invalid in row 21923
Warning: All percentages zero/invalid in row 21924
Warning: All percentages zero/invalid in row 21925
Warning: All percentages zero/invalid in row 21926
Warning: All percentages zero/invalid in row 21927
Warning: All percentages zero/invalid in row 21928
Warning: All percentages zero/invalid in row 21929
Warning: All percentages zero/invalid in row 21930
Warning: All percentages zero/invalid in row 21931
Warning: All percentages zero/invalid in row 21932
Warning: All percentages zero/invalid in row 21933
Warning: All percentages zero/invalid in row 21934
Warning: All percentages zero/invalid in row 21935
Warning: All percentages zero/invalid in row 21936
Warning: All percentages zero/invalid in row 21937
Warning: All percentages zero/invalid in row 21938
Warning: All percentages zero/invalid in row 21939
Warning: All percentages zero/invalid in row 21940
Warning: All percentages zero/invalid in row 21941
Warning: All percentages zero/invalid in row 21942
Warning: All percentages zero/invalid in row 21943
Warning: All percentages zero/invalid in row 21944
Warning: All percentages zero/invalid in row 21945
Warning: All percentages zero/invalid in row 21946
Warning: All percentages zero/invalid in row 21947
Warning: All percentages zero/invalid in row 21948
Warning: All percentages zero/invalid in row 21949
Warning: All percentages zero/invalid in row 21950
Warning: All percentages zero/invalid in row 21951
Warning: All percentages zero/invalid in row 21952
Warning: All percentages zero/invalid in row 21953
Warning: All percentages zero/invalid in row 21954
Warning: All percentages zero/invalid in row 21955
Warning: All percentages zero/invalid in row 21956
Warning: All percentages zero/invalid in row 21957
Warning: All percentages zero/invalid in row 21958
Warning: All percentages zero/invalid in row 21959
Warning: All percentages zero/invalid in row 21960
Warning: All percentages zero/invalid in row 21961
Warning: All percentages zero/invalid in row 21962
Warning: All percentages zero/invalid in row 21963
Warning: All percentages zero/invalid in row 21964
Warning: All percentages zero/invalid in row 21965
Warning: All percentages zero/invalid in row 21966
Warning: All percentages zero/invalid in row 21967
Warning: All percentages zero/invalid in row 21968
Warning: All percentages zero/invalid in row 21969
Warning: All percentages zero/invalid in row 21970
Warning: All percentages zero/invalid in row 21971
Warning: All percentages zero/invalid in row 21972
Warning: All percentages zero/invalid in row 21973
Warning: All percentages zero/invalid in row 21974
Warning: All percentages zero/invalid in row 21975
Warning: All percentages zero/invalid in row 21976
Warning: All percentages zero/invalid in row 21977
Warning: All percentages zero/invalid in row 21978
Warning: All percentages zero/invalid in row 21979
Warning: All percentages zero/invalid in row 21980
Warning: All percentages zero/invalid in row 21981
Warning: All percentages zero/invalid in row 21982
Warning: All percentages zero/invalid in row 21983
Warning: All percentages zero/invalid in row 21984
Warning: All percentages zero/invalid in row 21985
Warning: All percentages zero/invalid in row 21986
Warning: All percentages zero/invalid in row 21987
Warning: All percentages zero/invalid in row 21988
Warning: All percentages zero/invalid in row 21989
Warning: All percentages zero/invalid in row 21990
Warning: All percentages zero/invalid in row 21991
Warning: All percentages zero/invalid in row 21992
Warning: All percentages zero/invalid in row 21993
Warning: All percentages zero/invalid in row 21994
Warning: All percentages zero/invalid in row 21995
Warning: All percentages zero/invalid in row 21996
Warning: All percentages zero/invalid in row 21997
Warning: All percentages zero/invalid in row 21998
Warning: All percentages zero/invalid in row 21999
Warning: All percentages zero/invalid in row 22000
Warning: All percentages zero/invalid in row 22001
Warning: All percentages zero/invalid in row 22002
Warning: All percentages zero/invalid in row 22003
Warning: All percentages zero/invalid in row 22004
Warning: All percentages zero/invalid in row 22005
Warning: All percentages zero/invalid in row 22006
Warning: All percentages zero/invalid in row 22007
Warning: All percentages zero/invalid in row 22008
Warning: All percentages zero/invalid in row 22009
Warning: All percentages zero/invalid in row 22010
Warning: All percentages zero/invalid in row 22011
Warning: All percentages zero/invalid in row 22012
Warning: All percentages zero/invalid in row 22013
Warning: All percentages zero/invalid in row 22014
Warning: All percentages zero/invalid in row 22015
Warning: All percentages zero/invalid in row 22016
Warning: All percentages zero/invalid in row 22017
Warning: All percentages zero/invalid in row 22018
Warning: All percentages zero/invalid in row 22019
Warning: All percentages zero/invalid in row 22020
Warning: All percentages zero/invalid in row 22021
Warning: All percentages zero/invalid in row 22022
Warning: All percentages zero/invalid in row 22023
Warning: All percentages zero/invalid in row 22024
Warning: All percentages zero/invalid in row 22025
Warning: All percentages zero/invalid in row 22026
Warning: All percentages zero/invalid in row 22027
Warning: All percentages zero/invalid in row 22028
Warning: All percentages zero/invalid in row 22029
Warning: All percentages zero/invalid in row 22030
Warning: All percentages zero/invalid in row 22031
Warning: All percentages zero/invalid in row 22032
Warning: All percentages zero/invalid in row 22033
Warning: All percentages zero/invalid in row 22034
Warning: All percentages zero/invalid in row 22035
Warning: All percentages zero/invalid in row 22036
Warning: All percentages zero/invalid in row 22037
Warning: All percentages zero/invalid in row 22038
Warning: All percentages zero/invalid in row 22039
Warning: All percentages zero/invalid in row 22040
Warning: All percentages zero/invalid in row 22041
Warning: All percentages zero/invalid in row 22042
Warning: All percentages zero/invalid in row 22043
Warning: All percentages zero/invalid in row 22044
Warning: All percentages zero/invalid in row 22045
Warning: All percentages zero/invalid in row 22046
Warning: All percentages zero/invalid in row 22047
Warning: All percentages zero/invalid in row 22048
Warning: All percentages zero/invalid in row 22049
Warning: All percentages zero/invalid in row 22050
Warning: All percentages zero/invalid in row 22051
Warning: All percentages zero/invalid in row 22052
Warning: All percentages zero/invalid in row 22053
Warning: All percentages zero/invalid in row 22054
Warning: All percentages zero/invalid in row 22055
Warning: All percentages zero/invalid in row 22056
Warning: All percentages zero/invalid in row 22057
Warning: All percentages zero/invalid in row 22058
Warning: All percentages zero/invalid in row 22059
Warning: All percentages zero/invalid in row 22060
Warning: All percentages zero/invalid in row 22061
Warning: All percentages zero/invalid in row 22062
Warning: All percentages zero/invalid in row 22063
Warning: All percentages zero/invalid in row 22064
Warning: All percentages zero/invalid in row 22065
Warning: All percentages zero/invalid in row 22066
Warning: All percentages zero/invalid in row 22068
Warning: All percentages zero/invalid in row 22069
Warning: All percentages zero/invalid in row 22070
Warning: All percentages zero/invalid in row 22071
Warning: All percentages zero/invalid in row 22072
Warning: All percentages zero/invalid in row 22073
Warning: All percentages zero/invalid in row 22074
Warning: All percentages zero/invalid in row 22075
Warning: All percentages zero/invalid in row 22076
Warning: All percentages zero/invalid in row 22077
Warning: All percentages zero/invalid in row 22078
Warning: All percentages zero/invalid in row 22079
Warning: All percentages zero/invalid in row 22080
Warning: All percentages zero/invalid in row 22081
Warning: All percentages zero/invalid in row 22082
Warning: All percentages zero/invalid in row 22083
Warning: All percentages zero/invalid in row 22084
Warning: All percentages zero/invalid in row 22085
Warning: All percentages zero/invalid in row 22086
Warning: All percentages zero/invalid in row 22088
Warning: All percentages zero/invalid in row 22089
Warning: All percentages zero/invalid in row 22090
Warning: All percentages zero/invalid in row 22091
Warning: All percentages zero/invalid in row 22092
Warning: All percentages zero/invalid in row 22093
Warning: All percentages zero/invalid in row 22094
Warning: All percentages zero/invalid in row 22095
Warning: All percentages zero/invalid in row 22096
Warning: All percentages zero/invalid in row 22097
Warning: All percentages zero/invalid in row 22098
Warning: All percentages zero/invalid in row 22099
Warning: All percentages zero/invalid in row 22100
Warning: All percentages zero/invalid in row 22101
Warning: All percentages zero/invalid in row 22103
Warning: All percentages zero/invalid in row 22104
Warning: All percentages zero/invalid in row 22105
Warning: All percentages zero/invalid in row 22106
Warning: All percentages zero/invalid in row 22107
Warning: All percentages zero/invalid in row 22108
Warning: All percentages zero/invalid in row 22109
Warning: All percentages zero/invalid in row 22110
Warning: All percentages zero/invalid in row 22111
Warning: All percentages zero/invalid in row 22112
Warning: All percentages zero/invalid in row 22113
Warning: All percentages zero/invalid in row 22114
Warning: All percentages zero/invalid in row 22115
Warning: All percentages zero/invalid in row 22116
Warning: All percentages zero/invalid in row 22117
Warning: All percentages zero/invalid in row 22118
Warning: All percentages zero/invalid in row 22119
Warning: All percentages zero/invalid in row 22120
Warning: All percentages zero/invalid in row 22121
Warning: All percentages zero/invalid in row 22122
Warning: All percentages zero/invalid in row 22123
Warning: All percentages zero/invalid in row 22124
Warning: All percentages zero/invalid in row 22125
Warning: All percentages zero/invalid in row 22126
Warning: All percentages zero/invalid in row 22127
Warning: All percentages zero/invalid in row 22129
Warning: All percentages zero/invalid in row 22130
Warning: All percentages zero/invalid in row 22131
Warning: All percentages zero/invalid in row 22132
Warning: All percentages zero/invalid in row 22133
Warning: All percentages zero/invalid in row 22134
Warning: All percentages zero/invalid in row 22135
Warning: All percentages zero/invalid in row 22136
Warning: All percentages zero/invalid in row 22138
Warning: All percentages zero/invalid in row 22139
Warning: All percentages zero/invalid in row 22140
Warning: All percentages zero/invalid in row 22141
Warning: All percentages zero/invalid in row 22142
Warning: All percentages zero/invalid in row 22145
Warning: All percentages zero/invalid in row 22146
Warning: All percentages zero/invalid in row 22147
Warning: All percentages zero/invalid in row 22148
Warning: All percentages zero/invalid in row 22149
Warning: All percentages zero/invalid in row 22150
Warning: All percentages zero/invalid in row 22151
Warning: All percentages zero/invalid in row 22152
Warning: All percentages zero/invalid in row 22153
Warning: All percentages zero/invalid in row 22154
Warning: All percentages zero/invalid in row 22155
Warning: All percentages zero/invalid in row 22156
Warning: All percentages zero/invalid in row 22157
Warning: All percentages zero/invalid in row 22158
Warning: All percentages zero/invalid in row 22160
Warning: All percentages zero/invalid in row 22161
Warning: All percentages zero/invalid in row 22162
Warning: All percentages zero/invalid in row 22164
Warning: All percentages zero/invalid in row 22165
Warning: All percentages zero/invalid in row 22166
Warning: All percentages zero/invalid in row 22167
Warning: All percentages zero/invalid in row 22168
Warning: All percentages zero/invalid in row 22169
Warning: All percentages zero/invalid in row 22170
Warning: All percentages zero/invalid in row 22171
Warning: All percentages zero/invalid in row 22172
Warning: All percentages zero/invalid in row 22173
Warning: All percentages zero/invalid in row 22174
Warning: All percentages zero/invalid in row 22175
Warning: All percentages zero/invalid in row 22176
Warning: All percentages zero/invalid in row 22177
Warning: All percentages zero/invalid in row 22178
Warning: All percentages zero/invalid in row 22179
Warning: All percentages zero/invalid in row 22180
Warning: All percentages zero/invalid in row 22181
Warning: All percentages zero/invalid in row 22185
Warning: All percentages zero/invalid in row 22186
Warning: All percentages zero/invalid in row 22187
Warning: All percentages zero/invalid in row 22188
Warning: All percentages zero/invalid in row 22189
Warning: All percentages zero/invalid in row 22190
Warning: All percentages zero/invalid in row 22191
Warning: All percentages zero/invalid in row 22192
Warning: All percentages zero/invalid in row 22193
Warning: All percentages zero/invalid in row 22194
Warning: All percentages zero/invalid in row 22195
Warning: All percentages zero/invalid in row 22196
Warning: All percentages zero/invalid in row 22197
Warning: All percentages zero/invalid in row 22200
Warning: All percentages zero/invalid in row 22202
Warning: All percentages zero/invalid in row 22203
Warning: All percentages zero/invalid in row 22205
Warning: All percentages zero/invalid in row 22206
Warning: All percentages zero/invalid in row 22207
Warning: All percentages zero/invalid in row 22208
Warning: All percentages zero/invalid in row 22209
Warning: All percentages zero/invalid in row 22210
Warning: All percentages zero/invalid in row 22212
Warning: All percentages zero/invalid in row 22213
Warning: All percentages zero/invalid in row 22214
Warning: All percentages zero/invalid in row 22215
Warning: All percentages zero/invalid in row 22216
Warning: All percentages zero/invalid in row 22217
Warning: All percentages zero/invalid in row 22218
Warning: All percentages zero/invalid in row 22219
Warning: All percentages zero/invalid in row 22220
Warning: All percentages zero/invalid in row 22221
Warning: All percentages zero/invalid in row 22222
Warning: All percentages zero/invalid in row 22223
Warning: All percentages zero/invalid in row 22224
Warning: All percentages zero/invalid in row 22225
Warning: All percentages zero/invalid in row 22226
Warning: All percentages zero/invalid in row 22227
Warning: All percentages zero/invalid in row 22228
Warning: All percentages zero/invalid in row 22229
Warning: All percentages zero/invalid in row 22230
Warning: All percentages zero/invalid in row 22231
Warning: All percentages zero/invalid in row 22232
Warning: All percentages zero/invalid in row 22233
Warning: All percentages zero/invalid in row 22234
Warning: All percentages zero/invalid in row 22235
Warning: All percentages zero/invalid in row 22236
Warning: All percentages zero/invalid in row 22237
Warning: All percentages zero/invalid in row 22238
Warning: All percentages zero/invalid in row 22239
Warning: All percentages zero/invalid in row 22240
Warning: All percentages zero/invalid in row 22241
Warning: All percentages zero/invalid in row 22242
Warning: All percentages zero/invalid in row 22243
Warning: All percentages zero/invalid in row 22244
Warning: All percentages zero/invalid in row 22245
Warning: All percentages zero/invalid in row 22246
Warning: All percentages zero/invalid in row 22247
Warning: All percentages zero/invalid in row 22248
Warning: All percentages zero/invalid in row 22249
Warning: All percentages zero/invalid in row 22250
Warning: All percentages zero/invalid in row 22251
Warning: All percentages zero/invalid in row 22252
Warning: All percentages zero/invalid in row 22253
Warning: All percentages zero/invalid in row 22254
Warning: All percentages zero/invalid in row 22255
Warning: All percentages zero/invalid in row 22256
Warning: All percentages zero/invalid in row 22257
Warning: All percentages zero/invalid in row 22258
Warning: All percentages zero/invalid in row 22260
Warning: All percentages zero/invalid in row 22262
Warning: All percentages zero/invalid in row 22263
Warning: All percentages zero/invalid in row 22264
Warning: All percentages zero/invalid in row 22265
Warning: All percentages zero/invalid in row 22267
Warning: All percentages zero/invalid in row 22268
Warning: All percentages zero/invalid in row 22269
Warning: All percentages zero/invalid in row 22270
Warning: All percentages zero/invalid in row 22271
Warning: All percentages zero/invalid in row 22273
Warning: All percentages zero/invalid in row 22274
Warning: All percentages zero/invalid in row 22276
Warning: All percentages zero/invalid in row 22279
Warning: All percentages zero/invalid in row 22280
Warning: All percentages zero/invalid in row 22287
Warning: All percentages zero/invalid in row 22294
Warning: All percentages zero/invalid in row 22303
Warning: All percentages zero/invalid in row 22313
Warning: All percentages zero/invalid in row 22319
Warning: All percentages zero/invalid in row 22329
Warning: All percentages zero/invalid in row 22333
Warning: All percentages zero/invalid in row 22340
Warning: All percentages zero/invalid in row 22343
Warning: All percentages zero/invalid in row 22345
Warning: All percentages zero/invalid in row 22346
Warning: All percentages zero/invalid in row 22348
Warning: All percentages zero/invalid in row 22349
Warning: All percentages zero/invalid in row 22351
Warning: All percentages zero/invalid in row 22352
Warning: All percentages zero/invalid in row 22353
Warning: All percentages zero/invalid in row 22356
Warning: All percentages zero/invalid in row 22358
Warning: All percentages zero/invalid in row 22360
Warning: All percentages zero/invalid in row 22361
Warning: All percentages zero/invalid in row 22362
Warning: All percentages zero/invalid in row 22363
Warning: All percentages zero/invalid in row 22364
Warning: All percentages zero/invalid in row 22365
Warning: All percentages zero/invalid in row 22366
Warning: All percentages zero/invalid in row 22367
Warning: All percentages zero/invalid in row 22368
Warning: All percentages zero/invalid in row 22369
Warning: All percentages zero/invalid in row 22374
Warning: All percentages zero/invalid in row 22378
Warning: All percentages zero/invalid in row 22379
Warning: All percentages zero/invalid in row 22382
Warning: All percentages zero/invalid in row 22384
Warning: All percentages zero/invalid in row 22386
Warning: All percentages zero/invalid in row 22393
Warning: All percentages zero/invalid in row 22404
Warning: All percentages zero/invalid in row 22420
Warning: All percentages zero/invalid in row 22425
Warning: All percentages zero/invalid in row 22440
Warning: All percentages zero/invalid in row 22447
Warning: All percentages zero/invalid in row 22450
Warning: All percentages zero/invalid in row 22486
Warning: All percentages zero/invalid in row 22487
Warning: All percentages zero/invalid in row 22494
Warning: All percentages zero/invalid in row 22495
Warning: All percentages zero/invalid in row 22500
Warning: All percentages zero/invalid in row 22503
Warning: All percentages zero/invalid in row 22505
Warning: All percentages zero/invalid in row 22509
Warning: All percentages zero/invalid in row 22510
Warning: All percentages zero/invalid in row 22511
Warning: All percentages zero/invalid in row 22523
Warning: All percentages zero/invalid in row 22531
Warning: All percentages zero/invalid in row 22540
Warning: All percentages zero/invalid in row 22541
Warning: All percentages zero/invalid in row 22544
Warning: All percentages zero/invalid in row 22549
Warning: All percentages zero/invalid in row 22551
Warning: All percentages zero/invalid in row 22573
Warning: All percentages zero/invalid in row 22574
Warning: All percentages zero/invalid in row 22584
Warning: All percentages zero/invalid in row 22589
Warning: All percentages zero/invalid in row 22593
Warning: All percentages zero/invalid in row 22597
Warning: All percentages zero/invalid in row 22599
Warning: All percentages zero/invalid in row 22600
Warning: All percentages zero/invalid in row 22601
Warning: All percentages zero/invalid in row 22608
Warning: All percentages zero/invalid in row 22619
Warning: All percentages zero/invalid in row 22622
Warning: All percentages zero/invalid in row 22624
Warning: All percentages zero/invalid in row 22625
Warning: All percentages zero/invalid in row 22627
Warning: All percentages zero/invalid in row 22629
Warning: All percentages zero/invalid in row 22630
Warning: All percentages zero/invalid in row 22633
Warning: All percentages zero/invalid in row 22634
Warning: All percentages zero/invalid in row 22635
Warning: All percentages zero/invalid in row 22637
Warning: All percentages zero/invalid in row 22640
Warning: All percentages zero/invalid in row 22641
Warning: All percentages zero/invalid in row 22642
Warning: All percentages zero/invalid in row 22643
Warning: All percentages zero/invalid in row 22644
Warning: All percentages zero/invalid in row 22645
Warning: All percentages zero/invalid in row 22646
Warning: All percentages zero/invalid in row 22648
Warning: All percentages zero/invalid in row 22649
Warning: All percentages zero/invalid in row 22651
Warning: All percentages zero/invalid in row 22652
Warning: All percentages zero/invalid in row 22653
Warning: All percentages zero/invalid in row 22655
Warning: All percentages zero/invalid in row 22656
Warning: All percentages zero/invalid in row 22657
Warning: All percentages zero/invalid in row 22658
Warning: All percentages zero/invalid in row 22659
Warning: All percentages zero/invalid in row 22660
Warning: All percentages zero/invalid in row 22661
Warning: All percentages zero/invalid in row 22674
Warning: All percentages zero/invalid in row 22684
Warning: All percentages zero/invalid in row 22685
Warning: All percentages zero/invalid in row 22686
Warning: All percentages zero/invalid in row 22689
Warning: All percentages zero/invalid in row 22693
Warning: All percentages zero/invalid in row 22694
Warning: All percentages zero/invalid in row 22697
Warning: All percentages zero/invalid in row 22698
Warning: All percentages zero/invalid in row 22699
Warning: All percentages zero/invalid in row 22700
Warning: All percentages zero/invalid in row 22701
Warning: All percentages zero/invalid in row 22702
Warning: All percentages zero/invalid in row 22703
Warning: All percentages zero/invalid in row 22706
Warning: All percentages zero/invalid in row 22708
Warning: All percentages zero/invalid in row 22709
Warning: All percentages zero/invalid in row 22719
Warning: All percentages zero/invalid in row 22721
Warning: All percentages zero/invalid in row 22722
Warning: All percentages zero/invalid in row 22723
Warning: All percentages zero/invalid in row 22724
Warning: All percentages zero/invalid in row 22725
Warning: All percentages zero/invalid in row 22728
Warning: All percentages zero/invalid in row 22738
Warning: All percentages zero/invalid in row 22743
Warning: All percentages zero/invalid in row 22750
Warning: All percentages zero/invalid in row 22751
Warning: All percentages zero/invalid in row 22752
Warning: All percentages zero/invalid in row 22753
Warning: All percentages zero/invalid in row 22754
Warning: All percentages zero/invalid in row 22755
Warning: All percentages zero/invalid in row 22756
Warning: All percentages zero/invalid in row 22757
Warning: All percentages zero/invalid in row 22758
Warning: All percentages zero/invalid in row 22759
Warning: All percentages zero/invalid in row 22760
Warning: All percentages zero/invalid in row 22761
Warning: All percentages zero/invalid in row 22762
Warning: All percentages zero/invalid in row 22763
Warning: All percentages zero/invalid in row 22764
Warning: All percentages zero/invalid in row 22765
Warning: All percentages zero/invalid in row 22766
Warning: All percentages zero/invalid in row 22767
Warning: All percentages zero/invalid in row 22768
Warning: All percentages zero/invalid in row 22769
Warning: All percentages zero/invalid in row 22770
Warning: All percentages zero/invalid in row 22771
Warning: All percentages zero/invalid in row 22772
Warning: All percentages zero/invalid in row 22773
Warning: All percentages zero/invalid in row 22774
Warning: All percentages zero/invalid in row 22775
Warning: All percentages zero/invalid in row 22776
Warning: All percentages zero/invalid in row 22777
Warning: All percentages zero/invalid in row 22778
Warning: All percentages zero/invalid in row 22779
Warning: All percentages zero/invalid in row 22780
Warning: All percentages zero/invalid in row 22781
Warning: All percentages zero/invalid in row 22782
Warning: All percentages zero/invalid in row 22783
Warning: All percentages zero/invalid in row 22784
Warning: All percentages zero/invalid in row 22785
Warning: All percentages zero/invalid in row 22786
Warning: All percentages zero/invalid in row 22787
Warning: All percentages zero/invalid in row 22788
Warning: All percentages zero/invalid in row 22789
Warning: All percentages zero/invalid in row 22790
Warning: All percentages zero/invalid in row 22791
Warning: All percentages zero/invalid in row 22792
Warning: All percentages zero/invalid in row 22793
Warning: All percentages zero/invalid in row 22794
Warning: All percentages zero/invalid in row 22795
Warning: All percentages zero/invalid in row 22796
Warning: All percentages zero/invalid in row 22797
Warning: All percentages zero/invalid in row 22798
Warning: All percentages zero/invalid in row 22799
Warning: All percentages zero/invalid in row 22800
Warning: All percentages zero/invalid in row 22801
Warning: All percentages zero/invalid in row 22802
Warning: All percentages zero/invalid in row 22803
Warning: All percentages zero/invalid in row 22804
Warning: All percentages zero/invalid in row 22805
Warning: All percentages zero/invalid in row 22806
Warning: All percentages zero/invalid in row 22807
Warning: All percentages zero/invalid in row 22808
Warning: All percentages zero/invalid in row 22809
Warning: All percentages zero/invalid in row 22810
Warning: All percentages zero/invalid in row 22811
Warning: All percentages zero/invalid in row 22812
Warning: All percentages zero/invalid in row 22813
Warning: All percentages zero/invalid in row 22814
Warning: All percentages zero/invalid in row 22815
Warning: All percentages zero/invalid in row 22816
Warning: All percentages zero/invalid in row 22817
Warning: All percentages zero/invalid in row 22820
Warning: All percentages zero/invalid in row 22821
Warning: All percentages zero/invalid in row 22822
Warning: All percentages zero/invalid in row 22823
Warning: All percentages zero/invalid in row 22824
Warning: All percentages zero/invalid in row 22825
Warning: All percentages zero/invalid in row 22826
Warning: All percentages zero/invalid in row 22827
Warning: All percentages zero/invalid in row 22828
Warning: All percentages zero/invalid in row 22829
Warning: All percentages zero/invalid in row 22830
Warning: All percentages zero/invalid in row 22831
Warning: All percentages zero/invalid in row 22832
Warning: All percentages zero/invalid in row 22833
Warning: All percentages zero/invalid in row 22834
Warning: All percentages zero/invalid in row 22835
Warning: All percentages zero/invalid in row 22836
Warning: All percentages zero/invalid in row 22837
Warning: All percentages zero/invalid in row 22838
Warning: All percentages zero/invalid in row 22839
Warning: All percentages zero/invalid in row 22840
Warning: All percentages zero/invalid in row 22841
Warning: All percentages zero/invalid in row 22842
Warning: All percentages zero/invalid in row 22843
Warning: All percentages zero/invalid in row 22844
Warning: All percentages zero/invalid in row 22845
Warning: All percentages zero/invalid in row 22846
Warning: All percentages zero/invalid in row 22847
Warning: All percentages zero/invalid in row 22848
Warning: All percentages zero/invalid in row 22849
Warning: All percentages zero/invalid in row 22850
Warning: All percentages zero/invalid in row 22851
Warning: All percentages zero/invalid in row 22852
Warning: All percentages zero/invalid in row 22853
Warning: All percentages zero/invalid in row 22854
Warning: All percentages zero/invalid in row 22855
Warning: All percentages zero/invalid in row 22856
Warning: All percentages zero/invalid in row 22857
Warning: All percentages zero/invalid in row 22858
Warning: All percentages zero/invalid in row 22859
Warning: All percentages zero/invalid in row 22860
Warning: All percentages zero/invalid in row 22861
Warning: All percentages zero/invalid in row 22862
Warning: All percentages zero/invalid in row 22863
Warning: All percentages zero/invalid in row 22864
Warning: All percentages zero/invalid in row 22865
Warning: All percentages zero/invalid in row 22866
Warning: All percentages zero/invalid in row 22867
Warning: All percentages zero/invalid in row 22868
Warning: All percentages zero/invalid in row 22869
Warning: All percentages zero/invalid in row 22870
Warning: All percentages zero/invalid in row 22871
Warning: All percentages zero/invalid in row 22872
Warning: All percentages zero/invalid in row 22874
Warning: All percentages zero/invalid in row 22875
Warning: All percentages zero/invalid in row 22876
Warning: All percentages zero/invalid in row 22877
Warning: All percentages zero/invalid in row 22878
Warning: All percentages zero/invalid in row 22879
Warning: All percentages zero/invalid in row 22880
Warning: All percentages zero/invalid in row 22881
Warning: All percentages zero/invalid in row 22882
Warning: All percentages zero/invalid in row 22883
Warning: All percentages zero/invalid in row 22884
Warning: All percentages zero/invalid in row 22885
Warning: All percentages zero/invalid in row 22886
Warning: All percentages zero/invalid in row 22887
Warning: All percentages zero/invalid in row 22888
Warning: All percentages zero/invalid in row 22889
Warning: All percentages zero/invalid in row 22890
Warning: All percentages zero/invalid in row 22891
Warning: All percentages zero/invalid in row 22892
Warning: All percentages zero/invalid in row 22893
Warning: All percentages zero/invalid in row 22894
Warning: All percentages zero/invalid in row 22895
Warning: All percentages zero/invalid in row 22896
Warning: All percentages zero/invalid in row 22897
Warning: All percentages zero/invalid in row 22898
Warning: All percentages zero/invalid in row 22899
Warning: All percentages zero/invalid in row 22900
Warning: All percentages zero/invalid in row 22901
Warning: All percentages zero/invalid in row 22902
Warning: All percentages zero/invalid in row 22903
Warning: All percentages zero/invalid in row 22904
Warning: All percentages zero/invalid in row 22905
Warning: All percentages zero/invalid in row 22906
Warning: All percentages zero/invalid in row 22907
Warning: All percentages zero/invalid in row 22908
Warning: All percentages zero/invalid in row 22909
Warning: All percentages zero/invalid in row 22910
Warning: All percentages zero/invalid in row 22911
Warning: All percentages zero/invalid in row 22912
Warning: All percentages zero/invalid in row 22913
Warning: All percentages zero/invalid in row 22914
Warning: All percentages zero/invalid in row 22915
Warning: All percentages zero/invalid in row 22916
Warning: All percentages zero/invalid in row 22917
Warning: All percentages zero/invalid in row 22918
Warning: All percentages zero/invalid in row 22919
Warning: All percentages zero/invalid in row 22920
Warning: All percentages zero/invalid in row 22921
Warning: All percentages zero/invalid in row 22922
Warning: All percentages zero/invalid in row 22923
Warning: All percentages zero/invalid in row 22924
Warning: All percentages zero/invalid in row 22925
Warning: All percentages zero/invalid in row 22926
Warning: All percentages zero/invalid in row 22927
Warning: All percentages zero/invalid in row 22928
Warning: All percentages zero/invalid in row 22929
Warning: All percentages zero/invalid in row 22930
Warning: All percentages zero/invalid in row 22931
Warning: All percentages zero/invalid in row 22932
Warning: All percentages zero/invalid in row 22933
Warning: All percentages zero/invalid in row 22934
Warning: All percentages zero/invalid in row 22935
Warning: All percentages zero/invalid in row 22936
Warning: All percentages zero/invalid in row 22937
Warning: All percentages zero/invalid in row 22938
Warning: All percentages zero/invalid in row 22939
Warning: All percentages zero/invalid in row 22940
Warning: All percentages zero/invalid in row 22941
Warning: All percentages zero/invalid in row 22942
Warning: All percentages zero/invalid in row 22943
Warning: All percentages zero/invalid in row 22944
Warning: All percentages zero/invalid in row 22945
Warning: All percentages zero/invalid in row 22946
Warning: All percentages zero/invalid in row 22947
Warning: All percentages zero/invalid in row 22948
Warning: All percentages zero/invalid in row 22949
Warning: All percentages zero/invalid in row 22950
Warning: All percentages zero/invalid in row 22951
Warning: All percentages zero/invalid in row 22952
Warning: All percentages zero/invalid in row 22953
Warning: All percentages zero/invalid in row 22954
Warning: All percentages zero/invalid in row 22955
Warning: All percentages zero/invalid in row 22956
Warning: All percentages zero/invalid in row 22957
Warning: All percentages zero/invalid in row 22958
Warning: All percentages zero/invalid in row 22959
Warning: All percentages zero/invalid in row 22960
Warning: All percentages zero/invalid in row 22961
Warning: All percentages zero/invalid in row 22962
Warning: All percentages zero/invalid in row 22963
Warning: All percentages zero/invalid in row 22964
Warning: All percentages zero/invalid in row 22965
Warning: All percentages zero/invalid in row 22966
Warning: All percentages zero/invalid in row 22967
Warning: All percentages zero/invalid in row 22968
Warning: All percentages zero/invalid in row 22969
Warning: All percentages zero/invalid in row 22970
Warning: All percentages zero/invalid in row 22971
Warning: All percentages zero/invalid in row 22972
Warning: All percentages zero/invalid in row 22973
Warning: All percentages zero/invalid in row 22974
Warning: All percentages zero/invalid in row 22975
Warning: All percentages zero/invalid in row 22976
Warning: All percentages zero/invalid in row 22977
Warning: All percentages zero/invalid in row 22978
Warning: All percentages zero/invalid in row 22979
Warning: All percentages zero/invalid in row 22980
Warning: All percentages zero/invalid in row 22981
Warning: All percentages zero/invalid in row 22982
Warning: All percentages zero/invalid in row 22983
Warning: All percentages zero/invalid in row 22984
Warning: All percentages zero/invalid in row 22985
Warning: All percentages zero/invalid in row 22986
Warning: All percentages zero/invalid in row 22987
Warning: All percentages zero/invalid in row 22988
Warning: All percentages zero/invalid in row 22989
Warning: All percentages zero/invalid in row 22990
Warning: All percentages zero/invalid in row 22991
Warning: All percentages zero/invalid in row 22992
Warning: All percentages zero/invalid in row 22993
Warning: All percentages zero/invalid in row 22994
Warning: All percentages zero/invalid in row 22995
Warning: All percentages zero/invalid in row 22996
Warning: All percentages zero/invalid in row 22997
Warning: All percentages zero/invalid in row 22998
Warning: All percentages zero/invalid in row 22999
Warning: All percentages zero/invalid in row 23000
Warning: All percentages zero/invalid in row 23001
Warning: All percentages zero/invalid in row 23002
Warning: All percentages zero/invalid in row 23003
Warning: All percentages zero/invalid in row 23004
Warning: All percentages zero/invalid in row 23005
Warning: All percentages zero/invalid in row 23006
Warning: All percentages zero/invalid in row 23007
Warning: All percentages zero/invalid in row 23008
Warning: All percentages zero/invalid in row 23009
Warning: All percentages zero/invalid in row 23010
Warning: All percentages zero/invalid in row 23011
Warning: All percentages zero/invalid in row 23012
Warning: All percentages zero/invalid in row 23013
Warning: All percentages zero/invalid in row 23014
Warning: All percentages zero/invalid in row 23015
Warning: All percentages zero/invalid in row 23016
Warning: All percentages zero/invalid in row 23017
Warning: All percentages zero/invalid in row 23018
Warning: All percentages zero/invalid in row 23019
Warning: All percentages zero/invalid in row 23020
Warning: All percentages zero/invalid in row 23021
Warning: All percentages zero/invalid in row 23022
Warning: All percentages zero/invalid in row 23023
Warning: All percentages zero/invalid in row 23024
Warning: All percentages zero/invalid in row 23025
Warning: All percentages zero/invalid in row 23026
Warning: All percentages zero/invalid in row 23027
Warning: All percentages zero/invalid in row 23028
Warning: All percentages zero/invalid in row 23029
Warning: All percentages zero/invalid in row 23030
Warning: All percentages zero/invalid in row 23031
Warning: All percentages zero/invalid in row 23032
Warning: All percentages zero/invalid in row 23033
Warning: All percentages zero/invalid in row 23034
Warning: All percentages zero/invalid in row 23035
Warning: All percentages zero/invalid in row 23036
Warning: All percentages zero/invalid in row 23037
Warning: All percentages zero/invalid in row 23038
Warning: All percentages zero/invalid in row 23039
Warning: All percentages zero/invalid in row 23040
Warning: All percentages zero/invalid in row 23041
Warning: All percentages zero/invalid in row 23042
Warning: All percentages zero/invalid in row 23043
Warning: All percentages zero/invalid in row 23044
Warning: All percentages zero/invalid in row 23045
Warning: All percentages zero/invalid in row 23046
Warning: All percentages zero/invalid in row 23047
Warning: All percentages zero/invalid in row 23048
Warning: All percentages zero/invalid in row 23049
Warning: All percentages zero/invalid in row 23050
Warning: All percentages zero/invalid in row 23051
Warning: All percentages zero/invalid in row 23052
Warning: All percentages zero/invalid in row 23053
Warning: All percentages zero/invalid in row 23054
Warning: All percentages zero/invalid in row 23055
Warning: All percentages zero/invalid in row 23056
Warning: All percentages zero/invalid in row 23057
Warning: All percentages zero/invalid in row 23058
Warning: All percentages zero/invalid in row 23059
Warning: All percentages zero/invalid in row 23060
Warning: All percentages zero/invalid in row 23061
Warning: All percentages zero/invalid in row 23062
Warning: All percentages zero/invalid in row 23063
Warning: All percentages zero/invalid in row 23064
Warning: All percentages zero/invalid in row 23065
Warning: All percentages zero/invalid in row 23066
Warning: All percentages zero/invalid in row 23067
Warning: All percentages zero/invalid in row 23068
Warning: All percentages zero/invalid in row 23069
Warning: All percentages zero/invalid in row 23070
Warning: All percentages zero/invalid in row 23071
Warning: All percentages zero/invalid in row 23072
Warning: All percentages zero/invalid in row 23073
Warning: All percentages zero/invalid in row 23074
Warning: All percentages zero/invalid in row 23075
Warning: All percentages zero/invalid in row 23076
Warning: All percentages zero/invalid in row 23077
Warning: All percentages zero/invalid in row 23078
Warning: All percentages zero/invalid in row 23079
Warning: All percentages zero/invalid in row 23080
Warning: All percentages zero/invalid in row 23081
Warning: All percentages zero/invalid in row 23082
Warning: All percentages zero/invalid in row 23083
Warning: All percentages zero/invalid in row 23084
Warning: All percentages zero/invalid in row 23085
Warning: All percentages zero/invalid in row 23086
Warning: All percentages zero/invalid in row 23087
Warning: All percentages zero/invalid in row 23088
Warning: All percentages zero/invalid in row 23089
Warning: All percentages zero/invalid in row 23090
Warning: All percentages zero/invalid in row 23091
Warning: All percentages zero/invalid in row 23092
Warning: All percentages zero/invalid in row 23093
Warning: All percentages zero/invalid in row 23094
Warning: All percentages zero/invalid in row 23095
Warning: All percentages zero/invalid in row 23096
Warning: All percentages zero/invalid in row 23097
Warning: All percentages zero/invalid in row 23098
Warning: All percentages zero/invalid in row 23099
Warning: All percentages zero/invalid in row 23100
Warning: All percentages zero/invalid in row 23101
Warning: All percentages zero/invalid in row 23102
Warning: All percentages zero/invalid in row 23103
Warning: All percentages zero/invalid in row 23104
Warning: All percentages zero/invalid in row 23105
Warning: All percentages zero/invalid in row 23106
Warning: All percentages zero/invalid in row 23107
Warning: All percentages zero/invalid in row 23108
Warning: All percentages zero/invalid in row 23109
Warning: All percentages zero/invalid in row 23110
Warning: All percentages zero/invalid in row 23111
Warning: All percentages zero/invalid in row 23112
Warning: All percentages zero/invalid in row 23113
Warning: All percentages zero/invalid in row 23114
Warning: All percentages zero/invalid in row 23115
Warning: All percentages zero/invalid in row 23116
Warning: All percentages zero/invalid in row 23117
Warning: All percentages zero/invalid in row 23118
Warning: All percentages zero/invalid in row 23119
Warning: All percentages zero/invalid in row 23120
Warning: All percentages zero/invalid in row 23121
Warning: All percentages zero/invalid in row 23122
Warning: All percentages zero/invalid in row 23123
Warning: All percentages zero/invalid in row 23124
Warning: All percentages zero/invalid in row 23125
Warning: All percentages zero/invalid in row 23126
Warning: All percentages zero/invalid in row 23127
Warning: All percentages zero/invalid in row 23128
Warning: All percentages zero/invalid in row 23129
Warning: All percentages zero/invalid in row 23130
Warning: All percentages zero/invalid in row 23131
Warning: All percentages zero/invalid in row 23132
Warning: All percentages zero/invalid in row 23133
Warning: All percentages zero/invalid in row 23134
Warning: All percentages zero/invalid in row 23135
Warning: All percentages zero/invalid in row 23136
Warning: All percentages zero/invalid in row 23137
Warning: All percentages zero/invalid in row 23138
Warning: All percentages zero/invalid in row 23139
Warning: All percentages zero/invalid in row 23140
Warning: All percentages zero/invalid in row 23141
Warning: All percentages zero/invalid in row 23142
Warning: All percentages zero/invalid in row 23143
Warning: All percentages zero/invalid in row 23144
Warning: All percentages zero/invalid in row 23145
Warning: All percentages zero/invalid in row 23146
Warning: All percentages zero/invalid in row 23147
Warning: All percentages zero/invalid in row 23148
Warning: All percentages zero/invalid in row 23149
Warning: All percentages zero/invalid in row 23150
Warning: All percentages zero/invalid in row 23151
Warning: All percentages zero/invalid in row 23152
Warning: All percentages zero/invalid in row 23153
Warning: All percentages zero/invalid in row 23154
Warning: All percentages zero/invalid in row 23155
Warning: All percentages zero/invalid in row 23156
Warning: All percentages zero/invalid in row 23157
Warning: All percentages zero/invalid in row 23158
Warning: All percentages zero/invalid in row 23159
Warning: All percentages zero/invalid in row 23160
Warning: All percentages zero/invalid in row 23161
Warning: All percentages zero/invalid in row 23162
Warning: All percentages zero/invalid in row 23163
Warning: All percentages zero/invalid in row 23164
Warning: All percentages zero/invalid in row 23165
Warning: All percentages zero/invalid in row 23166
Warning: All percentages zero/invalid in row 23167
Warning: All percentages zero/invalid in row 23168
Warning: All percentages zero/invalid in row 23169
Warning: All percentages zero/invalid in row 23170
Warning: All percentages zero/invalid in row 23171
Warning: All percentages zero/invalid in row 23172
Warning: All percentages zero/invalid in row 23173
Warning: All percentages zero/invalid in row 23174
Warning: All percentages zero/invalid in row 23175
Warning: All percentages zero/invalid in row 23176
Warning: All percentages zero/invalid in row 23177
Warning: All percentages zero/invalid in row 23178
Warning: All percentages zero/invalid in row 23179
Warning: All percentages zero/invalid in row 23180
Warning: All percentages zero/invalid in row 23181
Warning: All percentages zero/invalid in row 23182
Warning: All percentages zero/invalid in row 23183
Warning: All percentages zero/invalid in row 23184
Warning: All percentages zero/invalid in row 23185
Warning: All percentages zero/invalid in row 23186
Warning: All percentages zero/invalid in row 23187
Warning: All percentages zero/invalid in row 23188
Warning: All percentages zero/invalid in row 23189
Warning: All percentages zero/invalid in row 23190
Warning: All percentages zero/invalid in row 23191
Warning: All percentages zero/invalid in row 23192
Warning: All percentages zero/invalid in row 23193
Warning: All percentages zero/invalid in row 23194
Warning: All percentages zero/invalid in row 23195
Warning: All percentages zero/invalid in row 23196
Warning: All percentages zero/invalid in row 23197
Warning: All percentages zero/invalid in row 23198
Warning: All percentages zero/invalid in row 23199
Warning: All percentages zero/invalid in row 23200
Warning: All percentages zero/invalid in row 23201
Warning: All percentages zero/invalid in row 23202
Warning: All percentages zero/invalid in row 23203
Warning: All percentages zero/invalid in row 23204
Warning: All percentages zero/invalid in row 23205
Warning: All percentages zero/invalid in row 23206
Warning: All percentages zero/invalid in row 23207
Warning: All percentages zero/invalid in row 23208
Warning: All percentages zero/invalid in row 23209
Warning: All percentages zero/invalid in row 23210
Warning: All percentages zero/invalid in row 23211
Warning: All percentages zero/invalid in row 23212
Warning: All percentages zero/invalid in row 23213
Warning: All percentages zero/invalid in row 23214
Warning: All percentages zero/invalid in row 23215
Warning: All percentages zero/invalid in row 23216
Warning: All percentages zero/invalid in row 23217
Warning: All percentages zero/invalid in row 23218
Warning: All percentages zero/invalid in row 23219
Warning: All percentages zero/invalid in row 23220
Warning: All percentages zero/invalid in row 23221
Warning: All percentages zero/invalid in row 23222
Warning: All percentages zero/invalid in row 23223
Warning: All percentages zero/invalid in row 23224
Warning: All percentages zero/invalid in row 23225
Warning: All percentages zero/invalid in row 23226
Warning: All percentages zero/invalid in row 23227
Warning: All percentages zero/invalid in row 23228
Warning: All percentages zero/invalid in row 23229
Warning: All percentages zero/invalid in row 23230
Warning: All percentages zero/invalid in row 23231
Warning: All percentages zero/invalid in row 23232
Warning: All percentages zero/invalid in row 23233
Warning: All percentages zero/invalid in row 23234
Warning: All percentages zero/invalid in row 23235
Warning: All percentages zero/invalid in row 23236
Warning: All percentages zero/invalid in row 23237
Warning: All percentages zero/invalid in row 23238
Warning: All percentages zero/invalid in row 23239
Warning: All percentages zero/invalid in row 23240
Warning: All percentages zero/invalid in row 23241
Warning: All percentages zero/invalid in row 23242
Warning: All percentages zero/invalid in row 23243
Warning: All percentages zero/invalid in row 23244
Warning: All percentages zero/invalid in row 23245
Warning: All percentages zero/invalid in row 23246
Warning: All percentages zero/invalid in row 23247
Warning: All percentages zero/invalid in row 23248
Warning: All percentages zero/invalid in row 23250
Warning: All percentages zero/invalid in row 23251
Warning: All percentages zero/invalid in row 23252
Warning: All percentages zero/invalid in row 23253
Warning: All percentages zero/invalid in row 23254
Warning: All percentages zero/invalid in row 23255
Warning: All percentages zero/invalid in row 23256
Warning: All percentages zero/invalid in row 23257
Warning: All percentages zero/invalid in row 23258
Warning: All percentages zero/invalid in row 23259
Warning: All percentages zero/invalid in row 23260
Warning: All percentages zero/invalid in row 23261
Warning: All percentages zero/invalid in row 23262
Warning: All percentages zero/invalid in row 23263
Warning: All percentages zero/invalid in row 23264
Warning: All percentages zero/invalid in row 23265
Warning: All percentages zero/invalid in row 23266
Warning: All percentages zero/invalid in row 23267
Warning: All percentages zero/invalid in row 23268
Warning: All percentages zero/invalid in row 23269
Warning: All percentages zero/invalid in row 23270
Warning: All percentages zero/invalid in row 23271
Warning: All percentages zero/invalid in row 23272
Warning: All percentages zero/invalid in row 23273
Warning: All percentages zero/invalid in row 23274
Warning: All percentages zero/invalid in row 23275
Warning: All percentages zero/invalid in row 23276
Warning: All percentages zero/invalid in row 23277
Warning: All percentages zero/invalid in row 23278
Warning: All percentages zero/invalid in row 23279
Warning: All percentages zero/invalid in row 23280
Warning: All percentages zero/invalid in row 23281
Warning: All percentages zero/invalid in row 23282
Warning: All percentages zero/invalid in row 23283
Warning: All percentages zero/invalid in row 23284
Warning: All percentages zero/invalid in row 23285
Warning: All percentages zero/invalid in row 23286
Warning: All percentages zero/invalid in row 23287
Warning: All percentages zero/invalid in row 23288
Warning: All percentages zero/invalid in row 23289
Warning: All percentages zero/invalid in row 23290
Warning: All percentages zero/invalid in row 23291
Warning: All percentages zero/invalid in row 23292
Warning: All percentages zero/invalid in row 23293
Warning: All percentages zero/invalid in row 23294
Warning: All percentages zero/invalid in row 23295
Warning: All percentages zero/invalid in row 23296
Warning: All percentages zero/invalid in row 23297
Warning: All percentages zero/invalid in row 23298
Warning: All percentages zero/invalid in row 23299
Warning: All percentages zero/invalid in row 23300
Warning: All percentages zero/invalid in row 23301
Warning: All percentages zero/invalid in row 23302
Warning: All percentages zero/invalid in row 23303
Warning: All percentages zero/invalid in row 23304
Warning: All percentages zero/invalid in row 23305
Warning: All percentages zero/invalid in row 23306
Warning: All percentages zero/invalid in row 23307
Warning: All percentages zero/invalid in row 23308
Warning: All percentages zero/invalid in row 23309
Warning: All percentages zero/invalid in row 23310
Warning: All percentages zero/invalid in row 23311
Warning: All percentages zero/invalid in row 23312
Warning: All percentages zero/invalid in row 23313
Warning: All percentages zero/invalid in row 23314
Warning: All percentages zero/invalid in row 23315
Warning: All percentages zero/invalid in row 23316
Warning: All percentages zero/invalid in row 23317
Warning: All percentages zero/invalid in row 23318
Warning: All percentages zero/invalid in row 23319
Warning: All percentages zero/invalid in row 23320
Warning: All percentages zero/invalid in row 23321
Warning: All percentages zero/invalid in row 23322
Warning: All percentages zero/invalid in row 23325
Warning: All percentages zero/invalid in row 23328
Warning: All percentages zero/invalid in row 23329
Warning: All percentages zero/invalid in row 23330
Warning: All percentages zero/invalid in row 23331
Warning: All percentages zero/invalid in row 23332
Warning: All percentages zero/invalid in row 23333
Warning: All percentages zero/invalid in row 23335
Warning: All percentages zero/invalid in row 23336
Warning: All percentages zero/invalid in row 23337
Warning: All percentages zero/invalid in row 23340
Warning: All percentages zero/invalid in row 23341
Warning: All percentages zero/invalid in row 23343
Warning: All percentages zero/invalid in row 23344
Warning: All percentages zero/invalid in row 23345
Warning: All percentages zero/invalid in row 23346
Warning: All percentages zero/invalid in row 23347
Warning: All percentages zero/invalid in row 23348
Warning: All percentages zero/invalid in row 23349
Warning: All percentages zero/invalid in row 23350
Warning: All percentages zero/invalid in row 23351
Warning: All percentages zero/invalid in row 23352
Warning: All percentages zero/invalid in row 23353
Warning: All percentages zero/invalid in row 23355
Warning: All percentages zero/invalid in row 23356
Warning: All percentages zero/invalid in row 23357
Warning: All percentages zero/invalid in row 23359
Warning: All percentages zero/invalid in row 23360
Warning: All percentages zero/invalid in row 23361
Warning: All percentages zero/invalid in row 23362
Warning: All percentages zero/invalid in row 23363
Warning: All percentages zero/invalid in row 23365
Warning: All percentages zero/invalid in row 23370
Warning: All percentages zero/invalid in row 23371
Warning: All percentages zero/invalid in row 23372
Warning: All percentages zero/invalid in row 23373
Warning: All percentages zero/invalid in row 23374
Warning: All percentages zero/invalid in row 23375
Warning: All percentages zero/invalid in row 23376
Warning: All percentages zero/invalid in row 23377
Warning: All percentages zero/invalid in row 23379
Warning: All percentages zero/invalid in row 23381
Warning: All percentages zero/invalid in row 23382
Warning: All percentages zero/invalid in row 23383
Warning: All percentages zero/invalid in row 23384
Warning: All percentages zero/invalid in row 23385
Warning: All percentages zero/invalid in row 23386
Warning: All percentages zero/invalid in row 23387
Warning: All percentages zero/invalid in row 23389
Warning: All percentages zero/invalid in row 23390
Warning: All percentages zero/invalid in row 23393
Warning: All percentages zero/invalid in row 23394
Warning: All percentages zero/invalid in row 23396
Warning: All percentages zero/invalid in row 23401
Warning: All percentages zero/invalid in row 23402
Warning: All percentages zero/invalid in row 23403
Warning: All percentages zero/invalid in row 23404
Warning: All percentages zero/invalid in row 23405
Warning: All percentages zero/invalid in row 23406
Warning: All percentages zero/invalid in row 23407
Warning: All percentages zero/invalid in row 23408
Warning: All percentages zero/invalid in row 23409
Warning: All percentages zero/invalid in row 23410
Warning: All percentages zero/invalid in row 23411
Warning: All percentages zero/invalid in row 23412
Warning: All percentages zero/invalid in row 23413
Warning: All percentages zero/invalid in row 23414
Warning: All percentages zero/invalid in row 23415
Warning: All percentages zero/invalid in row 23416
Warning: All percentages zero/invalid in row 23417
Warning: All percentages zero/invalid in row 23418
Warning: All percentages zero/invalid in row 23419
Warning: All percentages zero/invalid in row 23420
Warning: All percentages zero/invalid in row 23421
Warning: All percentages zero/invalid in row 23422
Warning: All percentages zero/invalid in row 23423
Warning: All percentages zero/invalid in row 23424
Warning: All percentages zero/invalid in row 23425
Warning: All percentages zero/invalid in row 23426
Warning: All percentages zero/invalid in row 23427
Warning: All percentages zero/invalid in row 23428
Warning: All percentages zero/invalid in row 23429
Warning: All percentages zero/invalid in row 23430
Warning: All percentages zero/invalid in row 23431
Warning: All percentages zero/invalid in row 23432
Warning: All percentages zero/invalid in row 23433
Warning: All percentages zero/invalid in row 23434
Warning: All percentages zero/invalid in row 23435
Warning: All percentages zero/invalid in row 23436
Warning: All percentages zero/invalid in row 23437
Warning: All percentages zero/invalid in row 23438
Warning: All percentages zero/invalid in row 23439
Warning: All percentages zero/invalid in row 23440
Warning: All percentages zero/invalid in row 23441
Warning: All percentages zero/invalid in row 23442
Warning: All percentages zero/invalid in row 23443
Warning: All percentages zero/invalid in row 23444
Warning: All percentages zero/invalid in row 23445
Warning: All percentages zero/invalid in row 23446
Warning: All percentages zero/invalid in row 23447
Warning: All percentages zero/invalid in row 23448
Warning: All percentages zero/invalid in row 23449
Warning: All percentages zero/invalid in row 23450
Warning: All percentages zero/invalid in row 23451
Warning: All percentages zero/invalid in row 23452
Warning: All percentages zero/invalid in row 23453
Warning: All percentages zero/invalid in row 23454
Warning: All percentages zero/invalid in row 23455
Warning: All percentages zero/invalid in row 23456
Warning: All percentages zero/invalid in row 23457
Warning: All percentages zero/invalid in row 23458
Warning: All percentages zero/invalid in row 23459
Warning: All percentages zero/invalid in row 23460
Warning: All percentages zero/invalid in row 23461
Warning: All percentages zero/invalid in row 23462
Warning: All percentages zero/invalid in row 23463
Warning: All percentages zero/invalid in row 23464
Warning: All percentages zero/invalid in row 23465
Warning: All percentages zero/invalid in row 23466
Warning: All percentages zero/invalid in row 23467
Warning: All percentages zero/invalid in row 23468
Warning: All percentages zero/invalid in row 23470
Warning: All percentages zero/invalid in row 23471
Warning: All percentages zero/invalid in row 23474
Warning: All percentages zero/invalid in row 23475
Warning: All percentages zero/invalid in row 23483
Warning: All percentages zero/invalid in row 23484
Warning: All percentages zero/invalid in row 23485
Warning: All percentages zero/invalid in row 23486
Warning: All percentages zero/invalid in row 23487
Warning: All percentages zero/invalid in row 23488
Warning: All percentages zero/invalid in row 23489
Warning: All percentages zero/invalid in row 23519
Warning: All percentages zero/invalid in row 23526
Warning: All percentages zero/invalid in row 23559
Warning: All percentages zero/invalid in row 23560
Warning: All percentages zero/invalid in row 23562
Warning: All percentages zero/invalid in row 23564
Warning: All percentages zero/invalid in row 23620
Warning: All percentages zero/invalid in row 23664
Warning: All percentages zero/invalid in row 23666
Warning: All percentages zero/invalid in row 23667
Warning: All percentages zero/invalid in row 23668
Warning: All percentages zero/invalid in row 23669
Warning: All percentages zero/invalid in row 23670
Warning: All percentages zero/invalid in row 23672
Warning: All percentages zero/invalid in row 23673
Warning: All percentages zero/invalid in row 23674
Warning: All percentages zero/invalid in row 23675
Warning: All percentages zero/invalid in row 23677
Warning: All percentages zero/invalid in row 23678
Warning: All percentages zero/invalid in row 23679
Warning: All percentages zero/invalid in row 23680
Warning: All percentages zero/invalid in row 23682
Warning: All percentages zero/invalid in row 23684
Warning: All percentages zero/invalid in row 23685
Warning: All percentages zero/invalid in row 23687
Warning: All percentages zero/invalid in row 23688
Warning: All percentages zero/invalid in row 23689
Warning: All percentages zero/invalid in row 23690
Warning: All percentages zero/invalid in row 23691
Warning: All percentages zero/invalid in row 23705
Warning: All percentages zero/invalid in row 23706
Warning: All percentages zero/invalid in row 23709
Warning: All percentages zero/invalid in row 23714
Warning: All percentages zero/invalid in row 23717
Warning: All percentages zero/invalid in row 23721
Warning: All percentages zero/invalid in row 23722
Warning: All percentages zero/invalid in row 23723
Warning: All percentages zero/invalid in row 23725
Warning: All percentages zero/invalid in row 23727
Warning: All percentages zero/invalid in row 23728
Warning: All percentages zero/invalid in row 23730
Warning: All percentages zero/invalid in row 23732
Warning: All percentages zero/invalid in row 23733
Warning: All percentages zero/invalid in row 23734
Warning: All percentages zero/invalid in row 23735
Warning: All percentages zero/invalid in row 23736
Warning: All percentages zero/invalid in row 23737
Warning: All percentages zero/invalid in row 23738
Warning: All percentages zero/invalid in row 23742
Warning: All percentages zero/invalid in row 23744
Warning: All percentages zero/invalid in row 23745
Warning: All percentages zero/invalid in row 23746
Warning: All percentages zero/invalid in row 23747
Warning: All percentages zero/invalid in row 23748
Warning: All percentages zero/invalid in row 23749
Warning: All percentages zero/invalid in row 23750
Warning: All percentages zero/invalid in row 23751
Warning: All percentages zero/invalid in row 23752
Warning: All percentages zero/invalid in row 23753
Warning: All percentages zero/invalid in row 23754
Warning: All percentages zero/invalid in row 23755
Warning: All percentages zero/invalid in row 23756
Warning: All percentages zero/invalid in row 23757
Warning: All percentages zero/invalid in row 23758
Warning: All percentages zero/invalid in row 23759
Warning: All percentages zero/invalid in row 23760
Warning: All percentages zero/invalid in row 23761
Warning: All percentages zero/invalid in row 23762
Warning: All percentages zero/invalid in row 23763
Warning: All percentages zero/invalid in row 23764
Warning: All percentages zero/invalid in row 23765
Warning: All percentages zero/invalid in row 23766
Warning: All percentages zero/invalid in row 23767
Warning: All percentages zero/invalid in row 23768
Warning: All percentages zero/invalid in row 23769
Warning: All percentages zero/invalid in row 23770
Warning: All percentages zero/invalid in row 23771
Warning: All percentages zero/invalid in row 23772
Warning: All percentages zero/invalid in row 23773
Warning: All percentages zero/invalid in row 23774
Warning: All percentages zero/invalid in row 23775
Warning: All percentages zero/invalid in row 23776
Warning: All percentages zero/invalid in row 23777
Warning: All percentages zero/invalid in row 23778
Warning: All percentages zero/invalid in row 23779
Warning: All percentages zero/invalid in row 23780
Warning: All percentages zero/invalid in row 23781
Warning: All percentages zero/invalid in row 23782
Warning: All percentages zero/invalid in row 23783
Warning: All percentages zero/invalid in row 23784
Warning: All percentages zero/invalid in row 23785
Warning: All percentages zero/invalid in row 23786
Warning: All percentages zero/invalid in row 23787
Warning: All percentages zero/invalid in row 23788
Warning: All percentages zero/invalid in row 23789
Warning: All percentages zero/invalid in row 23790
Warning: All percentages zero/invalid in row 23791
Warning: All percentages zero/invalid in row 23792
Warning: All percentages zero/invalid in row 23793
Warning: All percentages zero/invalid in row 23794
Warning: All percentages zero/invalid in row 23795
Warning: All percentages zero/invalid in row 23796
Warning: All percentages zero/invalid in row 23797
Warning: All percentages zero/invalid in row 23798
Warning: All percentages zero/invalid in row 23799
Warning: All percentages zero/invalid in row 23800
Warning: All percentages zero/invalid in row 23801
Warning: All percentages zero/invalid in row 23802
Warning: All percentages zero/invalid in row 23803
Warning: All percentages zero/invalid in row 23804
Warning: All percentages zero/invalid in row 23805
Warning: All percentages zero/invalid in row 23806
Warning: All percentages zero/invalid in row 23807
Warning: All percentages zero/invalid in row 23808
Warning: All percentages zero/invalid in row 23809
Warning: All percentages zero/invalid in row 23810
Warning: All percentages zero/invalid in row 23811
Warning: All percentages zero/invalid in row 23812
Warning: All percentages zero/invalid in row 23813
Warning: All percentages zero/invalid in row 23814
Warning: All percentages zero/invalid in row 23815
Warning: All percentages zero/invalid in row 23816
Warning: All percentages zero/invalid in row 23817
Warning: All percentages zero/invalid in row 23818
Warning: All percentages zero/invalid in row 23819
Warning: All percentages zero/invalid in row 23820
Warning: All percentages zero/invalid in row 23821
Warning: All percentages zero/invalid in row 23822
Warning: All percentages zero/invalid in row 23823
Warning: All percentages zero/invalid in row 23824
Warning: All percentages zero/invalid in row 23825
Warning: All percentages zero/invalid in row 23826
Warning: All percentages zero/invalid in row 23827
Warning: All percentages zero/invalid in row 23828
Warning: All percentages zero/invalid in row 23829
Warning: All percentages zero/invalid in row 23830
Warning: All percentages zero/invalid in row 23831
Warning: All percentages zero/invalid in row 23832
Warning: All percentages zero/invalid in row 23833
Warning: All percentages zero/invalid in row 23834
Warning: All percentages zero/invalid in row 23835
Warning: All percentages zero/invalid in row 23836
Warning: All percentages zero/invalid in row 23837
Warning: All percentages zero/invalid in row 23838
Warning: All percentages zero/invalid in row 23839
Warning: All percentages zero/invalid in row 23840
Warning: All percentages zero/invalid in row 23841
Warning: All percentages zero/invalid in row 23842
Warning: All percentages zero/invalid in row 23843
Warning: All percentages zero/invalid in row 23844
Warning: All percentages zero/invalid in row 23845
Warning: All percentages zero/invalid in row 23846
Warning: All percentages zero/invalid in row 23858
Warning: All percentages zero/invalid in row 23859
Warning: All percentages zero/invalid in row 23863
Warning: All percentages zero/invalid in row 23867
Warning: All percentages zero/invalid in row 23870
Warning: All percentages zero/invalid in row 23872
Warning: All percentages zero/invalid in row 23878
Warning: All percentages zero/invalid in row 23879
Warning: All percentages zero/invalid in row 23883
Warning: All percentages zero/invalid in row 23887
Warning: All percentages zero/invalid in row 23890
Warning: All percentages zero/invalid in row 23891
Warning: All percentages zero/invalid in row 23894
Warning: All percentages zero/invalid in row 23900
Warning: All percentages zero/invalid in row 23902
Warning: All percentages zero/invalid in row 23903
Warning: All percentages zero/invalid in row 23905
Warning: All percentages zero/invalid in row 23907
Warning: All percentages zero/invalid in row 23910
Warning: All percentages zero/invalid in row 23911
Warning: All percentages zero/invalid in row 23912
Warning: All percentages zero/invalid in row 23913
Warning: All percentages zero/invalid in row 23914
Warning: All percentages zero/invalid in row 23916
Warning: All percentages zero/invalid in row 23917
Warning: All percentages zero/invalid in row 23923
Warning: All percentages zero/invalid in row 23924
Warning: All percentages zero/invalid in row 23926
Warning: All percentages zero/invalid in row 23927
Warning: All percentages zero/invalid in row 23928
Warning: All percentages zero/invalid in row 23929
Warning: All percentages zero/invalid in row 23930
Warning: All percentages zero/invalid in row 23931
Warning: All percentages zero/invalid in row 23932
Warning: All percentages zero/invalid in row 23933
Warning: All percentages zero/invalid in row 23934
Warning: All percentages zero/invalid in row 23935
Warning: All percentages zero/invalid in row 23936
Warning: All percentages zero/invalid in row 23937
Warning: All percentages zero/invalid in row 23938
Warning: All percentages zero/invalid in row 23939
Warning: All percentages zero/invalid in row 23940
Warning: All percentages zero/invalid in row 23941
Warning: All percentages zero/invalid in row 23942
Warning: All percentages zero/invalid in row 23943
Warning: All percentages zero/invalid in row 23945
Warning: All percentages zero/invalid in row 23946
Warning: All percentages zero/invalid in row 23948
Warning: All percentages zero/invalid in row 23953
Warning: All percentages zero/invalid in row 23954
Warning: All percentages zero/invalid in row 23955
Warning: All percentages zero/invalid in row 23956
Warning: All percentages zero/invalid in row 23957
Warning: All percentages zero/invalid in row 23958
Warning: All percentages zero/invalid in row 23974
Warning: All percentages zero/invalid in row 23975
Warning: All percentages zero/invalid in row 23976
Warning: All percentages zero/invalid in row 23977
Warning: All percentages zero/invalid in row 23978
Warning: All percentages zero/invalid in row 23980
Warning: All percentages zero/invalid in row 23981
Warning: All percentages zero/invalid in row 23982
Warning: All percentages zero/invalid in row 24008
Warning: All percentages zero/invalid in row 24009
Warning: All percentages zero/invalid in row 24010
Warning: All percentages zero/invalid in row 24011
Warning: All percentages zero/invalid in row 24012
Warning: All percentages zero/invalid in row 24013
Warning: All percentages zero/invalid in row 24014
Warning: All percentages zero/invalid in row 24015
Warning: All percentages zero/invalid in row 24016
Warning: All percentages zero/invalid in row 24017
Warning: All percentages zero/invalid in row 24018
Warning: All percentages zero/invalid in row 24019
Warning: All percentages zero/invalid in row 24020
Warning: All percentages zero/invalid in row 24021
Warning: All percentages zero/invalid in row 24022
Warning: All percentages zero/invalid in row 24023
Warning: All percentages zero/invalid in row 24024
Warning: All percentages zero/invalid in row 24025
Warning: All percentages zero/invalid in row 24026
Warning: All percentages zero/invalid in row 24027
Warning: All percentages zero/invalid in row 24028
Warning: All percentages zero/invalid in row 24029
Warning: All percentages zero/invalid in row 24030
Warning: All percentages zero/invalid in row 24031
Warning: All percentages zero/invalid in row 24032
Warning: All percentages zero/invalid in row 24033
Warning: All percentages zero/invalid in row 24034
Warning: All percentages zero/invalid in row 24035
Warning: All percentages zero/invalid in row 24036
Warning: All percentages zero/invalid in row 24037
Warning: All percentages zero/invalid in row 24038
Warning: All percentages zero/invalid in row 24039
Warning: All percentages zero/invalid in row 24040
Warning: All percentages zero/invalid in row 24041
Warning: All percentages zero/invalid in row 24042
Warning: All percentages zero/invalid in row 24043
Warning: All percentages zero/invalid in row 24045
Warning: All percentages zero/invalid in row 24046
Warning: All percentages zero/invalid in row 24047
Warning: All percentages zero/invalid in row 24048
Warning: All percentages zero/invalid in row 24050
Warning: All percentages zero/invalid in row 24052
Warning: All percentages zero/invalid in row 24053
Warning: All percentages zero/invalid in row 24055
Warning: All percentages zero/invalid in row 24056
Warning: All percentages zero/invalid in row 24057
Warning: All percentages zero/invalid in row 24058
Warning: All percentages zero/invalid in row 24059
Warning: All percentages zero/invalid in row 24060
Warning: All percentages zero/invalid in row 24062
Warning: All percentages zero/invalid in row 24065
Warning: All percentages zero/invalid in row 24066
Warning: All percentages zero/invalid in row 24067
Warning: All percentages zero/invalid in row 24068
Warning: All percentages zero/invalid in row 24069
Warning: All percentages zero/invalid in row 24071
Warning: All percentages zero/invalid in row 24073
Warning: All percentages zero/invalid in row 24074
Warning: All percentages zero/invalid in row 24076
Warning: All percentages zero/invalid in row 24077
Warning: All percentages zero/invalid in row 24080
Warning: All percentages zero/invalid in row 24081
Warning: All percentages zero/invalid in row 24082
Warning: All percentages zero/invalid in row 24086
Warning: All percentages zero/invalid in row 24087
Warning: All percentages zero/invalid in row 24092
Warning: All percentages zero/invalid in row 24093
Warning: All percentages zero/invalid in row 24094
Warning: All percentages zero/invalid in row 24095
Warning: All percentages zero/invalid in row 24096
Warning: All percentages zero/invalid in row 24097
Warning: All percentages zero/invalid in row 24098
Warning: All percentages zero/invalid in row 24099
Warning: All percentages zero/invalid in row 24100
Warning: All percentages zero/invalid in row 24101
Warning: All percentages zero/invalid in row 24102
Warning: All percentages zero/invalid in row 24103
Warning: All percentages zero/invalid in row 24104
Warning: All percentages zero/invalid in row 24105
Warning: All percentages zero/invalid in row 24106
Warning: All percentages zero/invalid in row 24107
Warning: All percentages zero/invalid in row 24108
Warning: All percentages zero/invalid in row 24109
Warning: All percentages zero/invalid in row 24110
Warning: All percentages zero/invalid in row 24111
Warning: All percentages zero/invalid in row 24112
Warning: All percentages zero/invalid in row 24113
Warning: All percentages zero/invalid in row 24114
Warning: All percentages zero/invalid in row 24116
Warning: All percentages zero/invalid in row 24120
Warning: All percentages zero/invalid in row 24121
Warning: All percentages zero/invalid in row 24122
Warning: All percentages zero/invalid in row 24123
Warning: All percentages zero/invalid in row 24124
Warning: All percentages zero/invalid in row 24125
Warning: All percentages zero/invalid in row 24126
Warning: All percentages zero/invalid in row 24127
Warning: All percentages zero/invalid in row 24128
Warning: All percentages zero/invalid in row 24129
Warning: All percentages zero/invalid in row 24130
Warning: All percentages zero/invalid in row 24131
Warning: All percentages zero/invalid in row 24132
Warning: All percentages zero/invalid in row 24133
Warning: All percentages zero/invalid in row 24134
Warning: All percentages zero/invalid in row 24135
Warning: All percentages zero/invalid in row 24136
Warning: All percentages zero/invalid in row 24140
Warning: All percentages zero/invalid in row 24141
Warning: All percentages zero/invalid in row 24142
Warning: All percentages zero/invalid in row 24143
Warning: All percentages zero/invalid in row 24144
Warning: All percentages zero/invalid in row 24145
Warning: All percentages zero/invalid in row 24146
Warning: All percentages zero/invalid in row 24147
Warning: All percentages zero/invalid in row 24148
Warning: All percentages zero/invalid in row 24149
Warning: All percentages zero/invalid in row 24150
Warning: All percentages zero/invalid in row 24151
Warning: All percentages zero/invalid in row 24152
Warning: All percentages zero/invalid in row 24153
Warning: All percentages zero/invalid in row 24154
Warning: All percentages zero/invalid in row 24155
Warning: All percentages zero/invalid in row 24156
Warning: All percentages zero/invalid in row 24157
Warning: All percentages zero/invalid in row 24158
Warning: All percentages zero/invalid in row 24159
Warning: All percentages zero/invalid in row 24160
Warning: All percentages zero/invalid in row 24161
Warning: All percentages zero/invalid in row 24162
Warning: All percentages zero/invalid in row 24163
Warning: All percentages zero/invalid in row 24164
Warning: All percentages zero/invalid in row 24165
Warning: All percentages zero/invalid in row 24166
Warning: All percentages zero/invalid in row 24167
Warning: All percentages zero/invalid in row 24168
Warning: All percentages zero/invalid in row 24169
Warning: All percentages zero/invalid in row 24170
Warning: All percentages zero/invalid in row 24171
Warning: All percentages zero/invalid in row 24172
Warning: All percentages zero/invalid in row 24173
Warning: All percentages zero/invalid in row 24174
Warning: All percentages zero/invalid in row 24175
Warning: All percentages zero/invalid in row 24176
Warning: All percentages zero/invalid in row 24177
Warning: All percentages zero/invalid in row 24178
Warning: All percentages zero/invalid in row 24180
Warning: All percentages zero/invalid in row 24181
Warning: All percentages zero/invalid in row 24182
Warning: All percentages zero/invalid in row 24183
Warning: All percentages zero/invalid in row 24184
Warning: All percentages zero/invalid in row 24185
Warning: All percentages zero/invalid in row 24186
Warning: All percentages zero/invalid in row 24188
Warning: All percentages zero/invalid in row 24189
Warning: All percentages zero/invalid in row 24190
Warning: All percentages zero/invalid in row 24191
Warning: All percentages zero/invalid in row 24192
Warning: All percentages zero/invalid in row 24194
Warning: All percentages zero/invalid in row 24195
Warning: All percentages zero/invalid in row 24197
Warning: All percentages zero/invalid in row 24199
Warning: All percentages zero/invalid in row 24200
Warning: All percentages zero/invalid in row 24202
Warning: All percentages zero/invalid in row 24203
Warning: All percentages zero/invalid in row 24204
Warning: All percentages zero/invalid in row 24205
Warning: All percentages zero/invalid in row 24206
Warning: All percentages zero/invalid in row 24207
Warning: All percentages zero/invalid in row 24208
Warning: All percentages zero/invalid in row 24209
Warning: All percentages zero/invalid in row 24210
Warning: All percentages zero/invalid in row 24211
Warning: All percentages zero/invalid in row 24212
Warning: All percentages zero/invalid in row 24213
Warning: All percentages zero/invalid in row 24214
Warning: All percentages zero/invalid in row 24215
Warning: All percentages zero/invalid in row 24216
Warning: All percentages zero/invalid in row 24217
Warning: All percentages zero/invalid in row 24218
Warning: All percentages zero/invalid in row 24219
Warning: All percentages zero/invalid in row 24220
Warning: All percentages zero/invalid in row 24221
Warning: All percentages zero/invalid in row 24222
Warning: All percentages zero/invalid in row 24223
Warning: All percentages zero/invalid in row 24224
Warning: All percentages zero/invalid in row 24228
Warning: All percentages zero/invalid in row 24229
Warning: All percentages zero/invalid in row 24230
Warning: All percentages zero/invalid in row 24231
Warning: All percentages zero/invalid in row 24232
Warning: All percentages zero/invalid in row 24233
Warning: All percentages zero/invalid in row 24234
Warning: All percentages zero/invalid in row 24235
Warning: All percentages zero/invalid in row 24236
Warning: All percentages zero/invalid in row 24237
Warning: All percentages zero/invalid in row 24238
Warning: All percentages zero/invalid in row 24239
Warning: All percentages zero/invalid in row 24240
Warning: All percentages zero/invalid in row 24241
Warning: All percentages zero/invalid in row 24242
Warning: All percentages zero/invalid in row 24243
Warning: All percentages zero/invalid in row 24244
Warning: All percentages zero/invalid in row 24245
Warning: All percentages zero/invalid in row 24246
Warning: All percentages zero/invalid in row 24247
Warning: All percentages zero/invalid in row 24248
Warning: All percentages zero/invalid in row 24249
Warning: All percentages zero/invalid in row 24250
Warning: All percentages zero/invalid in row 24251
Warning: All percentages zero/invalid in row 24252
Warning: All percentages zero/invalid in row 24253
Warning: All percentages zero/invalid in row 24254
Warning: All percentages zero/invalid in row 24255
Warning: All percentages zero/invalid in row 24256
Warning: All percentages zero/invalid in row 24257
Warning: All percentages zero/invalid in row 24258
Warning: All percentages zero/invalid in row 24259
Warning: All percentages zero/invalid in row 24260
Warning: All percentages zero/invalid in row 24261
Warning: All percentages zero/invalid in row 24262
Warning: All percentages zero/invalid in row 24263
Warning: All percentages zero/invalid in row 24264
Warning: All percentages zero/invalid in row 24265
Warning: All percentages zero/invalid in row 24266
Warning: All percentages zero/invalid in row 24267
Warning: All percentages zero/invalid in row 24268
Warning: All percentages zero/invalid in row 24269
Warning: All percentages zero/invalid in row 24270
Warning: All percentages zero/invalid in row 24271
Warning: All percentages zero/invalid in row 24272
Warning: All percentages zero/invalid in row 24273
Warning: All percentages zero/invalid in row 24274
Warning: All percentages zero/invalid in row 24275
Warning: All percentages zero/invalid in row 24276
Warning: All percentages zero/invalid in row 24277
Warning: All percentages zero/invalid in row 24278
Warning: All percentages zero/invalid in row 24279
Warning: All percentages zero/invalid in row 24280
Warning: All percentages zero/invalid in row 24281
Warning: All percentages zero/invalid in row 24282
Warning: All percentages zero/invalid in row 24283
Warning: All percentages zero/invalid in row 24284
Warning: All percentages zero/invalid in row 24285
Warning: All percentages zero/invalid in row 24286
Warning: All percentages zero/invalid in row 24287
Warning: All percentages zero/invalid in row 24288
Warning: All percentages zero/invalid in row 24289
Warning: All percentages zero/invalid in row 24290
Warning: All percentages zero/invalid in row 24291
Warning: All percentages zero/invalid in row 24292
Warning: All percentages zero/invalid in row 24293
Warning: All percentages zero/invalid in row 24294
Warning: All percentages zero/invalid in row 24295
Warning: All percentages zero/invalid in row 24296
Warning: All percentages zero/invalid in row 24297
Warning: All percentages zero/invalid in row 24298
Warning: All percentages zero/invalid in row 24299
Warning: All percentages zero/invalid in row 24300
Warning: All percentages zero/invalid in row 24301
Warning: All percentages zero/invalid in row 24302
Warning: All percentages zero/invalid in row 24303
Warning: All percentages zero/invalid in row 24304
Warning: All percentages zero/invalid in row 24305
Warning: All percentages zero/invalid in row 24306
Warning: All percentages zero/invalid in row 24307
Warning: All percentages zero/invalid in row 24308
Warning: All percentages zero/invalid in row 24309
Warning: All percentages zero/invalid in row 24310
Warning: All percentages zero/invalid in row 24311
Warning: All percentages zero/invalid in row 24312
Warning: All percentages zero/invalid in row 24313
Warning: All percentages zero/invalid in row 24314
Warning: All percentages zero/invalid in row 24315
Warning: All percentages zero/invalid in row 24316
Warning: All percentages zero/invalid in row 24317
Warning: All percentages zero/invalid in row 24318
Warning: All percentages zero/invalid in row 24319
Warning: All percentages zero/invalid in row 24320
Warning: All percentages zero/invalid in row 24321
Warning: All percentages zero/invalid in row 24322
Warning: All percentages zero/invalid in row 24323
Warning: All percentages zero/invalid in row 24324
Warning: All percentages zero/invalid in row 24325
Warning: All percentages zero/invalid in row 24326
Warning: All percentages zero/invalid in row 24327
Warning: All percentages zero/invalid in row 24328
Warning: All percentages zero/invalid in row 24329
Warning: All percentages zero/invalid in row 24330
Warning: All percentages zero/invalid in row 24331
Warning: All percentages zero/invalid in row 24332
Warning: All percentages zero/invalid in row 24333
Warning: All percentages zero/invalid in row 24334
Warning: All percentages zero/invalid in row 24335
Warning: All percentages zero/invalid in row 24336
Warning: All percentages zero/invalid in row 24337
Warning: All percentages zero/invalid in row 24338
Warning: All percentages zero/invalid in row 24340
Warning: All percentages zero/invalid in row 24341
Warning: All percentages zero/invalid in row 24342
Warning: All percentages zero/invalid in row 24343
Warning: All percentages zero/invalid in row 24344
Warning: All percentages zero/invalid in row 24345
Warning: All percentages zero/invalid in row 24346
Warning: All percentages zero/invalid in row 24347
Warning: All percentages zero/invalid in row 24348
Warning: All percentages zero/invalid in row 24349
Warning: All percentages zero/invalid in row 24350
Warning: All percentages zero/invalid in row 24351
Warning: All percentages zero/invalid in row 24352
Warning: All percentages zero/invalid in row 24353
Warning: All percentages zero/invalid in row 24354
Warning: All percentages zero/invalid in row 24355
Warning: All percentages zero/invalid in row 24356
Warning: All percentages zero/invalid in row 24357
Warning: All percentages zero/invalid in row 24358
Warning: All percentages zero/invalid in row 24359
Warning: All percentages zero/invalid in row 24362
Warning: All percentages zero/invalid in row 24363
Warning: All percentages zero/invalid in row 24364
Warning: All percentages zero/invalid in row 24365
Warning: All percentages zero/invalid in row 24366
Warning: All percentages zero/invalid in row 24367
Warning: All percentages zero/invalid in row 24376
Warning: All percentages zero/invalid in row 24377
Warning: All percentages zero/invalid in row 24378
Warning: All percentages zero/invalid in row 24379
Warning: All percentages zero/invalid in row 24382
Warning: All percentages zero/invalid in row 24386
Warning: All percentages zero/invalid in row 24388
Warning: All percentages zero/invalid in row 24391
Warning: All percentages zero/invalid in row 24393
Warning: All percentages zero/invalid in row 24394
Warning: All percentages zero/invalid in row 24395
Warning: All percentages zero/invalid in row 24396
Warning: All percentages zero/invalid in row 24397
Warning: All percentages zero/invalid in row 24399
Warning: All percentages zero/invalid in row 24401
Warning: All percentages zero/invalid in row 24402
Warning: All percentages zero/invalid in row 24403
Warning: All percentages zero/invalid in row 24405
Warning: All percentages zero/invalid in row 24406
Warning: All percentages zero/invalid in row 24408
Warning: All percentages zero/invalid in row 24411
Warning: All percentages zero/invalid in row 24412
Warning: All percentages zero/invalid in row 24414
Warning: All percentages zero/invalid in row 24415
Warning: All percentages zero/invalid in row 24416
Warning: All percentages zero/invalid in row 24417
Warning: All percentages zero/invalid in row 24418
Warning: All percentages zero/invalid in row 24419
Warning: All percentages zero/invalid in row 24420
Warning: All percentages zero/invalid in row 24421
Warning: All percentages zero/invalid in row 24422
Warning: All percentages zero/invalid in row 24423
Warning: All percentages zero/invalid in row 24424
Warning: All percentages zero/invalid in row 24425
Warning: All percentages zero/invalid in row 24426
Warning: All percentages zero/invalid in row 24427
Warning: All percentages zero/invalid in row 24428
Warning: All percentages zero/invalid in row 24429
Warning: All percentages zero/invalid in row 24430
Warning: All percentages zero/invalid in row 24431
Warning: All percentages zero/invalid in row 24432
Warning: All percentages zero/invalid in row 24433
Warning: All percentages zero/invalid in row 24434
Warning: All percentages zero/invalid in row 24435
Warning: All percentages zero/invalid in row 24436
Warning: All percentages zero/invalid in row 24437
Warning: All percentages zero/invalid in row 24438
Warning: All percentages zero/invalid in row 24439
Warning: All percentages zero/invalid in row 24440
Warning: All percentages zero/invalid in row 24441
Warning: All percentages zero/invalid in row 24447
Warning: All percentages zero/invalid in row 24452
Warning: All percentages zero/invalid in row 24458
Warning: All percentages zero/invalid in row 24459
Warning: All percentages zero/invalid in row 24464
Warning: All percentages zero/invalid in row 24466
Warning: All percentages zero/invalid in row 24476
Warning: All percentages zero/invalid in row 24478
Warning: All percentages zero/invalid in row 24480
Warning: All percentages zero/invalid in row 24481
Warning: All percentages zero/invalid in row 24482
Warning: All percentages zero/invalid in row 24483
Warning: All percentages zero/invalid in row 24484
Warning: All percentages zero/invalid in row 24485
Warning: All percentages zero/invalid in row 24486
Warning: All percentages zero/invalid in row 24487
Warning: All percentages zero/invalid in row 24488
Warning: All percentages zero/invalid in row 24489
Warning: All percentages zero/invalid in row 24490
Warning: All percentages zero/invalid in row 24491
Warning: All percentages zero/invalid in row 24492
Warning: All percentages zero/invalid in row 24493
Warning: All percentages zero/invalid in row 24494
Warning: All percentages zero/invalid in row 24495
Warning: All percentages zero/invalid in row 24496
Warning: All percentages zero/invalid in row 24497
Warning: All percentages zero/invalid in row 24498
Warning: All percentages zero/invalid in row 24499
Warning: All percentages zero/invalid in row 24500
Warning: All percentages zero/invalid in row 24501
Warning: All percentages zero/invalid in row 24502
Warning: All percentages zero/invalid in row 24503
Warning: All percentages zero/invalid in row 24504
Warning: All percentages zero/invalid in row 24505
Warning: All percentages zero/invalid in row 24506
Warning: All percentages zero/invalid in row 24507
Warning: All percentages zero/invalid in row 24508
Warning: All percentages zero/invalid in row 24509
Warning: All percentages zero/invalid in row 24510
Warning: All percentages zero/invalid in row 24511
Warning: All percentages zero/invalid in row 24512
Warning: All percentages zero/invalid in row 24513
Warning: All percentages zero/invalid in row 24514
Warning: All percentages zero/invalid in row 24515
Warning: All percentages zero/invalid in row 24516
Warning: All percentages zero/invalid in row 24517
Warning: All percentages zero/invalid in row 24518
Warning: All percentages zero/invalid in row 24519
Warning: All percentages zero/invalid in row 24520
Warning: All percentages zero/invalid in row 24521
Warning: All percentages zero/invalid in row 24522
Warning: All percentages zero/invalid in row 24523
Warning: All percentages zero/invalid in row 24524
Warning: All percentages zero/invalid in row 24525
Warning: All percentages zero/invalid in row 24526
Warning: All percentages zero/invalid in row 24527
Warning: All percentages zero/invalid in row 24528
Warning: All percentages zero/invalid in row 24529
Warning: All percentages zero/invalid in row 24530
Warning: All percentages zero/invalid in row 24531
Warning: All percentages zero/invalid in row 24532
Warning: All percentages zero/invalid in row 24533
Warning: All percentages zero/invalid in row 24534
Warning: All percentages zero/invalid in row 24535
Warning: All percentages zero/invalid in row 24536
Warning: All percentages zero/invalid in row 24537
Warning: All percentages zero/invalid in row 24538
Warning: All percentages zero/invalid in row 24539
Warning: All percentages zero/invalid in row 24540
Warning: All percentages zero/invalid in row 24541
Warning: All percentages zero/invalid in row 24542
Warning: All percentages zero/invalid in row 24543
Warning: All percentages zero/invalid in row 24544
Warning: All percentages zero/invalid in row 24545
Warning: All percentages zero/invalid in row 24546
Warning: All percentages zero/invalid in row 24547
Warning: All percentages zero/invalid in row 24548
Warning: All percentages zero/invalid in row 24549
Warning: All percentages zero/invalid in row 24550
Warning: All percentages zero/invalid in row 24551
Warning: All percentages zero/invalid in row 24552
Warning: All percentages zero/invalid in row 24553
Warning: All percentages zero/invalid in row 24554
Warning: All percentages zero/invalid in row 24555
Warning: All percentages zero/invalid in row 24556
Warning: All percentages zero/invalid in row 24557
Warning: All percentages zero/invalid in row 24558
Warning: All percentages zero/invalid in row 24559
Warning: All percentages zero/invalid in row 24560
Warning: All percentages zero/invalid in row 24561
Warning: All percentages zero/invalid in row 24562
Warning: All percentages zero/invalid in row 24563
Warning: All percentages zero/invalid in row 24564
Warning: All percentages zero/invalid in row 24565
Warning: All percentages zero/invalid in row 24566
Warning: All percentages zero/invalid in row 24567
Warning: All percentages zero/invalid in row 24568
Warning: All percentages zero/invalid in row 24569
Warning: All percentages zero/invalid in row 24570
Warning: All percentages zero/invalid in row 24571
Warning: All percentages zero/invalid in row 24572
Warning: All percentages zero/invalid in row 24573
Warning: All percentages zero/invalid in row 24574
Warning: All percentages zero/invalid in row 24575
Warning: All percentages zero/invalid in row 24576
Warning: All percentages zero/invalid in row 24577
Warning: All percentages zero/invalid in row 24578
Warning: All percentages zero/invalid in row 24579
Warning: All percentages zero/invalid in row 24580
Warning: All percentages zero/invalid in row 24581
Warning: All percentages zero/invalid in row 24582
Warning: All percentages zero/invalid in row 24584
Warning: All percentages zero/invalid in row 24585
Warning: All percentages zero/invalid in row 24586
Warning: All percentages zero/invalid in row 24588
Warning: All percentages zero/invalid in row 24590
Warning: All percentages zero/invalid in row 24591
Warning: All percentages zero/invalid in row 24592
Warning: All percentages zero/invalid in row 24595
Warning: All percentages zero/invalid in row 24597
Warning: All percentages zero/invalid in row 24598
Warning: All percentages zero/invalid in row 24599
Warning: All percentages zero/invalid in row 24600
Warning: All percentages zero/invalid in row 24601
Warning: All percentages zero/invalid in row 24604
Warning: All percentages zero/invalid in row 24605
Warning: All percentages zero/invalid in row 24607
Warning: All percentages zero/invalid in row 24610
Warning: All percentages zero/invalid in row 24611
Warning: All percentages zero/invalid in row 24612
Warning: All percentages zero/invalid in row 24614
Warning: All percentages zero/invalid in row 24615
Warning: All percentages zero/invalid in row 24617
Warning: All percentages zero/invalid in row 24618
Warning: All percentages zero/invalid in row 24619
Warning: All percentages zero/invalid in row 24620
Warning: All percentages zero/invalid in row 24621
Warning: All percentages zero/invalid in row 24623
Warning: All percentages zero/invalid in row 24629
Warning: All percentages zero/invalid in row 24631
Warning: All percentages zero/invalid in row 24640
Warning: All percentages zero/invalid in row 24645
Warning: All percentages zero/invalid in row 24647
Warning: All percentages zero/invalid in row 24648
Warning: All percentages zero/invalid in row 24650
Warning: All percentages zero/invalid in row 24651
Warning: All percentages zero/invalid in row 24652
Warning: All percentages zero/invalid in row 24653
Warning: All percentages zero/invalid in row 24669
Warning: All percentages zero/invalid in row 24670
Warning: All percentages zero/invalid in row 24671
Warning: All percentages zero/invalid in row 24672
Warning: All percentages zero/invalid in row 24673
Warning: All percentages zero/invalid in row 24675
Warning: All percentages zero/invalid in row 24679
Warning: All percentages zero/invalid in row 24680
Warning: All percentages zero/invalid in row 24681
Warning: All percentages zero/invalid in row 24682
Warning: All percentages zero/invalid in row 24683
Warning: All percentages zero/invalid in row 24685
Warning: All percentages zero/invalid in row 24686
Warning: All percentages zero/invalid in row 24687
Warning: All percentages zero/invalid in row 24692
Warning: All percentages zero/invalid in row 24694
Warning: All percentages zero/invalid in row 24695
Warning: All percentages zero/invalid in row 24696
Warning: All percentages zero/invalid in row 24697
Warning: All percentages zero/invalid in row 24698
Warning: All percentages zero/invalid in row 24699
Warning: All percentages zero/invalid in row 24700
Warning: All percentages zero/invalid in row 24701
Warning: All percentages zero/invalid in row 24702
Warning: All percentages zero/invalid in row 24703
Warning: All percentages zero/invalid in row 24704
Warning: All percentages zero/invalid in row 24705
Warning: All percentages zero/invalid in row 24708
Warning: All percentages zero/invalid in row 24712
Warning: All percentages zero/invalid in row 24714
Warning: All percentages zero/invalid in row 24721
Warning: All percentages zero/invalid in row 24723
Warning: All percentages zero/invalid in row 24725
Warning: All percentages zero/invalid in row 24726
Warning: All percentages zero/invalid in row 24728
Warning: All percentages zero/invalid in row 24729
Warning: All percentages zero/invalid in row 24732
Warning: All percentages zero/invalid in row 24736
Warning: All percentages zero/invalid in row 24746
Warning: All percentages zero/invalid in row 24748
Warning: All percentages zero/invalid in row 24749
Warning: All percentages zero/invalid in row 24750
Warning: All percentages zero/invalid in row 24752
Warning: All percentages zero/invalid in row 24754
Warning: All percentages zero/invalid in row 24755
Warning: All percentages zero/invalid in row 24756
Warning: All percentages zero/invalid in row 24757
Warning: All percentages zero/invalid in row 24758
Warning: All percentages zero/invalid in row 24759
Warning: All percentages zero/invalid in row 24760
Warning: All percentages zero/invalid in row 24764
Warning: All percentages zero/invalid in row 24765
Warning: All percentages zero/invalid in row 24766
Warning: All percentages zero/invalid in row 24769
Warning: All percentages zero/invalid in row 24770
Warning: All percentages zero/invalid in row 24772
Warning: All percentages zero/invalid in row 24773
Warning: All percentages zero/invalid in row 24774
Warning: All percentages zero/invalid in row 24775
Warning: All percentages zero/invalid in row 24776
Warning: All percentages zero/invalid in row 24778
Warning: All percentages zero/invalid in row 24779
Warning: All percentages zero/invalid in row 24780
Warning: All percentages zero/invalid in row 24781
Warning: All percentages zero/invalid in row 24782
Warning: All percentages zero/invalid in row 24783
Warning: All percentages zero/invalid in row 24784
Warning: All percentages zero/invalid in row 24790
Warning: All percentages zero/invalid in row 24797
Warning: All percentages zero/invalid in row 24798
Warning: All percentages zero/invalid in row 24801
Warning: All percentages zero/invalid in row 24805
Warning: All percentages zero/invalid in row 24807
Warning: All percentages zero/invalid in row 24810
Warning: All percentages zero/invalid in row 24813
Warning: All percentages zero/invalid in row 24814
Warning: All percentages zero/invalid in row 24815
Warning: All percentages zero/invalid in row 24816
Warning: All percentages zero/invalid in row 24817
Warning: All percentages zero/invalid in row 24825
Warning: All percentages zero/invalid in row 24826
Warning: All percentages zero/invalid in row 24836
Warning: All percentages zero/invalid in row 24839
Warning: All percentages zero/invalid in row 24840
Warning: All percentages zero/invalid in row 24842
Warning: All percentages zero/invalid in row 24843
Warning: All percentages zero/invalid in row 24844
Warning: All percentages zero/invalid in row 24845
Warning: All percentages zero/invalid in row 24849
Warning: All percentages zero/invalid in row 24850
Warning: All percentages zero/invalid in row 24851
Warning: All percentages zero/invalid in row 24852
Warning: All percentages zero/invalid in row 24853
Warning: All percentages zero/invalid in row 24854
Warning: All percentages zero/invalid in row 24855
Warning: All percentages zero/invalid in row 24856
Warning: All percentages zero/invalid in row 24857
Warning: All percentages zero/invalid in row 24858
Warning: All percentages zero/invalid in row 24859
Warning: All percentages zero/invalid in row 24860
Warning: All percentages zero/invalid in row 24861
Warning: All percentages zero/invalid in row 24862
Warning: All percentages zero/invalid in row 24863
Warning: All percentages zero/invalid in row 24866
Warning: All percentages zero/invalid in row 24868
Warning: All percentages zero/invalid in row 24870
Warning: All percentages zero/invalid in row 24872
Warning: All percentages zero/invalid in row 24873
Warning: All percentages zero/invalid in row 24874
Warning: All percentages zero/invalid in row 24875
Warning: All percentages zero/invalid in row 24878
Warning: All percentages zero/invalid in row 24908
Warning: All percentages zero/invalid in row 24910
Warning: All percentages zero/invalid in row 24911
Warning: All percentages zero/invalid in row 24914
Warning: All percentages zero/invalid in row 24926
Warning: All percentages zero/invalid in row 24946
Warning: All percentages zero/invalid in row 24947
Warning: All percentages zero/invalid in row 24948
Warning: All percentages zero/invalid in row 24950
Warning: All percentages zero/invalid in row 24954
Warning: All percentages zero/invalid in row 24956
Warning: All percentages zero/invalid in row 24958
Warning: All percentages zero/invalid in row 24960
Warning: All percentages zero/invalid in row 24962
Warning: All percentages zero/invalid in row 24964
Warning: All percentages zero/invalid in row 24979
Warning: All percentages zero/invalid in row 24981
Warning: All percentages zero/invalid in row 24989
Warning: All percentages zero/invalid in row 24994
Warning: All percentages zero/invalid in row 25002
Warning: All percentages zero/invalid in row 25008
Warning: All percentages zero/invalid in row 25009
Warning: All percentages zero/invalid in row 25010
Warning: All percentages zero/invalid in row 25011
Warning: All percentages zero/invalid in row 25012
Warning: All percentages zero/invalid in row 25013
Warning: All percentages zero/invalid in row 25014
Warning: All percentages zero/invalid in row 25015
Warning: All percentages zero/invalid in row 25016
Warning: All percentages zero/invalid in row 25017
Warning: All percentages zero/invalid in row 25018
Warning: All percentages zero/invalid in row 25019
Warning: All percentages zero/invalid in row 25020
Warning: All percentages zero/invalid in row 25021
Warning: All percentages zero/invalid in row 25022
Warning: All percentages zero/invalid in row 25023
Warning: All percentages zero/invalid in row 25024
Warning: All percentages zero/invalid in row 25025
Warning: All percentages zero/invalid in row 25026
Warning: All percentages zero/invalid in row 25027
Warning: All percentages zero/invalid in row 25028
Warning: All percentages zero/invalid in row 25029
Warning: All percentages zero/invalid in row 25030
Warning: All percentages zero/invalid in row 25031
Warning: All percentages zero/invalid in row 25032
Warning: All percentages zero/invalid in row 25033
Warning: All percentages zero/invalid in row 25034
Warning: All percentages zero/invalid in row 25035
Warning: All percentages zero/invalid in row 25036
Warning: All percentages zero/invalid in row 25037
Warning: All percentages zero/invalid in row 25038
Warning: All percentages zero/invalid in row 25039
Warning: All percentages zero/invalid in row 25040
Warning: All percentages zero/invalid in row 25041
Warning: All percentages zero/invalid in row 25042
Warning: All percentages zero/invalid in row 25043
Warning: All percentages zero/invalid in row 25044
Warning: All percentages zero/invalid in row 25045
Warning: All percentages zero/invalid in row 25046
Warning: All percentages zero/invalid in row 25047
Warning: All percentages zero/invalid in row 25048
Warning: All percentages zero/invalid in row 25049
Warning: All percentages zero/invalid in row 25050
Warning: All percentages zero/invalid in row 25051
Warning: All percentages zero/invalid in row 25052
Warning: All percentages zero/invalid in row 25053
Warning: All percentages zero/invalid in row 25054
Warning: All percentages zero/invalid in row 25055
Warning: All percentages zero/invalid in row 25056
Warning: All percentages zero/invalid in row 25057
Warning: All percentages zero/invalid in row 25058
Warning: All percentages zero/invalid in row 25059
Warning: All percentages zero/invalid in row 25060
Warning: All percentages zero/invalid in row 25061
Warning: All percentages zero/invalid in row 25062
Warning: All percentages zero/invalid in row 25063
Warning: All percentages zero/invalid in row 25064
Warning: All percentages zero/invalid in row 25065
Warning: All percentages zero/invalid in row 25066
Warning: All percentages zero/invalid in row 25067
Warning: All percentages zero/invalid in row 25068
Warning: All percentages zero/invalid in row 25069
Warning: All percentages zero/invalid in row 25070
Warning: All percentages zero/invalid in row 25071
Warning: All percentages zero/invalid in row 25072
Warning: All percentages zero/invalid in row 25073
Warning: All percentages zero/invalid in row 25074
Warning: All percentages zero/invalid in row 25075
Warning: All percentages zero/invalid in row 25076
Warning: All percentages zero/invalid in row 25077
Warning: All percentages zero/invalid in row 25078
Warning: All percentages zero/invalid in row 25079
Warning: All percentages zero/invalid in row 25080
Warning: All percentages zero/invalid in row 25081
Warning: All percentages zero/invalid in row 25082
Warning: All percentages zero/invalid in row 25083
Warning: All percentages zero/invalid in row 25084
Warning: All percentages zero/invalid in row 25085
Warning: All percentages zero/invalid in row 25086
Warning: All percentages zero/invalid in row 25087
Warning: All percentages zero/invalid in row 25088
Warning: All percentages zero/invalid in row 25089
Warning: All percentages zero/invalid in row 25090
Warning: All percentages zero/invalid in row 25091
Warning: All percentages zero/invalid in row 25092
Warning: All percentages zero/invalid in row 25093
Warning: All percentages zero/invalid in row 25094
Warning: All percentages zero/invalid in row 25095
Warning: All percentages zero/invalid in row 25105
Warning: All percentages zero/invalid in row 25110
Warning: All percentages zero/invalid in row 25111
Warning: All percentages zero/invalid in row 25114
Warning: All percentages zero/invalid in row 25119
Warning: All percentages zero/invalid in row 25123
Warning: All percentages zero/invalid in row 25124
Warning: All percentages zero/invalid in row 25126
Warning: All percentages zero/invalid in row 25127
Warning: All percentages zero/invalid in row 25129
Warning: All percentages zero/invalid in row 25131
Warning: All percentages zero/invalid in row 25132
Warning: All percentages zero/invalid in row 25133
Warning: All percentages zero/invalid in row 25134
Warning: All percentages zero/invalid in row 25135
Warning: All percentages zero/invalid in row 25136
Warning: All percentages zero/invalid in row 25137
Warning: All percentages zero/invalid in row 25138
Warning: All percentages zero/invalid in row 25139
Warning: All percentages zero/invalid in row 25141
Warning: All percentages zero/invalid in row 25142
Warning: All percentages zero/invalid in row 25143
Warning: All percentages zero/invalid in row 25144
Warning: All percentages zero/invalid in row 25145
Warning: All percentages zero/invalid in row 25146
Warning: All percentages zero/invalid in row 25147
Warning: All percentages zero/invalid in row 25148
Warning: All percentages zero/invalid in row 25149
Warning: All percentages zero/invalid in row 25150
Warning: All percentages zero/invalid in row 25151
Warning: All percentages zero/invalid in row 25152
Warning: All percentages zero/invalid in row 25154
Warning: All percentages zero/invalid in row 25155
Warning: All percentages zero/invalid in row 25156
Warning: All percentages zero/invalid in row 25157
Warning: All percentages zero/invalid in row 25158
Warning: All percentages zero/invalid in row 25159
Warning: All percentages zero/invalid in row 25160
Warning: All percentages zero/invalid in row 25161
Warning: All percentages zero/invalid in row 25162
Warning: All percentages zero/invalid in row 25163
Warning: All percentages zero/invalid in row 25164
Warning: All percentages zero/invalid in row 25165
Warning: All percentages zero/invalid in row 25166
Warning: All percentages zero/invalid in row 25167
Warning: All percentages zero/invalid in row 25168
Warning: All percentages zero/invalid in row 25169
Warning: All percentages zero/invalid in row 25170
Warning: All percentages zero/invalid in row 25171
Warning: All percentages zero/invalid in row 25172
Warning: All percentages zero/invalid in row 25173
Warning: All percentages zero/invalid in row 25174
Warning: All percentages zero/invalid in row 25175
Warning: All percentages zero/invalid in row 25176
Warning: All percentages zero/invalid in row 25177
Warning: All percentages zero/invalid in row 25178
Warning: All percentages zero/invalid in row 25179
Warning: All percentages zero/invalid in row 25180
Warning: All percentages zero/invalid in row 25182
Warning: All percentages zero/invalid in row 25183
Warning: All percentages zero/invalid in row 25184
Warning: All percentages zero/invalid in row 25185
Warning: All percentages zero/invalid in row 25186
Warning: All percentages zero/invalid in row 25187
Warning: All percentages zero/invalid in row 25188
Warning: All percentages zero/invalid in row 25189
Warning: All percentages zero/invalid in row 25190
Warning: All percentages zero/invalid in row 25191
Warning: All percentages zero/invalid in row 25192
Warning: All percentages zero/invalid in row 25193
Warning: All percentages zero/invalid in row 25194
Warning: All percentages zero/invalid in row 25195
Warning: All percentages zero/invalid in row 25196
Warning: All percentages zero/invalid in row 25197
Warning: All percentages zero/invalid in row 25198
Warning: All percentages zero/invalid in row 25199
Warning: All percentages zero/invalid in row 25200
Warning: All percentages zero/invalid in row 25201
Warning: All percentages zero/invalid in row 25202
Warning: All percentages zero/invalid in row 25203
Warning: All percentages zero/invalid in row 25204
Warning: All percentages zero/invalid in row 25205
Warning: All percentages zero/invalid in row 25206
Warning: All percentages zero/invalid in row 25207
Warning: All percentages zero/invalid in row 25208
Warning: All percentages zero/invalid in row 25209
Warning: All percentages zero/invalid in row 25210
Warning: All percentages zero/invalid in row 25211
Warning: All percentages zero/invalid in row 25213
Warning: All percentages zero/invalid in row 25214
Warning: All percentages zero/invalid in row 25215
Warning: All percentages zero/invalid in row 25216
Warning: All percentages zero/invalid in row 25217
Warning: All percentages zero/invalid in row 25218
Warning: All percentages zero/invalid in row 25219
Warning: All percentages zero/invalid in row 25220
Warning: All percentages zero/invalid in row 25221
Warning: All percentages zero/invalid in row 25222
Warning: All percentages zero/invalid in row 25223
Warning: All percentages zero/invalid in row 25224
Warning: All percentages zero/invalid in row 25225
Warning: All percentages zero/invalid in row 25226
Warning: All percentages zero/invalid in row 25227
Warning: All percentages zero/invalid in row 25228
Warning: All percentages zero/invalid in row 25229
Warning: All percentages zero/invalid in row 25230
Warning: All percentages zero/invalid in row 25231
Warning: All percentages zero/invalid in row 25232
Warning: All percentages zero/invalid in row 25233
Warning: All percentages zero/invalid in row 25234
Warning: All percentages zero/invalid in row 25235
Warning: All percentages zero/invalid in row 25236
Warning: All percentages zero/invalid in row 25237
Warning: All percentages zero/invalid in row 25238
Warning: All percentages zero/invalid in row 25239
Warning: All percentages zero/invalid in row 25240
Warning: All percentages zero/invalid in row 25241
Warning: All percentages zero/invalid in row 25242
Warning: All percentages zero/invalid in row 25243
Warning: All percentages zero/invalid in row 25244
Warning: All percentages zero/invalid in row 25245
Warning: All percentages zero/invalid in row 25246
Warning: All percentages zero/invalid in row 25247
Warning: All percentages zero/invalid in row 25248
Warning: All percentages zero/invalid in row 25249
Warning: All percentages zero/invalid in row 25250
Warning: All percentages zero/invalid in row 25251
Warning: All percentages zero/invalid in row 25252
Warning: All percentages zero/invalid in row 25253
Warning: All percentages zero/invalid in row 25254
Warning: All percentages zero/invalid in row 25255
Warning: All percentages zero/invalid in row 25256
Warning: All percentages zero/invalid in row 25257
Warning: All percentages zero/invalid in row 25258
Warning: All percentages zero/invalid in row 25259
Warning: All percentages zero/invalid in row 25260
Warning: All percentages zero/invalid in row 25261
Warning: All percentages zero/invalid in row 25262
Warning: All percentages zero/invalid in row 25263
Warning: All percentages zero/invalid in row 25264
Warning: All percentages zero/invalid in row 25265
Warning: All percentages zero/invalid in row 25266
Warning: All percentages zero/invalid in row 25267
Warning: All percentages zero/invalid in row 25268
Warning: All percentages zero/invalid in row 25269
Warning: All percentages zero/invalid in row 25270
Warning: All percentages zero/invalid in row 25271
Warning: All percentages zero/invalid in row 25272
Warning: All percentages zero/invalid in row 25273
Warning: All percentages zero/invalid in row 25274
Warning: All percentages zero/invalid in row 25275
Warning: All percentages zero/invalid in row 25276
Warning: All percentages zero/invalid in row 25277
Warning: All percentages zero/invalid in row 25278
Warning: All percentages zero/invalid in row 25279
Warning: All percentages zero/invalid in row 25280
Warning: All percentages zero/invalid in row 25281
Warning: All percentages zero/invalid in row 25282
Warning: All percentages zero/invalid in row 25283
Warning: All percentages zero/invalid in row 25284
Warning: All percentages zero/invalid in row 25285
Warning: All percentages zero/invalid in row 25286
Warning: All percentages zero/invalid in row 25287
Warning: All percentages zero/invalid in row 25288
Warning: All percentages zero/invalid in row 25289
Warning: All percentages zero/invalid in row 25290
Warning: All percentages zero/invalid in row 25291
Warning: All percentages zero/invalid in row 25292
Warning: All percentages zero/invalid in row 25293
Warning: All percentages zero/invalid in row 25294
Warning: All percentages zero/invalid in row 25295
Warning: All percentages zero/invalid in row 25296
Warning: All percentages zero/invalid in row 25297
Warning: All percentages zero/invalid in row 25298
Warning: All percentages zero/invalid in row 25299
Warning: All percentages zero/invalid in row 25300
Warning: All percentages zero/invalid in row 25301
Warning: All percentages zero/invalid in row 25302
Warning: All percentages zero/invalid in row 25303
Warning: All percentages zero/invalid in row 25304
Warning: All percentages zero/invalid in row 25305
Warning: All percentages zero/invalid in row 25306
Warning: All percentages zero/invalid in row 25307
Warning: All percentages zero/invalid in row 25308
Warning: All percentages zero/invalid in row 25309
Warning: All percentages zero/invalid in row 25310
Warning: All percentages zero/invalid in row 25311
Warning: All percentages zero/invalid in row 25312
Warning: All percentages zero/invalid in row 25313
Warning: All percentages zero/invalid in row 25314
Warning: All percentages zero/invalid in row 25315
Warning: All percentages zero/invalid in row 25316
Warning: All percentages zero/invalid in row 25318
Warning: All percentages zero/invalid in row 25320
Warning: All percentages zero/invalid in row 25321
Warning: All percentages zero/invalid in row 25322
Warning: All percentages zero/invalid in row 25323
Warning: All percentages zero/invalid in row 25324
Warning: All percentages zero/invalid in row 25325
Warning: All percentages zero/invalid in row 25326
Warning: All percentages zero/invalid in row 25327
Warning: All percentages zero/invalid in row 25328
Warning: All percentages zero/invalid in row 25329
Warning: All percentages zero/invalid in row 25330
Warning: All percentages zero/invalid in row 25331
Warning: All percentages zero/invalid in row 25332
Warning: All percentages zero/invalid in row 25371
Warning: All percentages zero/invalid in row 25372
Warning: All percentages zero/invalid in row 25373
Warning: All percentages zero/invalid in row 25374
Warning: All percentages zero/invalid in row 25375
Warning: All percentages zero/invalid in row 25376
Warning: All percentages zero/invalid in row 25377
Warning: All percentages zero/invalid in row 25378
Warning: All percentages zero/invalid in row 25379
Warning: All percentages zero/invalid in row 25380
Warning: All percentages zero/invalid in row 25381
Warning: All percentages zero/invalid in row 25382
Warning: All percentages zero/invalid in row 25383
Warning: All percentages zero/invalid in row 25384
Warning: All percentages zero/invalid in row 25385
Warning: All percentages zero/invalid in row 25386
Warning: All percentages zero/invalid in row 25387
Warning: All percentages zero/invalid in row 25388
Warning: All percentages zero/invalid in row 25390
Warning: All percentages zero/invalid in row 25393
Warning: All percentages zero/invalid in row 25394
Warning: All percentages zero/invalid in row 25395
Warning: All percentages zero/invalid in row 25396
Warning: All percentages zero/invalid in row 25397
Warning: All percentages zero/invalid in row 25398
Warning: All percentages zero/invalid in row 25399
Warning: All percentages zero/invalid in row 25400
Warning: All percentages zero/invalid in row 25401
Warning: All percentages zero/invalid in row 25402
Warning: All percentages zero/invalid in row 25403
Warning: All percentages zero/invalid in row 25404
Warning: All percentages zero/invalid in row 25405
Warning: All percentages zero/invalid in row 25406
Warning: All percentages zero/invalid in row 25407
Warning: All percentages zero/invalid in row 25408
Warning: All percentages zero/invalid in row 25409
Warning: All percentages zero/invalid in row 25416
Warning: All percentages zero/invalid in row 25437
Warning: All percentages zero/invalid in row 25438
Warning: All percentages zero/invalid in row 25439
Warning: All percentages zero/invalid in row 25440
Warning: All percentages zero/invalid in row 25441
Warning: All percentages zero/invalid in row 25442
Warning: All percentages zero/invalid in row 25443
Warning: All percentages zero/invalid in row 25444
Warning: All percentages zero/invalid in row 25445
Warning: All percentages zero/invalid in row 25446
Warning: All percentages zero/invalid in row 25447
Warning: All percentages zero/invalid in row 25448
Warning: All percentages zero/invalid in row 25449
Warning: All percentages zero/invalid in row 25450
Warning: All percentages zero/invalid in row 25451
Warning: All percentages zero/invalid in row 25452
Warning: All percentages zero/invalid in row 25453
Warning: All percentages zero/invalid in row 25454
Warning: All percentages zero/invalid in row 25455
Warning: All percentages zero/invalid in row 25456
Warning: All percentages zero/invalid in row 25457
Warning: All percentages zero/invalid in row 25458
Warning: All percentages zero/invalid in row 25459
Warning: All percentages zero/invalid in row 25460
Warning: All percentages zero/invalid in row 25461
Warning: All percentages zero/invalid in row 25462
Warning: All percentages zero/invalid in row 25463
Warning: All percentages zero/invalid in row 25464
Warning: All percentages zero/invalid in row 25465
Warning: All percentages zero/invalid in row 25466
Warning: All percentages zero/invalid in row 25467
Warning: All percentages zero/invalid in row 25468
Warning: All percentages zero/invalid in row 25469
Warning: All percentages zero/invalid in row 25471
Warning: All percentages zero/invalid in row 25472
Warning: All percentages zero/invalid in row 25473
Warning: All percentages zero/invalid in row 25474
Warning: All percentages zero/invalid in row 25475
Warning: All percentages zero/invalid in row 25476
Warning: All percentages zero/invalid in row 25477
Warning: All percentages zero/invalid in row 25478
Warning: All percentages zero/invalid in row 25479
Warning: All percentages zero/invalid in row 25480
Warning: All percentages zero/invalid in row 25481
Warning: All percentages zero/invalid in row 25482
Warning: All percentages zero/invalid in row 25483
Warning: All percentages zero/invalid in row 25484
Warning: All percentages zero/invalid in row 25485
Warning: All percentages zero/invalid in row 25486
Warning: All percentages zero/invalid in row 25489
Warning: All percentages zero/invalid in row 25492
Warning: All percentages zero/invalid in row 25493
Warning: All percentages zero/invalid in row 25494
Warning: All percentages zero/invalid in row 25497
Warning: All percentages zero/invalid in row 25500
Warning: All percentages zero/invalid in row 25502
Warning: All percentages zero/invalid in row 25505
Warning: All percentages zero/invalid in row 25506
Warning: All percentages zero/invalid in row 25509
Warning: All percentages zero/invalid in row 25510
Warning: All percentages zero/invalid in row 25511
Warning: All percentages zero/invalid in row 25512
Warning: All percentages zero/invalid in row 25514
Warning: All percentages zero/invalid in row 25515
Warning: All percentages zero/invalid in row 25516
Warning: All percentages zero/invalid in row 25517
Warning: All percentages zero/invalid in row 25518
Warning: All percentages zero/invalid in row 25519
Warning: All percentages zero/invalid in row 25523
Warning: All percentages zero/invalid in row 25524
Warning: All percentages zero/invalid in row 25525
Warning: All percentages zero/invalid in row 25526
Warning: All percentages zero/invalid in row 25527
Warning: All percentages zero/invalid in row 25528
Warning: All percentages zero/invalid in row 25529
Warning: All percentages zero/invalid in row 25536
Warning: All percentages zero/invalid in row 25537
Warning: All percentages zero/invalid in row 25538
Warning: All percentages zero/invalid in row 25539
Warning: All percentages zero/invalid in row 25540
Warning: All percentages zero/invalid in row 25541
Warning: All percentages zero/invalid in row 25545
Warning: All percentages zero/invalid in row 25548
Warning: All percentages zero/invalid in row 25549
Warning: All percentages zero/invalid in row 25550
Warning: All percentages zero/invalid in row 25568
Warning: All percentages zero/invalid in row 25570
Warning: All percentages zero/invalid in row 25572
Warning: All percentages zero/invalid in row 25573
Warning: All percentages zero/invalid in row 25574
Warning: All percentages zero/invalid in row 25575
Warning: All percentages zero/invalid in row 25576
Warning: All percentages zero/invalid in row 25577
Warning: All percentages zero/invalid in row 25578
Warning: All percentages zero/invalid in row 25579
Warning: All percentages zero/invalid in row 25580
Warning: All percentages zero/invalid in row 25581
Warning: All percentages zero/invalid in row 25582
Warning: All percentages zero/invalid in row 25583
Warning: All percentages zero/invalid in row 25584
Warning: All percentages zero/invalid in row 25585
Warning: All percentages zero/invalid in row 25586
Warning: All percentages zero/invalid in row 25587
Warning: All percentages zero/invalid in row 25588
Warning: All percentages zero/invalid in row 25589
Warning: All percentages zero/invalid in row 25590
Warning: All percentages zero/invalid in row 25591
Warning: All percentages zero/invalid in row 25592
Warning: All percentages zero/invalid in row 25593
Warning: All percentages zero/invalid in row 25594
Warning: All percentages zero/invalid in row 25595
Warning: All percentages zero/invalid in row 25596
Warning: All percentages zero/invalid in row 25597
Warning: All percentages zero/invalid in row 25598
Warning: All percentages zero/invalid in row 25599
Warning: All percentages zero/invalid in row 25600
Warning: All percentages zero/invalid in row 25601
Warning: All percentages zero/invalid in row 25602
Warning: All percentages zero/invalid in row 25603
Warning: All percentages zero/invalid in row 25604
Warning: All percentages zero/invalid in row 25605
Warning: All percentages zero/invalid in row 25606
Warning: All percentages zero/invalid in row 25607
Warning: All percentages zero/invalid in row 25608
Warning: All percentages zero/invalid in row 25609
Warning: All percentages zero/invalid in row 25610
Warning: All percentages zero/invalid in row 25611
Warning: All percentages zero/invalid in row 25612
Warning: All percentages zero/invalid in row 25613
Warning: All percentages zero/invalid in row 25614
Warning: All percentages zero/invalid in row 25615
Warning: All percentages zero/invalid in row 25616
Warning: All percentages zero/invalid in row 25617
Warning: All percentages zero/invalid in row 25618
Warning: All percentages zero/invalid in row 25619
Warning: All percentages zero/invalid in row 25620
Warning: All percentages zero/invalid in row 25621
Warning: All percentages zero/invalid in row 25622
Warning: All percentages zero/invalid in row 25623
Warning: All percentages zero/invalid in row 25625
Warning: All percentages zero/invalid in row 25626
Warning: All percentages zero/invalid in row 25627
Warning: All percentages zero/invalid in row 25628
Warning: All percentages zero/invalid in row 25629
Warning: All percentages zero/invalid in row 25630
Warning: All percentages zero/invalid in row 25631
Warning: All percentages zero/invalid in row 25632
Warning: All percentages zero/invalid in row 25633
Warning: All percentages zero/invalid in row 25634
Warning: All percentages zero/invalid in row 25635
Warning: All percentages zero/invalid in row 25636
Warning: All percentages zero/invalid in row 25637
Warning: All percentages zero/invalid in row 25638
Warning: All percentages zero/invalid in row 25639
Warning: All percentages zero/invalid in row 25640
Warning: All percentages zero/invalid in row 25641
Warning: All percentages zero/invalid in row 25642
Warning: All percentages zero/invalid in row 25643
Warning: All percentages zero/invalid in row 25645
Warning: All percentages zero/invalid in row 25646
Warning: All percentages zero/invalid in row 25647
Warning: All percentages zero/invalid in row 25648
Warning: All percentages zero/invalid in row 25649
Warning: All percentages zero/invalid in row 25650
Warning: All percentages zero/invalid in row 25651
Warning: All percentages zero/invalid in row 25652
Warning: All percentages zero/invalid in row 25653
Warning: All percentages zero/invalid in row 25654
Warning: All percentages zero/invalid in row 25655
Warning: All percentages zero/invalid in row 25656
Warning: All percentages zero/invalid in row 25657
Warning: All percentages zero/invalid in row 25658
Warning: All percentages zero/invalid in row 25659
Warning: All percentages zero/invalid in row 25660
Warning: All percentages zero/invalid in row 25661
Warning: All percentages zero/invalid in row 25662
Warning: All percentages zero/invalid in row 25663
Warning: All percentages zero/invalid in row 25664
Warning: All percentages zero/invalid in row 25665
Warning: All percentages zero/invalid in row 25666
Warning: All percentages zero/invalid in row 25667
Warning: All percentages zero/invalid in row 25668
Warning: All percentages zero/invalid in row 25669
Warning: All percentages zero/invalid in row 25670
Warning: All percentages zero/invalid in row 25671
Warning: All percentages zero/invalid in row 25672
Warning: All percentages zero/invalid in row 25673
Warning: All percentages zero/invalid in row 25674
Warning: All percentages zero/invalid in row 25675
Warning: All percentages zero/invalid in row 25676
Warning: All percentages zero/invalid in row 25677
Warning: All percentages zero/invalid in row 25678
Warning: All percentages zero/invalid in row 25679
Warning: All percentages zero/invalid in row 25680
Warning: All percentages zero/invalid in row 25681
Warning: All percentages zero/invalid in row 25682
Warning: All percentages zero/invalid in row 25683
Warning: All percentages zero/invalid in row 25684
Warning: All percentages zero/invalid in row 25685
Warning: All percentages zero/invalid in row 25686
Warning: All percentages zero/invalid in row 25687
Warning: All percentages zero/invalid in row 25688
Warning: All percentages zero/invalid in row 25689
Warning: All percentages zero/invalid in row 25690
Warning: All percentages zero/invalid in row 25691
Warning: All percentages zero/invalid in row 25692
Warning: All percentages zero/invalid in row 25693
Warning: All percentages zero/invalid in row 25694
Warning: All percentages zero/invalid in row 25695
Warning: All percentages zero/invalid in row 25696
Warning: All percentages zero/invalid in row 25697
Warning: All percentages zero/invalid in row 25698
Warning: All percentages zero/invalid in row 25699
Warning: All percentages zero/invalid in row 25700
Warning: All percentages zero/invalid in row 25701
Warning: All percentages zero/invalid in row 25702
Warning: All percentages zero/invalid in row 25703
Warning: All percentages zero/invalid in row 25704
Warning: All percentages zero/invalid in row 25705
Warning: All percentages zero/invalid in row 25706
Warning: All percentages zero/invalid in row 25707
Warning: All percentages zero/invalid in row 25708
Warning: All percentages zero/invalid in row 25709
Warning: All percentages zero/invalid in row 25710
Warning: All percentages zero/invalid in row 25711
Warning: All percentages zero/invalid in row 25712
Warning: All percentages zero/invalid in row 25713
Warning: All percentages zero/invalid in row 25714
Warning: All percentages zero/invalid in row 25715
Warning: All percentages zero/invalid in row 25716
Warning: All percentages zero/invalid in row 25717
Warning: All percentages zero/invalid in row 25718
Warning: All percentages zero/invalid in row 25719
Warning: All percentages zero/invalid in row 25720
Warning: All percentages zero/invalid in row 25721
Warning: All percentages zero/invalid in row 25722
Warning: All percentages zero/invalid in row 25723
Warning: All percentages zero/invalid in row 25724
Warning: All percentages zero/invalid in row 25725
Warning: All percentages zero/invalid in row 25726
Warning: All percentages zero/invalid in row 25727
Warning: All percentages zero/invalid in row 25728
Warning: All percentages zero/invalid in row 25729
Warning: All percentages zero/invalid in row 25730
Warning: All percentages zero/invalid in row 25731
Warning: All percentages zero/invalid in row 25732
Warning: All percentages zero/invalid in row 25733
Warning: All percentages zero/invalid in row 25734
Warning: All percentages zero/invalid in row 25735
Warning: All percentages zero/invalid in row 25736
Warning: All percentages zero/invalid in row 25737
Warning: All percentages zero/invalid in row 25738
Warning: All percentages zero/invalid in row 25739
Warning: All percentages zero/invalid in row 25740
Warning: All percentages zero/invalid in row 25741
Warning: All percentages zero/invalid in row 25742
Warning: All percentages zero/invalid in row 25743
Warning: All percentages zero/invalid in row 25744
Warning: All percentages zero/invalid in row 25745
Warning: All percentages zero/invalid in row 25746
Warning: All percentages zero/invalid in row 25747
Warning: All percentages zero/invalid in row 25748
Warning: All percentages zero/invalid in row 25749
Warning: All percentages zero/invalid in row 25750
Warning: All percentages zero/invalid in row 25751
Warning: All percentages zero/invalid in row 25752
Warning: All percentages zero/invalid in row 25753
Warning: All percentages zero/invalid in row 25754
Warning: All percentages zero/invalid in row 25755
Warning: All percentages zero/invalid in row 25756
Warning: All percentages zero/invalid in row 25757
Warning: All percentages zero/invalid in row 25758
Warning: All percentages zero/invalid in row 25759
Warning: All percentages zero/invalid in row 25760
Warning: All percentages zero/invalid in row 25761
Warning: All percentages zero/invalid in row 25762
Warning: All percentages zero/invalid in row 25763
Warning: All percentages zero/invalid in row 25764
Warning: All percentages zero/invalid in row 25765
Warning: All percentages zero/invalid in row 25766
Warning: All percentages zero/invalid in row 25767
Warning: All percentages zero/invalid in row 25768
Warning: All percentages zero/invalid in row 25769
Warning: All percentages zero/invalid in row 25770
Warning: All percentages zero/invalid in row 25771
Warning: All percentages zero/invalid in row 25772
Warning: All percentages zero/invalid in row 25773
Warning: All percentages zero/invalid in row 25774
Warning: All percentages zero/invalid in row 25775
Warning: All percentages zero/invalid in row 25776
Warning: All percentages zero/invalid in row 25777
Warning: All percentages zero/invalid in row 25778
Warning: All percentages zero/invalid in row 25779
Warning: All percentages zero/invalid in row 25780
Warning: All percentages zero/invalid in row 25781
Warning: All percentages zero/invalid in row 25782
Warning: All percentages zero/invalid in row 25783
Warning: All percentages zero/invalid in row 25784
Warning: All percentages zero/invalid in row 25785
Warning: All percentages zero/invalid in row 25786
Warning: All percentages zero/invalid in row 25787
Warning: All percentages zero/invalid in row 25788
Warning: All percentages zero/invalid in row 25789
Warning: All percentages zero/invalid in row 25790
Warning: All percentages zero/invalid in row 25791
Warning: All percentages zero/invalid in row 25792
Warning: All percentages zero/invalid in row 25793
Warning: All percentages zero/invalid in row 25794
Warning: All percentages zero/invalid in row 25795
Warning: All percentages zero/invalid in row 25796
Warning: All percentages zero/invalid in row 25797
Warning: All percentages zero/invalid in row 25798
Warning: All percentages zero/invalid in row 25799
Warning: All percentages zero/invalid in row 25800
Warning: All percentages zero/invalid in row 25801
Warning: All percentages zero/invalid in row 25802
Warning: All percentages zero/invalid in row 25803
Warning: All percentages zero/invalid in row 25804
Warning: All percentages zero/invalid in row 25805
Warning: All percentages zero/invalid in row 25806
Warning: All percentages zero/invalid in row 25807
Warning: All percentages zero/invalid in row 25808
Warning: All percentages zero/invalid in row 25809
Warning: All percentages zero/invalid in row 25810
Warning: All percentages zero/invalid in row 25811
Warning: All percentages zero/invalid in row 25812
Warning: All percentages zero/invalid in row 25813
Warning: All percentages zero/invalid in row 25814
Warning: All percentages zero/invalid in row 25815
Warning: All percentages zero/invalid in row 25816
Warning: All percentages zero/invalid in row 25817
Warning: All percentages zero/invalid in row 25818
Warning: All percentages zero/invalid in row 25819
Warning: All percentages zero/invalid in row 25820
Warning: All percentages zero/invalid in row 25821
Warning: All percentages zero/invalid in row 25822
Warning: All percentages zero/invalid in row 25823
Warning: All percentages zero/invalid in row 25824
Warning: All percentages zero/invalid in row 25825
Warning: All percentages zero/invalid in row 25826
Warning: All percentages zero/invalid in row 25827
Warning: All percentages zero/invalid in row 25828
Warning: All percentages zero/invalid in row 25829
Warning: All percentages zero/invalid in row 25830
Warning: All percentages zero/invalid in row 25831
Warning: All percentages zero/invalid in row 25832
Warning: All percentages zero/invalid in row 25833
Warning: All percentages zero/invalid in row 25834
Warning: All percentages zero/invalid in row 25835
Warning: All percentages zero/invalid in row 25836
Warning: All percentages zero/invalid in row 25837
Warning: All percentages zero/invalid in row 25838
Warning: All percentages zero/invalid in row 25839
Warning: All percentages zero/invalid in row 25840
Warning: All percentages zero/invalid in row 25841
Warning: All percentages zero/invalid in row 25842
Warning: All percentages zero/invalid in row 25843
Warning: All percentages zero/invalid in row 25844
Warning: All percentages zero/invalid in row 25845
Warning: All percentages zero/invalid in row 25846
Warning: All percentages zero/invalid in row 25847
Warning: All percentages zero/invalid in row 25848
Warning: All percentages zero/invalid in row 25849
Warning: All percentages zero/invalid in row 25850
Warning: All percentages zero/invalid in row 25851
Warning: All percentages zero/invalid in row 25852
Warning: All percentages zero/invalid in row 25853
Warning: All percentages zero/invalid in row 25854
Warning: All percentages zero/invalid in row 25855
Warning: All percentages zero/invalid in row 25856
Warning: All percentages zero/invalid in row 25858
Warning: All percentages zero/invalid in row 25859
Warning: All percentages zero/invalid in row 25860
Warning: All percentages zero/invalid in row 25861
Warning: All percentages zero/invalid in row 25862
Warning: All percentages zero/invalid in row 25863
Warning: All percentages zero/invalid in row 25864
Warning: All percentages zero/invalid in row 25865
Warning: All percentages zero/invalid in row 25866
Warning: All percentages zero/invalid in row 25867
Warning: All percentages zero/invalid in row 25868
Warning: All percentages zero/invalid in row 25869
Warning: All percentages zero/invalid in row 25870
Warning: All percentages zero/invalid in row 25871
Warning: All percentages zero/invalid in row 25872
Warning: All percentages zero/invalid in row 25873
Warning: All percentages zero/invalid in row 25874
Warning: All percentages zero/invalid in row 25875
Warning: All percentages zero/invalid in row 25876
Warning: All percentages zero/invalid in row 25877
Warning: All percentages zero/invalid in row 25878
Warning: All percentages zero/invalid in row 25879
Warning: All percentages zero/invalid in row 25880
Warning: All percentages zero/invalid in row 25881
Warning: All percentages zero/invalid in row 25882
Warning: All percentages zero/invalid in row 25883
Warning: All percentages zero/invalid in row 25884
Warning: All percentages zero/invalid in row 25885
Warning: All percentages zero/invalid in row 25886
Warning: All percentages zero/invalid in row 25887
Warning: All percentages zero/invalid in row 25888
Warning: All percentages zero/invalid in row 25889
Warning: All percentages zero/invalid in row 25890
Warning: All percentages zero/invalid in row 25891
Warning: All percentages zero/invalid in row 25892
Warning: All percentages zero/invalid in row 25893
Warning: All percentages zero/invalid in row 25894
Warning: All percentages zero/invalid in row 25895
Warning: All percentages zero/invalid in row 25896
Warning: All percentages zero/invalid in row 25897
Warning: All percentages zero/invalid in row 25898
Warning: All percentages zero/invalid in row 25899
Warning: All percentages zero/invalid in row 25900
Warning: All percentages zero/invalid in row 25901
Warning: All percentages zero/invalid in row 25902
Warning: All percentages zero/invalid in row 25903
Warning: All percentages zero/invalid in row 25904
Warning: All percentages zero/invalid in row 25905
Warning: All percentages zero/invalid in row 25906
Warning: All percentages zero/invalid in row 25907
Warning: All percentages zero/invalid in row 25908
Warning: All percentages zero/invalid in row 25909
Warning: All percentages zero/invalid in row 25910
Warning: All percentages zero/invalid in row 25911
Warning: All percentages zero/invalid in row 25912
Warning: All percentages zero/invalid in row 25913
Warning: All percentages zero/invalid in row 25914
Warning: All percentages zero/invalid in row 25915
Warning: All percentages zero/invalid in row 25916
Warning: All percentages zero/invalid in row 25917
Warning: All percentages zero/invalid in row 25918
Warning: All percentages zero/invalid in row 25919
Warning: All percentages zero/invalid in row 25920
Warning: All percentages zero/invalid in row 25921
Warning: All percentages zero/invalid in row 25922
Warning: All percentages zero/invalid in row 25923
Warning: All percentages zero/invalid in row 25924
Warning: All percentages zero/invalid in row 25925
Warning: All percentages zero/invalid in row 25926
Warning: All percentages zero/invalid in row 25927
Warning: All percentages zero/invalid in row 25928
Warning: All percentages zero/invalid in row 25929
Warning: All percentages zero/invalid in row 25930
Warning: All percentages zero/invalid in row 25931
Warning: All percentages zero/invalid in row 25932
Warning: All percentages zero/invalid in row 25933
Warning: All percentages zero/invalid in row 25934
Warning: All percentages zero/invalid in row 25938
Warning: All percentages zero/invalid in row 25939
Warning: All percentages zero/invalid in row 25940
Warning: All percentages zero/invalid in row 25942
Warning: All percentages zero/invalid in row 25943
Warning: All percentages zero/invalid in row 25944
Warning: All percentages zero/invalid in row 25945
Warning: All percentages zero/invalid in row 25946
Warning: All percentages zero/invalid in row 25947
Warning: All percentages zero/invalid in row 25948
Warning: All percentages zero/invalid in row 25949
Warning: All percentages zero/invalid in row 25950
Warning: All percentages zero/invalid in row 25951
Warning: All percentages zero/invalid in row 25954
Warning: All percentages zero/invalid in row 25956
Warning: All percentages zero/invalid in row 25957
Warning: All percentages zero/invalid in row 25960
Warning: All percentages zero/invalid in row 25961
Warning: All percentages zero/invalid in row 25962
Warning: All percentages zero/invalid in row 25963
Warning: All percentages zero/invalid in row 25964
Warning: All percentages zero/invalid in row 25965
Warning: All percentages zero/invalid in row 25966
Warning: All percentages zero/invalid in row 25969
Warning: All percentages zero/invalid in row 25970
Warning: All percentages zero/invalid in row 25971
Warning: All percentages zero/invalid in row 25972
Warning: All percentages zero/invalid in row 25973
Warning: All percentages zero/invalid in row 25974
Warning: All percentages zero/invalid in row 25975
Warning: All percentages zero/invalid in row 25976
Warning: All percentages zero/invalid in row 25977
Warning: All percentages zero/invalid in row 25978
Warning: All percentages zero/invalid in row 25979
Warning: All percentages zero/invalid in row 25980
Warning: All percentages zero/invalid in row 25988
Warning: All percentages zero/invalid in row 25989
Warning: All percentages zero/invalid in row 25990
Warning: All percentages zero/invalid in row 25991
Warning: All percentages zero/invalid in row 25992
Warning: All percentages zero/invalid in row 25993
Warning: All percentages zero/invalid in row 25994
Warning: All percentages zero/invalid in row 25995
Warning: All percentages zero/invalid in row 25996
Warning: All percentages zero/invalid in row 25997
Warning: All percentages zero/invalid in row 25998
Warning: All percentages zero/invalid in row 25999
Warning: All percentages zero/invalid in row 26000
Warning: All percentages zero/invalid in row 26001
Warning: All percentages zero/invalid in row 26002
Warning: All percentages zero/invalid in row 26003
Warning: All percentages zero/invalid in row 26004
Warning: All percentages zero/invalid in row 26005
Warning: All percentages zero/invalid in row 26006
Warning: All percentages zero/invalid in row 26007
Warning: All percentages zero/invalid in row 26008
Warning: All percentages zero/invalid in row 26009
Warning: All percentages zero/invalid in row 26010
Warning: All percentages zero/invalid in row 26011
Warning: All percentages zero/invalid in row 26012
Warning: All percentages zero/invalid in row 26013
Warning: All percentages zero/invalid in row 26014
Warning: All percentages zero/invalid in row 26015
Warning: All percentages zero/invalid in row 26016
Warning: All percentages zero/invalid in row 26017
Warning: All percentages zero/invalid in row 26018
Warning: All percentages zero/invalid in row 26019
Warning: All percentages zero/invalid in row 26020
Warning: All percentages zero/invalid in row 26021
Warning: All percentages zero/invalid in row 26022
Warning: All percentages zero/invalid in row 26024
Warning: All percentages zero/invalid in row 26026
Warning: All percentages zero/invalid in row 26027
Warning: All percentages zero/invalid in row 26028
Warning: All percentages zero/invalid in row 26029
Warning: All percentages zero/invalid in row 26031
Warning: All percentages zero/invalid in row 26032
Warning: All percentages zero/invalid in row 26035
Warning: All percentages zero/invalid in row 26036
Warning: All percentages zero/invalid in row 26037
Warning: All percentages zero/invalid in row 26173
Warning: All percentages zero/invalid in row 26217
Warning: All percentages zero/invalid in row 26326
Warning: All percentages zero/invalid in row 26399
Warning: All percentages zero/invalid in row 26451
Warning: All percentages zero/invalid in row 26470
Warning: All percentages zero/invalid in row 26473
Warning: All percentages zero/invalid in row 26479
Warning: All percentages zero/invalid in row 26484
Warning: All percentages zero/invalid in row 26488
Warning: All percentages zero/invalid in row 26493
Warning: All percentages zero/invalid in row 26496
Warning: All percentages zero/invalid in row 26525
Warning: All percentages zero/invalid in row 26566
Warning: All percentages zero/invalid in row 26569
Warning: All percentages zero/invalid in row 26658
Warning: All percentages zero/invalid in row 26972
Warning: All percentages zero/invalid in row 26973
Warning: All percentages zero/invalid in row 26975
Warning: All percentages zero/invalid in row 26976
Warning: All percentages zero/invalid in row 27025
Warning: All percentages zero/invalid in row 27105
Warning: All percentages zero/invalid in row 27108
Warning: All percentages zero/invalid in row 27109
Warning: All percentages zero/invalid in row 27110
Warning: All percentages zero/invalid in row 27111
Warning: All percentages zero/invalid in row 27112
Warning: All percentages zero/invalid in row 27113
Warning: All percentages zero/invalid in row 27114
Warning: All percentages zero/invalid in row 27115
Warning: All percentages zero/invalid in row 27116
Warning: All percentages zero/invalid in row 27117
Warning: All percentages zero/invalid in row 27118
Warning: All percentages zero/invalid in row 27119
Warning: All percentages zero/invalid in row 27120
Warning: All percentages zero/invalid in row 27121
Warning: All percentages zero/invalid in row 27122
Warning: All percentages zero/invalid in row 27123
Warning: All percentages zero/invalid in row 27124
Warning: All percentages zero/invalid in row 27125
Warning: All percentages zero/invalid in row 27126
Warning: All percentages zero/invalid in row 27127
Warning: All percentages zero/invalid in row 27128
Warning: All percentages zero/invalid in row 27129
Warning: All percentages zero/invalid in row 27130
Warning: All percentages zero/invalid in row 27135
Warning: All percentages zero/invalid in row 27136
Warning: All percentages zero/invalid in row 27139
Warning: All percentages zero/invalid in row 27141
Warning: All percentages zero/invalid in row 27142
Warning: All percentages zero/invalid in row 27143
Warning: All percentages zero/invalid in row 27144
Warning: All percentages zero/invalid in row 27145
Warning: All percentages zero/invalid in row 27146
Warning: All percentages zero/invalid in row 27148
Warning: All percentages zero/invalid in row 27152
Warning: All percentages zero/invalid in row 27153
Warning: All percentages zero/invalid in row 27154
Warning: All percentages zero/invalid in row 27164
Warning: All percentages zero/invalid in row 27165
Warning: All percentages zero/invalid in row 27166
Warning: All percentages zero/invalid in row 27167
Warning: All percentages zero/invalid in row 27168
Warning: All percentages zero/invalid in row 27169
Warning: All percentages zero/invalid in row 27170
Warning: All percentages zero/invalid in row 27171
Warning: All percentages zero/invalid in row 27172
Warning: All percentages zero/invalid in row 27174
Warning: All percentages zero/invalid in row 27176
Warning: All percentages zero/invalid in row 27177
Warning: All percentages zero/invalid in row 27178
Warning: All percentages zero/invalid in row 27179
Warning: All percentages zero/invalid in row 27180
Warning: All percentages zero/invalid in row 27181
Warning: All percentages zero/invalid in row 27182
Warning: All percentages zero/invalid in row 27183
Warning: All percentages zero/invalid in row 27189
Warning: All percentages zero/invalid in row 27205
Warning: All percentages zero/invalid in row 27206
Warning: All percentages zero/invalid in row 27207
Warning: All percentages zero/invalid in row 27208
Warning: All percentages zero/invalid in row 27209
Warning: All percentages zero/invalid in row 27210
Warning: All percentages zero/invalid in row 27211
Warning: All percentages zero/invalid in row 27212
Warning: All percentages zero/invalid in row 27213
Warning: All percentages zero/invalid in row 27214
Warning: All percentages zero/invalid in row 27215
Warning: All percentages zero/invalid in row 27216
Warning: All percentages zero/invalid in row 27217
Warning: All percentages zero/invalid in row 27218
Warning: All percentages zero/invalid in row 27219
Warning: All percentages zero/invalid in row 27220
Warning: All percentages zero/invalid in row 27221
Warning: All percentages zero/invalid in row 27222
Warning: All percentages zero/invalid in row 27223
Warning: All percentages zero/invalid in row 27224
Warning: All percentages zero/invalid in row 27225
Warning: All percentages zero/invalid in row 27226
Warning: All percentages zero/invalid in row 27227
Warning: All percentages zero/invalid in row 27229
Warning: All percentages zero/invalid in row 27230
Warning: All percentages zero/invalid in row 27232
Warning: All percentages zero/invalid in row 27233
Warning: All percentages zero/invalid in row 27234
Warning: All percentages zero/invalid in row 27235
Warning: All percentages zero/invalid in row 27236
Warning: All percentages zero/invalid in row 27237
Warning: All percentages zero/invalid in row 27238
Warning: All percentages zero/invalid in row 27239
Warning: All percentages zero/invalid in row 27240
Warning: All percentages zero/invalid in row 27241
Warning: All percentages zero/invalid in row 27242
Warning: All percentages zero/invalid in row 27243
Warning: All percentages zero/invalid in row 27244
Warning: All percentages zero/invalid in row 27245
Warning: All percentages zero/invalid in row 27246
Warning: All percentages zero/invalid in row 27247
Warning: All percentages zero/invalid in row 27248
Warning: All percentages zero/invalid in row 27249
Warning: All percentages zero/invalid in row 27250
Warning: All percentages zero/invalid in row 27251
Warning: All percentages zero/invalid in row 27252
Warning: All percentages zero/invalid in row 27253
Warning: All percentages zero/invalid in row 27254
Warning: All percentages zero/invalid in row 27255
Warning: All percentages zero/invalid in row 27256
Warning: All percentages zero/invalid in row 27257
Warning: All percentages zero/invalid in row 27258
Warning: All percentages zero/invalid in row 27259
Warning: All percentages zero/invalid in row 27260
Warning: All percentages zero/invalid in row 27261
Warning: All percentages zero/invalid in row 27262
Warning: All percentages zero/invalid in row 27263
Warning: All percentages zero/invalid in row 27264
Warning: All percentages zero/invalid in row 27265
Warning: All percentages zero/invalid in row 27266
Warning: All percentages zero/invalid in row 27267
Warning: All percentages zero/invalid in row 27268
Warning: All percentages zero/invalid in row 27269
Warning: All percentages zero/invalid in row 27270
Warning: All percentages zero/invalid in row 27271
Warning: All percentages zero/invalid in row 27272
Warning: All percentages zero/invalid in row 27273
Warning: All percentages zero/invalid in row 27274
Warning: All percentages zero/invalid in row 27275
Warning: All percentages zero/invalid in row 27276
Warning: All percentages zero/invalid in row 27277
Warning: All percentages zero/invalid in row 27278
Warning: All percentages zero/invalid in row 27279
Warning: All percentages zero/invalid in row 27280
Warning: All percentages zero/invalid in row 27281
Warning: All percentages zero/invalid in row 27282
Warning: All percentages zero/invalid in row 27283
Warning: All percentages zero/invalid in row 27284
Warning: All percentages zero/invalid in row 27285
Warning: All percentages zero/invalid in row 27286
Warning: All percentages zero/invalid in row 27287
Warning: All percentages zero/invalid in row 27288
Warning: All percentages zero/invalid in row 27289
Warning: All percentages zero/invalid in row 27290
Warning: All percentages zero/invalid in row 27291
Warning: All percentages zero/invalid in row 27292
Warning: All percentages zero/invalid in row 27293
Warning: All percentages zero/invalid in row 27294
Warning: All percentages zero/invalid in row 27295
Warning: All percentages zero/invalid in row 27296
Warning: All percentages zero/invalid in row 27297
Warning: All percentages zero/invalid in row 27298
Warning: All percentages zero/invalid in row 27299
Warning: All percentages zero/invalid in row 27300
Warning: All percentages zero/invalid in row 27301
Warning: All percentages zero/invalid in row 27302
Warning: All percentages zero/invalid in row 27303
Warning: All percentages zero/invalid in row 27304
Warning: All percentages zero/invalid in row 27305
Warning: All percentages zero/invalid in row 27306
Warning: All percentages zero/invalid in row 27307
Warning: All percentages zero/invalid in row 27308
Warning: All percentages zero/invalid in row 27309
Warning: All percentages zero/invalid in row 27310
Warning: All percentages zero/invalid in row 27311
Warning: All percentages zero/invalid in row 27312
Warning: All percentages zero/invalid in row 27313
Warning: All percentages zero/invalid in row 27314
Warning: All percentages zero/invalid in row 27315
Warning: All percentages zero/invalid in row 27316
Warning: All percentages zero/invalid in row 27317
Warning: All percentages zero/invalid in row 27318
Warning: All percentages zero/invalid in row 27319
Warning: All percentages zero/invalid in row 27320
Warning: All percentages zero/invalid in row 27321
Warning: All percentages zero/invalid in row 27322
Warning: All percentages zero/invalid in row 27323
Warning: All percentages zero/invalid in row 27324
Warning: All percentages zero/invalid in row 27325
Warning: All percentages zero/invalid in row 27326
Warning: All percentages zero/invalid in row 27327
Warning: All percentages zero/invalid in row 27328
Warning: All percentages zero/invalid in row 27329
Warning: All percentages zero/invalid in row 27330
Warning: All percentages zero/invalid in row 27331
Warning: All percentages zero/invalid in row 27332
Warning: All percentages zero/invalid in row 27333
Warning: All percentages zero/invalid in row 27334
Warning: All percentages zero/invalid in row 27335
Warning: All percentages zero/invalid in row 27336
Warning: All percentages zero/invalid in row 27337
Warning: All percentages zero/invalid in row 27338
Warning: All percentages zero/invalid in row 27339
Warning: All percentages zero/invalid in row 27340
Warning: All percentages zero/invalid in row 27341
Warning: All percentages zero/invalid in row 27342
Warning: All percentages zero/invalid in row 27343
Warning: All percentages zero/invalid in row 27344
Warning: All percentages zero/invalid in row 27345
Warning: All percentages zero/invalid in row 27346
Warning: All percentages zero/invalid in row 27347
Warning: All percentages zero/invalid in row 27348
Warning: All percentages zero/invalid in row 27349
Warning: All percentages zero/invalid in row 27350
Warning: All percentages zero/invalid in row 27351
Warning: All percentages zero/invalid in row 27352
Warning: All percentages zero/invalid in row 27353
Warning: All percentages zero/invalid in row 27354
Warning: All percentages zero/invalid in row 27355
Warning: All percentages zero/invalid in row 27356
Warning: All percentages zero/invalid in row 27357
Warning: All percentages zero/invalid in row 27358
Warning: All percentages zero/invalid in row 27359
Warning: All percentages zero/invalid in row 27360
Warning: All percentages zero/invalid in row 27361
Warning: All percentages zero/invalid in row 27362
Warning: All percentages zero/invalid in row 27363
Warning: All percentages zero/invalid in row 27364
Warning: All percentages zero/invalid in row 27365
Warning: All percentages zero/invalid in row 27366
Warning: All percentages zero/invalid in row 27367
Warning: All percentages zero/invalid in row 27368
Warning: All percentages zero/invalid in row 27369
Warning: All percentages zero/invalid in row 27370
Warning: All percentages zero/invalid in row 27371
Warning: All percentages zero/invalid in row 27372
Warning: All percentages zero/invalid in row 27373
Warning: All percentages zero/invalid in row 27374
Warning: All percentages zero/invalid in row 27375
Warning: All percentages zero/invalid in row 27376
Warning: All percentages zero/invalid in row 27377
Warning: All percentages zero/invalid in row 27378
Warning: All percentages zero/invalid in row 27379
Warning: All percentages zero/invalid in row 27380
Warning: All percentages zero/invalid in row 27381
Warning: All percentages zero/invalid in row 27382
Warning: All percentages zero/invalid in row 27383
Warning: All percentages zero/invalid in row 27384
Warning: All percentages zero/invalid in row 27385
Warning: All percentages zero/invalid in row 27386
Warning: All percentages zero/invalid in row 27387
Warning: All percentages zero/invalid in row 27388
Warning: All percentages zero/invalid in row 27389
Warning: All percentages zero/invalid in row 27390
Warning: All percentages zero/invalid in row 27391
Warning: All percentages zero/invalid in row 27392
Warning: All percentages zero/invalid in row 27393
Warning: All percentages zero/invalid in row 27394
Warning: All percentages zero/invalid in row 27395
Warning: All percentages zero/invalid in row 27396
Warning: All percentages zero/invalid in row 27397
Warning: All percentages zero/invalid in row 27398
Warning: All percentages zero/invalid in row 27399
Warning: All percentages zero/invalid in row 27400
Warning: All percentages zero/invalid in row 27401
Warning: All percentages zero/invalid in row 27402
Warning: All percentages zero/invalid in row 27403
Warning: All percentages zero/invalid in row 27404
Warning: All percentages zero/invalid in row 27405
Warning: All percentages zero/invalid in row 27406
Warning: All percentages zero/invalid in row 27407
Warning: All percentages zero/invalid in row 27408
Warning: All percentages zero/invalid in row 27409
Warning: All percentages zero/invalid in row 27410
Warning: All percentages zero/invalid in row 27411
Warning: All percentages zero/invalid in row 27412
Warning: All percentages zero/invalid in row 27413
Warning: All percentages zero/invalid in row 27414
Warning: All percentages zero/invalid in row 27415
Warning: All percentages zero/invalid in row 27416
Warning: All percentages zero/invalid in row 27417
Warning: All percentages zero/invalid in row 27418
Warning: All percentages zero/invalid in row 27419
Warning: All percentages zero/invalid in row 27420
Warning: All percentages zero/invalid in row 27421
Warning: All percentages zero/invalid in row 27422
Warning: All percentages zero/invalid in row 27423
Warning: All percentages zero/invalid in row 27424
Warning: All percentages zero/invalid in row 27425
Warning: All percentages zero/invalid in row 27426
Warning: All percentages zero/invalid in row 27427
Warning: All percentages zero/invalid in row 27428
Warning: All percentages zero/invalid in row 27429
Warning: All percentages zero/invalid in row 27430
Warning: All percentages zero/invalid in row 27431
Warning: All percentages zero/invalid in row 27432
Warning: All percentages zero/invalid in row 27433
Warning: All percentages zero/invalid in row 27434
Warning: All percentages zero/invalid in row 27435
Warning: All percentages zero/invalid in row 27436
Warning: All percentages zero/invalid in row 27437
Warning: All percentages zero/invalid in row 27438
Warning: All percentages zero/invalid in row 27439
Warning: All percentages zero/invalid in row 27440
Warning: All percentages zero/invalid in row 27441
Warning: All percentages zero/invalid in row 27442
Warning: All percentages zero/invalid in row 27443
Warning: All percentages zero/invalid in row 27444
Warning: All percentages zero/invalid in row 27445
Warning: All percentages zero/invalid in row 27446
Warning: All percentages zero/invalid in row 27447
Warning: All percentages zero/invalid in row 27448
Warning: All percentages zero/invalid in row 27449
Warning: All percentages zero/invalid in row 27450
Warning: All percentages zero/invalid in row 27451
Warning: All percentages zero/invalid in row 27452
Warning: All percentages zero/invalid in row 27453
Warning: All percentages zero/invalid in row 27454
Warning: All percentages zero/invalid in row 27455
Warning: All percentages zero/invalid in row 27456
Warning: All percentages zero/invalid in row 27457
Warning: All percentages zero/invalid in row 27458
Warning: All percentages zero/invalid in row 27459
Warning: All percentages zero/invalid in row 27460
Warning: All percentages zero/invalid in row 27461
Warning: All percentages zero/invalid in row 27462
Warning: All percentages zero/invalid in row 27463
Warning: All percentages zero/invalid in row 27464
Warning: All percentages zero/invalid in row 27465
Warning: All percentages zero/invalid in row 27466
Warning: All percentages zero/invalid in row 27467
Warning: All percentages zero/invalid in row 27468
Warning: All percentages zero/invalid in row 27469
Warning: All percentages zero/invalid in row 27470
Warning: All percentages zero/invalid in row 27471
Warning: All percentages zero/invalid in row 27472
Warning: All percentages zero/invalid in row 27473
Warning: All percentages zero/invalid in row 27474
Warning: All percentages zero/invalid in row 27475
Warning: All percentages zero/invalid in row 27476
Warning: All percentages zero/invalid in row 27477
Warning: All percentages zero/invalid in row 27478
Warning: All percentages zero/invalid in row 27479
Warning: All percentages zero/invalid in row 27480
Warning: All percentages zero/invalid in row 27481
Warning: All percentages zero/invalid in row 27482
Warning: All percentages zero/invalid in row 27483
Warning: All percentages zero/invalid in row 27484
Warning: All percentages zero/invalid in row 27485
Warning: All percentages zero/invalid in row 27486
Warning: All percentages zero/invalid in row 27487
Warning: All percentages zero/invalid in row 27488
Warning: All percentages zero/invalid in row 27489
Warning: All percentages zero/invalid in row 27490
Warning: All percentages zero/invalid in row 27491
Warning: All percentages zero/invalid in row 27492
Warning: All percentages zero/invalid in row 27493
Warning: All percentages zero/invalid in row 27494
Warning: All percentages zero/invalid in row 27495
Warning: All percentages zero/invalid in row 27496
Warning: All percentages zero/invalid in row 27497
Warning: All percentages zero/invalid in row 27498
Warning: All percentages zero/invalid in row 27499
Warning: All percentages zero/invalid in row 27500
Warning: All percentages zero/invalid in row 27501
Warning: All percentages zero/invalid in row 27502
Warning: All percentages zero/invalid in row 27503
Warning: All percentages zero/invalid in row 27504
Warning: All percentages zero/invalid in row 27505
Warning: All percentages zero/invalid in row 27506
Warning: All percentages zero/invalid in row 27507
Warning: All percentages zero/invalid in row 27508
Warning: All percentages zero/invalid in row 27509
Warning: All percentages zero/invalid in row 27510
Warning: All percentages zero/invalid in row 27511
Warning: All percentages zero/invalid in row 27512
Warning: All percentages zero/invalid in row 27513
Warning: All percentages zero/invalid in row 27514
Warning: All percentages zero/invalid in row 27515
Warning: All percentages zero/invalid in row 27516
Warning: All percentages zero/invalid in row 27517
Warning: All percentages zero/invalid in row 27518
Warning: All percentages zero/invalid in row 27519
Warning: All percentages zero/invalid in row 27520
Warning: All percentages zero/invalid in row 27521
Warning: All percentages zero/invalid in row 27522
Warning: All percentages zero/invalid in row 27523
Warning: All percentages zero/invalid in row 27524
Warning: All percentages zero/invalid in row 27525
Warning: All percentages zero/invalid in row 27526
Warning: All percentages zero/invalid in row 27527
Warning: All percentages zero/invalid in row 27528
Warning: All percentages zero/invalid in row 27529
Warning: All percentages zero/invalid in row 27530
Warning: All percentages zero/invalid in row 27531
Warning: All percentages zero/invalid in row 27532
Warning: All percentages zero/invalid in row 27533
Warning: All percentages zero/invalid in row 27534
Warning: All percentages zero/invalid in row 27535
Warning: All percentages zero/invalid in row 27536
Warning: All percentages zero/invalid in row 27537
Warning: All percentages zero/invalid in row 27538
Warning: All percentages zero/invalid in row 27539
Warning: All percentages zero/invalid in row 27540
Warning: All percentages zero/invalid in row 27541
Warning: All percentages zero/invalid in row 27542
Warning: All percentages zero/invalid in row 27543
Warning: All percentages zero/invalid in row 27544
Warning: All percentages zero/invalid in row 27545
Warning: All percentages zero/invalid in row 27546
Warning: All percentages zero/invalid in row 27547
Warning: All percentages zero/invalid in row 27548
Warning: All percentages zero/invalid in row 27549
Warning: All percentages zero/invalid in row 27550
Warning: All percentages zero/invalid in row 27551
Warning: All percentages zero/invalid in row 27552
Warning: All percentages zero/invalid in row 27553
Warning: All percentages zero/invalid in row 27554
Warning: All percentages zero/invalid in row 27555
Warning: All percentages zero/invalid in row 27556
Warning: All percentages zero/invalid in row 27557
Warning: All percentages zero/invalid in row 27558
Warning: All percentages zero/invalid in row 27559
Warning: All percentages zero/invalid in row 27560
Warning: All percentages zero/invalid in row 27561
Warning: All percentages zero/invalid in row 27562
Warning: All percentages zero/invalid in row 27563
Warning: All percentages zero/invalid in row 27564
Warning: All percentages zero/invalid in row 27565
Warning: All percentages zero/invalid in row 27566
Warning: All percentages zero/invalid in row 27567
Warning: All percentages zero/invalid in row 27568
Warning: All percentages zero/invalid in row 27569
Warning: All percentages zero/invalid in row 27570
Warning: All percentages zero/invalid in row 27571
Warning: All percentages zero/invalid in row 27572
Warning: All percentages zero/invalid in row 27573
Warning: All percentages zero/invalid in row 27574
Warning: All percentages zero/invalid in row 27575
Warning: All percentages zero/invalid in row 27576
Warning: All percentages zero/invalid in row 27577
Warning: All percentages zero/invalid in row 27578
Warning: All percentages zero/invalid in row 27579
Warning: All percentages zero/invalid in row 27580
Warning: All percentages zero/invalid in row 27581
Warning: All percentages zero/invalid in row 27582
Warning: All percentages zero/invalid in row 27583
Warning: All percentages zero/invalid in row 27584
Warning: All percentages zero/invalid in row 27585
Warning: All percentages zero/invalid in row 27586
Warning: All percentages zero/invalid in row 27587
Warning: All percentages zero/invalid in row 27588
Warning: All percentages zero/invalid in row 27589
Warning: All percentages zero/invalid in row 27590
Warning: All percentages zero/invalid in row 27591
Warning: All percentages zero/invalid in row 27592
Warning: All percentages zero/invalid in row 27593
Warning: All percentages zero/invalid in row 27594
Warning: All percentages zero/invalid in row 27595
Warning: All percentages zero/invalid in row 27596
Warning: All percentages zero/invalid in row 27597
Warning: All percentages zero/invalid in row 27598
Warning: All percentages zero/invalid in row 27599
Warning: All percentages zero/invalid in row 27600
Warning: All percentages zero/invalid in row 27601
Warning: All percentages zero/invalid in row 27602
Warning: All percentages zero/invalid in row 27603
Warning: All percentages zero/invalid in row 27604
Warning: All percentages zero/invalid in row 27605
Warning: All percentages zero/invalid in row 27606
Warning: All percentages zero/invalid in row 27607
Warning: All percentages zero/invalid in row 27608
Warning: All percentages zero/invalid in row 27609
Warning: All percentages zero/invalid in row 27610
Warning: All percentages zero/invalid in row 27611
Warning: All percentages zero/invalid in row 27612
Warning: All percentages zero/invalid in row 27613
Warning: All percentages zero/invalid in row 27614
Warning: All percentages zero/invalid in row 27615
Warning: All percentages zero/invalid in row 27617
Warning: All percentages zero/invalid in row 27618
Warning: All percentages zero/invalid in row 27619
Warning: All percentages zero/invalid in row 27621
Warning: All percentages zero/invalid in row 27622
Warning: All percentages zero/invalid in row 27623
Warning: All percentages zero/invalid in row 27624
Warning: All percentages zero/invalid in row 27625
Warning: All percentages zero/invalid in row 27626
Warning: All percentages zero/invalid in row 27627
Warning: All percentages zero/invalid in row 27628
Warning: All percentages zero/invalid in row 27629
Warning: All percentages zero/invalid in row 27630
Warning: All percentages zero/invalid in row 27631
Warning: All percentages zero/invalid in row 27632
Warning: All percentages zero/invalid in row 27633
Warning: All percentages zero/invalid in row 27634
Warning: All percentages zero/invalid in row 27635
Warning: All percentages zero/invalid in row 27638
Warning: All percentages zero/invalid in row 27640
Warning: All percentages zero/invalid in row 27641
Warning: All percentages zero/invalid in row 27643
Warning: All percentages zero/invalid in row 27644
Warning: All percentages zero/invalid in row 27645
Warning: All percentages zero/invalid in row 27650
Warning: All percentages zero/invalid in row 27651
Warning: All percentages zero/invalid in row 27653
Warning: All percentages zero/invalid in row 27654
Warning: All percentages zero/invalid in row 27655
Warning: All percentages zero/invalid in row 27656
Warning: All percentages zero/invalid in row 27657
Warning: All percentages zero/invalid in row 27663
Warning: All percentages zero/invalid in row 27664
Warning: All percentages zero/invalid in row 27666
Warning: All percentages zero/invalid in row 27667
Warning: All percentages zero/invalid in row 27668
Warning: All percentages zero/invalid in row 27669
Warning: All percentages zero/invalid in row 27670
Warning: All percentages zero/invalid in row 27673
Warning: All percentages zero/invalid in row 27674
Warning: All percentages zero/invalid in row 27675
Warning: All percentages zero/invalid in row 27676
Warning: All percentages zero/invalid in row 27677
Warning: All percentages zero/invalid in row 27679
Warning: All percentages zero/invalid in row 27680
Warning: All percentages zero/invalid in row 27681
Warning: All percentages zero/invalid in row 27682
Warning: All percentages zero/invalid in row 27683
Warning: All percentages zero/invalid in row 27684
Warning: All percentages zero/invalid in row 27685
Warning: All percentages zero/invalid in row 27686
Warning: All percentages zero/invalid in row 27687
Warning: All percentages zero/invalid in row 27688
Warning: All percentages zero/invalid in row 27689
Warning: All percentages zero/invalid in row 27690
Warning: All percentages zero/invalid in row 27691
Warning: All percentages zero/invalid in row 27692
Warning: All percentages zero/invalid in row 27693
Warning: All percentages zero/invalid in row 27694
Warning: All percentages zero/invalid in row 27695
Warning: All percentages zero/invalid in row 27696
Warning: All percentages zero/invalid in row 27697
Warning: All percentages zero/invalid in row 27698
Warning: All percentages zero/invalid in row 27699
Warning: All percentages zero/invalid in row 27700
Warning: All percentages zero/invalid in row 27701
Warning: All percentages zero/invalid in row 27702
Warning: All percentages zero/invalid in row 27703
Warning: All percentages zero/invalid in row 27704
Warning: All percentages zero/invalid in row 27705
Warning: All percentages zero/invalid in row 27706
Warning: All percentages zero/invalid in row 27707
Warning: All percentages zero/invalid in row 27708
Warning: All percentages zero/invalid in row 27709
Warning: All percentages zero/invalid in row 27710
Warning: All percentages zero/invalid in row 27711
Warning: All percentages zero/invalid in row 27712
Warning: All percentages zero/invalid in row 27713
Warning: All percentages zero/invalid in row 27714
Warning: All percentages zero/invalid in row 27715
Warning: All percentages zero/invalid in row 27716
Warning: All percentages zero/invalid in row 27717
Warning: All percentages zero/invalid in row 27718
Warning: All percentages zero/invalid in row 27719
Warning: All percentages zero/invalid in row 27720
Warning: All percentages zero/invalid in row 27721
Warning: All percentages zero/invalid in row 27722
Warning: All percentages zero/invalid in row 27723
Warning: All percentages zero/invalid in row 27724
Warning: All percentages zero/invalid in row 27725
Warning: All percentages zero/invalid in row 27726
Warning: All percentages zero/invalid in row 27727
Warning: All percentages zero/invalid in row 27728
Warning: All percentages zero/invalid in row 27729
Warning: All percentages zero/invalid in row 27730
Warning: All percentages zero/invalid in row 27731
Warning: All percentages zero/invalid in row 27732
Warning: All percentages zero/invalid in row 27733
Warning: All percentages zero/invalid in row 27734
Warning: All percentages zero/invalid in row 27735
Warning: All percentages zero/invalid in row 27736
Warning: All percentages zero/invalid in row 27737
Warning: All percentages zero/invalid in row 27738
Warning: All percentages zero/invalid in row 27739
Warning: All percentages zero/invalid in row 27740
Warning: All percentages zero/invalid in row 27741
Warning: All percentages zero/invalid in row 27742
Warning: All percentages zero/invalid in row 27743
Warning: All percentages zero/invalid in row 27744
Warning: All percentages zero/invalid in row 27745
Warning: All percentages zero/invalid in row 27746
Warning: All percentages zero/invalid in row 27747
Warning: All percentages zero/invalid in row 27748
Warning: All percentages zero/invalid in row 27749
Warning: All percentages zero/invalid in row 27750
Warning: All percentages zero/invalid in row 27751
Warning: All percentages zero/invalid in row 27752
Warning: All percentages zero/invalid in row 27753
Warning: All percentages zero/invalid in row 27754
Warning: All percentages zero/invalid in row 27755
Warning: All percentages zero/invalid in row 27756
Warning: All percentages zero/invalid in row 27757
Warning: All percentages zero/invalid in row 27758
Warning: All percentages zero/invalid in row 27759
Warning: All percentages zero/invalid in row 27760
Warning: All percentages zero/invalid in row 27761
Warning: All percentages zero/invalid in row 27762
Warning: All percentages zero/invalid in row 27763
Warning: All percentages zero/invalid in row 27764
Warning: All percentages zero/invalid in row 27765
Warning: All percentages zero/invalid in row 27766
Warning: All percentages zero/invalid in row 27767
Warning: All percentages zero/invalid in row 27768
Warning: All percentages zero/invalid in row 27769
Warning: All percentages zero/invalid in row 27770
Warning: All percentages zero/invalid in row 27771
Warning: All percentages zero/invalid in row 27772
Warning: All percentages zero/invalid in row 27773
Warning: All percentages zero/invalid in row 27774
Warning: All percentages zero/invalid in row 27775
Warning: All percentages zero/invalid in row 27776
Warning: All percentages zero/invalid in row 27777
Warning: All percentages zero/invalid in row 27778
Warning: All percentages zero/invalid in row 27779
Warning: All percentages zero/invalid in row 27780
Warning: All percentages zero/invalid in row 27781
Warning: All percentages zero/invalid in row 27782
Warning: All percentages zero/invalid in row 27783
Warning: All percentages zero/invalid in row 27784
Warning: All percentages zero/invalid in row 27785
Warning: All percentages zero/invalid in row 27786
Warning: All percentages zero/invalid in row 27787
Warning: All percentages zero/invalid in row 27788
Warning: All percentages zero/invalid in row 27789
Warning: All percentages zero/invalid in row 27790
Warning: All percentages zero/invalid in row 27791
Warning: All percentages zero/invalid in row 27792
Warning: All percentages zero/invalid in row 27793
Warning: All percentages zero/invalid in row 27794
Warning: All percentages zero/invalid in row 27795
Warning: All percentages zero/invalid in row 27797
Warning: All percentages zero/invalid in row 27858
Warning: All percentages zero/invalid in row 27859
Warning: All percentages zero/invalid in row 27860
Warning: All percentages zero/invalid in row 27861
Warning: All percentages zero/invalid in row 27862
Warning: All percentages zero/invalid in row 27863
Warning: All percentages zero/invalid in row 27900
Warning: All percentages zero/invalid in row 27901
Warning: All percentages zero/invalid in row 27902
Warning: All percentages zero/invalid in row 27903
Warning: All percentages zero/invalid in row 27904
Warning: All percentages zero/invalid in row 27905
Warning: All percentages zero/invalid in row 27906
Warning: All percentages zero/invalid in row 27907
Warning: All percentages zero/invalid in row 27908
Warning: All percentages zero/invalid in row 27909
Warning: All percentages zero/invalid in row 27910
Warning: All percentages zero/invalid in row 27911
Warning: All percentages zero/invalid in row 27912
Warning: All percentages zero/invalid in row 27913
Warning: All percentages zero/invalid in row 27914
Warning: All percentages zero/invalid in row 27915
Warning: All percentages zero/invalid in row 27916
Warning: All percentages zero/invalid in row 27917
Warning: All percentages zero/invalid in row 27918
Warning: All percentages zero/invalid in row 27919
Warning: All percentages zero/invalid in row 27920
Warning: All percentages zero/invalid in row 27921
Warning: All percentages zero/invalid in row 27922
Warning: All percentages zero/invalid in row 27923
Warning: All percentages zero/invalid in row 27924
Warning: All percentages zero/invalid in row 27925
Warning: All percentages zero/invalid in row 27926
Warning: All percentages zero/invalid in row 27927
Warning: All percentages zero/invalid in row 27928
Warning: All percentages zero/invalid in row 27929
Warning: All percentages zero/invalid in row 27930
Warning: All percentages zero/invalid in row 27931
Warning: All percentages zero/invalid in row 27932
Warning: All percentages zero/invalid in row 27933
Warning: All percentages zero/invalid in row 27934
Warning: All percentages zero/invalid in row 27935
Warning: All percentages zero/invalid in row 27936
Warning: All percentages zero/invalid in row 27937
Warning: All percentages zero/invalid in row 27938
Warning: All percentages zero/invalid in row 27939
Warning: All percentages zero/invalid in row 27940
Warning: All percentages zero/invalid in row 27941
Warning: All percentages zero/invalid in row 27942
Warning: All percentages zero/invalid in row 27943
Warning: All percentages zero/invalid in row 27944
Warning: All percentages zero/invalid in row 27945
Warning: All percentages zero/invalid in row 27946
Warning: All percentages zero/invalid in row 27947
Warning: All percentages zero/invalid in row 27948
Warning: All percentages zero/invalid in row 27949
Warning: All percentages zero/invalid in row 27950
Warning: All percentages zero/invalid in row 27951
Warning: All percentages zero/invalid in row 27952
Warning: All percentages zero/invalid in row 27953
Warning: All percentages zero/invalid in row 27954
Warning: All percentages zero/invalid in row 27955
Warning: All percentages zero/invalid in row 27956
Warning: All percentages zero/invalid in row 27957
Warning: All percentages zero/invalid in row 27958
Warning: All percentages zero/invalid in row 27959
Warning: All percentages zero/invalid in row 27960
Warning: All percentages zero/invalid in row 27961
Warning: All percentages zero/invalid in row 27962
Warning: All percentages zero/invalid in row 27963
Warning: All percentages zero/invalid in row 27964
Warning: All percentages zero/invalid in row 27965
Warning: All percentages zero/invalid in row 27966
Warning: All percentages zero/invalid in row 27967
Warning: All percentages zero/invalid in row 27968
Warning: All percentages zero/invalid in row 27969
Warning: All percentages zero/invalid in row 27970
Warning: All percentages zero/invalid in row 27971
Warning: All percentages zero/invalid in row 27973
Warning: All percentages zero/invalid in row 27974
Warning: All percentages zero/invalid in row 27975
Warning: All percentages zero/invalid in row 27976
Warning: All percentages zero/invalid in row 27977
Warning: All percentages zero/invalid in row 27978
Warning: All percentages zero/invalid in row 27979
Warning: All percentages zero/invalid in row 27980
Warning: All percentages zero/invalid in row 27981
Warning: All percentages zero/invalid in row 27982
Warning: All percentages zero/invalid in row 27983
Warning: All percentages zero/invalid in row 27984
Warning: All percentages zero/invalid in row 27985
Warning: All percentages zero/invalid in row 27986
Warning: All percentages zero/invalid in row 27987
Warning: All percentages zero/invalid in row 27988
Warning: All percentages zero/invalid in row 27989
Warning: All percentages zero/invalid in row 27990
Warning: All percentages zero/invalid in row 27991
Warning: All percentages zero/invalid in row 27992
Warning: All percentages zero/invalid in row 27993
Warning: All percentages zero/invalid in row 27994
Warning: All percentages zero/invalid in row 27995
Warning: All percentages zero/invalid in row 27996
Warning: All percentages zero/invalid in row 27998
Warning: All percentages zero/invalid in row 28000
Warning: All percentages zero/invalid in row 28018
Warning: All percentages zero/invalid in row 28026
Warning: All percentages zero/invalid in row 28027
Warning: All percentages zero/invalid in row 28028
Warning: All percentages zero/invalid in row 28029
Warning: All percentages zero/invalid in row 28030
Warning: All percentages zero/invalid in row 28031
Warning: All percentages zero/invalid in row 28032
Warning: All percentages zero/invalid in row 28033
Warning: All percentages zero/invalid in row 28034
Warning: All percentages zero/invalid in row 28035
Warning: All percentages zero/invalid in row 28045
Warning: All percentages zero/invalid in row 28047
Warning: All percentages zero/invalid in row 28057
Warning: All percentages zero/invalid in row 28058
Warning: All percentages zero/invalid in row 28059
Warning: All percentages zero/invalid in row 28066
Warning: All percentages zero/invalid in row 28071
Warning: All percentages zero/invalid in row 28072
Warning: All percentages zero/invalid in row 28073
Warning: All percentages zero/invalid in row 28074
Warning: All percentages zero/invalid in row 28075
Warning: All percentages zero/invalid in row 28076
Warning: All percentages zero/invalid in row 28077
Warning: All percentages zero/invalid in row 28078
Warning: All percentages zero/invalid in row 28079
Warning: All percentages zero/invalid in row 28083
Warning: All percentages zero/invalid in row 28084
Warning: All percentages zero/invalid in row 28085
Warning: All percentages zero/invalid in row 28088
Warning: All percentages zero/invalid in row 28090
Warning: All percentages zero/invalid in row 28091
Warning: All percentages zero/invalid in row 28096
Warning: All percentages zero/invalid in row 28101
Warning: All percentages zero/invalid in row 28102
Warning: All percentages zero/invalid in row 28104
Warning: All percentages zero/invalid in row 28106
Warning: All percentages zero/invalid in row 28108
Warning: All percentages zero/invalid in row 28110
Warning: All percentages zero/invalid in row 28112
Warning: All percentages zero/invalid in row 28113
Warning: All percentages zero/invalid in row 28114
Warning: All percentages zero/invalid in row 28115
Warning: All percentages zero/invalid in row 28116
Warning: All percentages zero/invalid in row 28119
Warning: All percentages zero/invalid in row 28120
Warning: All percentages zero/invalid in row 28121
Warning: All percentages zero/invalid in row 28122
Warning: All percentages zero/invalid in row 28123
Warning: All percentages zero/invalid in row 28124
Warning: All percentages zero/invalid in row 28125
Warning: All percentages zero/invalid in row 28126
Warning: All percentages zero/invalid in row 28128
Warning: All percentages zero/invalid in row 28129
Warning: All percentages zero/invalid in row 28130
Warning: All percentages zero/invalid in row 28131
Warning: All percentages zero/invalid in row 28132
Warning: All percentages zero/invalid in row 28133
Warning: All percentages zero/invalid in row 28134
Warning: All percentages zero/invalid in row 28135
Warning: All percentages zero/invalid in row 28136
Warning: All percentages zero/invalid in row 28137
Warning: All percentages zero/invalid in row 28138
Warning: All percentages zero/invalid in row 28139
Warning: All percentages zero/invalid in row 28140
Warning: All percentages zero/invalid in row 28141
Warning: All percentages zero/invalid in row 28142
Warning: All percentages zero/invalid in row 28144
Warning: All percentages zero/invalid in row 28145
Warning: All percentages zero/invalid in row 28146
Warning: All percentages zero/invalid in row 28147
Warning: All percentages zero/invalid in row 28149
Warning: All percentages zero/invalid in row 28150
Warning: All percentages zero/invalid in row 28152
Warning: All percentages zero/invalid in row 28154
Warning: All percentages zero/invalid in row 28155
Warning: All percentages zero/invalid in row 28157
Warning: All percentages zero/invalid in row 28159
Warning: All percentages zero/invalid in row 28160
Warning: All percentages zero/invalid in row 28161
Warning: All percentages zero/invalid in row 28162
Warning: All percentages zero/invalid in row 28163
Warning: All percentages zero/invalid in row 28164
Warning: All percentages zero/invalid in row 28165
Warning: All percentages zero/invalid in row 28166
Warning: All percentages zero/invalid in row 28227
Warning: All percentages zero/invalid in row 28228
Warning: All percentages zero/invalid in row 28229
Warning: All percentages zero/invalid in row 28230
Warning: All percentages zero/invalid in row 28231
Warning: All percentages zero/invalid in row 28232
Warning: All percentages zero/invalid in row 28233
Warning: All percentages zero/invalid in row 28234
Warning: All percentages zero/invalid in row 28235
Warning: All percentages zero/invalid in row 28278
Warning: All percentages zero/invalid in row 28307
Warning: All percentages zero/invalid in row 28308
Warning: All percentages zero/invalid in row 28309
Warning: All percentages zero/invalid in row 28310
Warning: All percentages zero/invalid in row 28311
Warning: All percentages zero/invalid in row 28312
Warning: All percentages zero/invalid in row 28313
Warning: All percentages zero/invalid in row 28314
Warning: All percentages zero/invalid in row 28315
Warning: All percentages zero/invalid in row 28316
Warning: All percentages zero/invalid in row 28317
Warning: All percentages zero/invalid in row 28318
Warning: All percentages zero/invalid in row 28319
Warning: All percentages zero/invalid in row 28320
Warning: All percentages zero/invalid in row 28321
Warning: All percentages zero/invalid in row 28322
Warning: All percentages zero/invalid in row 28323
Warning: All percentages zero/invalid in row 28324
Warning: All percentages zero/invalid in row 28325
Warning: All percentages zero/invalid in row 28326
Warning: All percentages zero/invalid in row 28327
Warning: All percentages zero/invalid in row 28328
Warning: All percentages zero/invalid in row 28329
Warning: All percentages zero/invalid in row 28330
Warning: All percentages zero/invalid in row 28331
Warning: All percentages zero/invalid in row 28332
Warning: All percentages zero/invalid in row 28333
Warning: All percentages zero/invalid in row 28334
Warning: All percentages zero/invalid in row 28335
Warning: All percentages zero/invalid in row 28336
Warning: All percentages zero/invalid in row 28337
Warning: All percentages zero/invalid in row 28338
Warning: All percentages zero/invalid in row 28339
Warning: All percentages zero/invalid in row 28340
Warning: All percentages zero/invalid in row 28341
Warning: All percentages zero/invalid in row 28342
Warning: All percentages zero/invalid in row 28343
Warning: All percentages zero/invalid in row 28344
Warning: All percentages zero/invalid in row 28345
Warning: All percentages zero/invalid in row 28346
Warning: All percentages zero/invalid in row 28347
Warning: All percentages zero/invalid in row 28348
Warning: All percentages zero/invalid in row 28349
Warning: All percentages zero/invalid in row 28350
Warning: All percentages zero/invalid in row 28351
Warning: All percentages zero/invalid in row 28352
Warning: All percentages zero/invalid in row 28353
Warning: All percentages zero/invalid in row 28354
Warning: All percentages zero/invalid in row 28355
Warning: All percentages zero/invalid in row 28356
Warning: All percentages zero/invalid in row 28357
Warning: All percentages zero/invalid in row 28358
Warning: All percentages zero/invalid in row 28359
Warning: All percentages zero/invalid in row 28360
Warning: All percentages zero/invalid in row 28361
Warning: All percentages zero/invalid in row 28362
Warning: All percentages zero/invalid in row 28363
Warning: All percentages zero/invalid in row 28364
Warning: All percentages zero/invalid in row 28365
Warning: All percentages zero/invalid in row 28366
Warning: All percentages zero/invalid in row 28367
Warning: All percentages zero/invalid in row 28368
Warning: All percentages zero/invalid in row 28369
Warning: All percentages zero/invalid in row 28370
Warning: All percentages zero/invalid in row 28371
Warning: All percentages zero/invalid in row 28372
Warning: All percentages zero/invalid in row 28373
Warning: All percentages zero/invalid in row 28374
Warning: All percentages zero/invalid in row 28375
Warning: All percentages zero/invalid in row 28376
Warning: All percentages zero/invalid in row 28377
Warning: All percentages zero/invalid in row 28378
Warning: All percentages zero/invalid in row 28379
Warning: All percentages zero/invalid in row 28380
Warning: All percentages zero/invalid in row 28381
Warning: All percentages zero/invalid in row 28382
Warning: All percentages zero/invalid in row 28383
Warning: All percentages zero/invalid in row 28384
Warning: All percentages zero/invalid in row 28385
Warning: All percentages zero/invalid in row 28386
Warning: All percentages zero/invalid in row 28387
Warning: All percentages zero/invalid in row 28388
Warning: All percentages zero/invalid in row 28389
Warning: All percentages zero/invalid in row 28390
Warning: All percentages zero/invalid in row 28391
Warning: All percentages zero/invalid in row 28392
Warning: All percentages zero/invalid in row 28408
Warning: All percentages zero/invalid in row 28409
Warning: All percentages zero/invalid in row 28410
Warning: All percentages zero/invalid in row 28411
Warning: All percentages zero/invalid in row 28412
Warning: All percentages zero/invalid in row 28413
Warning: All percentages zero/invalid in row 28414
Warning: All percentages zero/invalid in row 28415
Warning: All percentages zero/invalid in row 28416
Warning: All percentages zero/invalid in row 28417
Warning: All percentages zero/invalid in row 28418
Warning: All percentages zero/invalid in row 28419
Warning: All percentages zero/invalid in row 28420
Warning: All percentages zero/invalid in row 28421
Warning: All percentages zero/invalid in row 28422
Warning: All percentages zero/invalid in row 28423
Warning: All percentages zero/invalid in row 28424
Warning: All percentages zero/invalid in row 28425
Warning: All percentages zero/invalid in row 28426
Warning: All percentages zero/invalid in row 28427
Warning: All percentages zero/invalid in row 28428
Warning: All percentages zero/invalid in row 28429
Warning: All percentages zero/invalid in row 28430
Warning: All percentages zero/invalid in row 28431
Warning: All percentages zero/invalid in row 28432
Warning: All percentages zero/invalid in row 28433
Warning: All percentages zero/invalid in row 28434
Warning: All percentages zero/invalid in row 28435
Warning: All percentages zero/invalid in row 28436
Warning: All percentages zero/invalid in row 28438
Warning: All percentages zero/invalid in row 28439
Warning: All percentages zero/invalid in row 28440
Warning: All percentages zero/invalid in row 28441
Warning: All percentages zero/invalid in row 28442
Warning: All percentages zero/invalid in row 28443
Warning: All percentages zero/invalid in row 28444
Warning: All percentages zero/invalid in row 28447
Warning: All percentages zero/invalid in row 28448
Warning: All percentages zero/invalid in row 28449
Warning: All percentages zero/invalid in row 28450
Warning: All percentages zero/invalid in row 28451
Warning: All percentages zero/invalid in row 28452
Warning: All percentages zero/invalid in row 28453
Warning: All percentages zero/invalid in row 28454
Warning: All percentages zero/invalid in row 28455
Warning: All percentages zero/invalid in row 28456
Warning: All percentages zero/invalid in row 28457
Warning: All percentages zero/invalid in row 28458
Warning: All percentages zero/invalid in row 28459
Warning: All percentages zero/invalid in row 28460
Warning: All percentages zero/invalid in row 28461
Warning: All percentages zero/invalid in row 28462
Warning: All percentages zero/invalid in row 28463
Warning: All percentages zero/invalid in row 28464
Warning: All percentages zero/invalid in row 28465
Warning: All percentages zero/invalid in row 28466
Warning: All percentages zero/invalid in row 28467
Warning: All percentages zero/invalid in row 28468
Warning: All percentages zero/invalid in row 28469
Warning: All percentages zero/invalid in row 28470
Warning: All percentages zero/invalid in row 28471
Warning: All percentages zero/invalid in row 28472
Warning: All percentages zero/invalid in row 28473
Warning: All percentages zero/invalid in row 28474
Warning: All percentages zero/invalid in row 28475
Warning: All percentages zero/invalid in row 28476
Warning: All percentages zero/invalid in row 28477
Warning: All percentages zero/invalid in row 28478
Warning: All percentages zero/invalid in row 28479
Warning: All percentages zero/invalid in row 28480
Warning: All percentages zero/invalid in row 28481
Warning: All percentages zero/invalid in row 28482
Warning: All percentages zero/invalid in row 28483
Warning: All percentages zero/invalid in row 28484
Warning: All percentages zero/invalid in row 28485
Warning: All percentages zero/invalid in row 28486
Warning: All percentages zero/invalid in row 28487
Warning: All percentages zero/invalid in row 28488
Warning: All percentages zero/invalid in row 28489
Warning: All percentages zero/invalid in row 28490
Warning: All percentages zero/invalid in row 28491
Warning: All percentages zero/invalid in row 28492
Warning: All percentages zero/invalid in row 28493
Warning: All percentages zero/invalid in row 28494
Warning: All percentages zero/invalid in row 28495
Warning: All percentages zero/invalid in row 28496
Warning: All percentages zero/invalid in row 28497
Warning: All percentages zero/invalid in row 28498
Warning: All percentages zero/invalid in row 28499
Warning: All percentages zero/invalid in row 28500
Warning: All percentages zero/invalid in row 28501
Warning: All percentages zero/invalid in row 28502
Warning: All percentages zero/invalid in row 28503
Warning: All percentages zero/invalid in row 28504
Warning: All percentages zero/invalid in row 28505
Warning: All percentages zero/invalid in row 28506
Warning: All percentages zero/invalid in row 28507
Warning: All percentages zero/invalid in row 28508
Warning: All percentages zero/invalid in row 28509
Warning: All percentages zero/invalid in row 28510
Warning: All percentages zero/invalid in row 28511
Warning: All percentages zero/invalid in row 28512
Warning: All percentages zero/invalid in row 28513
Warning: All percentages zero/invalid in row 28514
Warning: All percentages zero/invalid in row 28515
Warning: All percentages zero/invalid in row 28516
Warning: All percentages zero/invalid in row 28517
Warning: All percentages zero/invalid in row 28518
Warning: All percentages zero/invalid in row 28519
Warning: All percentages zero/invalid in row 28520
Warning: All percentages zero/invalid in row 28521
Warning: All percentages zero/invalid in row 28522
Warning: All percentages zero/invalid in row 28523
Warning: All percentages zero/invalid in row 28524
Warning: All percentages zero/invalid in row 28525
Warning: All percentages zero/invalid in row 28526
Warning: All percentages zero/invalid in row 28527
Warning: All percentages zero/invalid in row 28528
Warning: All percentages zero/invalid in row 28529
Warning: All percentages zero/invalid in row 28530
Warning: All percentages zero/invalid in row 28531
Warning: All percentages zero/invalid in row 28532
Warning: All percentages zero/invalid in row 28533
Warning: All percentages zero/invalid in row 28534
Warning: All percentages zero/invalid in row 28535
Warning: All percentages zero/invalid in row 28536
Warning: All percentages zero/invalid in row 28537
Warning: All percentages zero/invalid in row 28538
Warning: All percentages zero/invalid in row 28539
Warning: All percentages zero/invalid in row 28540
Warning: All percentages zero/invalid in row 28542
Warning: All percentages zero/invalid in row 28544
Warning: All percentages zero/invalid in row 28545
Warning: All percentages zero/invalid in row 28546
Warning: All percentages zero/invalid in row 28547
Warning: All percentages zero/invalid in row 28548
Warning: All percentages zero/invalid in row 28549
Warning: All percentages zero/invalid in row 28552
Warning: All percentages zero/invalid in row 28553
Warning: All percentages zero/invalid in row 28554
Warning: All percentages zero/invalid in row 28555
Warning: All percentages zero/invalid in row 28556
Warning: All percentages zero/invalid in row 28557
Warning: All percentages zero/invalid in row 28558
Warning: All percentages zero/invalid in row 28559
Warning: All percentages zero/invalid in row 28560
Warning: All percentages zero/invalid in row 28561
Warning: All percentages zero/invalid in row 28562
Warning: All percentages zero/invalid in row 28563
Warning: All percentages zero/invalid in row 28564
Warning: All percentages zero/invalid in row 28565
Warning: All percentages zero/invalid in row 28566
Warning: All percentages zero/invalid in row 28567
Warning: All percentages zero/invalid in row 28568
Warning: All percentages zero/invalid in row 28569
Warning: All percentages zero/invalid in row 28570
Warning: All percentages zero/invalid in row 28571
Warning: All percentages zero/invalid in row 28572
Warning: All percentages zero/invalid in row 28573
Warning: All percentages zero/invalid in row 28574
Warning: All percentages zero/invalid in row 28575
Warning: All percentages zero/invalid in row 28576
Warning: All percentages zero/invalid in row 28577
Warning: All percentages zero/invalid in row 28578
Warning: All percentages zero/invalid in row 28579
Warning: All percentages zero/invalid in row 28580
Warning: All percentages zero/invalid in row 28581
Warning: All percentages zero/invalid in row 28582
Warning: All percentages zero/invalid in row 28583
Warning: All percentages zero/invalid in row 28584
Warning: All percentages zero/invalid in row 28585
Warning: All percentages zero/invalid in row 28586
Warning: All percentages zero/invalid in row 28587
Warning: All percentages zero/invalid in row 28588
Warning: All percentages zero/invalid in row 28589
Warning: All percentages zero/invalid in row 28590
Warning: All percentages zero/invalid in row 28591
Warning: All percentages zero/invalid in row 28592
Warning: All percentages zero/invalid in row 28593
Warning: All percentages zero/invalid in row 28594
Warning: All percentages zero/invalid in row 28595
Warning: All percentages zero/invalid in row 28596
Warning: All percentages zero/invalid in row 28597
Warning: All percentages zero/invalid in row 28598
Warning: All percentages zero/invalid in row 28599
Warning: All percentages zero/invalid in row 28600
Warning: All percentages zero/invalid in row 28601
Warning: All percentages zero/invalid in row 28602
Warning: All percentages zero/invalid in row 28603
Warning: All percentages zero/invalid in row 28604
Warning: All percentages zero/invalid in row 28605
Warning: All percentages zero/invalid in row 28606
Warning: All percentages zero/invalid in row 28607
Warning: All percentages zero/invalid in row 28608
Warning: All percentages zero/invalid in row 28609
Warning: All percentages zero/invalid in row 28610
Warning: All percentages zero/invalid in row 28611
Warning: All percentages zero/invalid in row 28612
Warning: All percentages zero/invalid in row 28613
Warning: All percentages zero/invalid in row 28614
Warning: All percentages zero/invalid in row 28615
Warning: All percentages zero/invalid in row 28616
Warning: All percentages zero/invalid in row 28617
Warning: All percentages zero/invalid in row 28618
Warning: All percentages zero/invalid in row 28619
Warning: All percentages zero/invalid in row 28620
Warning: All percentages zero/invalid in row 28621
Warning: All percentages zero/invalid in row 28622
Warning: All percentages zero/invalid in row 28623
Warning: All percentages zero/invalid in row 28624
Warning: All percentages zero/invalid in row 28625
Warning: All percentages zero/invalid in row 28626
Warning: All percentages zero/invalid in row 28627
Warning: All percentages zero/invalid in row 28628
Warning: All percentages zero/invalid in row 28629
Warning: All percentages zero/invalid in row 28630
Warning: All percentages zero/invalid in row 28631
Warning: All percentages zero/invalid in row 28632
Warning: All percentages zero/invalid in row 28633
Warning: All percentages zero/invalid in row 28634
Warning: All percentages zero/invalid in row 28635
Warning: All percentages zero/invalid in row 28636
Warning: All percentages zero/invalid in row 28637
Warning: All percentages zero/invalid in row 28638
Warning: All percentages zero/invalid in row 28639
Warning: All percentages zero/invalid in row 28640
Warning: All percentages zero/invalid in row 28641
Warning: All percentages zero/invalid in row 28642
Warning: All percentages zero/invalid in row 28643
Warning: All percentages zero/invalid in row 28644
Warning: All percentages zero/invalid in row 28645
Warning: All percentages zero/invalid in row 28646
Warning: All percentages zero/invalid in row 28647
Warning: All percentages zero/invalid in row 28648
Warning: All percentages zero/invalid in row 28649
Warning: All percentages zero/invalid in row 28650
Warning: All percentages zero/invalid in row 28651
Warning: All percentages zero/invalid in row 28652
Warning: All percentages zero/invalid in row 28653
Warning: All percentages zero/invalid in row 28654
Warning: All percentages zero/invalid in row 28655
Warning: All percentages zero/invalid in row 28656
Warning: All percentages zero/invalid in row 28657
Warning: All percentages zero/invalid in row 28658
Warning: All percentages zero/invalid in row 28659
Warning: All percentages zero/invalid in row 28660
Warning: All percentages zero/invalid in row 28661
Warning: All percentages zero/invalid in row 28662
Warning: All percentages zero/invalid in row 28663
Warning: All percentages zero/invalid in row 28664
Warning: All percentages zero/invalid in row 28665
Warning: All percentages zero/invalid in row 28666
Warning: All percentages zero/invalid in row 28667
Warning: All percentages zero/invalid in row 28668
Warning: All percentages zero/invalid in row 28669
Warning: All percentages zero/invalid in row 28670
Warning: All percentages zero/invalid in row 28671
Warning: All percentages zero/invalid in row 28672
Warning: All percentages zero/invalid in row 28673
Warning: All percentages zero/invalid in row 28674
Warning: All percentages zero/invalid in row 28675
Warning: All percentages zero/invalid in row 28676
Warning: All percentages zero/invalid in row 28677
Warning: All percentages zero/invalid in row 28678
Warning: All percentages zero/invalid in row 28679
Warning: All percentages zero/invalid in row 28680
Warning: All percentages zero/invalid in row 28681
Warning: All percentages zero/invalid in row 28682
Warning: All percentages zero/invalid in row 28683
Warning: All percentages zero/invalid in row 28684
Warning: All percentages zero/invalid in row 28685
Warning: All percentages zero/invalid in row 28686
Warning: All percentages zero/invalid in row 28687
Warning: All percentages zero/invalid in row 28688
Warning: All percentages zero/invalid in row 28689
Warning: All percentages zero/invalid in row 28690
Warning: All percentages zero/invalid in row 28691
Warning: All percentages zero/invalid in row 28692
Warning: All percentages zero/invalid in row 28693
Warning: All percentages zero/invalid in row 28694
Warning: All percentages zero/invalid in row 28695
Warning: All percentages zero/invalid in row 28696
Warning: All percentages zero/invalid in row 28697
Warning: All percentages zero/invalid in row 28698
Warning: All percentages zero/invalid in row 28699
Warning: All percentages zero/invalid in row 28700
Warning: All percentages zero/invalid in row 28701
Warning: All percentages zero/invalid in row 28702
Warning: All percentages zero/invalid in row 28703
Warning: All percentages zero/invalid in row 28704
Warning: All percentages zero/invalid in row 28705
Warning: All percentages zero/invalid in row 28706
Warning: All percentages zero/invalid in row 28707
Warning: All percentages zero/invalid in row 28708
Warning: All percentages zero/invalid in row 28709
Warning: All percentages zero/invalid in row 28710
Warning: All percentages zero/invalid in row 28711
Warning: All percentages zero/invalid in row 28712
Warning: All percentages zero/invalid in row 28713
Warning: All percentages zero/invalid in row 28714
Warning: All percentages zero/invalid in row 28715
Warning: All percentages zero/invalid in row 28716
Warning: All percentages zero/invalid in row 28717
Warning: All percentages zero/invalid in row 28718
Warning: All percentages zero/invalid in row 28719
Warning: All percentages zero/invalid in row 28720
Warning: All percentages zero/invalid in row 28721
Warning: All percentages zero/invalid in row 28722
Warning: All percentages zero/invalid in row 28723
Warning: All percentages zero/invalid in row 28724
Warning: All percentages zero/invalid in row 28725
Warning: All percentages zero/invalid in row 28726
Warning: All percentages zero/invalid in row 28727
Warning: All percentages zero/invalid in row 28728
Warning: All percentages zero/invalid in row 28729
Warning: All percentages zero/invalid in row 28730
Warning: All percentages zero/invalid in row 28731
Warning: All percentages zero/invalid in row 28732
Warning: All percentages zero/invalid in row 28733
Warning: All percentages zero/invalid in row 28734
Warning: All percentages zero/invalid in row 28735
Warning: All percentages zero/invalid in row 28737
Warning: All percentages zero/invalid in row 28738
Warning: All percentages zero/invalid in row 28739
Warning: All percentages zero/invalid in row 28740
Warning: All percentages zero/invalid in row 28741
Warning: All percentages zero/invalid in row 28742
Warning: All percentages zero/invalid in row 28743
Warning: All percentages zero/invalid in row 28744
Warning: All percentages zero/invalid in row 28745
Warning: All percentages zero/invalid in row 28746
Warning: All percentages zero/invalid in row 28747
Warning: All percentages zero/invalid in row 28748
Warning: All percentages zero/invalid in row 28749
Warning: All percentages zero/invalid in row 28750
Warning: All percentages zero/invalid in row 28751
Warning: All percentages zero/invalid in row 28752
Warning: All percentages zero/invalid in row 28753
Warning: All percentages zero/invalid in row 28754
Warning: All percentages zero/invalid in row 28755
Warning: All percentages zero/invalid in row 28756
Warning: All percentages zero/invalid in row 28757
Warning: All percentages zero/invalid in row 28758
Warning: All percentages zero/invalid in row 28759
Warning: All percentages zero/invalid in row 28760
Warning: All percentages zero/invalid in row 28761
Warning: All percentages zero/invalid in row 28762
Warning: All percentages zero/invalid in row 28763
Warning: All percentages zero/invalid in row 28764
Warning: All percentages zero/invalid in row 28765
Warning: All percentages zero/invalid in row 28766
Warning: All percentages zero/invalid in row 28767
Warning: All percentages zero/invalid in row 28768
Warning: All percentages zero/invalid in row 28769
Warning: All percentages zero/invalid in row 28770
Warning: All percentages zero/invalid in row 28771
Warning: All percentages zero/invalid in row 28772
Warning: All percentages zero/invalid in row 28773
Warning: All percentages zero/invalid in row 28774
Warning: All percentages zero/invalid in row 28775
Warning: All percentages zero/invalid in row 28776
Warning: All percentages zero/invalid in row 28777
Warning: All percentages zero/invalid in row 28778
Warning: All percentages zero/invalid in row 28779
Warning: All percentages zero/invalid in row 28780
Warning: All percentages zero/invalid in row 28781
Warning: All percentages zero/invalid in row 28782
Warning: All percentages zero/invalid in row 28783
Warning: All percentages zero/invalid in row 28784
Warning: All percentages zero/invalid in row 28785
Warning: All percentages zero/invalid in row 28786
Warning: All percentages zero/invalid in row 28787
Warning: All percentages zero/invalid in row 28788
Warning: All percentages zero/invalid in row 28789
Warning: All percentages zero/invalid in row 28790
Warning: All percentages zero/invalid in row 28791
Warning: All percentages zero/invalid in row 28792
Warning: All percentages zero/invalid in row 28793
Warning: All percentages zero/invalid in row 28794
Warning: All percentages zero/invalid in row 28795
Warning: All percentages zero/invalid in row 28796
Warning: All percentages zero/invalid in row 28797
Warning: All percentages zero/invalid in row 28798
Warning: All percentages zero/invalid in row 28799
Warning: All percentages zero/invalid in row 28800
Warning: All percentages zero/invalid in row 28801
Warning: All percentages zero/invalid in row 28802
Warning: All percentages zero/invalid in row 28803
Warning: All percentages zero/invalid in row 28804
Warning: All percentages zero/invalid in row 28805
Warning: All percentages zero/invalid in row 28806
Warning: All percentages zero/invalid in row 28807
Warning: All percentages zero/invalid in row 28808
Warning: All percentages zero/invalid in row 28809
Warning: All percentages zero/invalid in row 28810
Warning: All percentages zero/invalid in row 28811
Warning: All percentages zero/invalid in row 28812
Warning: All percentages zero/invalid in row 28826
Warning: All percentages zero/invalid in row 28827
Warning: All percentages zero/invalid in row 28828
Warning: All percentages zero/invalid in row 28829
Warning: All percentages zero/invalid in row 28830
Warning: All percentages zero/invalid in row 28832
Warning: All percentages zero/invalid in row 28833
Warning: All percentages zero/invalid in row 28835
Warning: All percentages zero/invalid in row 28836
Warning: All percentages zero/invalid in row 28837
Warning: All percentages zero/invalid in row 28838
Warning: All percentages zero/invalid in row 28839
Warning: All percentages zero/invalid in row 28840
Warning: All percentages zero/invalid in row 28841
Warning: All percentages zero/invalid in row 28842
Warning: All percentages zero/invalid in row 28843
Warning: All percentages zero/invalid in row 28844
Warning: All percentages zero/invalid in row 28845
Warning: All percentages zero/invalid in row 28846
Warning: All percentages zero/invalid in row 28847
Warning: All percentages zero/invalid in row 28848
Warning: All percentages zero/invalid in row 28849
Warning: All percentages zero/invalid in row 28850
Warning: All percentages zero/invalid in row 28851
Warning: All percentages zero/invalid in row 28852
Warning: All percentages zero/invalid in row 28853
Warning: All percentages zero/invalid in row 28854
Warning: All percentages zero/invalid in row 28855
Warning: All percentages zero/invalid in row 28856
Warning: All percentages zero/invalid in row 28857
Warning: All percentages zero/invalid in row 28858
Warning: All percentages zero/invalid in row 28859
Warning: All percentages zero/invalid in row 28860
Warning: All percentages zero/invalid in row 28861
Warning: All percentages zero/invalid in row 28862
Warning: All percentages zero/invalid in row 28863
Warning: All percentages zero/invalid in row 28864
Warning: All percentages zero/invalid in row 28865
Warning: All percentages zero/invalid in row 28866
Warning: All percentages zero/invalid in row 28867
Warning: All percentages zero/invalid in row 28868
Warning: All percentages zero/invalid in row 28869
Warning: All percentages zero/invalid in row 28870
Warning: All percentages zero/invalid in row 28871
Warning: All percentages zero/invalid in row 28872
Warning: All percentages zero/invalid in row 28873
Warning: All percentages zero/invalid in row 28874
Warning: All percentages zero/invalid in row 28875
Warning: All percentages zero/invalid in row 28876
Warning: All percentages zero/invalid in row 28877
Warning: All percentages zero/invalid in row 28878
Warning: All percentages zero/invalid in row 28879
Warning: All percentages zero/invalid in row 28880
Warning: All percentages zero/invalid in row 28881
Warning: All percentages zero/invalid in row 28882
Warning: All percentages zero/invalid in row 28883
Warning: All percentages zero/invalid in row 28884
Warning: All percentages zero/invalid in row 28885
Warning: All percentages zero/invalid in row 28886
Warning: All percentages zero/invalid in row 28887
Warning: All percentages zero/invalid in row 28888
Warning: All percentages zero/invalid in row 28889
Warning: All percentages zero/invalid in row 28890
Warning: All percentages zero/invalid in row 28891
Warning: All percentages zero/invalid in row 28892
Warning: All percentages zero/invalid in row 28893
Warning: All percentages zero/invalid in row 28894
Warning: All percentages zero/invalid in row 28895
Warning: All percentages zero/invalid in row 28896
Warning: All percentages zero/invalid in row 28897
Warning: All percentages zero/invalid in row 28898
Warning: All percentages zero/invalid in row 28899
Warning: All percentages zero/invalid in row 28900
Warning: All percentages zero/invalid in row 28901
Warning: All percentages zero/invalid in row 28902
Warning: All percentages zero/invalid in row 28903
Warning: All percentages zero/invalid in row 28904
Warning: All percentages zero/invalid in row 28905
Warning: All percentages zero/invalid in row 28906
Warning: All percentages zero/invalid in row 28907
Warning: All percentages zero/invalid in row 28908
Warning: All percentages zero/invalid in row 28909
Warning: All percentages zero/invalid in row 28910
Warning: All percentages zero/invalid in row 28911
Warning: All percentages zero/invalid in row 28912
Warning: All percentages zero/invalid in row 28913
Warning: All percentages zero/invalid in row 28914
Warning: All percentages zero/invalid in row 28915
Warning: All percentages zero/invalid in row 28916
Warning: All percentages zero/invalid in row 28917
Warning: All percentages zero/invalid in row 28918
Warning: All percentages zero/invalid in row 28919
Warning: All percentages zero/invalid in row 28920
Warning: All percentages zero/invalid in row 28921
Warning: All percentages zero/invalid in row 28922
Warning: All percentages zero/invalid in row 28923
Warning: All percentages zero/invalid in row 28924
Warning: All percentages zero/invalid in row 28925
Warning: All percentages zero/invalid in row 28926
Warning: All percentages zero/invalid in row 28927
Warning: All percentages zero/invalid in row 28928
Warning: All percentages zero/invalid in row 28929
Warning: All percentages zero/invalid in row 28930
Warning: All percentages zero/invalid in row 28931
Warning: All percentages zero/invalid in row 28932
Warning: All percentages zero/invalid in row 28933
Warning: All percentages zero/invalid in row 28934
Warning: All percentages zero/invalid in row 28935
Warning: All percentages zero/invalid in row 28936
Warning: All percentages zero/invalid in row 28937
Warning: All percentages zero/invalid in row 28938
Warning: All percentages zero/invalid in row 28939
Warning: All percentages zero/invalid in row 28940
Warning: All percentages zero/invalid in row 28941
Warning: All percentages zero/invalid in row 28942
Warning: All percentages zero/invalid in row 28943
Warning: All percentages zero/invalid in row 28944
Warning: All percentages zero/invalid in row 28945
Warning: All percentages zero/invalid in row 28946
Warning: All percentages zero/invalid in row 28947
Warning: All percentages zero/invalid in row 28948
Warning: All percentages zero/invalid in row 28949
Warning: All percentages zero/invalid in row 28950
Warning: All percentages zero/invalid in row 28951
Warning: All percentages zero/invalid in row 28952
Warning: All percentages zero/invalid in row 28953
Warning: All percentages zero/invalid in row 28954
Warning: All percentages zero/invalid in row 28955
Warning: All percentages zero/invalid in row 28956
Warning: All percentages zero/invalid in row 28957
Warning: All percentages zero/invalid in row 28958
Warning: All percentages zero/invalid in row 28959
Warning: All percentages zero/invalid in row 28960
Warning: All percentages zero/invalid in row 28961
Warning: All percentages zero/invalid in row 28962
Warning: All percentages zero/invalid in row 28963
Warning: All percentages zero/invalid in row 28964
Warning: All percentages zero/invalid in row 28965
Warning: All percentages zero/invalid in row 28966
Warning: All percentages zero/invalid in row 28967
Warning: All percentages zero/invalid in row 28968
Warning: All percentages zero/invalid in row 28969
Warning: All percentages zero/invalid in row 28970
Warning: All percentages zero/invalid in row 28971
Warning: All percentages zero/invalid in row 28972
Warning: All percentages zero/invalid in row 28973
Warning: All percentages zero/invalid in row 28974
Warning: All percentages zero/invalid in row 28975
Warning: All percentages zero/invalid in row 28976
Warning: All percentages zero/invalid in row 28977
Warning: All percentages zero/invalid in row 28978
Warning: All percentages zero/invalid in row 28979
Warning: All percentages zero/invalid in row 28980
Warning: All percentages zero/invalid in row 28981
Warning: All percentages zero/invalid in row 28982
Warning: All percentages zero/invalid in row 28983
Warning: All percentages zero/invalid in row 28984
Warning: All percentages zero/invalid in row 28985
Warning: All percentages zero/invalid in row 28986
Warning: All percentages zero/invalid in row 28987
Warning: All percentages zero/invalid in row 28988
Warning: All percentages zero/invalid in row 28989
Warning: All percentages zero/invalid in row 28990
Warning: All percentages zero/invalid in row 28991
Warning: All percentages zero/invalid in row 28992
Warning: All percentages zero/invalid in row 28993
Warning: All percentages zero/invalid in row 28994
Warning: All percentages zero/invalid in row 28995
Warning: All percentages zero/invalid in row 28996
Warning: All percentages zero/invalid in row 28997
Warning: All percentages zero/invalid in row 28998
Warning: All percentages zero/invalid in row 28999
Warning: All percentages zero/invalid in row 29000
Warning: All percentages zero/invalid in row 29001
Warning: All percentages zero/invalid in row 29002
Warning: All percentages zero/invalid in row 29003
Warning: All percentages zero/invalid in row 29004
Warning: All percentages zero/invalid in row 29005
Warning: All percentages zero/invalid in row 29006
Warning: All percentages zero/invalid in row 29007
Warning: All percentages zero/invalid in row 29008
Warning: All percentages zero/invalid in row 29009
Warning: All percentages zero/invalid in row 29010
Warning: All percentages zero/invalid in row 29011
Warning: All percentages zero/invalid in row 29012
Warning: All percentages zero/invalid in row 29013
Warning: All percentages zero/invalid in row 29014
Warning: All percentages zero/invalid in row 29015
Warning: All percentages zero/invalid in row 29016
Warning: All percentages zero/invalid in row 29017
Warning: All percentages zero/invalid in row 29018
Warning: All percentages zero/invalid in row 29019
Warning: All percentages zero/invalid in row 29020
Warning: All percentages zero/invalid in row 29021
Warning: All percentages zero/invalid in row 29022
Warning: All percentages zero/invalid in row 29023
Warning: All percentages zero/invalid in row 29024
Warning: All percentages zero/invalid in row 29025
Warning: All percentages zero/invalid in row 29026
Warning: All percentages zero/invalid in row 29027
Warning: All percentages zero/invalid in row 29028
Warning: All percentages zero/invalid in row 29029
Warning: All percentages zero/invalid in row 29030
Warning: All percentages zero/invalid in row 29031
Warning: All percentages zero/invalid in row 29032
Warning: All percentages zero/invalid in row 29033
Warning: All percentages zero/invalid in row 29034
Warning: All percentages zero/invalid in row 29035
Warning: All percentages zero/invalid in row 29036
Warning: All percentages zero/invalid in row 29037
Warning: All percentages zero/invalid in row 29038
Warning: All percentages zero/invalid in row 29039
Warning: All percentages zero/invalid in row 29040
Warning: All percentages zero/invalid in row 29041
Warning: All percentages zero/invalid in row 29042
Warning: All percentages zero/invalid in row 29043
Warning: All percentages zero/invalid in row 29044
Warning: All percentages zero/invalid in row 29045
Warning: All percentages zero/invalid in row 29046
Warning: All percentages zero/invalid in row 29047
Warning: All percentages zero/invalid in row 29048
Warning: All percentages zero/invalid in row 29049
Warning: All percentages zero/invalid in row 29050
Warning: All percentages zero/invalid in row 29051
Warning: All percentages zero/invalid in row 29052
Warning: All percentages zero/invalid in row 29053
Warning: All percentages zero/invalid in row 29054
Warning: All percentages zero/invalid in row 29055
Warning: All percentages zero/invalid in row 29056
Warning: All percentages zero/invalid in row 29057
Warning: All percentages zero/invalid in row 29058
Warning: All percentages zero/invalid in row 29059
Warning: All percentages zero/invalid in row 29060
Warning: All percentages zero/invalid in row 29061
Warning: All percentages zero/invalid in row 29062
Warning: All percentages zero/invalid in row 29063
Warning: All percentages zero/invalid in row 29064
Warning: All percentages zero/invalid in row 29065
Warning: All percentages zero/invalid in row 29066
Warning: All percentages zero/invalid in row 29067
Warning: All percentages zero/invalid in row 29068
Warning: All percentages zero/invalid in row 29069
Warning: All percentages zero/invalid in row 29070
Warning: All percentages zero/invalid in row 29071
Warning: All percentages zero/invalid in row 29072
Warning: All percentages zero/invalid in row 29073
Warning: All percentages zero/invalid in row 29074
Warning: All percentages zero/invalid in row 29075
Warning: All percentages zero/invalid in row 29076
Warning: All percentages zero/invalid in row 29077
Warning: All percentages zero/invalid in row 29078
Warning: All percentages zero/invalid in row 29079
Warning: All percentages zero/invalid in row 29080
Warning: All percentages zero/invalid in row 29081
Warning: All percentages zero/invalid in row 29082
Warning: All percentages zero/invalid in row 29085
Warning: All percentages zero/invalid in row 29087
Warning: All percentages zero/invalid in row 29089
Warning: All percentages zero/invalid in row 29097
Warning: All percentages zero/invalid in row 29101
Warning: All percentages zero/invalid in row 29109
Warning: All percentages zero/invalid in row 29110
Warning: All percentages zero/invalid in row 29111
Warning: All percentages zero/invalid in row 29112
Warning: All percentages zero/invalid in row 29113
Warning: All percentages zero/invalid in row 29114
Warning: All percentages zero/invalid in row 29115
Warning: All percentages zero/invalid in row 29116
Warning: All percentages zero/invalid in row 29117
Warning: All percentages zero/invalid in row 29118
Warning: All percentages zero/invalid in row 29119
Warning: All percentages zero/invalid in row 29120
Warning: All percentages zero/invalid in row 29121
Warning: All percentages zero/invalid in row 29122
Warning: All percentages zero/invalid in row 29123
Warning: All percentages zero/invalid in row 29124
Warning: All percentages zero/invalid in row 29125
Warning: All percentages zero/invalid in row 29126
Warning: All percentages zero/invalid in row 29127
Warning: All percentages zero/invalid in row 29128
Warning: All percentages zero/invalid in row 29129
Warning: All percentages zero/invalid in row 29130
Warning: All percentages zero/invalid in row 29131
Warning: All percentages zero/invalid in row 29132
Warning: All percentages zero/invalid in row 29133
Warning: All percentages zero/invalid in row 29134
Warning: All percentages zero/invalid in row 29135
Warning: All percentages zero/invalid in row 29136
Warning: All percentages zero/invalid in row 29137
Warning: All percentages zero/invalid in row 29138
Warning: All percentages zero/invalid in row 29139
Warning: All percentages zero/invalid in row 29140
Warning: All percentages zero/invalid in row 29141
Warning: All percentages zero/invalid in row 29142
Warning: All percentages zero/invalid in row 29143
Warning: All percentages zero/invalid in row 29144
Warning: All percentages zero/invalid in row 29145
Warning: All percentages zero/invalid in row 29146
Warning: All percentages zero/invalid in row 29147
Warning: All percentages zero/invalid in row 29148
Warning: All percentages zero/invalid in row 29149
Warning: All percentages zero/invalid in row 29150
Warning: All percentages zero/invalid in row 29151
Warning: All percentages zero/invalid in row 29152
Warning: All percentages zero/invalid in row 29153
Warning: All percentages zero/invalid in row 29154
Warning: All percentages zero/invalid in row 29155
Warning: All percentages zero/invalid in row 29156
Warning: All percentages zero/invalid in row 29157
Warning: All percentages zero/invalid in row 29158
Warning: All percentages zero/invalid in row 29159
Warning: All percentages zero/invalid in row 29160
Warning: All percentages zero/invalid in row 29161
Warning: All percentages zero/invalid in row 29163
Warning: All percentages zero/invalid in row 29164
Warning: All percentages zero/invalid in row 29165
Warning: All percentages zero/invalid in row 29167
Warning: All percentages zero/invalid in row 29168
Warning: All percentages zero/invalid in row 29169
Warning: All percentages zero/invalid in row 29170
Warning: All percentages zero/invalid in row 29171
Warning: All percentages zero/invalid in row 29173
Warning: All percentages zero/invalid in row 29174
Warning: All percentages zero/invalid in row 29176
Warning: All percentages zero/invalid in row 29178
Warning: All percentages zero/invalid in row 29179
Warning: All percentages zero/invalid in row 29181
Warning: All percentages zero/invalid in row 29182
Warning: All percentages zero/invalid in row 29184
Warning: All percentages zero/invalid in row 29186
Warning: All percentages zero/invalid in row 29187
Warning: All percentages zero/invalid in row 29188
Warning: All percentages zero/invalid in row 29189
Warning: All percentages zero/invalid in row 29190
Warning: All percentages zero/invalid in row 29191
Warning: All percentages zero/invalid in row 29192
Warning: All percentages zero/invalid in row 29193
Warning: All percentages zero/invalid in row 29194
Warning: All percentages zero/invalid in row 29195
Warning: All percentages zero/invalid in row 29196
Warning: All percentages zero/invalid in row 29197
Warning: All percentages zero/invalid in row 29198
Warning: All percentages zero/invalid in row 29199
Warning: All percentages zero/invalid in row 29200
Warning: All percentages zero/invalid in row 29201
Warning: All percentages zero/invalid in row 29202
Warning: All percentages zero/invalid in row 29203
Warning: All percentages zero/invalid in row 29204
Warning: All percentages zero/invalid in row 29205
Warning: All percentages zero/invalid in row 29206
Warning: All percentages zero/invalid in row 29207
Warning: All percentages zero/invalid in row 29208
Warning: All percentages zero/invalid in row 29209
Warning: All percentages zero/invalid in row 29210
Warning: All percentages zero/invalid in row 29211
Warning: All percentages zero/invalid in row 29212
Warning: All percentages zero/invalid in row 29213
Warning: All percentages zero/invalid in row 29214
Warning: All percentages zero/invalid in row 29215
Warning: All percentages zero/invalid in row 29216
Warning: All percentages zero/invalid in row 29217
Warning: All percentages zero/invalid in row 29218
Warning: All percentages zero/invalid in row 29219
Warning: All percentages zero/invalid in row 29220
Warning: All percentages zero/invalid in row 29221
Warning: All percentages zero/invalid in row 29222
Warning: All percentages zero/invalid in row 29223
Warning: All percentages zero/invalid in row 29224
Warning: All percentages zero/invalid in row 29225
Warning: All percentages zero/invalid in row 29226
Warning: All percentages zero/invalid in row 29227
Warning: All percentages zero/invalid in row 29228
Warning: All percentages zero/invalid in row 29229
Warning: All percentages zero/invalid in row 29230
Warning: All percentages zero/invalid in row 29231
Warning: All percentages zero/invalid in row 29232
Warning: All percentages zero/invalid in row 29233
Warning: All percentages zero/invalid in row 29234
Warning: All percentages zero/invalid in row 29235
Warning: All percentages zero/invalid in row 29236
Warning: All percentages zero/invalid in row 29237
Warning: All percentages zero/invalid in row 29238
Warning: All percentages zero/invalid in row 29239
Warning: All percentages zero/invalid in row 29240
Warning: All percentages zero/invalid in row 29241
Warning: All percentages zero/invalid in row 29242
Warning: All percentages zero/invalid in row 29243
Warning: All percentages zero/invalid in row 29244
Warning: All percentages zero/invalid in row 29245
Warning: All percentages zero/invalid in row 29246
Warning: All percentages zero/invalid in row 29247
Warning: All percentages zero/invalid in row 29248
Warning: All percentages zero/invalid in row 29249
Warning: All percentages zero/invalid in row 29250
Warning: All percentages zero/invalid in row 29251
Warning: All percentages zero/invalid in row 29252
Warning: All percentages zero/invalid in row 29253
Warning: All percentages zero/invalid in row 29254
Warning: All percentages zero/invalid in row 29255
Warning: All percentages zero/invalid in row 29256
Warning: All percentages zero/invalid in row 29257
Warning: All percentages zero/invalid in row 29258
Warning: All percentages zero/invalid in row 29259
Warning: All percentages zero/invalid in row 29260
Warning: All percentages zero/invalid in row 29261
Warning: All percentages zero/invalid in row 29262
Warning: All percentages zero/invalid in row 29263
Warning: All percentages zero/invalid in row 29264
Warning: All percentages zero/invalid in row 29265
Warning: All percentages zero/invalid in row 29266
Warning: All percentages zero/invalid in row 29267
Warning: All percentages zero/invalid in row 29268
Warning: All percentages zero/invalid in row 29269
Warning: All percentages zero/invalid in row 29270
Warning: All percentages zero/invalid in row 29271
Warning: All percentages zero/invalid in row 29272
Warning: All percentages zero/invalid in row 29273
Warning: All percentages zero/invalid in row 29274
Warning: All percentages zero/invalid in row 29275
Warning: All percentages zero/invalid in row 29276
Warning: All percentages zero/invalid in row 29277
Warning: All percentages zero/invalid in row 29278
Warning: All percentages zero/invalid in row 29279
Warning: All percentages zero/invalid in row 29280
Warning: All percentages zero/invalid in row 29281
Warning: All percentages zero/invalid in row 29282
Warning: All percentages zero/invalid in row 29283
Warning: All percentages zero/invalid in row 29284
Warning: All percentages zero/invalid in row 29285
Warning: All percentages zero/invalid in row 29286
Warning: All percentages zero/invalid in row 29287
Warning: All percentages zero/invalid in row 29288
Warning: All percentages zero/invalid in row 29289
Warning: All percentages zero/invalid in row 29290
Warning: All percentages zero/invalid in row 29291
Warning: All percentages zero/invalid in row 29292
Warning: All percentages zero/invalid in row 29293
Warning: All percentages zero/invalid in row 29294
Warning: All percentages zero/invalid in row 29295
Warning: All percentages zero/invalid in row 29296
Warning: All percentages zero/invalid in row 29297
Warning: All percentages zero/invalid in row 29298
Warning: All percentages zero/invalid in row 29299
Warning: All percentages zero/invalid in row 29300
Warning: All percentages zero/invalid in row 29301
Warning: All percentages zero/invalid in row 29302
Warning: All percentages zero/invalid in row 29303
Warning: All percentages zero/invalid in row 29304
Warning: All percentages zero/invalid in row 29305
Warning: All percentages zero/invalid in row 29306
Warning: All percentages zero/invalid in row 29307
Warning: All percentages zero/invalid in row 29308
Warning: All percentages zero/invalid in row 29309
Warning: All percentages zero/invalid in row 29310
Warning: All percentages zero/invalid in row 29311
Warning: All percentages zero/invalid in row 29312
Warning: All percentages zero/invalid in row 29313
Warning: All percentages zero/invalid in row 29314
Warning: All percentages zero/invalid in row 29315
Warning: All percentages zero/invalid in row 29316
Warning: All percentages zero/invalid in row 29317
Warning: All percentages zero/invalid in row 29318
Warning: All percentages zero/invalid in row 29319
Warning: All percentages zero/invalid in row 29320
Warning: All percentages zero/invalid in row 29321
Warning: All percentages zero/invalid in row 29322
Warning: All percentages zero/invalid in row 29323
Warning: All percentages zero/invalid in row 29324
Warning: All percentages zero/invalid in row 29325
Warning: All percentages zero/invalid in row 29327
Warning: All percentages zero/invalid in row 29328
Warning: All percentages zero/invalid in row 29329
Warning: All percentages zero/invalid in row 29330
Warning: All percentages zero/invalid in row 29331
Warning: All percentages zero/invalid in row 29332
Warning: All percentages zero/invalid in row 29333
Warning: All percentages zero/invalid in row 29334
Warning: All percentages zero/invalid in row 29335
Warning: All percentages zero/invalid in row 29336
Warning: All percentages zero/invalid in row 29337
Warning: All percentages zero/invalid in row 29338
Warning: All percentages zero/invalid in row 29339
Warning: All percentages zero/invalid in row 29340
Warning: All percentages zero/invalid in row 29341
Warning: All percentages zero/invalid in row 29342
Warning: All percentages zero/invalid in row 29343
Warning: All percentages zero/invalid in row 29344
Warning: All percentages zero/invalid in row 29345
Warning: All percentages zero/invalid in row 29346
Warning: All percentages zero/invalid in row 29347
Warning: All percentages zero/invalid in row 29348
Warning: All percentages zero/invalid in row 29349
Warning: All percentages zero/invalid in row 29350
Warning: All percentages zero/invalid in row 29351
Warning: All percentages zero/invalid in row 29352
Warning: All percentages zero/invalid in row 29353
Warning: All percentages zero/invalid in row 29354
Warning: All percentages zero/invalid in row 29355
Warning: All percentages zero/invalid in row 29356
Warning: All percentages zero/invalid in row 29357
Warning: All percentages zero/invalid in row 29358
Warning: All percentages zero/invalid in row 29359
Warning: All percentages zero/invalid in row 29360
Warning: All percentages zero/invalid in row 29361
Warning: All percentages zero/invalid in row 29362
Warning: All percentages zero/invalid in row 29363
Warning: All percentages zero/invalid in row 29364
Warning: All percentages zero/invalid in row 29365
Warning: All percentages zero/invalid in row 29366
Warning: All percentages zero/invalid in row 29367
Warning: All percentages zero/invalid in row 29368
Warning: All percentages zero/invalid in row 29369
Warning: All percentages zero/invalid in row 29370
Warning: All percentages zero/invalid in row 29371
Warning: All percentages zero/invalid in row 29372
Warning: All percentages zero/invalid in row 29373
Warning: All percentages zero/invalid in row 29374
Warning: All percentages zero/invalid in row 29375
Warning: All percentages zero/invalid in row 29376
Warning: All percentages zero/invalid in row 29377
Warning: All percentages zero/invalid in row 29378
Warning: All percentages zero/invalid in row 29379
Warning: All percentages zero/invalid in row 29380
Warning: All percentages zero/invalid in row 29381
Warning: All percentages zero/invalid in row 29382
Warning: All percentages zero/invalid in row 29383
Warning: All percentages zero/invalid in row 29384
Warning: All percentages zero/invalid in row 29385
Warning: All percentages zero/invalid in row 29386
Warning: All percentages zero/invalid in row 29387
Warning: All percentages zero/invalid in row 29388
Warning: All percentages zero/invalid in row 29389
Warning: All percentages zero/invalid in row 29390
Warning: All percentages zero/invalid in row 29391
Warning: All percentages zero/invalid in row 29392
Warning: All percentages zero/invalid in row 29393
Warning: All percentages zero/invalid in row 29394
Warning: All percentages zero/invalid in row 29395
Warning: All percentages zero/invalid in row 29396
Warning: All percentages zero/invalid in row 29397
Warning: All percentages zero/invalid in row 29398
Warning: All percentages zero/invalid in row 29399
Warning: All percentages zero/invalid in row 29400
Warning: All percentages zero/invalid in row 29401
Warning: All percentages zero/invalid in row 29402
Warning: All percentages zero/invalid in row 29403
Warning: All percentages zero/invalid in row 29404
Warning: All percentages zero/invalid in row 29405
Warning: All percentages zero/invalid in row 29406
Warning: All percentages zero/invalid in row 29407
Warning: All percentages zero/invalid in row 29408
Warning: All percentages zero/invalid in row 29409
Warning: All percentages zero/invalid in row 29410
Warning: All percentages zero/invalid in row 29411
Warning: All percentages zero/invalid in row 29412
Warning: All percentages zero/invalid in row 29413
Warning: All percentages zero/invalid in row 29414
Warning: All percentages zero/invalid in row 29415
Warning: All percentages zero/invalid in row 29416
Warning: All percentages zero/invalid in row 29417
Warning: All percentages zero/invalid in row 29418
Warning: All percentages zero/invalid in row 29419
Warning: All percentages zero/invalid in row 29420
Warning: All percentages zero/invalid in row 29421
Warning: All percentages zero/invalid in row 29422
Warning: All percentages zero/invalid in row 29423
Warning: All percentages zero/invalid in row 29424
Warning: All percentages zero/invalid in row 29425
Warning: All percentages zero/invalid in row 29426
Warning: All percentages zero/invalid in row 29427
Warning: All percentages zero/invalid in row 29428
Warning: All percentages zero/invalid in row 29429
Warning: All percentages zero/invalid in row 29430
Warning: All percentages zero/invalid in row 29431
Warning: All percentages zero/invalid in row 29432
Warning: All percentages zero/invalid in row 29433
Warning: All percentages zero/invalid in row 29434
Warning: All percentages zero/invalid in row 29435
Warning: All percentages zero/invalid in row 29436
Warning: All percentages zero/invalid in row 29437
Warning: All percentages zero/invalid in row 29438
Warning: All percentages zero/invalid in row 29439
Warning: All percentages zero/invalid in row 29440
Warning: All percentages zero/invalid in row 29441
Warning: All percentages zero/invalid in row 29442
Warning: All percentages zero/invalid in row 29443
Warning: All percentages zero/invalid in row 29444
Warning: All percentages zero/invalid in row 29445
Warning: All percentages zero/invalid in row 29446
Warning: All percentages zero/invalid in row 29447
Warning: All percentages zero/invalid in row 29448
Warning: All percentages zero/invalid in row 29449
Warning: All percentages zero/invalid in row 29450
Warning: All percentages zero/invalid in row 29451
Warning: All percentages zero/invalid in row 29452
Warning: All percentages zero/invalid in row 29453
Warning: All percentages zero/invalid in row 29454
Warning: All percentages zero/invalid in row 29455
Warning: All percentages zero/invalid in row 29456
Warning: All percentages zero/invalid in row 29457
Warning: All percentages zero/invalid in row 29458
Warning: All percentages zero/invalid in row 29459
Warning: All percentages zero/invalid in row 29460
Warning: All percentages zero/invalid in row 29461
Warning: All percentages zero/invalid in row 29462
Warning: All percentages zero/invalid in row 29463
Warning: All percentages zero/invalid in row 29464
Warning: All percentages zero/invalid in row 29465
Warning: All percentages zero/invalid in row 29466
Warning: All percentages zero/invalid in row 29467
Warning: All percentages zero/invalid in row 29468
Warning: All percentages zero/invalid in row 29469
Warning: All percentages zero/invalid in row 29470
Warning: All percentages zero/invalid in row 29471
Warning: All percentages zero/invalid in row 29472
Warning: All percentages zero/invalid in row 29473
Warning: All percentages zero/invalid in row 29474
Warning: All percentages zero/invalid in row 29475
Warning: All percentages zero/invalid in row 29476
Warning: All percentages zero/invalid in row 29477
Warning: All percentages zero/invalid in row 29478
Warning: All percentages zero/invalid in row 29479
Warning: All percentages zero/invalid in row 29480
Warning: All percentages zero/invalid in row 29481
Warning: All percentages zero/invalid in row 29482
Warning: All percentages zero/invalid in row 29483
Warning: All percentages zero/invalid in row 29484
Warning: All percentages zero/invalid in row 29485
Warning: All percentages zero/invalid in row 29486
Warning: All percentages zero/invalid in row 29487
Warning: All percentages zero/invalid in row 29488
Warning: All percentages zero/invalid in row 29489
Warning: All percentages zero/invalid in row 29490
Warning: All percentages zero/invalid in row 29491
Warning: All percentages zero/invalid in row 29492
Warning: All percentages zero/invalid in row 29493
Warning: All percentages zero/invalid in row 29494
Warning: All percentages zero/invalid in row 29495
Warning: All percentages zero/invalid in row 29496
Warning: All percentages zero/invalid in row 29497
Warning: All percentages zero/invalid in row 29498
Warning: All percentages zero/invalid in row 29499
Warning: All percentages zero/invalid in row 29500
Warning: All percentages zero/invalid in row 29501
Warning: All percentages zero/invalid in row 29502
Warning: All percentages zero/invalid in row 29503
Warning: All percentages zero/invalid in row 29504
Warning: All percentages zero/invalid in row 29505
Warning: All percentages zero/invalid in row 29506
Warning: All percentages zero/invalid in row 29507
Warning: All percentages zero/invalid in row 29508
Warning: All percentages zero/invalid in row 29509
Warning: All percentages zero/invalid in row 29510
Warning: All percentages zero/invalid in row 29511
Warning: All percentages zero/invalid in row 29512
Warning: All percentages zero/invalid in row 29513
Warning: All percentages zero/invalid in row 29514
Warning: All percentages zero/invalid in row 29515
Warning: All percentages zero/invalid in row 29516
Warning: All percentages zero/invalid in row 29517
Warning: All percentages zero/invalid in row 29518
Warning: All percentages zero/invalid in row 29519
Warning: All percentages zero/invalid in row 29520
Warning: All percentages zero/invalid in row 29521
Warning: All percentages zero/invalid in row 29522
Warning: All percentages zero/invalid in row 29523
Warning: All percentages zero/invalid in row 29524
Warning: All percentages zero/invalid in row 29525
Warning: All percentages zero/invalid in row 29526
Warning: All percentages zero/invalid in row 29527
Warning: All percentages zero/invalid in row 29528
Warning: All percentages zero/invalid in row 29529
Warning: All percentages zero/invalid in row 29530
Warning: All percentages zero/invalid in row 29531
Warning: All percentages zero/invalid in row 29532
Warning: All percentages zero/invalid in row 29533
Warning: All percentages zero/invalid in row 29534
Warning: All percentages zero/invalid in row 29535
Warning: All percentages zero/invalid in row 29536
Warning: All percentages zero/invalid in row 29537
Warning: All percentages zero/invalid in row 29538
Warning: All percentages zero/invalid in row 29539
Warning: All percentages zero/invalid in row 29540
Warning: All percentages zero/invalid in row 29541
Warning: All percentages zero/invalid in row 29542
Warning: All percentages zero/invalid in row 29543
Warning: All percentages zero/invalid in row 29544
Warning: All percentages zero/invalid in row 29545
Warning: All percentages zero/invalid in row 29546
Warning: All percentages zero/invalid in row 29547
Warning: All percentages zero/invalid in row 29548
Warning: All percentages zero/invalid in row 29549
Warning: All percentages zero/invalid in row 29550
Warning: All percentages zero/invalid in row 29551
Warning: All percentages zero/invalid in row 29552
Warning: All percentages zero/invalid in row 29553
Warning: All percentages zero/invalid in row 29554
Warning: All percentages zero/invalid in row 29555
Warning: All percentages zero/invalid in row 29556
Warning: All percentages zero/invalid in row 29557
Warning: All percentages zero/invalid in row 29558
Warning: All percentages zero/invalid in row 29559
Warning: All percentages zero/invalid in row 29560
Warning: All percentages zero/invalid in row 29561
Warning: All percentages zero/invalid in row 29562
Warning: All percentages zero/invalid in row 29563
Warning: All percentages zero/invalid in row 29564
Warning: All percentages zero/invalid in row 29565
Warning: All percentages zero/invalid in row 29566
Warning: All percentages zero/invalid in row 29567
Warning: All percentages zero/invalid in row 29568
Warning: All percentages zero/invalid in row 29569
Warning: All percentages zero/invalid in row 29570
Warning: All percentages zero/invalid in row 29571
Warning: All percentages zero/invalid in row 29572
Warning: All percentages zero/invalid in row 29573
Warning: All percentages zero/invalid in row 29574
Warning: All percentages zero/invalid in row 29575
Warning: All percentages zero/invalid in row 29576
Warning: All percentages zero/invalid in row 29577
Warning: All percentages zero/invalid in row 29578
Warning: All percentages zero/invalid in row 29579
Warning: All percentages zero/invalid in row 29580
Warning: All percentages zero/invalid in row 29581
Warning: All percentages zero/invalid in row 29582
Warning: All percentages zero/invalid in row 29583
Warning: All percentages zero/invalid in row 29584
Warning: All percentages zero/invalid in row 29585
Warning: All percentages zero/invalid in row 29586
Warning: All percentages zero/invalid in row 29587
Warning: All percentages zero/invalid in row 29588
Warning: All percentages zero/invalid in row 29589
Warning: All percentages zero/invalid in row 29590
Warning: All percentages zero/invalid in row 29591
Warning: All percentages zero/invalid in row 29592
Warning: All percentages zero/invalid in row 29593
Warning: All percentages zero/invalid in row 29594
Warning: All percentages zero/invalid in row 29595
Warning: All percentages zero/invalid in row 29596
Warning: All percentages zero/invalid in row 29597
Warning: All percentages zero/invalid in row 29598
Warning: All percentages zero/invalid in row 29599
Warning: All percentages zero/invalid in row 29600
Warning: All percentages zero/invalid in row 29601
Warning: All percentages zero/invalid in row 29602
Warning: All percentages zero/invalid in row 29603
Warning: All percentages zero/invalid in row 29604
Warning: All percentages zero/invalid in row 29605
Warning: All percentages zero/invalid in row 29606
Warning: All percentages zero/invalid in row 29607
Warning: All percentages zero/invalid in row 29608
Warning: All percentages zero/invalid in row 29609
Warning: All percentages zero/invalid in row 29610
Warning: All percentages zero/invalid in row 29611
Warning: All percentages zero/invalid in row 29612
Warning: All percentages zero/invalid in row 29613
Warning: All percentages zero/invalid in row 29614
Warning: All percentages zero/invalid in row 29615
Warning: All percentages zero/invalid in row 29616
Warning: All percentages zero/invalid in row 29617
Warning: All percentages zero/invalid in row 29618
Warning: All percentages zero/invalid in row 29619
Warning: All percentages zero/invalid in row 29620
Warning: All percentages zero/invalid in row 29621
Warning: All percentages zero/invalid in row 29622
Warning: All percentages zero/invalid in row 29623
Warning: All percentages zero/invalid in row 29624
Warning: All percentages zero/invalid in row 29625
Warning: All percentages zero/invalid in row 29626
Warning: All percentages zero/invalid in row 29627
Warning: All percentages zero/invalid in row 29628
Warning: All percentages zero/invalid in row 29629
Warning: All percentages zero/invalid in row 29630
Warning: All percentages zero/invalid in row 29631
Warning: All percentages zero/invalid in row 29632
Warning: All percentages zero/invalid in row 29633
Warning: All percentages zero/invalid in row 29634
Warning: All percentages zero/invalid in row 29635
Warning: All percentages zero/invalid in row 29636
Warning: All percentages zero/invalid in row 29637
Warning: All percentages zero/invalid in row 29638
Warning: All percentages zero/invalid in row 29639
Warning: All percentages zero/invalid in row 29640
Warning: All percentages zero/invalid in row 29641
Warning: All percentages zero/invalid in row 29642
Warning: All percentages zero/invalid in row 29643
Warning: All percentages zero/invalid in row 29644
Warning: All percentages zero/invalid in row 29645
Warning: All percentages zero/invalid in row 29646
Warning: All percentages zero/invalid in row 29647
Warning: All percentages zero/invalid in row 29648
Warning: All percentages zero/invalid in row 29649
Warning: All percentages zero/invalid in row 29650
Warning: All percentages zero/invalid in row 29651
Warning: All percentages zero/invalid in row 29652
Warning: All percentages zero/invalid in row 29653
Warning: All percentages zero/invalid in row 29654
Warning: All percentages zero/invalid in row 29655
Warning: All percentages zero/invalid in row 29656
Warning: All percentages zero/invalid in row 29657
Warning: All percentages zero/invalid in row 29658
Warning: All percentages zero/invalid in row 29659
Warning: All percentages zero/invalid in row 29660
Warning: All percentages zero/invalid in row 29661
Warning: All percentages zero/invalid in row 29662
Warning: All percentages zero/invalid in row 29663
Warning: All percentages zero/invalid in row 29664
Warning: All percentages zero/invalid in row 29665
Warning: All percentages zero/invalid in row 29666
Warning: All percentages zero/invalid in row 29667
Warning: All percentages zero/invalid in row 29668
Warning: All percentages zero/invalid in row 29669
Warning: All percentages zero/invalid in row 29670
Warning: All percentages zero/invalid in row 29671
Warning: All percentages zero/invalid in row 29672
Warning: All percentages zero/invalid in row 29673
Warning: All percentages zero/invalid in row 29674
Warning: All percentages zero/invalid in row 29675
Warning: All percentages zero/invalid in row 29676
Warning: All percentages zero/invalid in row 29677
Warning: All percentages zero/invalid in row 29678
Warning: All percentages zero/invalid in row 29679
Warning: All percentages zero/invalid in row 29680
Warning: All percentages zero/invalid in row 29681
Warning: All percentages zero/invalid in row 29682
Warning: All percentages zero/invalid in row 29683
Warning: All percentages zero/invalid in row 29684
Warning: All percentages zero/invalid in row 29685
Warning: All percentages zero/invalid in row 29686
Warning: All percentages zero/invalid in row 29687
Warning: All percentages zero/invalid in row 29688
Warning: All percentages zero/invalid in row 29689
Warning: All percentages zero/invalid in row 29690
Warning: All percentages zero/invalid in row 29691
Warning: All percentages zero/invalid in row 29692
Warning: All percentages zero/invalid in row 29693
Warning: All percentages zero/invalid in row 29694
Warning: All percentages zero/invalid in row 29695
Warning: All percentages zero/invalid in row 29696
Warning: All percentages zero/invalid in row 29697
Warning: All percentages zero/invalid in row 29698
Warning: All percentages zero/invalid in row 29699
Warning: All percentages zero/invalid in row 29700
Warning: All percentages zero/invalid in row 29701
Warning: All percentages zero/invalid in row 29702
Warning: All percentages zero/invalid in row 29703
Warning: All percentages zero/invalid in row 29704
Warning: All percentages zero/invalid in row 29705
Warning: All percentages zero/invalid in row 29706
Warning: All percentages zero/invalid in row 29707
Warning: All percentages zero/invalid in row 29708
Warning: All percentages zero/invalid in row 29709
Warning: All percentages zero/invalid in row 29710
Warning: All percentages zero/invalid in row 29711
Warning: All percentages zero/invalid in row 29712
Warning: All percentages zero/invalid in row 29713
Warning: All percentages zero/invalid in row 29714
Warning: All percentages zero/invalid in row 29715
Warning: All percentages zero/invalid in row 29716
Warning: All percentages zero/invalid in row 29717
Warning: All percentages zero/invalid in row 29718
Warning: All percentages zero/invalid in row 29719
Warning: All percentages zero/invalid in row 29720
Warning: All percentages zero/invalid in row 29721
Warning: All percentages zero/invalid in row 29722
Warning: All percentages zero/invalid in row 29723
Warning: All percentages zero/invalid in row 29724
Warning: All percentages zero/invalid in row 29725
Warning: All percentages zero/invalid in row 29726
Warning: All percentages zero/invalid in row 29727
Warning: All percentages zero/invalid in row 29728
Warning: All percentages zero/invalid in row 29729
Warning: All percentages zero/invalid in row 29730
Warning: All percentages zero/invalid in row 29731
Warning: All percentages zero/invalid in row 29732
Warning: All percentages zero/invalid in row 29733
Warning: All percentages zero/invalid in row 29734
Warning: All percentages zero/invalid in row 29735
Warning: All percentages zero/invalid in row 29736
Warning: All percentages zero/invalid in row 29737
Warning: All percentages zero/invalid in row 29738
Warning: All percentages zero/invalid in row 29739
Warning: All percentages zero/invalid in row 29740
Warning: All percentages zero/invalid in row 29741
Warning: All percentages zero/invalid in row 29742
Warning: All percentages zero/invalid in row 29743
Warning: All percentages zero/invalid in row 29744
Warning: All percentages zero/invalid in row 29745
Warning: All percentages zero/invalid in row 29746
Warning: All percentages zero/invalid in row 29747
Warning: All percentages zero/invalid in row 29748
Warning: All percentages zero/invalid in row 29749
Warning: All percentages zero/invalid in row 29750
Warning: All percentages zero/invalid in row 29751
Warning: All percentages zero/invalid in row 29752
Warning: All percentages zero/invalid in row 29753
Warning: All percentages zero/invalid in row 29754
Warning: All percentages zero/invalid in row 29755
Warning: All percentages zero/invalid in row 29756
Warning: All percentages zero/invalid in row 29757
Warning: All percentages zero/invalid in row 29758
Warning: All percentages zero/invalid in row 29759
Warning: All percentages zero/invalid in row 29760
Warning: All percentages zero/invalid in row 29761
Warning: All percentages zero/invalid in row 29762
Warning: All percentages zero/invalid in row 29763
Warning: All percentages zero/invalid in row 29764
Warning: All percentages zero/invalid in row 29765
Warning: All percentages zero/invalid in row 29766
Warning: All percentages zero/invalid in row 29767
Warning: All percentages zero/invalid in row 29768
Warning: All percentages zero/invalid in row 29769
Warning: All percentages zero/invalid in row 29770
Warning: All percentages zero/invalid in row 29771
Warning: All percentages zero/invalid in row 29772
Warning: All percentages zero/invalid in row 29773
Warning: All percentages zero/invalid in row 29774
Warning: All percentages zero/invalid in row 29775
Warning: All percentages zero/invalid in row 29776
Warning: All percentages zero/invalid in row 29777
Warning: All percentages zero/invalid in row 29778
Warning: All percentages zero/invalid in row 29779
Warning: All percentages zero/invalid in row 29780
Warning: All percentages zero/invalid in row 29781
Warning: All percentages zero/invalid in row 29782
Warning: All percentages zero/invalid in row 29783
Warning: All percentages zero/invalid in row 29784
Warning: All percentages zero/invalid in row 29785
Warning: All percentages zero/invalid in row 29786
Warning: All percentages zero/invalid in row 29787
Warning: All percentages zero/invalid in row 29788
Warning: All percentages zero/invalid in row 29789
Warning: All percentages zero/invalid in row 29790
Warning: All percentages zero/invalid in row 29791
Warning: All percentages zero/invalid in row 29792
Warning: All percentages zero/invalid in row 29793
Warning: All percentages zero/invalid in row 29794
Warning: All percentages zero/invalid in row 29795
Warning: All percentages zero/invalid in row 29796
Warning: All percentages zero/invalid in row 29797
Warning: All percentages zero/invalid in row 29798
Warning: All percentages zero/invalid in row 29799
Warning: All percentages zero/invalid in row 29800
Warning: All percentages zero/invalid in row 29801
Warning: All percentages zero/invalid in row 29802
Warning: All percentages zero/invalid in row 29803
Warning: All percentages zero/invalid in row 29804
Warning: All percentages zero/invalid in row 29805
Warning: All percentages zero/invalid in row 29806
Warning: All percentages zero/invalid in row 29807
Warning: All percentages zero/invalid in row 29808
Warning: All percentages zero/invalid in row 29809
Warning: All percentages zero/invalid in row 29810
Warning: All percentages zero/invalid in row 29811
Warning: All percentages zero/invalid in row 29812
Warning: All percentages zero/invalid in row 29813
Warning: All percentages zero/invalid in row 29814
Warning: All percentages zero/invalid in row 29815
Warning: All percentages zero/invalid in row 29816
Warning: All percentages zero/invalid in row 29817
Warning: All percentages zero/invalid in row 29818
Warning: All percentages zero/invalid in row 29819
Warning: All percentages zero/invalid in row 29820
Warning: All percentages zero/invalid in row 29821
Warning: All percentages zero/invalid in row 29822
Warning: All percentages zero/invalid in row 29823
Warning: All percentages zero/invalid in row 29824
Warning: All percentages zero/invalid in row 29825
Warning: All percentages zero/invalid in row 29826
Warning: All percentages zero/invalid in row 29827
Warning: All percentages zero/invalid in row 29828
Warning: All percentages zero/invalid in row 29829
Warning: All percentages zero/invalid in row 29830
Warning: All percentages zero/invalid in row 29831
Warning: All percentages zero/invalid in row 29832
Warning: All percentages zero/invalid in row 29833
Warning: All percentages zero/invalid in row 29834
Warning: All percentages zero/invalid in row 29835
Warning: All percentages zero/invalid in row 29836
Warning: All percentages zero/invalid in row 29837
Warning: All percentages zero/invalid in row 29838
Warning: All percentages zero/invalid in row 29839
Warning: All percentages zero/invalid in row 29840
Warning: All percentages zero/invalid in row 29841
Warning: All percentages zero/invalid in row 29842
Warning: All percentages zero/invalid in row 29843
Warning: All percentages zero/invalid in row 29844
Warning: All percentages zero/invalid in row 29845
Warning: All percentages zero/invalid in row 29846
Warning: All percentages zero/invalid in row 29847
Warning: All percentages zero/invalid in row 29848
Warning: All percentages zero/invalid in row 29849
Warning: All percentages zero/invalid in row 29850
Warning: All percentages zero/invalid in row 29851
Warning: All percentages zero/invalid in row 29852
Warning: All percentages zero/invalid in row 29853
Warning: All percentages zero/invalid in row 29854
Warning: All percentages zero/invalid in row 29855
Warning: All percentages zero/invalid in row 29856
Warning: All percentages zero/invalid in row 29857
Warning: All percentages zero/invalid in row 29858
Warning: All percentages zero/invalid in row 29859
Warning: All percentages zero/invalid in row 29860
Warning: All percentages zero/invalid in row 29861
Warning: All percentages zero/invalid in row 29862
Warning: All percentages zero/invalid in row 29863
Warning: All percentages zero/invalid in row 29864
Warning: All percentages zero/invalid in row 29865
Warning: All percentages zero/invalid in row 29866
Warning: All percentages zero/invalid in row 29867
Warning: All percentages zero/invalid in row 29868
Warning: All percentages zero/invalid in row 29869
Warning: All percentages zero/invalid in row 29870
Warning: All percentages zero/invalid in row 29871
Warning: All percentages zero/invalid in row 29872
Warning: All percentages zero/invalid in row 29873
Warning: All percentages zero/invalid in row 29874
Warning: All percentages zero/invalid in row 29875
Warning: All percentages zero/invalid in row 29876
Warning: All percentages zero/invalid in row 29877
Warning: All percentages zero/invalid in row 29878
Warning: All percentages zero/invalid in row 29879
Warning: All percentages zero/invalid in row 29880
Warning: All percentages zero/invalid in row 29881
Warning: All percentages zero/invalid in row 29882
Warning: All percentages zero/invalid in row 29883
Warning: All percentages zero/invalid in row 29884
Warning: All percentages zero/invalid in row 29885
Warning: All percentages zero/invalid in row 29886
Warning: All percentages zero/invalid in row 29887
Warning: All percentages zero/invalid in row 29888
Warning: All percentages zero/invalid in row 29889
Warning: All percentages zero/invalid in row 29890
Warning: All percentages zero/invalid in row 29891
Warning: All percentages zero/invalid in row 29892
Warning: All percentages zero/invalid in row 29893
Warning: All percentages zero/invalid in row 29894
Warning: All percentages zero/invalid in row 29895
Warning: All percentages zero/invalid in row 29896
Warning: All percentages zero/invalid in row 29897
Warning: All percentages zero/invalid in row 29898
Warning: All percentages zero/invalid in row 29899
Warning: All percentages zero/invalid in row 29900
Warning: All percentages zero/invalid in row 29901
Warning: All percentages zero/invalid in row 29902
Warning: All percentages zero/invalid in row 29903
Warning: All percentages zero/invalid in row 29904
Warning: All percentages zero/invalid in row 29905
Warning: All percentages zero/invalid in row 29906
Warning: All percentages zero/invalid in row 29907
Warning: All percentages zero/invalid in row 29908
Warning: All percentages zero/invalid in row 29909
Warning: All percentages zero/invalid in row 29910
Warning: All percentages zero/invalid in row 29911
Warning: All percentages zero/invalid in row 29912
Warning: All percentages zero/invalid in row 29913
Warning: All percentages zero/invalid in row 29914
Warning: All percentages zero/invalid in row 29915
Warning: All percentages zero/invalid in row 29916
Warning: All percentages zero/invalid in row 29917
Warning: All percentages zero/invalid in row 29918
Warning: All percentages zero/invalid in row 29919
Warning: All percentages zero/invalid in row 29920
Warning: All percentages zero/invalid in row 29921
Warning: All percentages zero/invalid in row 29922
Warning: All percentages zero/invalid in row 29923
Warning: All percentages zero/invalid in row 29924
Warning: All percentages zero/invalid in row 29925
Warning: All percentages zero/invalid in row 29926
Warning: All percentages zero/invalid in row 29927
Warning: All percentages zero/invalid in row 29928
Warning: All percentages zero/invalid in row 29929
Warning: All percentages zero/invalid in row 29930
Warning: All percentages zero/invalid in row 29931
Warning: All percentages zero/invalid in row 29932
Warning: All percentages zero/invalid in row 29933
Warning: All percentages zero/invalid in row 29934
Warning: All percentages zero/invalid in row 29935
Warning: All percentages zero/invalid in row 29936
Warning: All percentages zero/invalid in row 29937
Warning: All percentages zero/invalid in row 29938
Warning: All percentages zero/invalid in row 29939
Warning: All percentages zero/invalid in row 29940
Warning: All percentages zero/invalid in row 29941
Warning: All percentages zero/invalid in row 29942
Warning: All percentages zero/invalid in row 29943
Warning: All percentages zero/invalid in row 29944
Warning: All percentages zero/invalid in row 29945
Warning: All percentages zero/invalid in row 29946
Warning: All percentages zero/invalid in row 29947
Warning: All percentages zero/invalid in row 29948
Warning: All percentages zero/invalid in row 29949
Warning: All percentages zero/invalid in row 29950
Warning: All percentages zero/invalid in row 29951
Warning: All percentages zero/invalid in row 29952
Warning: All percentages zero/invalid in row 29953
Warning: All percentages zero/invalid in row 29954
Warning: All percentages zero/invalid in row 29955
Warning: All percentages zero/invalid in row 29956
Warning: All percentages zero/invalid in row 29957
Warning: All percentages zero/invalid in row 29958
Warning: All percentages zero/invalid in row 29959
Warning: All percentages zero/invalid in row 29960
Warning: All percentages zero/invalid in row 29961
Warning: All percentages zero/invalid in row 29962
Warning: All percentages zero/invalid in row 29963
Warning: All percentages zero/invalid in row 29964
Warning: All percentages zero/invalid in row 29965
Warning: All percentages zero/invalid in row 29966
Warning: All percentages zero/invalid in row 29967
Warning: All percentages zero/invalid in row 29968
Warning: All percentages zero/invalid in row 29969
Warning: All percentages zero/invalid in row 29970
Warning: All percentages zero/invalid in row 29971
Warning: All percentages zero/invalid in row 29972
Warning: All percentages zero/invalid in row 29973
Warning: All percentages zero/invalid in row 29974
Warning: All percentages zero/invalid in row 29975
Warning: All percentages zero/invalid in row 29976
Warning: All percentages zero/invalid in row 29977
Warning: All percentages zero/invalid in row 29978
Warning: All percentages zero/invalid in row 29979
Warning: All percentages zero/invalid in row 29980
Warning: All percentages zero/invalid in row 29981
Warning: All percentages zero/invalid in row 29982
Warning: All percentages zero/invalid in row 29983
Warning: All percentages zero/invalid in row 29984
Warning: All percentages zero/invalid in row 29985
Warning: All percentages zero/invalid in row 29986
Warning: All percentages zero/invalid in row 29987
Warning: All percentages zero/invalid in row 29988
Warning: All percentages zero/invalid in row 29989
Warning: All percentages zero/invalid in row 29990
Warning: All percentages zero/invalid in row 29991
Warning: All percentages zero/invalid in row 29992
Warning: All percentages zero/invalid in row 29993
Warning: All percentages zero/invalid in row 29994
Warning: All percentages zero/invalid in row 29995
Warning: All percentages zero/invalid in row 29996
Warning: All percentages zero/invalid in row 29997
Warning: All percentages zero/invalid in row 29998
Warning: All percentages zero/invalid in row 29999
Warning: All percentages zero/invalid in row 30000
Warning: All percentages zero/invalid in row 30001
Warning: All percentages zero/invalid in row 30002
Warning: All percentages zero/invalid in row 30003
Warning: All percentages zero/invalid in row 30004
Warning: All percentages zero/invalid in row 30005
Warning: All percentages zero/invalid in row 30006
Warning: All percentages zero/invalid in row 30007
Warning: All percentages zero/invalid in row 30008
Warning: All percentages zero/invalid in row 30009
Warning: All percentages zero/invalid in row 30010
Warning: All percentages zero/invalid in row 30011
Warning: All percentages zero/invalid in row 30012
Warning: All percentages zero/invalid in row 30013
Warning: All percentages zero/invalid in row 30014
Warning: All percentages zero/invalid in row 30015
Warning: All percentages zero/invalid in row 30016
Warning: All percentages zero/invalid in row 30017
Warning: All percentages zero/invalid in row 30018
Warning: All percentages zero/invalid in row 30019
Warning: All percentages zero/invalid in row 30020
Warning: All percentages zero/invalid in row 30021
Warning: All percentages zero/invalid in row 30022
Warning: All percentages zero/invalid in row 30023
Warning: All percentages zero/invalid in row 30024
Warning: All percentages zero/invalid in row 30025
Warning: All percentages zero/invalid in row 30026
Warning: All percentages zero/invalid in row 30027
Warning: All percentages zero/invalid in row 30028
Warning: All percentages zero/invalid in row 30029
Warning: All percentages zero/invalid in row 30030
Warning: All percentages zero/invalid in row 30031
Warning: All percentages zero/invalid in row 30032
Warning: All percentages zero/invalid in row 30033
Warning: All percentages zero/invalid in row 30034
Warning: All percentages zero/invalid in row 30035
Warning: All percentages zero/invalid in row 30036
Warning: All percentages zero/invalid in row 30037
Warning: All percentages zero/invalid in row 30038
Warning: All percentages zero/invalid in row 30039
Warning: All percentages zero/invalid in row 30040
Warning: All percentages zero/invalid in row 30041
Warning: All percentages zero/invalid in row 30042
Warning: All percentages zero/invalid in row 30043
Warning: All percentages zero/invalid in row 30044
Warning: All percentages zero/invalid in row 30045
Warning: All percentages zero/invalid in row 30046
Warning: All percentages zero/invalid in row 30047
Warning: All percentages zero/invalid in row 30048
Warning: All percentages zero/invalid in row 30049
Warning: All percentages zero/invalid in row 30050
Warning: All percentages zero/invalid in row 30051
Warning: All percentages zero/invalid in row 30052
Warning: All percentages zero/invalid in row 30053
Warning: All percentages zero/invalid in row 30054
Warning: All percentages zero/invalid in row 30055
Warning: All percentages zero/invalid in row 30056
Warning: All percentages zero/invalid in row 30057
Warning: All percentages zero/invalid in row 30058
Warning: All percentages zero/invalid in row 30059
Warning: All percentages zero/invalid in row 30060
Warning: All percentages zero/invalid in row 30061
Warning: All percentages zero/invalid in row 30062
Warning: All percentages zero/invalid in row 30063
Warning: All percentages zero/invalid in row 30064
Warning: All percentages zero/invalid in row 30065
Warning: All percentages zero/invalid in row 30066
Warning: All percentages zero/invalid in row 30067
Warning: All percentages zero/invalid in row 30068
Warning: All percentages zero/invalid in row 30069
Warning: All percentages zero/invalid in row 30070
Warning: All percentages zero/invalid in row 30071
Warning: All percentages zero/invalid in row 30072
Warning: All percentages zero/invalid in row 30073
Warning: All percentages zero/invalid in row 30074
Warning: All percentages zero/invalid in row 30075
Warning: All percentages zero/invalid in row 30076
Warning: All percentages zero/invalid in row 30077
Warning: All percentages zero/invalid in row 30078
Warning: All percentages zero/invalid in row 30079
Warning: All percentages zero/invalid in row 30080
Warning: All percentages zero/invalid in row 30081
Warning: All percentages zero/invalid in row 30082
Warning: All percentages zero/invalid in row 30083
Warning: All percentages zero/invalid in row 30084
Warning: All percentages zero/invalid in row 30085
Warning: All percentages zero/invalid in row 30086
Warning: All percentages zero/invalid in row 30087
Warning: All percentages zero/invalid in row 30088
Warning: All percentages zero/invalid in row 30089
Warning: All percentages zero/invalid in row 30090
Warning: All percentages zero/invalid in row 30091
Warning: All percentages zero/invalid in row 30092
Warning: All percentages zero/invalid in row 30093
Warning: All percentages zero/invalid in row 30094
Warning: All percentages zero/invalid in row 30095
Warning: All percentages zero/invalid in row 30096
Warning: All percentages zero/invalid in row 30097
Warning: All percentages zero/invalid in row 30098
Warning: All percentages zero/invalid in row 30099
Warning: All percentages zero/invalid in row 30100
Warning: All percentages zero/invalid in row 30101
Warning: All percentages zero/invalid in row 30102
Warning: All percentages zero/invalid in row 30103
Warning: All percentages zero/invalid in row 30104
Warning: All percentages zero/invalid in row 30105
Warning: All percentages zero/invalid in row 30106
Warning: All percentages zero/invalid in row 30107
Warning: All percentages zero/invalid in row 30108
Warning: All percentages zero/invalid in row 30109
Warning: All percentages zero/invalid in row 30110
Warning: All percentages zero/invalid in row 30111
Warning: All percentages zero/invalid in row 30112
Warning: All percentages zero/invalid in row 30113
Warning: All percentages zero/invalid in row 30114
Warning: All percentages zero/invalid in row 30115
Warning: All percentages zero/invalid in row 30116
Warning: All percentages zero/invalid in row 30117
Warning: All percentages zero/invalid in row 30118
Warning: All percentages zero/invalid in row 30119
Warning: All percentages zero/invalid in row 30120
Warning: All percentages zero/invalid in row 30121
Warning: All percentages zero/invalid in row 30122
Warning: All percentages zero/invalid in row 30123
Warning: All percentages zero/invalid in row 30124
Warning: All percentages zero/invalid in row 30125
Warning: All percentages zero/invalid in row 30126
Warning: All percentages zero/invalid in row 30127
Warning: All percentages zero/invalid in row 30128
Warning: All percentages zero/invalid in row 30129
Warning: All percentages zero/invalid in row 30130
Warning: All percentages zero/invalid in row 30131
Warning: All percentages zero/invalid in row 30132
Warning: All percentages zero/invalid in row 30133
Warning: All percentages zero/invalid in row 30134
Warning: All percentages zero/invalid in row 30135
Warning: All percentages zero/invalid in row 30136
Warning: All percentages zero/invalid in row 30137
Warning: All percentages zero/invalid in row 30138
Warning: All percentages zero/invalid in row 30139
Warning: All percentages zero/invalid in row 30140
Warning: All percentages zero/invalid in row 30141
Warning: All percentages zero/invalid in row 30142
Warning: All percentages zero/invalid in row 30143
Warning: All percentages zero/invalid in row 30144
Warning: All percentages zero/invalid in row 30145
Warning: All percentages zero/invalid in row 30146
Warning: All percentages zero/invalid in row 30147
Warning: All percentages zero/invalid in row 30148
Warning: All percentages zero/invalid in row 30149
Warning: All percentages zero/invalid in row 30150
Warning: All percentages zero/invalid in row 30151
Warning: All percentages zero/invalid in row 30152
Warning: All percentages zero/invalid in row 30153
Warning: All percentages zero/invalid in row 30154
Warning: All percentages zero/invalid in row 30155
Warning: All percentages zero/invalid in row 30156
Warning: All percentages zero/invalid in row 30157
Warning: All percentages zero/invalid in row 30158
Warning: All percentages zero/invalid in row 30159
Warning: All percentages zero/invalid in row 30160
Warning: All percentages zero/invalid in row 30161
Warning: All percentages zero/invalid in row 30162
Warning: All percentages zero/invalid in row 30163
Warning: All percentages zero/invalid in row 30164
Warning: All percentages zero/invalid in row 30165
Warning: All percentages zero/invalid in row 30166
Warning: All percentages zero/invalid in row 30167
Warning: All percentages zero/invalid in row 30168
Warning: All percentages zero/invalid in row 30169
Warning: All percentages zero/invalid in row 30170
Warning: All percentages zero/invalid in row 30171
Warning: All percentages zero/invalid in row 30172
Warning: All percentages zero/invalid in row 30173
Warning: All percentages zero/invalid in row 30174
Warning: All percentages zero/invalid in row 30175
Warning: All percentages zero/invalid in row 30176
Warning: All percentages zero/invalid in row 30177
Warning: All percentages zero/invalid in row 30178
Warning: All percentages zero/invalid in row 30179
Warning: All percentages zero/invalid in row 30180
Warning: All percentages zero/invalid in row 30181
Warning: All percentages zero/invalid in row 30182
Warning: All percentages zero/invalid in row 30183
Warning: All percentages zero/invalid in row 30184
Warning: All percentages zero/invalid in row 30185
Warning: All percentages zero/invalid in row 30186
Warning: All percentages zero/invalid in row 30187
Warning: All percentages zero/invalid in row 30188
Warning: All percentages zero/invalid in row 30189
Warning: All percentages zero/invalid in row 30190
Warning: All percentages zero/invalid in row 30191
Warning: All percentages zero/invalid in row 30192
Warning: All percentages zero/invalid in row 30193
Warning: All percentages zero/invalid in row 30194
Warning: All percentages zero/invalid in row 30195
Warning: All percentages zero/invalid in row 30196
Warning: All percentages zero/invalid in row 30197
Warning: All percentages zero/invalid in row 30198
Warning: All percentages zero/invalid in row 30199
Warning: All percentages zero/invalid in row 30200
Warning: All percentages zero/invalid in row 30201
Warning: All percentages zero/invalid in row 30202
Warning: All percentages zero/invalid in row 30203
Warning: All percentages zero/invalid in row 30204
Warning: All percentages zero/invalid in row 30205
Warning: All percentages zero/invalid in row 30206
Warning: All percentages zero/invalid in row 30207
Warning: All percentages zero/invalid in row 30208
Warning: All percentages zero/invalid in row 30209
Warning: All percentages zero/invalid in row 30210
Warning: All percentages zero/invalid in row 30211
Warning: All percentages zero/invalid in row 30212
Warning: All percentages zero/invalid in row 30213
Warning: All percentages zero/invalid in row 30214
Warning: All percentages zero/invalid in row 30215
Warning: All percentages zero/invalid in row 30216
Warning: All percentages zero/invalid in row 30217
Warning: All percentages zero/invalid in row 30218
Warning: All percentages zero/invalid in row 30219
Warning: All percentages zero/invalid in row 30220
Warning: All percentages zero/invalid in row 30221
Warning: All percentages zero/invalid in row 30222
Warning: All percentages zero/invalid in row 30223
Warning: All percentages zero/invalid in row 30224
Warning: All percentages zero/invalid in row 30225
Warning: All percentages zero/invalid in row 30226
Warning: All percentages zero/invalid in row 30227
Warning: All percentages zero/invalid in row 30228
Warning: All percentages zero/invalid in row 30229
Warning: All percentages zero/invalid in row 30230
Warning: All percentages zero/invalid in row 30231
Warning: All percentages zero/invalid in row 30232
Warning: All percentages zero/invalid in row 30233
Warning: All percentages zero/invalid in row 30234
Warning: All percentages zero/invalid in row 30235
Warning: All percentages zero/invalid in row 30236
Warning: All percentages zero/invalid in row 30237
Warning: All percentages zero/invalid in row 30238
Warning: All percentages zero/invalid in row 30239
Warning: All percentages zero/invalid in row 30240
Warning: All percentages zero/invalid in row 30241
Warning: All percentages zero/invalid in row 30242
Warning: All percentages zero/invalid in row 30243
Warning: All percentages zero/invalid in row 30244
Warning: All percentages zero/invalid in row 30245
Warning: All percentages zero/invalid in row 30246
Warning: All percentages zero/invalid in row 30247
Warning: All percentages zero/invalid in row 30248
Warning: All percentages zero/invalid in row 30249
Warning: All percentages zero/invalid in row 30250
Warning: All percentages zero/invalid in row 30251
Warning: All percentages zero/invalid in row 30252
Warning: All percentages zero/invalid in row 30253
Warning: All percentages zero/invalid in row 30254
Warning: All percentages zero/invalid in row 30255
Warning: All percentages zero/invalid in row 30256
Warning: All percentages zero/invalid in row 30257
Warning: All percentages zero/invalid in row 30258
Warning: All percentages zero/invalid in row 30259
Warning: All percentages zero/invalid in row 30260
Warning: All percentages zero/invalid in row 30261
Warning: All percentages zero/invalid in row 30262
Warning: All percentages zero/invalid in row 30263
Warning: All percentages zero/invalid in row 30264
Warning: All percentages zero/invalid in row 30265
Warning: All percentages zero/invalid in row 30266
Warning: All percentages zero/invalid in row 30267
Warning: All percentages zero/invalid in row 30268
Warning: All percentages zero/invalid in row 30269
Warning: All percentages zero/invalid in row 30270
Warning: All percentages zero/invalid in row 30271
Warning: All percentages zero/invalid in row 30272
Warning: All percentages zero/invalid in row 30273
Warning: All percentages zero/invalid in row 30274
Warning: All percentages zero/invalid in row 30275
Warning: All percentages zero/invalid in row 30276
Warning: All percentages zero/invalid in row 30277
Warning: All percentages zero/invalid in row 30278
Warning: All percentages zero/invalid in row 30279
Warning: All percentages zero/invalid in row 30280
Warning: All percentages zero/invalid in row 30281
Warning: All percentages zero/invalid in row 30282
Warning: All percentages zero/invalid in row 30283
Warning: All percentages zero/invalid in row 30284
Warning: All percentages zero/invalid in row 30285
Warning: All percentages zero/invalid in row 30286
Warning: All percentages zero/invalid in row 30287
Warning: All percentages zero/invalid in row 30288
Warning: All percentages zero/invalid in row 30289
Warning: All percentages zero/invalid in row 30290
Warning: All percentages zero/invalid in row 30291
Warning: All percentages zero/invalid in row 30292
Warning: All percentages zero/invalid in row 30293
Warning: All percentages zero/invalid in row 30294
Warning: All percentages zero/invalid in row 30295
Warning: All percentages zero/invalid in row 30296
Warning: All percentages zero/invalid in row 30297
Warning: All percentages zero/invalid in row 30298
Warning: All percentages zero/invalid in row 30299
Warning: All percentages zero/invalid in row 30300
Warning: All percentages zero/invalid in row 30301
Warning: All percentages zero/invalid in row 30302
Warning: All percentages zero/invalid in row 30303
Warning: All percentages zero/invalid in row 30304
Warning: All percentages zero/invalid in row 30305
Warning: All percentages zero/invalid in row 30306
Warning: All percentages zero/invalid in row 30307
Warning: All percentages zero/invalid in row 30308
Warning: All percentages zero/invalid in row 30309
Warning: All percentages zero/invalid in row 30310
Warning: All percentages zero/invalid in row 30311
Warning: All percentages zero/invalid in row 30312
Warning: All percentages zero/invalid in row 30313
Warning: All percentages zero/invalid in row 30314
Warning: All percentages zero/invalid in row 30315
Warning: All percentages zero/invalid in row 30316
Warning: All percentages zero/invalid in row 30317
Warning: All percentages zero/invalid in row 30318
Warning: All percentages zero/invalid in row 30319
Warning: All percentages zero/invalid in row 30320
Warning: All percentages zero/invalid in row 30321
Warning: All percentages zero/invalid in row 30322
Warning: All percentages zero/invalid in row 30323
Warning: All percentages zero/invalid in row 30324
Warning: All percentages zero/invalid in row 30325
Warning: All percentages zero/invalid in row 30326
Warning: All percentages zero/invalid in row 30327
Warning: All percentages zero/invalid in row 30328
Warning: All percentages zero/invalid in row 30329
Warning: All percentages zero/invalid in row 30330
Warning: All percentages zero/invalid in row 30331
Warning: All percentages zero/invalid in row 30332
Warning: All percentages zero/invalid in row 30333
Warning: All percentages zero/invalid in row 30334
Warning: All percentages zero/invalid in row 30335
Warning: All percentages zero/invalid in row 30336
Warning: All percentages zero/invalid in row 30337
Warning: All percentages zero/invalid in row 30338
Warning: All percentages zero/invalid in row 30339
Warning: All percentages zero/invalid in row 30340
Warning: All percentages zero/invalid in row 30341
Warning: All percentages zero/invalid in row 30342
Warning: All percentages zero/invalid in row 30343
Warning: All percentages zero/invalid in row 30344
Warning: All percentages zero/invalid in row 30345
Warning: All percentages zero/invalid in row 30346
Warning: All percentages zero/invalid in row 30347
Warning: All percentages zero/invalid in row 30348
Warning: All percentages zero/invalid in row 30349
Warning: All percentages zero/invalid in row 30350
Warning: All percentages zero/invalid in row 30351
Warning: All percentages zero/invalid in row 30352
Warning: All percentages zero/invalid in row 30353
Warning: All percentages zero/invalid in row 30354
Warning: All percentages zero/invalid in row 30355
Warning: All percentages zero/invalid in row 30356
Warning: All percentages zero/invalid in row 30357
Warning: All percentages zero/invalid in row 30358
Warning: All percentages zero/invalid in row 30359
Warning: All percentages zero/invalid in row 30360
Warning: All percentages zero/invalid in row 30361
Warning: All percentages zero/invalid in row 30362
Warning: All percentages zero/invalid in row 30363
Warning: All percentages zero/invalid in row 30364
Warning: All percentages zero/invalid in row 30365
Warning: All percentages zero/invalid in row 30366
Warning: All percentages zero/invalid in row 30367
Warning: All percentages zero/invalid in row 30368
Warning: All percentages zero/invalid in row 30369
Warning: All percentages zero/invalid in row 30370
Warning: All percentages zero/invalid in row 30371
Warning: All percentages zero/invalid in row 30372
Warning: All percentages zero/invalid in row 30373
Warning: All percentages zero/invalid in row 30374
Warning: All percentages zero/invalid in row 30375
Warning: All percentages zero/invalid in row 30376
Warning: All percentages zero/invalid in row 30377
Warning: All percentages zero/invalid in row 30378
Warning: All percentages zero/invalid in row 30379
Warning: All percentages zero/invalid in row 30380
Warning: All percentages zero/invalid in row 30381
Warning: All percentages zero/invalid in row 30382
Warning: All percentages zero/invalid in row 30383
Warning: All percentages zero/invalid in row 30384
Warning: All percentages zero/invalid in row 30385
Warning: All percentages zero/invalid in row 30386
Warning: All percentages zero/invalid in row 30387
Warning: All percentages zero/invalid in row 30388
Warning: All percentages zero/invalid in row 30389
Warning: All percentages zero/invalid in row 30390
Warning: All percentages zero/invalid in row 30391
Warning: All percentages zero/invalid in row 30392
Warning: All percentages zero/invalid in row 30393
Warning: All percentages zero/invalid in row 30394
Warning: All percentages zero/invalid in row 30395
Warning: All percentages zero/invalid in row 30396
Warning: All percentages zero/invalid in row 30397
Warning: All percentages zero/invalid in row 30398
Warning: All percentages zero/invalid in row 30399
Warning: All percentages zero/invalid in row 30400
Warning: All percentages zero/invalid in row 30401
Warning: All percentages zero/invalid in row 30402
Warning: All percentages zero/invalid in row 30403
Warning: All percentages zero/invalid in row 30404
Warning: All percentages zero/invalid in row 30405
Warning: All percentages zero/invalid in row 30406
Warning: All percentages zero/invalid in row 30407
Warning: All percentages zero/invalid in row 30408
Warning: All percentages zero/invalid in row 30409
Warning: All percentages zero/invalid in row 30410
Warning: All percentages zero/invalid in row 30411
Warning: All percentages zero/invalid in row 30412
Warning: All percentages zero/invalid in row 30413
Warning: All percentages zero/invalid in row 30414
Warning: All percentages zero/invalid in row 30415
Warning: All percentages zero/invalid in row 30416
Warning: All percentages zero/invalid in row 30417
Warning: All percentages zero/invalid in row 30418
Warning: All percentages zero/invalid in row 30419
Warning: All percentages zero/invalid in row 30420
Warning: All percentages zero/invalid in row 30421
Warning: All percentages zero/invalid in row 30422
Warning: All percentages zero/invalid in row 30423
Warning: All percentages zero/invalid in row 30424
Warning: All percentages zero/invalid in row 30425
Warning: All percentages zero/invalid in row 30426
Warning: All percentages zero/invalid in row 30427
Warning: All percentages zero/invalid in row 30428
Warning: All percentages zero/invalid in row 30429
Warning: All percentages zero/invalid in row 30430
Warning: All percentages zero/invalid in row 30431
Warning: All percentages zero/invalid in row 30432
Warning: All percentages zero/invalid in row 30433
Warning: All percentages zero/invalid in row 30434
Warning: All percentages zero/invalid in row 30435
Warning: All percentages zero/invalid in row 30436
Warning: All percentages zero/invalid in row 30437
Warning: All percentages zero/invalid in row 30438
Warning: All percentages zero/invalid in row 30439
Warning: All percentages zero/invalid in row 30440
Warning: All percentages zero/invalid in row 30441
Warning: All percentages zero/invalid in row 30442
Warning: All percentages zero/invalid in row 30443
Warning: All percentages zero/invalid in row 30444
Warning: All percentages zero/invalid in row 30445
Warning: All percentages zero/invalid in row 30446
Warning: All percentages zero/invalid in row 30447
Warning: All percentages zero/invalid in row 30448
Warning: All percentages zero/invalid in row 30449
Warning: All percentages zero/invalid in row 30450
Warning: All percentages zero/invalid in row 30451
Warning: All percentages zero/invalid in row 30452
Warning: All percentages zero/invalid in row 30453
Warning: All percentages zero/invalid in row 30454
Warning: All percentages zero/invalid in row 30455
Warning: All percentages zero/invalid in row 30456
Warning: All percentages zero/invalid in row 30457
Warning: All percentages zero/invalid in row 30458
Warning: All percentages zero/invalid in row 30459
Warning: All percentages zero/invalid in row 30460
Warning: All percentages zero/invalid in row 30461
Warning: All percentages zero/invalid in row 30462
Warning: All percentages zero/invalid in row 30463
Warning: All percentages zero/invalid in row 30464
Warning: All percentages zero/invalid in row 30465
Warning: All percentages zero/invalid in row 30466
Warning: All percentages zero/invalid in row 30467
Warning: All percentages zero/invalid in row 30468
Warning: All percentages zero/invalid in row 30469
Warning: All percentages zero/invalid in row 30470
Warning: All percentages zero/invalid in row 30471
Warning: All percentages zero/invalid in row 30472
Warning: All percentages zero/invalid in row 30473
Warning: All percentages zero/invalid in row 30474
Warning: All percentages zero/invalid in row 30475
Warning: All percentages zero/invalid in row 30476
Warning: All percentages zero/invalid in row 30477
Warning: All percentages zero/invalid in row 30478
Warning: All percentages zero/invalid in row 30479
Warning: All percentages zero/invalid in row 30480
Warning: All percentages zero/invalid in row 30481
Warning: All percentages zero/invalid in row 30482
Warning: All percentages zero/invalid in row 30483
Warning: All percentages zero/invalid in row 30484
Warning: All percentages zero/invalid in row 30485
Warning: All percentages zero/invalid in row 30486
Warning: All percentages zero/invalid in row 30487
Warning: All percentages zero/invalid in row 30488
Warning: All percentages zero/invalid in row 30489
Warning: All percentages zero/invalid in row 30490
Warning: All percentages zero/invalid in row 30491
Warning: All percentages zero/invalid in row 30492
Warning: All percentages zero/invalid in row 30493
Warning: All percentages zero/invalid in row 30494
Warning: All percentages zero/invalid in row 30495
Warning: All percentages zero/invalid in row 30496
Warning: All percentages zero/invalid in row 30497
Warning: All percentages zero/invalid in row 30498
Warning: All percentages zero/invalid in row 30499
Warning: All percentages zero/invalid in row 30500
Warning: All percentages zero/invalid in row 30501
Warning: All percentages zero/invalid in row 30502
Warning: All percentages zero/invalid in row 30503
Warning: All percentages zero/invalid in row 30504
Warning: All percentages zero/invalid in row 30505
Warning: All percentages zero/invalid in row 30506
Warning: All percentages zero/invalid in row 30507
Warning: All percentages zero/invalid in row 30508
Warning: All percentages zero/invalid in row 30509
Warning: All percentages zero/invalid in row 30510
Warning: All percentages zero/invalid in row 30511
Warning: All percentages zero/invalid in row 30512
Warning: All percentages zero/invalid in row 30513
Warning: All percentages zero/invalid in row 30514
Warning: All percentages zero/invalid in row 30515
Warning: All percentages zero/invalid in row 30516
Warning: All percentages zero/invalid in row 30517
Warning: All percentages zero/invalid in row 30518
Warning: All percentages zero/invalid in row 30519
Warning: All percentages zero/invalid in row 30520
Warning: All percentages zero/invalid in row 30521
Warning: All percentages zero/invalid in row 30522
Warning: All percentages zero/invalid in row 30523
Warning: All percentages zero/invalid in row 30524
Warning: All percentages zero/invalid in row 30525
Warning: All percentages zero/invalid in row 30526
Warning: All percentages zero/invalid in row 30527
Warning: All percentages zero/invalid in row 30528
Warning: All percentages zero/invalid in row 30529
Warning: All percentages zero/invalid in row 30530
Warning: All percentages zero/invalid in row 30531
Warning: All percentages zero/invalid in row 30532
Warning: All percentages zero/invalid in row 30533
Warning: All percentages zero/invalid in row 30534
Warning: All percentages zero/invalid in row 30535
Warning: All percentages zero/invalid in row 30536
Warning: All percentages zero/invalid in row 30537
Warning: All percentages zero/invalid in row 30538
Warning: All percentages zero/invalid in row 30539
Warning: All percentages zero/invalid in row 30540
Warning: All percentages zero/invalid in row 30541
Warning: All percentages zero/invalid in row 30542
Warning: All percentages zero/invalid in row 30543
Warning: All percentages zero/invalid in row 30544
Warning: All percentages zero/invalid in row 30545
Warning: All percentages zero/invalid in row 30546
Warning: All percentages zero/invalid in row 30547
Warning: All percentages zero/invalid in row 30548
Warning: All percentages zero/invalid in row 30549
Warning: All percentages zero/invalid in row 30550
Warning: All percentages zero/invalid in row 30551
Warning: All percentages zero/invalid in row 30552
Warning: All percentages zero/invalid in row 30553
Warning: All percentages zero/invalid in row 30554
Warning: All percentages zero/invalid in row 30555
Warning: All percentages zero/invalid in row 30556
Warning: All percentages zero/invalid in row 30557
Warning: All percentages zero/invalid in row 30558
Warning: All percentages zero/invalid in row 30559
Warning: All percentages zero/invalid in row 30560
Warning: All percentages zero/invalid in row 30561
Warning: All percentages zero/invalid in row 30562
Warning: All percentages zero/invalid in row 30563
Warning: All percentages zero/invalid in row 30564
Warning: All percentages zero/invalid in row 30565
Warning: All percentages zero/invalid in row 30566
Warning: All percentages zero/invalid in row 30567
Warning: All percentages zero/invalid in row 30568
Warning: All percentages zero/invalid in row 30569
Warning: All percentages zero/invalid in row 30570
Warning: All percentages zero/invalid in row 30571
Warning: All percentages zero/invalid in row 30572
Warning: All percentages zero/invalid in row 30573
Warning: All percentages zero/invalid in row 30574
Warning: All percentages zero/invalid in row 30575
Warning: All percentages zero/invalid in row 30576
Warning: All percentages zero/invalid in row 30577
Warning: All percentages zero/invalid in row 30578
Warning: All percentages zero/invalid in row 30579
Warning: All percentages zero/invalid in row 30580
Warning: All percentages zero/invalid in row 30581
Warning: All percentages zero/invalid in row 30582
Warning: All percentages zero/invalid in row 30583
Warning: All percentages zero/invalid in row 30584
Warning: All percentages zero/invalid in row 30585
Warning: All percentages zero/invalid in row 30586
Warning: All percentages zero/invalid in row 30587
Warning: All percentages zero/invalid in row 30588
Warning: All percentages zero/invalid in row 30589
Warning: All percentages zero/invalid in row 30590
Warning: All percentages zero/invalid in row 30591
Warning: All percentages zero/invalid in row 30592
Warning: All percentages zero/invalid in row 30593
Warning: All percentages zero/invalid in row 30594
Warning: All percentages zero/invalid in row 30595
Warning: All percentages zero/invalid in row 30596
Warning: All percentages zero/invalid in row 30597
Warning: All percentages zero/invalid in row 30598
Warning: All percentages zero/invalid in row 30599
Warning: All percentages zero/invalid in row 30600
Warning: All percentages zero/invalid in row 30601
Warning: All percentages zero/invalid in row 30602
Warning: All percentages zero/invalid in row 30603
Warning: All percentages zero/invalid in row 30604
Warning: All percentages zero/invalid in row 30605
Warning: All percentages zero/invalid in row 30606
Warning: All percentages zero/invalid in row 30607
Warning: All percentages zero/invalid in row 30608
Warning: All percentages zero/invalid in row 30609
Warning: All percentages zero/invalid in row 30610
Warning: All percentages zero/invalid in row 30611
Warning: All percentages zero/invalid in row 30612
Warning: All percentages zero/invalid in row 30613
Warning: All percentages zero/invalid in row 30614
Warning: All percentages zero/invalid in row 30615
Warning: All percentages zero/invalid in row 30616
Warning: All percentages zero/invalid in row 30617
Warning: All percentages zero/invalid in row 30618
Warning: All percentages zero/invalid in row 30619
Warning: All percentages zero/invalid in row 30620
Warning: All percentages zero/invalid in row 30621
Warning: All percentages zero/invalid in row 30622
Warning: All percentages zero/invalid in row 30623
Warning: All percentages zero/invalid in row 30624
Warning: All percentages zero/invalid in row 30625
Warning: All percentages zero/invalid in row 30626
Warning: All percentages zero/invalid in row 30627
Warning: All percentages zero/invalid in row 30628
Warning: All percentages zero/invalid in row 30629
Warning: All percentages zero/invalid in row 30630
Warning: All percentages zero/invalid in row 30631
Warning: All percentages zero/invalid in row 30632
Warning: All percentages zero/invalid in row 30633
Warning: All percentages zero/invalid in row 30634
Warning: All percentages zero/invalid in row 30635
Warning: All percentages zero/invalid in row 30636
Warning: All percentages zero/invalid in row 30637
Warning: All percentages zero/invalid in row 30638
Warning: All percentages zero/invalid in row 30639
Warning: All percentages zero/invalid in row 30640
Warning: All percentages zero/invalid in row 30641
Warning: All percentages zero/invalid in row 30642
Warning: All percentages zero/invalid in row 30643
Warning: All percentages zero/invalid in row 30644
Warning: All percentages zero/invalid in row 30645
Warning: All percentages zero/invalid in row 30646
Warning: All percentages zero/invalid in row 30647
Warning: All percentages zero/invalid in row 30648
Warning: All percentages zero/invalid in row 30649
Warning: All percentages zero/invalid in row 30650
Warning: All percentages zero/invalid in row 30651
Warning: All percentages zero/invalid in row 30652
Warning: All percentages zero/invalid in row 30653
Warning: All percentages zero/invalid in row 30654
Warning: All percentages zero/invalid in row 30655
Warning: All percentages zero/invalid in row 30656
Warning: All percentages zero/invalid in row 30657
Warning: All percentages zero/invalid in row 30658
Warning: All percentages zero/invalid in row 30659
Warning: All percentages zero/invalid in row 30660
Warning: All percentages zero/invalid in row 30661
Warning: All percentages zero/invalid in row 30662
Warning: All percentages zero/invalid in row 30663
Warning: All percentages zero/invalid in row 30664
Warning: All percentages zero/invalid in row 30665
Warning: All percentages zero/invalid in row 30666
Warning: All percentages zero/invalid in row 30667
Warning: All percentages zero/invalid in row 30668
Warning: All percentages zero/invalid in row 30669
Warning: All percentages zero/invalid in row 30670
Warning: All percentages zero/invalid in row 30671
Warning: All percentages zero/invalid in row 30672
Warning: All percentages zero/invalid in row 30673
Warning: All percentages zero/invalid in row 30674
Warning: All percentages zero/invalid in row 30675
Warning: All percentages zero/invalid in row 30676
Warning: All percentages zero/invalid in row 30677
Warning: All percentages zero/invalid in row 30678
Warning: All percentages zero/invalid in row 30679
Warning: All percentages zero/invalid in row 30680
Warning: All percentages zero/invalid in row 30681
Warning: All percentages zero/invalid in row 30682
Warning: All percentages zero/invalid in row 30683
Warning: All percentages zero/invalid in row 30684
Warning: All percentages zero/invalid in row 30685
Warning: All percentages zero/invalid in row 30686
Warning: All percentages zero/invalid in row 30687
Warning: All percentages zero/invalid in row 30688
Warning: All percentages zero/invalid in row 30689
Warning: All percentages zero/invalid in row 30690
Warning: All percentages zero/invalid in row 30691
Warning: All percentages zero/invalid in row 30692
Warning: All percentages zero/invalid in row 30693
Warning: All percentages zero/invalid in row 30694
Warning: All percentages zero/invalid in row 30695
Warning: All percentages zero/invalid in row 30696
Warning: All percentages zero/invalid in row 30697
Warning: All percentages zero/invalid in row 30698
Warning: All percentages zero/invalid in row 30699
Warning: All percentages zero/invalid in row 30700
Warning: All percentages zero/invalid in row 30701
Warning: All percentages zero/invalid in row 30702
Warning: All percentages zero/invalid in row 30703
Warning: All percentages zero/invalid in row 30704
Warning: All percentages zero/invalid in row 30705
Warning: All percentages zero/invalid in row 30706
Warning: All percentages zero/invalid in row 30707
Warning: All percentages zero/invalid in row 30708
Warning: All percentages zero/invalid in row 30709
Warning: All percentages zero/invalid in row 30710
Warning: All percentages zero/invalid in row 30711
Warning: All percentages zero/invalid in row 30712
Warning: All percentages zero/invalid in row 30713
Warning: All percentages zero/invalid in row 30714
Warning: All percentages zero/invalid in row 30715
Warning: All percentages zero/invalid in row 30716
Warning: All percentages zero/invalid in row 30717
Warning: All percentages zero/invalid in row 30718
Warning: All percentages zero/invalid in row 30719
Warning: All percentages zero/invalid in row 30720
Warning: All percentages zero/invalid in row 30721
Warning: All percentages zero/invalid in row 30722
Warning: All percentages zero/invalid in row 30723
Warning: All percentages zero/invalid in row 30724
Warning: All percentages zero/invalid in row 30725
Warning: All percentages zero/invalid in row 30726
Warning: All percentages zero/invalid in row 30727
Warning: All percentages zero/invalid in row 30728
Warning: All percentages zero/invalid in row 30729
Warning: All percentages zero/invalid in row 30730
Warning: All percentages zero/invalid in row 30731
Warning: All percentages zero/invalid in row 30732
Warning: All percentages zero/invalid in row 30733
Warning: All percentages zero/invalid in row 30734
Warning: All percentages zero/invalid in row 30735
Warning: All percentages zero/invalid in row 30736
Warning: All percentages zero/invalid in row 30737
Warning: All percentages zero/invalid in row 30738
Warning: All percentages zero/invalid in row 30739
Warning: All percentages zero/invalid in row 30740
Warning: All percentages zero/invalid in row 30741
Warning: All percentages zero/invalid in row 30742
Warning: All percentages zero/invalid in row 30743
Warning: All percentages zero/invalid in row 30744
Warning: All percentages zero/invalid in row 30745
Warning: All percentages zero/invalid in row 30746
Warning: All percentages zero/invalid in row 30747
Warning: All percentages zero/invalid in row 30748
Warning: All percentages zero/invalid in row 30749
Warning: All percentages zero/invalid in row 30750
Warning: All percentages zero/invalid in row 30751
Warning: All percentages zero/invalid in row 30752
Warning: All percentages zero/invalid in row 30753
Warning: All percentages zero/invalid in row 30754
Warning: All percentages zero/invalid in row 30755
Warning: All percentages zero/invalid in row 30756
Warning: All percentages zero/invalid in row 30757
Warning: All percentages zero/invalid in row 30758
Warning: All percentages zero/invalid in row 30759
Warning: All percentages zero/invalid in row 30760
Warning: All percentages zero/invalid in row 30761
Warning: All percentages zero/invalid in row 30762
Warning: All percentages zero/invalid in row 30763
Warning: All percentages zero/invalid in row 30764
Warning: All percentages zero/invalid in row 30765
Warning: All percentages zero/invalid in row 30766
Warning: All percentages zero/invalid in row 30767
Warning: All percentages zero/invalid in row 30768
Warning: All percentages zero/invalid in row 30769
Warning: All percentages zero/invalid in row 30770
Warning: All percentages zero/invalid in row 30771
Warning: All percentages zero/invalid in row 30772
Warning: All percentages zero/invalid in row 30773
Warning: All percentages zero/invalid in row 30774
Warning: All percentages zero/invalid in row 30775
Warning: All percentages zero/invalid in row 30776
Warning: All percentages zero/invalid in row 30777
Warning: All percentages zero/invalid in row 30778
Warning: All percentages zero/invalid in row 30779
Warning: All percentages zero/invalid in row 30780
Warning: All percentages zero/invalid in row 30781
Warning: All percentages zero/invalid in row 30782
Warning: All percentages zero/invalid in row 30783
Warning: All percentages zero/invalid in row 30784
Warning: All percentages zero/invalid in row 30785
Warning: All percentages zero/invalid in row 30786
Warning: All percentages zero/invalid in row 30787
Warning: All percentages zero/invalid in row 30788
Warning: All percentages zero/invalid in row 30789
Warning: All percentages zero/invalid in row 30790
Warning: All percentages zero/invalid in row 30791
Warning: All percentages zero/invalid in row 30792
Warning: All percentages zero/invalid in row 30793
Warning: All percentages zero/invalid in row 30794
Warning: All percentages zero/invalid in row 30795
Warning: All percentages zero/invalid in row 30796
Warning: All percentages zero/invalid in row 30797
Warning: All percentages zero/invalid in row 30798
Warning: All percentages zero/invalid in row 30799
Warning: All percentages zero/invalid in row 30800
Warning: All percentages zero/invalid in row 30801
Warning: All percentages zero/invalid in row 30802
Warning: All percentages zero/invalid in row 30803
Warning: All percentages zero/invalid in row 30804
Warning: All percentages zero/invalid in row 30805
Warning: All percentages zero/invalid in row 30806
Warning: All percentages zero/invalid in row 30807
Warning: All percentages zero/invalid in row 30808
Warning: All percentages zero/invalid in row 30809
Warning: All percentages zero/invalid in row 30810
Warning: All percentages zero/invalid in row 30811
Warning: All percentages zero/invalid in row 30812
Warning: All percentages zero/invalid in row 30813
Warning: All percentages zero/invalid in row 30814
Warning: All percentages zero/invalid in row 30815
Warning: All percentages zero/invalid in row 30816
Warning: All percentages zero/invalid in row 30817
Warning: All percentages zero/invalid in row 30818
Warning: All percentages zero/invalid in row 30819
Warning: All percentages zero/invalid in row 30820
Warning: All percentages zero/invalid in row 30821
Warning: All percentages zero/invalid in row 30822
Warning: All percentages zero/invalid in row 30823
Warning: All percentages zero/invalid in row 30824
Warning: All percentages zero/invalid in row 30825
Warning: All percentages zero/invalid in row 30826
Warning: All percentages zero/invalid in row 30827
Warning: All percentages zero/invalid in row 30828
Warning: All percentages zero/invalid in row 30829
Warning: All percentages zero/invalid in row 30830
Warning: All percentages zero/invalid in row 30831
Warning: All percentages zero/invalid in row 30832
Warning: All percentages zero/invalid in row 30833
Warning: All percentages zero/invalid in row 30834
Warning: All percentages zero/invalid in row 30835
Warning: All percentages zero/invalid in row 30836
Warning: All percentages zero/invalid in row 30837
Warning: All percentages zero/invalid in row 30838
Warning: All percentages zero/invalid in row 30839
Warning: All percentages zero/invalid in row 30840
Warning: All percentages zero/invalid in row 30841
Warning: All percentages zero/invalid in row 30842
Warning: All percentages zero/invalid in row 30843
Warning: All percentages zero/invalid in row 30844
Warning: All percentages zero/invalid in row 30845
Warning: All percentages zero/invalid in row 30846
Warning: All percentages zero/invalid in row 30847
Warning: All percentages zero/invalid in row 30848
Warning: All percentages zero/invalid in row 30882
Warning: All percentages zero/invalid in row 30904
Warning: All percentages zero/invalid in row 30906
Warning: All percentages zero/invalid in row 30908
Warning: All percentages zero/invalid in row 30910
Warning: All percentages zero/invalid in row 30911
Warning: All percentages zero/invalid in row 30912
Warning: All percentages zero/invalid in row 30915
Warning: All percentages zero/invalid in row 30921
Warning: All percentages zero/invalid in row 30923
Warning: All percentages zero/invalid in row 30924
Warning: All percentages zero/invalid in row 30926
Warning: All percentages zero/invalid in row 30927
Warning: All percentages zero/invalid in row 30928
Warning: All percentages zero/invalid in row 30932
Warning: All percentages zero/invalid in row 30933
Warning: All percentages zero/invalid in row 30938
Warning: All percentages zero/invalid in row 30939
Warning: All percentages zero/invalid in row 30942
Warning: All percentages zero/invalid in row 30943
Warning: All percentages zero/invalid in row 30944
Warning: All percentages zero/invalid in row 30946
Warning: All percentages zero/invalid in row 30947
Warning: All percentages zero/invalid in row 30951
Warning: All percentages zero/invalid in row 30952
Warning: All percentages zero/invalid in row 30958
Warning: All percentages zero/invalid in row 30959
Warning: All percentages zero/invalid in row 30960
Warning: All percentages zero/invalid in row 30961
Warning: All percentages zero/invalid in row 30963
Warning: All percentages zero/invalid in row 30964
Warning: All percentages zero/invalid in row 30965
Warning: All percentages zero/invalid in row 30967
Warning: All percentages zero/invalid in row 30969
Warning: All percentages zero/invalid in row 30972
Warning: All percentages zero/invalid in row 30975
Warning: All percentages zero/invalid in row 30977
Warning: All percentages zero/invalid in row 30978
Warning: All percentages zero/invalid in row 30979
Warning: All percentages zero/invalid in row 30980
Warning: All percentages zero/invalid in row 30981
Warning: All percentages zero/invalid in row 30982
Warning: All percentages zero/invalid in row 30984
Warning: All percentages zero/invalid in row 30985
Warning: All percentages zero/invalid in row 30986
Warning: All percentages zero/invalid in row 30987
Warning: All percentages zero/invalid in row 30988
Warning: All percentages zero/invalid in row 30989
Warning: All percentages zero/invalid in row 30991
Warning: All percentages zero/invalid in row 30992
Warning: All percentages zero/invalid in row 30993
Warning: All percentages zero/invalid in row 30994
Warning: All percentages zero/invalid in row 30995
Warning: All percentages zero/invalid in row 30996
Warning: All percentages zero/invalid in row 30997
Warning: All percentages zero/invalid in row 30999
Warning: All percentages zero/invalid in row 31000
Warning: All percentages zero/invalid in row 31001
Warning: All percentages zero/invalid in row 31018
Warning: All percentages zero/invalid in row 31022
Warning: All percentages zero/invalid in row 31030
Warning: All percentages zero/invalid in row 31033
Warning: All percentages zero/invalid in row 31038
Warning: All percentages zero/invalid in row 31041
Warning: All percentages zero/invalid in row 31047
Warning: All percentages zero/invalid in row 31052
Warning: All percentages zero/invalid in row 31056
Warning: All percentages zero/invalid in row 31057
Warning: All percentages zero/invalid in row 31058
Warning: All percentages zero/invalid in row 31063
Warning: All percentages zero/invalid in row 31067
Warning: All percentages zero/invalid in row 31068
Warning: All percentages zero/invalid in row 31070
Warning: All percentages zero/invalid in row 31077
Warning: All percentages zero/invalid in row 31079
Warning: All percentages zero/invalid in row 31081
Warning: All percentages zero/invalid in row 31083
Warning: All percentages zero/invalid in row 31084
Warning: All percentages zero/invalid in row 31087
Warning: All percentages zero/invalid in row 31089
Warning: All percentages zero/invalid in row 31091
Warning: All percentages zero/invalid in row 31092
Warning: All percentages zero/invalid in row 31093
Warning: All percentages zero/invalid in row 31094
Warning: All percentages zero/invalid in row 31095
Warning: All percentages zero/invalid in row 31096
Warning: All percentages zero/invalid in row 31097
Warning: All percentages zero/invalid in row 31098
Warning: All percentages zero/invalid in row 31103
Warning: All percentages zero/invalid in row 31105
Warning: All percentages zero/invalid in row 31111
Warning: All percentages zero/invalid in row 31128
Warning: All percentages zero/invalid in row 31136
Warning: All percentages zero/invalid in row 31140
Warning: All percentages zero/invalid in row 31142
Warning: All percentages zero/invalid in row 31146
Warning: All percentages zero/invalid in row 31155
Warning: All percentages zero/invalid in row 31156
Warning: All percentages zero/invalid in row 31160
Warning: All percentages zero/invalid in row 31161
Warning: All percentages zero/invalid in row 31162
Warning: All percentages zero/invalid in row 31163
Warning: All percentages zero/invalid in row 31164
Warning: All percentages zero/invalid in row 31165
Warning: All percentages zero/invalid in row 31166
Warning: All percentages zero/invalid in row 31167
Warning: All percentages zero/invalid in row 31168
Warning: All percentages zero/invalid in row 31169
Warning: All percentages zero/invalid in row 31171
Warning: All percentages zero/invalid in row 31189
Warning: All percentages zero/invalid in row 31202
Warning: All percentages zero/invalid in row 31211
Warning: All percentages zero/invalid in row 31214
Warning: All percentages zero/invalid in row 31215
Warning: All percentages zero/invalid in row 31216
Warning: All percentages zero/invalid in row 31217
Warning: All percentages zero/invalid in row 31218
Warning: All percentages zero/invalid in row 31219
Warning: All percentages zero/invalid in row 31220
Warning: All percentages zero/invalid in row 31221
Warning: All percentages zero/invalid in row 31222
Warning: All percentages zero/invalid in row 31223
Warning: All percentages zero/invalid in row 31224
Warning: All percentages zero/invalid in row 31225
Warning: All percentages zero/invalid in row 31226
Warning: All percentages zero/invalid in row 31227
Warning: All percentages zero/invalid in row 31228
Warning: All percentages zero/invalid in row 31229
Warning: All percentages zero/invalid in row 31232
Warning: All percentages zero/invalid in row 31233
Warning: All percentages zero/invalid in row 31234
Warning: All percentages zero/invalid in row 31235
Warning: All percentages zero/invalid in row 31236
Warning: All percentages zero/invalid in row 31237
Warning: All percentages zero/invalid in row 31239
Warning: All percentages zero/invalid in row 31240
Warning: All percentages zero/invalid in row 31241
Warning: All percentages zero/invalid in row 31242
Warning: All percentages zero/invalid in row 31243
Warning: All percentages zero/invalid in row 31244
Warning: All percentages zero/invalid in row 31245
Warning: All percentages zero/invalid in row 31246
Warning: All percentages zero/invalid in row 31247
Warning: All percentages zero/invalid in row 31248
Warning: All percentages zero/invalid in row 31249
Warning: All percentages zero/invalid in row 31250
Warning: All percentages zero/invalid in row 31251
Warning: All percentages zero/invalid in row 31253
Warning: All percentages zero/invalid in row 31254
Warning: All percentages zero/invalid in row 31255
Warning: All percentages zero/invalid in row 31256
Warning: All percentages zero/invalid in row 31257
Warning: All percentages zero/invalid in row 31258
Warning: All percentages zero/invalid in row 31259
Warning: All percentages zero/invalid in row 31260
Warning: All percentages zero/invalid in row 31261
Warning: All percentages zero/invalid in row 31262
Warning: All percentages zero/invalid in row 31264
Warning: All percentages zero/invalid in row 31265
Warning: All percentages zero/invalid in row 31266
Warning: All percentages zero/invalid in row 31267
Warning: All percentages zero/invalid in row 31268
Warning: All percentages zero/invalid in row 31269
Warning: All percentages zero/invalid in row 31270
Warning: All percentages zero/invalid in row 31271
Warning: All percentages zero/invalid in row 31272
Warning: All percentages zero/invalid in row 31273
Warning: All percentages zero/invalid in row 31274
Warning: All percentages zero/invalid in row 31275
Warning: All percentages zero/invalid in row 31276
Warning: All percentages zero/invalid in row 31277
Warning: All percentages zero/invalid in row 31278
Warning: All percentages zero/invalid in row 31279
Warning: All percentages zero/invalid in row 31280
Warning: All percentages zero/invalid in row 31281
Warning: All percentages zero/invalid in row 31282
Warning: All percentages zero/invalid in row 31283
Warning: All percentages zero/invalid in row 31284
Warning: All percentages zero/invalid in row 31285
Warning: All percentages zero/invalid in row 31286
Warning: All percentages zero/invalid in row 31287
Warning: All percentages zero/invalid in row 31288
Warning: All percentages zero/invalid in row 31289
Warning: All percentages zero/invalid in row 31290
Warning: All percentages zero/invalid in row 31291
Warning: All percentages zero/invalid in row 31292
Warning: All percentages zero/invalid in row 31293
Warning: All percentages zero/invalid in row 31294
Warning: All percentages zero/invalid in row 31295
Warning: All percentages zero/invalid in row 31296
Warning: All percentages zero/invalid in row 31297
Warning: All percentages zero/invalid in row 31298
Warning: All percentages zero/invalid in row 31299
Warning: All percentages zero/invalid in row 31300
Warning: All percentages zero/invalid in row 31301
Warning: All percentages zero/invalid in row 31302
Warning: All percentages zero/invalid in row 31303
Warning: All percentages zero/invalid in row 31304
Warning: All percentages zero/invalid in row 31305
Warning: All percentages zero/invalid in row 31306
Warning: All percentages zero/invalid in row 31307
Warning: All percentages zero/invalid in row 31308
Warning: All percentages zero/invalid in row 31309
Warning: All percentages zero/invalid in row 31310
Warning: All percentages zero/invalid in row 31311
Warning: All percentages zero/invalid in row 31312
Warning: All percentages zero/invalid in row 31313
Warning: All percentages zero/invalid in row 31314
Warning: All percentages zero/invalid in row 31315
Warning: All percentages zero/invalid in row 31316
Warning: All percentages zero/invalid in row 31317
Warning: All percentages zero/invalid in row 31318
Warning: All percentages zero/invalid in row 31320
Warning: All percentages zero/invalid in row 31321
Warning: All percentages zero/invalid in row 31322
Warning: All percentages zero/invalid in row 31323
Warning: All percentages zero/invalid in row 31324
Warning: All percentages zero/invalid in row 31325
Warning: All percentages zero/invalid in row 31326
Warning: All percentages zero/invalid in row 31327
Warning: All percentages zero/invalid in row 31328
Warning: All percentages zero/invalid in row 31329
Warning: All percentages zero/invalid in row 31330
Warning: All percentages zero/invalid in row 31331
Warning: All percentages zero/invalid in row 31332
Warning: All percentages zero/invalid in row 31333
Warning: All percentages zero/invalid in row 31334
Warning: All percentages zero/invalid in row 31335
Warning: All percentages zero/invalid in row 31336
Warning: All percentages zero/invalid in row 31337
Warning: All percentages zero/invalid in row 31338
Warning: All percentages zero/invalid in row 31339
Warning: All percentages zero/invalid in row 31340
Warning: All percentages zero/invalid in row 31341
Warning: All percentages zero/invalid in row 31342
Warning: All percentages zero/invalid in row 31343
Warning: All percentages zero/invalid in row 31344
Warning: All percentages zero/invalid in row 31345
Warning: All percentages zero/invalid in row 31346
Warning: All percentages zero/invalid in row 31347
Warning: All percentages zero/invalid in row 31348
Warning: All percentages zero/invalid in row 31349
Warning: All percentages zero/invalid in row 31350
Warning: All percentages zero/invalid in row 31351
Warning: All percentages zero/invalid in row 31352
Warning: All percentages zero/invalid in row 31353
Warning: All percentages zero/invalid in row 31354
Warning: All percentages zero/invalid in row 31355
Warning: All percentages zero/invalid in row 31356
Warning: All percentages zero/invalid in row 31357
Warning: All percentages zero/invalid in row 31358
Warning: All percentages zero/invalid in row 31359
Warning: All percentages zero/invalid in row 31360
Warning: All percentages zero/invalid in row 31361
Warning: All percentages zero/invalid in row 31362
Warning: All percentages zero/invalid in row 31363
Warning: All percentages zero/invalid in row 31364
Warning: All percentages zero/invalid in row 31365
Warning: All percentages zero/invalid in row 31366
Warning: All percentages zero/invalid in row 31367
Warning: All percentages zero/invalid in row 31368
Warning: All percentages zero/invalid in row 31369
Warning: All percentages zero/invalid in row 31370
Warning: All percentages zero/invalid in row 31371
Warning: All percentages zero/invalid in row 31372
Warning: All percentages zero/invalid in row 31373
Warning: All percentages zero/invalid in row 31374
Warning: All percentages zero/invalid in row 31375
Warning: All percentages zero/invalid in row 31376
Warning: All percentages zero/invalid in row 31377
Warning: All percentages zero/invalid in row 31378
Warning: All percentages zero/invalid in row 31379
Warning: All percentages zero/invalid in row 31380
Warning: All percentages zero/invalid in row 31381
Warning: All percentages zero/invalid in row 31382
Warning: All percentages zero/invalid in row 31383
Warning: All percentages zero/invalid in row 31384
Warning: All percentages zero/invalid in row 31385
Warning: All percentages zero/invalid in row 31386
Warning: All percentages zero/invalid in row 31387
Warning: All percentages zero/invalid in row 31388
Warning: All percentages zero/invalid in row 31399
Warning: All percentages zero/invalid in row 31403
Warning: All percentages zero/invalid in row 31406
Warning: All percentages zero/invalid in row 31413
Warning: All percentages zero/invalid in row 31415
Warning: All percentages zero/invalid in row 31424
Warning: All percentages zero/invalid in row 31426
Warning: All percentages zero/invalid in row 31427
Warning: All percentages zero/invalid in row 31428
Warning: All percentages zero/invalid in row 31429
Warning: All percentages zero/invalid in row 31431
Warning: All percentages zero/invalid in row 31438
Warning: All percentages zero/invalid in row 31443
Warning: All percentages zero/invalid in row 31448
Warning: All percentages zero/invalid in row 31450
Warning: All percentages zero/invalid in row 31451
Warning: All percentages zero/invalid in row 31452
Warning: All percentages zero/invalid in row 31453
Warning: All percentages zero/invalid in row 31455
Warning: All percentages zero/invalid in row 31457
Warning: All percentages zero/invalid in row 31458
Warning: All percentages zero/invalid in row 31459
Warning: All percentages zero/invalid in row 31462
Warning: All percentages zero/invalid in row 31465
Warning: All percentages zero/invalid in row 31466
Warning: All percentages zero/invalid in row 31469
Warning: All percentages zero/invalid in row 31470
Warning: All percentages zero/invalid in row 31471
Warning: All percentages zero/invalid in row 31472
Warning: All percentages zero/invalid in row 31473
Warning: All percentages zero/invalid in row 31474
Warning: All percentages zero/invalid in row 31475
Warning: All percentages zero/invalid in row 31476
Warning: All percentages zero/invalid in row 31477
Warning: All percentages zero/invalid in row 31478
Warning: All percentages zero/invalid in row 31479
Warning: All percentages zero/invalid in row 31480
Warning: All percentages zero/invalid in row 31481
Warning: All percentages zero/invalid in row 31482
Warning: All percentages zero/invalid in row 31483
Warning: All percentages zero/invalid in row 31484
Warning: All percentages zero/invalid in row 31485
Warning: All percentages zero/invalid in row 31486
Warning: All percentages zero/invalid in row 31487
Warning: All percentages zero/invalid in row 31489
Warning: All percentages zero/invalid in row 31490
Warning: All percentages zero/invalid in row 31491
Warning: All percentages zero/invalid in row 31492
Warning: All percentages zero/invalid in row 31493
Warning: All percentages zero/invalid in row 31494
Warning: All percentages zero/invalid in row 31495
Warning: All percentages zero/invalid in row 31496
Warning: All percentages zero/invalid in row 31497
Warning: All percentages zero/invalid in row 31498
Warning: All percentages zero/invalid in row 31499
Warning: All percentages zero/invalid in row 31500
Warning: All percentages zero/invalid in row 31501
Warning: All percentages zero/invalid in row 31502
Warning: All percentages zero/invalid in row 31503
Warning: All percentages zero/invalid in row 31504
Warning: All percentages zero/invalid in row 31505
Warning: All percentages zero/invalid in row 31506
Warning: All percentages zero/invalid in row 31507
Warning: All percentages zero/invalid in row 31508
Warning: All percentages zero/invalid in row 31509
Warning: All percentages zero/invalid in row 31510
Warning: All percentages zero/invalid in row 31511
Warning: All percentages zero/invalid in row 31512
Warning: All percentages zero/invalid in row 31513
Warning: All percentages zero/invalid in row 31514
Warning: All percentages zero/invalid in row 31515
Warning: All percentages zero/invalid in row 31516
Warning: All percentages zero/invalid in row 31517
Warning: All percentages zero/invalid in row 31518
Warning: All percentages zero/invalid in row 31519
Warning: All percentages zero/invalid in row 31520
Warning: All percentages zero/invalid in row 31521
Warning: All percentages zero/invalid in row 31522
Warning: All percentages zero/invalid in row 31523
Warning: All percentages zero/invalid in row 31524
Warning: All percentages zero/invalid in row 31525
Warning: All percentages zero/invalid in row 31526
Warning: All percentages zero/invalid in row 31527
Warning: All percentages zero/invalid in row 31528
Warning: All percentages zero/invalid in row 31529
Warning: All percentages zero/invalid in row 31530
Warning: All percentages zero/invalid in row 31531
Warning: All percentages zero/invalid in row 31532
Warning: All percentages zero/invalid in row 31533
Warning: All percentages zero/invalid in row 31534
Warning: All percentages zero/invalid in row 31535
Warning: All percentages zero/invalid in row 31536
Warning: All percentages zero/invalid in row 31537
Warning: All percentages zero/invalid in row 31538
Warning: All percentages zero/invalid in row 31539
Warning: All percentages zero/invalid in row 31540
Warning: All percentages zero/invalid in row 31541
Warning: All percentages zero/invalid in row 31542
Warning: All percentages zero/invalid in row 31543
Warning: All percentages zero/invalid in row 31544
Warning: All percentages zero/invalid in row 31545
Warning: All percentages zero/invalid in row 31546
Warning: All percentages zero/invalid in row 31547
Warning: All percentages zero/invalid in row 31548
Warning: All percentages zero/invalid in row 31549
Warning: All percentages zero/invalid in row 31550
Warning: All percentages zero/invalid in row 31551
Warning: All percentages zero/invalid in row 31552
Warning: All percentages zero/invalid in row 31553
Warning: All percentages zero/invalid in row 31554
Warning: All percentages zero/invalid in row 31555
Warning: All percentages zero/invalid in row 31556
Warning: All percentages zero/invalid in row 31557
Warning: All percentages zero/invalid in row 31558
Warning: All percentages zero/invalid in row 31559
Warning: All percentages zero/invalid in row 31560
Warning: All percentages zero/invalid in row 31561
Warning: All percentages zero/invalid in row 31562
Warning: All percentages zero/invalid in row 31563
Warning: All percentages zero/invalid in row 31564
Warning: All percentages zero/invalid in row 31565
Warning: All percentages zero/invalid in row 31566
Warning: All percentages zero/invalid in row 31567
Warning: All percentages zero/invalid in row 31568
Warning: All percentages zero/invalid in row 31569
Warning: All percentages zero/invalid in row 31570
Warning: All percentages zero/invalid in row 31571
Warning: All percentages zero/invalid in row 31572
Warning: All percentages zero/invalid in row 31573
Warning: All percentages zero/invalid in row 31574
Warning: All percentages zero/invalid in row 31575
Warning: All percentages zero/invalid in row 31576
Warning: All percentages zero/invalid in row 31577
Warning: All percentages zero/invalid in row 31578
Warning: All percentages zero/invalid in row 31579
Warning: All percentages zero/invalid in row 31580
Warning: All percentages zero/invalid in row 31581
Warning: All percentages zero/invalid in row 31582
Warning: All percentages zero/invalid in row 31583
Warning: All percentages zero/invalid in row 31584
Warning: All percentages zero/invalid in row 31585
Warning: All percentages zero/invalid in row 31586
Warning: All percentages zero/invalid in row 31587
Warning: All percentages zero/invalid in row 31588
Warning: All percentages zero/invalid in row 31589
Warning: All percentages zero/invalid in row 31590
Warning: All percentages zero/invalid in row 31591
Warning: All percentages zero/invalid in row 31592
Warning: All percentages zero/invalid in row 31593
Warning: All percentages zero/invalid in row 31594
Warning: All percentages zero/invalid in row 31595
Warning: All percentages zero/invalid in row 31596
Warning: All percentages zero/invalid in row 31597
Warning: All percentages zero/invalid in row 31598
Warning: All percentages zero/invalid in row 31599
Warning: All percentages zero/invalid in row 31600
Warning: All percentages zero/invalid in row 31601
Warning: All percentages zero/invalid in row 31602
Warning: All percentages zero/invalid in row 31603
Warning: All percentages zero/invalid in row 31604
Warning: All percentages zero/invalid in row 31605
Warning: All percentages zero/invalid in row 31606
Warning: All percentages zero/invalid in row 31607
Warning: All percentages zero/invalid in row 31608
Warning: All percentages zero/invalid in row 31609
Warning: All percentages zero/invalid in row 31610
Warning: All percentages zero/invalid in row 31611
Warning: All percentages zero/invalid in row 31613
Warning: All percentages zero/invalid in row 31614
Warning: All percentages zero/invalid in row 31615
Warning: All percentages zero/invalid in row 31616
Warning: All percentages zero/invalid in row 31617
Warning: All percentages zero/invalid in row 31618
Warning: All percentages zero/invalid in row 31619
Warning: All percentages zero/invalid in row 31620
Warning: All percentages zero/invalid in row 31621
Warning: All percentages zero/invalid in row 31622
Warning: All percentages zero/invalid in row 31623
Warning: All percentages zero/invalid in row 31625
Warning: All percentages zero/invalid in row 31626
Warning: All percentages zero/invalid in row 31628
Warning: All percentages zero/invalid in row 31629
Warning: All percentages zero/invalid in row 31631
Warning: All percentages zero/invalid in row 31632
Warning: All percentages zero/invalid in row 31633
Warning: All percentages zero/invalid in row 31634
Warning: All percentages zero/invalid in row 31635
Warning: All percentages zero/invalid in row 31636
Warning: All percentages zero/invalid in row 31637
Warning: All percentages zero/invalid in row 31638
Warning: All percentages zero/invalid in row 31639
Warning: All percentages zero/invalid in row 31641
Warning: All percentages zero/invalid in row 31642
Warning: All percentages zero/invalid in row 31643
Warning: All percentages zero/invalid in row 31644
Warning: All percentages zero/invalid in row 31645
Warning: All percentages zero/invalid in row 31646
Warning: All percentages zero/invalid in row 31647
Warning: All percentages zero/invalid in row 31648
Warning: All percentages zero/invalid in row 31649
Warning: All percentages zero/invalid in row 31650
Warning: All percentages zero/invalid in row 31651
Warning: All percentages zero/invalid in row 31652
Warning: All percentages zero/invalid in row 31653
Warning: All percentages zero/invalid in row 31654
Warning: All percentages zero/invalid in row 31657
Warning: All percentages zero/invalid in row 31658
Warning: All percentages zero/invalid in row 31659
Warning: All percentages zero/invalid in row 31660
Warning: All percentages zero/invalid in row 31661
Warning: All percentages zero/invalid in row 31662
Warning: All percentages zero/invalid in row 31663
Warning: All percentages zero/invalid in row 31664
Warning: All percentages zero/invalid in row 31665
Warning: All percentages zero/invalid in row 31666
Warning: All percentages zero/invalid in row 31667
Warning: All percentages zero/invalid in row 31668
Warning: All percentages zero/invalid in row 31669
Warning: All percentages zero/invalid in row 31670
Warning: All percentages zero/invalid in row 31671
Warning: All percentages zero/invalid in row 31672
Warning: All percentages zero/invalid in row 31673
Warning: All percentages zero/invalid in row 31674
Warning: All percentages zero/invalid in row 31675
Warning: All percentages zero/invalid in row 31676
Warning: All percentages zero/invalid in row 31677
Warning: All percentages zero/invalid in row 31678
Warning: All percentages zero/invalid in row 31679
Warning: All percentages zero/invalid in row 31680
Warning: All percentages zero/invalid in row 31681
Warning: All percentages zero/invalid in row 31682
Warning: All percentages zero/invalid in row 31683
Warning: All percentages zero/invalid in row 31684
Warning: All percentages zero/invalid in row 31685
Warning: All percentages zero/invalid in row 31686
Warning: All percentages zero/invalid in row 31687
Warning: All percentages zero/invalid in row 31688
Warning: All percentages zero/invalid in row 31689
Warning: All percentages zero/invalid in row 31690
Warning: All percentages zero/invalid in row 31691
Warning: All percentages zero/invalid in row 31694
Warning: All percentages zero/invalid in row 31695
Warning: All percentages zero/invalid in row 31696
Warning: All percentages zero/invalid in row 31697
Warning: All percentages zero/invalid in row 31698
Warning: All percentages zero/invalid in row 31699
Warning: All percentages zero/invalid in row 31700
Warning: All percentages zero/invalid in row 31701
Warning: All percentages zero/invalid in row 31702
Warning: All percentages zero/invalid in row 31703
Warning: All percentages zero/invalid in row 31704
Warning: All percentages zero/invalid in row 31706
Warning: All percentages zero/invalid in row 31707
Warning: All percentages zero/invalid in row 31708
Warning: All percentages zero/invalid in row 31712
Warning: All percentages zero/invalid in row 31713
Warning: All percentages zero/invalid in row 31714
Warning: All percentages zero/invalid in row 31718
Warning: All percentages zero/invalid in row 31719
Warning: All percentages zero/invalid in row 31720
Warning: All percentages zero/invalid in row 31729
Warning: All percentages zero/invalid in row 31730
Warning: All percentages zero/invalid in row 31731
Warning: All percentages zero/invalid in row 31732
Warning: All percentages zero/invalid in row 31733
Warning: All percentages zero/invalid in row 31734
Warning: All percentages zero/invalid in row 31735
Warning: All percentages zero/invalid in row 31736
Warning: All percentages zero/invalid in row 31737
Warning: All percentages zero/invalid in row 31738
Warning: All percentages zero/invalid in row 31739
Warning: All percentages zero/invalid in row 31740
Warning: All percentages zero/invalid in row 31741
Warning: All percentages zero/invalid in row 31742
Warning: All percentages zero/invalid in row 31743
Warning: All percentages zero/invalid in row 31744
Warning: All percentages zero/invalid in row 31745
Warning: All percentages zero/invalid in row 31746
Warning: All percentages zero/invalid in row 31747
Warning: All percentages zero/invalid in row 31748
Warning: All percentages zero/invalid in row 31749
Warning: All percentages zero/invalid in row 31750
Warning: All percentages zero/invalid in row 31751
Warning: All percentages zero/invalid in row 31752
Warning: All percentages zero/invalid in row 31753
Warning: All percentages zero/invalid in row 31754
Warning: All percentages zero/invalid in row 31755
Warning: All percentages zero/invalid in row 31756
Warning: All percentages zero/invalid in row 31757
Warning: All percentages zero/invalid in row 31758
Warning: All percentages zero/invalid in row 31759
Warning: All percentages zero/invalid in row 31760
Warning: All percentages zero/invalid in row 31761
Warning: All percentages zero/invalid in row 31762
Warning: All percentages zero/invalid in row 31763
Warning: All percentages zero/invalid in row 31764
Warning: All percentages zero/invalid in row 31765
Warning: All percentages zero/invalid in row 31766
Warning: All percentages zero/invalid in row 31767
Warning: All percentages zero/invalid in row 31768
Warning: All percentages zero/invalid in row 31769
Warning: All percentages zero/invalid in row 31770
Warning: All percentages zero/invalid in row 31771
Warning: All percentages zero/invalid in row 31772
Warning: All percentages zero/invalid in row 31773
Warning: All percentages zero/invalid in row 31774
Warning: All percentages zero/invalid in row 31775
Warning: All percentages zero/invalid in row 31776
Warning: All percentages zero/invalid in row 31777
Warning: All percentages zero/invalid in row 31778
Warning: All percentages zero/invalid in row 31779
Warning: All percentages zero/invalid in row 31780
Warning: All percentages zero/invalid in row 31781
Warning: All percentages zero/invalid in row 31782
Warning: All percentages zero/invalid in row 31783
Warning: All percentages zero/invalid in row 31784
Warning: All percentages zero/invalid in row 31785
Warning: All percentages zero/invalid in row 31786
Warning: All percentages zero/invalid in row 31787
Warning: All percentages zero/invalid in row 31788
Warning: All percentages zero/invalid in row 31789
Warning: All percentages zero/invalid in row 31790
Warning: All percentages zero/invalid in row 31791
Warning: All percentages zero/invalid in row 31792
Warning: All percentages zero/invalid in row 31793
Warning: All percentages zero/invalid in row 31794
Warning: All percentages zero/invalid in row 31795
Warning: All percentages zero/invalid in row 31796
Warning: All percentages zero/invalid in row 31797
Warning: All percentages zero/invalid in row 31798
Warning: All percentages zero/invalid in row 31799
Warning: All percentages zero/invalid in row 31800
Warning: All percentages zero/invalid in row 31801
Warning: All percentages zero/invalid in row 31802
Warning: All percentages zero/invalid in row 31803
Warning: All percentages zero/invalid in row 31804
Warning: All percentages zero/invalid in row 31805
Warning: All percentages zero/invalid in row 31806
Warning: All percentages zero/invalid in row 31807
Warning: All percentages zero/invalid in row 31808
Warning: All percentages zero/invalid in row 31809
Warning: All percentages zero/invalid in row 31810
Warning: All percentages zero/invalid in row 31811
Warning: All percentages zero/invalid in row 31812
Warning: All percentages zero/invalid in row 31813
Warning: All percentages zero/invalid in row 31814
Warning: All percentages zero/invalid in row 31815
Warning: All percentages zero/invalid in row 31816
Warning: All percentages zero/invalid in row 31817
Warning: All percentages zero/invalid in row 31818
Warning: All percentages zero/invalid in row 31819
Warning: All percentages zero/invalid in row 31820
Warning: All percentages zero/invalid in row 31821
Warning: All percentages zero/invalid in row 31822
Warning: All percentages zero/invalid in row 31823
Warning: All percentages zero/invalid in row 31824
Warning: All percentages zero/invalid in row 31825
Warning: All percentages zero/invalid in row 31826
Warning: All percentages zero/invalid in row 31827
Warning: All percentages zero/invalid in row 31828
Warning: All percentages zero/invalid in row 31829
Warning: All percentages zero/invalid in row 31830
Warning: All percentages zero/invalid in row 31831
Warning: All percentages zero/invalid in row 31832
Warning: All percentages zero/invalid in row 31833
Warning: All percentages zero/invalid in row 31834
Warning: All percentages zero/invalid in row 31835
Warning: All percentages zero/invalid in row 31836
Warning: All percentages zero/invalid in row 31837
Warning: All percentages zero/invalid in row 31838
Warning: All percentages zero/invalid in row 31839
Warning: All percentages zero/invalid in row 31840
Warning: All percentages zero/invalid in row 31841
Warning: All percentages zero/invalid in row 31842
Warning: All percentages zero/invalid in row 31843
Warning: All percentages zero/invalid in row 31844
Warning: All percentages zero/invalid in row 31845
Warning: All percentages zero/invalid in row 31846
Warning: All percentages zero/invalid in row 31847
Warning: All percentages zero/invalid in row 31848
Warning: All percentages zero/invalid in row 31849
Warning: All percentages zero/invalid in row 31850
Warning: All percentages zero/invalid in row 31851
Warning: All percentages zero/invalid in row 31852
Warning: All percentages zero/invalid in row 31853
Warning: All percentages zero/invalid in row 31854
Warning: All percentages zero/invalid in row 31855
Warning: All percentages zero/invalid in row 31856
Warning: All percentages zero/invalid in row 31857
Warning: All percentages zero/invalid in row 31858
Warning: All percentages zero/invalid in row 31859
Warning: All percentages zero/invalid in row 31860
Warning: All percentages zero/invalid in row 31861
Warning: All percentages zero/invalid in row 31862
Warning: All percentages zero/invalid in row 31863
Warning: All percentages zero/invalid in row 31864
Warning: All percentages zero/invalid in row 31865
Warning: All percentages zero/invalid in row 31866
Warning: All percentages zero/invalid in row 31867
Warning: All percentages zero/invalid in row 31868
Warning: All percentages zero/invalid in row 31869
Warning: All percentages zero/invalid in row 31870
Warning: All percentages zero/invalid in row 31871
Warning: All percentages zero/invalid in row 31872
Warning: All percentages zero/invalid in row 31873
Warning: All percentages zero/invalid in row 31874
Warning: All percentages zero/invalid in row 31875
Warning: All percentages zero/invalid in row 31876
Warning: All percentages zero/invalid in row 31877
Warning: All percentages zero/invalid in row 31878
Warning: All percentages zero/invalid in row 31879
Warning: All percentages zero/invalid in row 31880
Warning: All percentages zero/invalid in row 31881
Warning: All percentages zero/invalid in row 31882
Warning: All percentages zero/invalid in row 31883
Warning: All percentages zero/invalid in row 31884
Warning: All percentages zero/invalid in row 31885
Warning: All percentages zero/invalid in row 31886
Warning: All percentages zero/invalid in row 31887
Warning: All percentages zero/invalid in row 31888
Warning: All percentages zero/invalid in row 31889
Warning: All percentages zero/invalid in row 31890
Warning: All percentages zero/invalid in row 31891
Warning: All percentages zero/invalid in row 31892
Warning: All percentages zero/invalid in row 31893
Warning: All percentages zero/invalid in row 31894
Warning: All percentages zero/invalid in row 31895
Warning: All percentages zero/invalid in row 31896
Warning: All percentages zero/invalid in row 31897
Warning: All percentages zero/invalid in row 31898
Warning: All percentages zero/invalid in row 31899
Warning: All percentages zero/invalid in row 31900
Warning: All percentages zero/invalid in row 31901
Warning: All percentages zero/invalid in row 31902
Warning: All percentages zero/invalid in row 31903
Warning: All percentages zero/invalid in row 31904
Warning: All percentages zero/invalid in row 31905
Warning: All percentages zero/invalid in row 31906
Warning: All percentages zero/invalid in row 31907
Warning: All percentages zero/invalid in row 31908
Warning: All percentages zero/invalid in row 31909
Warning: All percentages zero/invalid in row 31910
Warning: All percentages zero/invalid in row 31911
Warning: All percentages zero/invalid in row 31912
Warning: All percentages zero/invalid in row 31913
Warning: All percentages zero/invalid in row 31914
Warning: All percentages zero/invalid in row 31915
Warning: All percentages zero/invalid in row 31916
Warning: All percentages zero/invalid in row 31917
Warning: All percentages zero/invalid in row 31918
Warning: All percentages zero/invalid in row 31919
Warning: All percentages zero/invalid in row 31920
Warning: All percentages zero/invalid in row 31921
Warning: All percentages zero/invalid in row 31923
Warning: All percentages zero/invalid in row 31924
Warning: All percentages zero/invalid in row 31925
Warning: All percentages zero/invalid in row 31926
Warning: All percentages zero/invalid in row 31927
Warning: All percentages zero/invalid in row 31928
Warning: All percentages zero/invalid in row 31929
Warning: All percentages zero/invalid in row 31930
Warning: All percentages zero/invalid in row 31931
Warning: All percentages zero/invalid in row 31934
Warning: All percentages zero/invalid in row 31935
Warning: All percentages zero/invalid in row 31937
Warning: All percentages zero/invalid in row 31938
Warning: All percentages zero/invalid in row 31939
Warning: All percentages zero/invalid in row 31940
Warning: All percentages zero/invalid in row 31942
Warning: All percentages zero/invalid in row 31943
Warning: All percentages zero/invalid in row 31945
Warning: All percentages zero/invalid in row 31946
Warning: All percentages zero/invalid in row 31948
Warning: All percentages zero/invalid in row 31949
Warning: All percentages zero/invalid in row 31950
Warning: All percentages zero/invalid in row 31951
Warning: All percentages zero/invalid in row 31952
Warning: All percentages zero/invalid in row 31953
Warning: All percentages zero/invalid in row 31954
Warning: All percentages zero/invalid in row 31955
Warning: All percentages zero/invalid in row 31956
Warning: All percentages zero/invalid in row 31957
Warning: All percentages zero/invalid in row 31958
Warning: All percentages zero/invalid in row 31959
Warning: All percentages zero/invalid in row 31960
Warning: All percentages zero/invalid in row 31961
Warning: All percentages zero/invalid in row 31962
Warning: All percentages zero/invalid in row 31963
Warning: All percentages zero/invalid in row 31964
Warning: All percentages zero/invalid in row 31965
Warning: All percentages zero/invalid in row 31966
Warning: All percentages zero/invalid in row 31967
Warning: All percentages zero/invalid in row 31968
Warning: All percentages zero/invalid in row 31969
Warning: All percentages zero/invalid in row 31970
Warning: All percentages zero/invalid in row 31972
Warning: All percentages zero/invalid in row 31973
Warning: All percentages zero/invalid in row 31974
Warning: All percentages zero/invalid in row 31975
Warning: All percentages zero/invalid in row 31976
Warning: All percentages zero/invalid in row 31977
Warning: All percentages zero/invalid in row 31978
Warning: All percentages zero/invalid in row 31979
Warning: All percentages zero/invalid in row 31980
Warning: All percentages zero/invalid in row 31981
Warning: All percentages zero/invalid in row 31982
Warning: All percentages zero/invalid in row 31983
Warning: All percentages zero/invalid in row 31984
Warning: All percentages zero/invalid in row 31985
Warning: All percentages zero/invalid in row 31986
Warning: All percentages zero/invalid in row 31987
Warning: All percentages zero/invalid in row 31988
Warning: All percentages zero/invalid in row 31989
Warning: All percentages zero/invalid in row 31990
Warning: All percentages zero/invalid in row 31991
Warning: All percentages zero/invalid in row 31992
Warning: All percentages zero/invalid in row 31993
Warning: All percentages zero/invalid in row 31994
Warning: All percentages zero/invalid in row 31995
Warning: All percentages zero/invalid in row 31996
Warning: All percentages zero/invalid in row 31997
Warning: All percentages zero/invalid in row 31998
Warning: All percentages zero/invalid in row 31999
Warning: All percentages zero/invalid in row 32000
Warning: All percentages zero/invalid in row 32001
Warning: All percentages zero/invalid in row 32002
Warning: All percentages zero/invalid in row 32003
Warning: All percentages zero/invalid in row 32004
Warning: All percentages zero/invalid in row 32005
Warning: All percentages zero/invalid in row 32006
Warning: All percentages zero/invalid in row 32007
Warning: All percentages zero/invalid in row 32008
Warning: All percentages zero/invalid in row 32009
Warning: All percentages zero/invalid in row 32010
Warning: All percentages zero/invalid in row 32011
Warning: All percentages zero/invalid in row 32012
Warning: All percentages zero/invalid in row 32013
Warning: All percentages zero/invalid in row 32014
Warning: All percentages zero/invalid in row 32015
Warning: All percentages zero/invalid in row 32016
Warning: All percentages zero/invalid in row 32017
Warning: All percentages zero/invalid in row 32018
Warning: All percentages zero/invalid in row 32019
Warning: All percentages zero/invalid in row 32020
Warning: All percentages zero/invalid in row 32021
Warning: All percentages zero/invalid in row 32022
Warning: All percentages zero/invalid in row 32023
Warning: All percentages zero/invalid in row 32024
Warning: All percentages zero/invalid in row 32025
Warning: All percentages zero/invalid in row 32026
Warning: All percentages zero/invalid in row 32027
Warning: All percentages zero/invalid in row 32028
Warning: All percentages zero/invalid in row 32029
Warning: All percentages zero/invalid in row 32030
Warning: All percentages zero/invalid in row 32031
Warning: All percentages zero/invalid in row 32032
Warning: All percentages zero/invalid in row 32033
Warning: All percentages zero/invalid in row 32034
Warning: All percentages zero/invalid in row 32035
Warning: All percentages zero/invalid in row 32036
Warning: All percentages zero/invalid in row 32037
Warning: All percentages zero/invalid in row 32038
Warning: All percentages zero/invalid in row 32039
Warning: All percentages zero/invalid in row 32040
Warning: All percentages zero/invalid in row 32041
Warning: All percentages zero/invalid in row 32042
Warning: All percentages zero/invalid in row 32043
Warning: All percentages zero/invalid in row 32044
Warning: All percentages zero/invalid in row 32045
Warning: All percentages zero/invalid in row 32046
Warning: All percentages zero/invalid in row 32047
Warning: All percentages zero/invalid in row 32048
Warning: All percentages zero/invalid in row 32049
Warning: All percentages zero/invalid in row 32050
Warning: All percentages zero/invalid in row 32051
Warning: All percentages zero/invalid in row 32052
Warning: All percentages zero/invalid in row 32053
Warning: All percentages zero/invalid in row 32054
Warning: All percentages zero/invalid in row 32055
Warning: All percentages zero/invalid in row 32056
Warning: All percentages zero/invalid in row 32057
Warning: All percentages zero/invalid in row 32058
Warning: All percentages zero/invalid in row 32059
Warning: All percentages zero/invalid in row 32060
Warning: All percentages zero/invalid in row 32061
Warning: All percentages zero/invalid in row 32062
Warning: All percentages zero/invalid in row 32063
Warning: All percentages zero/invalid in row 32064
Warning: All percentages zero/invalid in row 32065
Warning: All percentages zero/invalid in row 32066
Warning: All percentages zero/invalid in row 32067
Warning: All percentages zero/invalid in row 32068
Warning: All percentages zero/invalid in row 32069
Warning: All percentages zero/invalid in row 32070
Warning: All percentages zero/invalid in row 32071
Warning: All percentages zero/invalid in row 32072
Warning: All percentages zero/invalid in row 32073
Warning: All percentages zero/invalid in row 32074
Warning: All percentages zero/invalid in row 32075
Warning: All percentages zero/invalid in row 32076
Warning: All percentages zero/invalid in row 32077
Warning: All percentages zero/invalid in row 32078
Warning: All percentages zero/invalid in row 32079
Warning: All percentages zero/invalid in row 32080
Warning: All percentages zero/invalid in row 32081
Warning: All percentages zero/invalid in row 32082
Warning: All percentages zero/invalid in row 32083
Warning: All percentages zero/invalid in row 32084
Warning: All percentages zero/invalid in row 32085
Warning: All percentages zero/invalid in row 32086
Warning: All percentages zero/invalid in row 32087
Warning: All percentages zero/invalid in row 32088
Warning: All percentages zero/invalid in row 32089
Warning: All percentages zero/invalid in row 32090
Warning: All percentages zero/invalid in row 32091
Warning: All percentages zero/invalid in row 32092
Warning: All percentages zero/invalid in row 32093
Warning: All percentages zero/invalid in row 32094
Warning: All percentages zero/invalid in row 32095
Warning: All percentages zero/invalid in row 32096
Warning: All percentages zero/invalid in row 32097
Warning: All percentages zero/invalid in row 32098
Warning: All percentages zero/invalid in row 32099
Warning: All percentages zero/invalid in row 32100
Warning: All percentages zero/invalid in row 32101
Warning: All percentages zero/invalid in row 32102
Warning: All percentages zero/invalid in row 32103
Warning: All percentages zero/invalid in row 32104
Warning: All percentages zero/invalid in row 32105
Warning: All percentages zero/invalid in row 32106
Warning: All percentages zero/invalid in row 32107
Warning: All percentages zero/invalid in row 32108
Warning: All percentages zero/invalid in row 32109
Warning: All percentages zero/invalid in row 32110
Warning: All percentages zero/invalid in row 32111
Warning: All percentages zero/invalid in row 32112
Warning: All percentages zero/invalid in row 32113
Warning: All percentages zero/invalid in row 32114
Warning: All percentages zero/invalid in row 32115
Warning: All percentages zero/invalid in row 32116
Warning: All percentages zero/invalid in row 32117
Warning: All percentages zero/invalid in row 32118
Warning: All percentages zero/invalid in row 32119
Warning: All percentages zero/invalid in row 32120
Warning: All percentages zero/invalid in row 32121
Warning: All percentages zero/invalid in row 32122
Warning: All percentages zero/invalid in row 32123
Warning: All percentages zero/invalid in row 32124
Warning: All percentages zero/invalid in row 32125
Warning: All percentages zero/invalid in row 32126
Warning: All percentages zero/invalid in row 32127
Warning: All percentages zero/invalid in row 32128
Warning: All percentages zero/invalid in row 32129
Warning: All percentages zero/invalid in row 32130
Warning: All percentages zero/invalid in row 32131
Warning: All percentages zero/invalid in row 32132
Warning: All percentages zero/invalid in row 32133
Warning: All percentages zero/invalid in row 32134
Warning: All percentages zero/invalid in row 32135
Warning: All percentages zero/invalid in row 32136
Warning: All percentages zero/invalid in row 32137
Warning: All percentages zero/invalid in row 32138
Warning: All percentages zero/invalid in row 32139
Warning: All percentages zero/invalid in row 32140
Warning: All percentages zero/invalid in row 32141
Warning: All percentages zero/invalid in row 32142
Warning: All percentages zero/invalid in row 32143
Warning: All percentages zero/invalid in row 32144
Warning: All percentages zero/invalid in row 32145
Warning: All percentages zero/invalid in row 32146
Warning: All percentages zero/invalid in row 32147
Warning: All percentages zero/invalid in row 32148
Warning: All percentages zero/invalid in row 32149
Warning: All percentages zero/invalid in row 32150
Warning: All percentages zero/invalid in row 32151
Warning: All percentages zero/invalid in row 32152
Warning: All percentages zero/invalid in row 32153
Warning: All percentages zero/invalid in row 32154
Warning: All percentages zero/invalid in row 32155
Warning: All percentages zero/invalid in row 32156
Warning: All percentages zero/invalid in row 32157
Warning: All percentages zero/invalid in row 32158
Warning: All percentages zero/invalid in row 32159
Warning: All percentages zero/invalid in row 32160
Warning: All percentages zero/invalid in row 32161
Warning: All percentages zero/invalid in row 32162
Warning: All percentages zero/invalid in row 32163
Warning: All percentages zero/invalid in row 32164
Warning: All percentages zero/invalid in row 32165
Warning: All percentages zero/invalid in row 32166
Warning: All percentages zero/invalid in row 32167
Warning: All percentages zero/invalid in row 32168
Warning: All percentages zero/invalid in row 32169
Warning: All percentages zero/invalid in row 32170
Warning: All percentages zero/invalid in row 32171
Warning: All percentages zero/invalid in row 32172
Warning: All percentages zero/invalid in row 32173
Warning: All percentages zero/invalid in row 32174
Warning: All percentages zero/invalid in row 32175
Warning: All percentages zero/invalid in row 32176
Warning: All percentages zero/invalid in row 32177
Warning: All percentages zero/invalid in row 32178
Warning: All percentages zero/invalid in row 32179
Warning: All percentages zero/invalid in row 32180
Warning: All percentages zero/invalid in row 32181
Warning: All percentages zero/invalid in row 32182
Warning: All percentages zero/invalid in row 32183
Warning: All percentages zero/invalid in row 32184
Warning: All percentages zero/invalid in row 32185
Warning: All percentages zero/invalid in row 32186
Warning: All percentages zero/invalid in row 32187
Warning: All percentages zero/invalid in row 32188
Warning: All percentages zero/invalid in row 32189
Warning: All percentages zero/invalid in row 32190
Warning: All percentages zero/invalid in row 32191
Warning: All percentages zero/invalid in row 32192
Warning: All percentages zero/invalid in row 32193
Warning: All percentages zero/invalid in row 32194
Warning: All percentages zero/invalid in row 32195
Warning: All percentages zero/invalid in row 32196
Warning: All percentages zero/invalid in row 32197
Warning: All percentages zero/invalid in row 32198
Warning: All percentages zero/invalid in row 32199
Warning: All percentages zero/invalid in row 32200
Warning: All percentages zero/invalid in row 32201
Warning: All percentages zero/invalid in row 32202
Warning: All percentages zero/invalid in row 32203
Warning: All percentages zero/invalid in row 32204
Warning: All percentages zero/invalid in row 32205
Warning: All percentages zero/invalid in row 32206
Warning: All percentages zero/invalid in row 32207
Warning: All percentages zero/invalid in row 32208
Warning: All percentages zero/invalid in row 32209
Warning: All percentages zero/invalid in row 32210
Warning: All percentages zero/invalid in row 32211
Warning: All percentages zero/invalid in row 32212
Warning: All percentages zero/invalid in row 32213
Warning: All percentages zero/invalid in row 32214
Warning: All percentages zero/invalid in row 32215
Warning: All percentages zero/invalid in row 32216
Warning: All percentages zero/invalid in row 32217
Warning: All percentages zero/invalid in row 32218
Warning: All percentages zero/invalid in row 32219
Warning: All percentages zero/invalid in row 32220
Warning: All percentages zero/invalid in row 32221
Warning: All percentages zero/invalid in row 32222
Warning: All percentages zero/invalid in row 32223
Warning: All percentages zero/invalid in row 32224
Warning: All percentages zero/invalid in row 32225
Warning: All percentages zero/invalid in row 32226
Warning: All percentages zero/invalid in row 32227
Warning: All percentages zero/invalid in row 32228
Warning: All percentages zero/invalid in row 32229
Warning: All percentages zero/invalid in row 32230
Warning: All percentages zero/invalid in row 32231
Warning: All percentages zero/invalid in row 32232
Warning: All percentages zero/invalid in row 32233
Warning: All percentages zero/invalid in row 32234
Warning: All percentages zero/invalid in row 32235
Warning: All percentages zero/invalid in row 32236
Warning: All percentages zero/invalid in row 32237
Warning: All percentages zero/invalid in row 32238
Warning: All percentages zero/invalid in row 32239
Warning: All percentages zero/invalid in row 32240
Warning: All percentages zero/invalid in row 32241
Warning: All percentages zero/invalid in row 32242
Warning: All percentages zero/invalid in row 32243
Warning: All percentages zero/invalid in row 32244
Warning: All percentages zero/invalid in row 32245
Warning: All percentages zero/invalid in row 32246
Warning: All percentages zero/invalid in row 32247
Warning: All percentages zero/invalid in row 32248
Warning: All percentages zero/invalid in row 32249
Warning: All percentages zero/invalid in row 32250
Warning: All percentages zero/invalid in row 32251
Warning: All percentages zero/invalid in row 32252
Warning: All percentages zero/invalid in row 32253
Warning: All percentages zero/invalid in row 32254
Warning: All percentages zero/invalid in row 32255
Warning: All percentages zero/invalid in row 32256
Warning: All percentages zero/invalid in row 32258
Warning: All percentages zero/invalid in row 32259
Warning: All percentages zero/invalid in row 32260
Warning: All percentages zero/invalid in row 32261
Warning: All percentages zero/invalid in row 32262
Warning: All percentages zero/invalid in row 32263
Warning: All percentages zero/invalid in row 32264
Warning: All percentages zero/invalid in row 32265
Warning: All percentages zero/invalid in row 32266
Warning: All percentages zero/invalid in row 32267
Warning: All percentages zero/invalid in row 32268
Warning: All percentages zero/invalid in row 32269
Warning: All percentages zero/invalid in row 32270
Warning: All percentages zero/invalid in row 32271
Warning: All percentages zero/invalid in row 32272
Warning: All percentages zero/invalid in row 32273
Warning: All percentages zero/invalid in row 32274
Warning: All percentages zero/invalid in row 32275
Warning: All percentages zero/invalid in row 32276
Warning: All percentages zero/invalid in row 32277
Warning: All percentages zero/invalid in row 32278
Warning: All percentages zero/invalid in row 32279
Warning: All percentages zero/invalid in row 32280
Warning: All percentages zero/invalid in row 32281
Warning: All percentages zero/invalid in row 32282
Warning: All percentages zero/invalid in row 32283
Warning: All percentages zero/invalid in row 32284
Warning: All percentages zero/invalid in row 32285
Warning: All percentages zero/invalid in row 32286
Warning: All percentages zero/invalid in row 32287
Warning: All percentages zero/invalid in row 32288
Warning: All percentages zero/invalid in row 32289
Warning: All percentages zero/invalid in row 32290
Warning: All percentages zero/invalid in row 32291
Warning: All percentages zero/invalid in row 32292
Warning: All percentages zero/invalid in row 32293
Warning: All percentages zero/invalid in row 32294
Warning: All percentages zero/invalid in row 32295
Warning: All percentages zero/invalid in row 32296
Warning: All percentages zero/invalid in row 32297
Warning: All percentages zero/invalid in row 32298
Warning: All percentages zero/invalid in row 32299
Warning: All percentages zero/invalid in row 32300
Warning: All percentages zero/invalid in row 32302
Warning: All percentages zero/invalid in row 32304
Warning: All percentages zero/invalid in row 32306
Warning: All percentages zero/invalid in row 32307
Warning: All percentages zero/invalid in row 32308
Warning: All percentages zero/invalid in row 32309
Warning: All percentages zero/invalid in row 32310
Warning: All percentages zero/invalid in row 32311
Warning: All percentages zero/invalid in row 32312
Warning: All percentages zero/invalid in row 32313
Warning: All percentages zero/invalid in row 32314
Warning: All percentages zero/invalid in row 32315
Warning: All percentages zero/invalid in row 32316
Warning: All percentages zero/invalid in row 32317
Warning: All percentages zero/invalid in row 32318
Warning: All percentages zero/invalid in row 32319
Warning: All percentages zero/invalid in row 32320
Warning: All percentages zero/invalid in row 32321
Warning: All percentages zero/invalid in row 32322
Warning: All percentages zero/invalid in row 32323
Warning: All percentages zero/invalid in row 32324
Warning: All percentages zero/invalid in row 32325
Warning: All percentages zero/invalid in row 32326
Warning: All percentages zero/invalid in row 32327
Warning: All percentages zero/invalid in row 32328
Warning: All percentages zero/invalid in row 32329
Warning: All percentages zero/invalid in row 32330
Warning: All percentages zero/invalid in row 32331
Warning: All percentages zero/invalid in row 32332
Warning: All percentages zero/invalid in row 32333
Warning: All percentages zero/invalid in row 32334
Warning: All percentages zero/invalid in row 32335
Warning: All percentages zero/invalid in row 32336
Warning: All percentages zero/invalid in row 32337
Warning: All percentages zero/invalid in row 32338
Warning: All percentages zero/invalid in row 32339
Warning: All percentages zero/invalid in row 32340
Warning: All percentages zero/invalid in row 32341
Warning: All percentages zero/invalid in row 32342
Warning: All percentages zero/invalid in row 32343
Warning: All percentages zero/invalid in row 32344
Warning: All percentages zero/invalid in row 32345
Warning: All percentages zero/invalid in row 32346
Warning: All percentages zero/invalid in row 32347
Warning: All percentages zero/invalid in row 32348
Warning: All percentages zero/invalid in row 32349
Warning: All percentages zero/invalid in row 32350
Warning: All percentages zero/invalid in row 32351
Warning: All percentages zero/invalid in row 32352
Warning: All percentages zero/invalid in row 32353
Warning: All percentages zero/invalid in row 32354
Warning: All percentages zero/invalid in row 32355
Warning: All percentages zero/invalid in row 32356
Warning: All percentages zero/invalid in row 32357
Warning: All percentages zero/invalid in row 32358
Warning: All percentages zero/invalid in row 32359
Warning: All percentages zero/invalid in row 32360
Warning: All percentages zero/invalid in row 32361
Warning: All percentages zero/invalid in row 32362
Warning: All percentages zero/invalid in row 32363
Warning: All percentages zero/invalid in row 32364
Warning: All percentages zero/invalid in row 32365
Warning: All percentages zero/invalid in row 32366
Warning: All percentages zero/invalid in row 32367
Warning: All percentages zero/invalid in row 32368
Warning: All percentages zero/invalid in row 32369
Warning: All percentages zero/invalid in row 32370
Warning: All percentages zero/invalid in row 32371
Warning: All percentages zero/invalid in row 32372
Warning: All percentages zero/invalid in row 32373
Warning: All percentages zero/invalid in row 32374
Warning: All percentages zero/invalid in row 32375
Warning: All percentages zero/invalid in row 32376
Warning: All percentages zero/invalid in row 32377
Warning: All percentages zero/invalid in row 32378
Warning: All percentages zero/invalid in row 32379
Warning: All percentages zero/invalid in row 32380
Warning: All percentages zero/invalid in row 32382
Warning: All percentages zero/invalid in row 32384
Warning: All percentages zero/invalid in row 32385
Warning: All percentages zero/invalid in row 32389
Warning: All percentages zero/invalid in row 32390
Warning: All percentages zero/invalid in row 32393
Warning: All percentages zero/invalid in row 32395
Warning: All percentages zero/invalid in row 32399
Warning: All percentages zero/invalid in row 32400
Warning: All percentages zero/invalid in row 32402
Warning: All percentages zero/invalid in row 32403
Warning: All percentages zero/invalid in row 32404
Warning: All percentages zero/invalid in row 32405
Warning: All percentages zero/invalid in row 32406
Warning: All percentages zero/invalid in row 32407
Warning: All percentages zero/invalid in row 32408
Warning: All percentages zero/invalid in row 32409
Warning: All percentages zero/invalid in row 32410
Warning: All percentages zero/invalid in row 32411
Warning: All percentages zero/invalid in row 32412
Warning: All percentages zero/invalid in row 32413
Warning: All percentages zero/invalid in row 32414
Warning: All percentages zero/invalid in row 32415
Warning: All percentages zero/invalid in row 32416
Warning: All percentages zero/invalid in row 32417
Warning: All percentages zero/invalid in row 32418
Warning: All percentages zero/invalid in row 32419
Warning: All percentages zero/invalid in row 32420
Warning: All percentages zero/invalid in row 32421
Warning: All percentages zero/invalid in row 32422
Warning: All percentages zero/invalid in row 32423
Warning: All percentages zero/invalid in row 32424
Warning: All percentages zero/invalid in row 32425
Warning: All percentages zero/invalid in row 32426
Warning: All percentages zero/invalid in row 32427
Warning: All percentages zero/invalid in row 32428
Warning: All percentages zero/invalid in row 32429
Warning: All percentages zero/invalid in row 32430
Warning: All percentages zero/invalid in row 32431
Warning: All percentages zero/invalid in row 32432
Warning: All percentages zero/invalid in row 32433
Warning: All percentages zero/invalid in row 32434
Warning: All percentages zero/invalid in row 32435
Warning: All percentages zero/invalid in row 32436
Warning: All percentages zero/invalid in row 32437
Warning: All percentages zero/invalid in row 32438
Warning: All percentages zero/invalid in row 32439
Warning: All percentages zero/invalid in row 32440
Warning: All percentages zero/invalid in row 32441
Warning: All percentages zero/invalid in row 32442
Warning: All percentages zero/invalid in row 32443
Warning: All percentages zero/invalid in row 32444
Warning: All percentages zero/invalid in row 32445
Warning: All percentages zero/invalid in row 32446
Warning: All percentages zero/invalid in row 32447
Warning: All percentages zero/invalid in row 32448
Warning: All percentages zero/invalid in row 32449
Warning: All percentages zero/invalid in row 32450
Warning: All percentages zero/invalid in row 32451
Warning: All percentages zero/invalid in row 32452
Warning: All percentages zero/invalid in row 32453
Warning: All percentages zero/invalid in row 32454
Warning: All percentages zero/invalid in row 32455
Warning: All percentages zero/invalid in row 32456
Warning: All percentages zero/invalid in row 32457
Warning: All percentages zero/invalid in row 32458
Warning: All percentages zero/invalid in row 32459
Warning: All percentages zero/invalid in row 32460
Warning: All percentages zero/invalid in row 32461
Warning: All percentages zero/invalid in row 32462
Warning: All percentages zero/invalid in row 32463
Warning: All percentages zero/invalid in row 32464
Warning: All percentages zero/invalid in row 32465
Warning: All percentages zero/invalid in row 32466
Warning: All percentages zero/invalid in row 32467
Warning: All percentages zero/invalid in row 32468
Warning: All percentages zero/invalid in row 32469
Warning: All percentages zero/invalid in row 32470
Warning: All percentages zero/invalid in row 32471
Warning: All percentages zero/invalid in row 32472
Warning: All percentages zero/invalid in row 32473
Warning: All percentages zero/invalid in row 32474
Warning: All percentages zero/invalid in row 32475
Warning: All percentages zero/invalid in row 32476
Warning: All percentages zero/invalid in row 32477
Warning: All percentages zero/invalid in row 32478
Warning: All percentages zero/invalid in row 32479
Warning: All percentages zero/invalid in row 32480
Warning: All percentages zero/invalid in row 32481
Warning: All percentages zero/invalid in row 32482
Warning: All percentages zero/invalid in row 32483
Warning: All percentages zero/invalid in row 32484
Warning: All percentages zero/invalid in row 32485
Warning: All percentages zero/invalid in row 32486
Warning: All percentages zero/invalid in row 32487
Warning: All percentages zero/invalid in row 32488
Warning: All percentages zero/invalid in row 32489
Warning: All percentages zero/invalid in row 32490
Warning: All percentages zero/invalid in row 32491
Warning: All percentages zero/invalid in row 32492
Warning: All percentages zero/invalid in row 32493
Warning: All percentages zero/invalid in row 32494
Warning: All percentages zero/invalid in row 32495
Warning: All percentages zero/invalid in row 32496
Warning: All percentages zero/invalid in row 32497
Warning: All percentages zero/invalid in row 32498
Warning: All percentages zero/invalid in row 32499
Warning: All percentages zero/invalid in row 32500
Warning: All percentages zero/invalid in row 32501
Warning: All percentages zero/invalid in row 32502
Warning: All percentages zero/invalid in row 32503
Warning: All percentages zero/invalid in row 32504
Warning: All percentages zero/invalid in row 32505
Warning: All percentages zero/invalid in row 32506
Warning: All percentages zero/invalid in row 32507
Warning: All percentages zero/invalid in row 32508
Warning: All percentages zero/invalid in row 32509
Warning: All percentages zero/invalid in row 32510
Warning: All percentages zero/invalid in row 32511
Warning: All percentages zero/invalid in row 32513
Warning: All percentages zero/invalid in row 32514
Warning: All percentages zero/invalid in row 32516
Warning: All percentages zero/invalid in row 32518
Warning: All percentages zero/invalid in row 32520
Warning: All percentages zero/invalid in row 32521
Warning: All percentages zero/invalid in row 32522
Warning: All percentages zero/invalid in row 32523
Warning: All percentages zero/invalid in row 32524
Warning: All percentages zero/invalid in row 32525
Warning: All percentages zero/invalid in row 32526
Warning: All percentages zero/invalid in row 32527
Warning: All percentages zero/invalid in row 32528
Warning: All percentages zero/invalid in row 32529
Warning: All percentages zero/invalid in row 32530
Warning: All percentages zero/invalid in row 32531
Warning: All percentages zero/invalid in row 32532
Warning: All percentages zero/invalid in row 32533
Warning: All percentages zero/invalid in row 32534
Warning: All percentages zero/invalid in row 32535
Warning: All percentages zero/invalid in row 32536
Warning: All percentages zero/invalid in row 32537
Warning: All percentages zero/invalid in row 32538
Warning: All percentages zero/invalid in row 32539
Warning: All percentages zero/invalid in row 32540
Warning: All percentages zero/invalid in row 32541
Warning: All percentages zero/invalid in row 32542
Warning: All percentages zero/invalid in row 32543
Warning: All percentages zero/invalid in row 32544
Warning: All percentages zero/invalid in row 32545
Warning: All percentages zero/invalid in row 32546
Warning: All percentages zero/invalid in row 32547
Warning: All percentages zero/invalid in row 32548
Warning: All percentages zero/invalid in row 32549
Warning: All percentages zero/invalid in row 32550
Warning: All percentages zero/invalid in row 32551
Warning: All percentages zero/invalid in row 32552
Warning: All percentages zero/invalid in row 32553
Warning: All percentages zero/invalid in row 32554
Warning: All percentages zero/invalid in row 32555
Warning: All percentages zero/invalid in row 32556
Warning: All percentages zero/invalid in row 32557
Warning: All percentages zero/invalid in row 32558
Warning: All percentages zero/invalid in row 32559
Warning: All percentages zero/invalid in row 32560
Warning: All percentages zero/invalid in row 32561
Warning: All percentages zero/invalid in row 32562
Warning: All percentages zero/invalid in row 32563
Warning: All percentages zero/invalid in row 32564
Warning: All percentages zero/invalid in row 32565
Warning: All percentages zero/invalid in row 32566
Warning: All percentages zero/invalid in row 32567
Warning: All percentages zero/invalid in row 32568
Warning: All percentages zero/invalid in row 32569
Warning: All percentages zero/invalid in row 32570
Warning: All percentages zero/invalid in row 32571
Warning: All percentages zero/invalid in row 32572
Warning: All percentages zero/invalid in row 32573
Warning: All percentages zero/invalid in row 32574
Warning: All percentages zero/invalid in row 32575
Warning: All percentages zero/invalid in row 32576
Warning: All percentages zero/invalid in row 32577
Warning: All percentages zero/invalid in row 32578
Warning: All percentages zero/invalid in row 32579
Warning: All percentages zero/invalid in row 32580
Warning: All percentages zero/invalid in row 32581
Warning: All percentages zero/invalid in row 32582
Warning: All percentages zero/invalid in row 32583
Warning: All percentages zero/invalid in row 32584
Warning: All percentages zero/invalid in row 32585
Warning: All percentages zero/invalid in row 32586
Warning: All percentages zero/invalid in row 32587
Warning: All percentages zero/invalid in row 32588
Warning: All percentages zero/invalid in row 32589
Warning: All percentages zero/invalid in row 32590
Warning: All percentages zero/invalid in row 32591
Warning: All percentages zero/invalid in row 32592
Warning: All percentages zero/invalid in row 32593
Warning: All percentages zero/invalid in row 32594
Warning: All percentages zero/invalid in row 32595
Warning: All percentages zero/invalid in row 32596
Warning: All percentages zero/invalid in row 32597
Warning: All percentages zero/invalid in row 32598
Warning: All percentages zero/invalid in row 32599
Warning: All percentages zero/invalid in row 32600
Warning: All percentages zero/invalid in row 32601
Warning: All percentages zero/invalid in row 32602
Warning: All percentages zero/invalid in row 32603
Warning: All percentages zero/invalid in row 32604
Warning: All percentages zero/invalid in row 32605
Warning: All percentages zero/invalid in row 32606
Warning: All percentages zero/invalid in row 32607
Warning: All percentages zero/invalid in row 32608
Warning: All percentages zero/invalid in row 32609
Warning: All percentages zero/invalid in row 32610
Warning: All percentages zero/invalid in row 32611
Warning: All percentages zero/invalid in row 32612
Warning: All percentages zero/invalid in row 32613
Warning: All percentages zero/invalid in row 32614
Warning: All percentages zero/invalid in row 32615
Warning: All percentages zero/invalid in row 32616
Warning: All percentages zero/invalid in row 32617
Warning: All percentages zero/invalid in row 32618
Warning: All percentages zero/invalid in row 32619
Warning: All percentages zero/invalid in row 32620
Warning: All percentages zero/invalid in row 32621
Warning: All percentages zero/invalid in row 32622
Warning: All percentages zero/invalid in row 32623
Warning: All percentages zero/invalid in row 32624
Warning: All percentages zero/invalid in row 32625
Warning: All percentages zero/invalid in row 32626
Warning: All percentages zero/invalid in row 32627
Warning: All percentages zero/invalid in row 32628
Warning: All percentages zero/invalid in row 32629
Warning: All percentages zero/invalid in row 32630
Warning: All percentages zero/invalid in row 32631
Warning: All percentages zero/invalid in row 32632
Warning: All percentages zero/invalid in row 32633
Warning: All percentages zero/invalid in row 32634
Warning: All percentages zero/invalid in row 32635
Warning: All percentages zero/invalid in row 32636
Warning: All percentages zero/invalid in row 32637
Warning: All percentages zero/invalid in row 32638
Warning: All percentages zero/invalid in row 32639
Warning: All percentages zero/invalid in row 32640
Warning: All percentages zero/invalid in row 32641
Warning: All percentages zero/invalid in row 32642
Warning: All percentages zero/invalid in row 32643
Warning: All percentages zero/invalid in row 32644
Warning: All percentages zero/invalid in row 32645
Warning: All percentages zero/invalid in row 32646
Warning: All percentages zero/invalid in row 32647
Warning: All percentages zero/invalid in row 32648
Warning: All percentages zero/invalid in row 32649
Warning: All percentages zero/invalid in row 32650
Warning: All percentages zero/invalid in row 32651
Warning: All percentages zero/invalid in row 32652
Warning: All percentages zero/invalid in row 32653
Warning: All percentages zero/invalid in row 32654
Warning: All percentages zero/invalid in row 32655
Warning: All percentages zero/invalid in row 32656
Warning: All percentages zero/invalid in row 32657
Warning: All percentages zero/invalid in row 32658
Warning: All percentages zero/invalid in row 32659
Warning: All percentages zero/invalid in row 32660
Warning: All percentages zero/invalid in row 32661
Warning: All percentages zero/invalid in row 32662
Warning: All percentages zero/invalid in row 32663
Warning: All percentages zero/invalid in row 32664
Warning: All percentages zero/invalid in row 32665
Warning: All percentages zero/invalid in row 32666
Warning: All percentages zero/invalid in row 32667
Warning: All percentages zero/invalid in row 32668
Warning: All percentages zero/invalid in row 32669
Warning: All percentages zero/invalid in row 32670
Warning: All percentages zero/invalid in row 32671
Warning: All percentages zero/invalid in row 32672
Warning: All percentages zero/invalid in row 32673
Warning: All percentages zero/invalid in row 32674
Warning: All percentages zero/invalid in row 32675
Warning: All percentages zero/invalid in row 32676
Warning: All percentages zero/invalid in row 32677
Warning: All percentages zero/invalid in row 32678
Warning: All percentages zero/invalid in row 32679
Warning: All percentages zero/invalid in row 32680
Warning: All percentages zero/invalid in row 32681
Warning: All percentages zero/invalid in row 32682
Warning: All percentages zero/invalid in row 32683
Warning: All percentages zero/invalid in row 32684
Warning: All percentages zero/invalid in row 32685
Warning: All percentages zero/invalid in row 32686
Warning: All percentages zero/invalid in row 32736
Warning: All percentages zero/invalid in row 32737
Warning: All percentages zero/invalid in row 32738
Warning: All percentages zero/invalid in row 32739
Warning: All percentages zero/invalid in row 32740
Warning: All percentages zero/invalid in row 32743
Warning: All percentages zero/invalid in row 32744
Warning: All percentages zero/invalid in row 32745
Warning: All percentages zero/invalid in row 32746
Warning: All percentages zero/invalid in row 32747
Warning: All percentages zero/invalid in row 32748
Warning: All percentages zero/invalid in row 32749
Warning: All percentages zero/invalid in row 32750
Warning: All percentages zero/invalid in row 32751
Warning: All percentages zero/invalid in row 32752
Warning: All percentages zero/invalid in row 32755
Warning: All percentages zero/invalid in row 32756
Warning: All percentages zero/invalid in row 32757
Warning: All percentages zero/invalid in row 32758
Warning: All percentages zero/invalid in row 32759
Warning: All percentages zero/invalid in row 32760
Warning: All percentages zero/invalid in row 32761
Warning: All percentages zero/invalid in row 32762
Warning: All percentages zero/invalid in row 32763
Warning: All percentages zero/invalid in row 32764
Warning: All percentages zero/invalid in row 32765
Warning: All percentages zero/invalid in row 32766
Warning: All percentages zero/invalid in row 32767
Warning: All percentages zero/invalid in row 32768
Warning: All percentages zero/invalid in row 32769
Warning: All percentages zero/invalid in row 32770
Warning: All percentages zero/invalid in row 32771
Warning: All percentages zero/invalid in row 32772
Warning: All percentages zero/invalid in row 32773
Warning: All percentages zero/invalid in row 32774
Warning: All percentages zero/invalid in row 32775
Warning: All percentages zero/invalid in row 32776
Warning: All percentages zero/invalid in row 32777
Warning: All percentages zero/invalid in row 32778
Warning: All percentages zero/invalid in row 32779
Warning: All percentages zero/invalid in row 32780
Warning: All percentages zero/invalid in row 32781
Warning: All percentages zero/invalid in row 32782
Warning: All percentages zero/invalid in row 32784
Warning: All percentages zero/invalid in row 32785
Warning: All percentages zero/invalid in row 32786
Warning: All percentages zero/invalid in row 32787
Warning: All percentages zero/invalid in row 32788
Warning: All percentages zero/invalid in row 32789
Warning: All percentages zero/invalid in row 32790
Warning: All percentages zero/invalid in row 32791
Warning: All percentages zero/invalid in row 32792
Warning: All percentages zero/invalid in row 32793
Warning: All percentages zero/invalid in row 32794
Warning: All percentages zero/invalid in row 32795
Warning: All percentages zero/invalid in row 32796
Warning: All percentages zero/invalid in row 32797
Warning: All percentages zero/invalid in row 32798
Warning: All percentages zero/invalid in row 32799
Warning: All percentages zero/invalid in row 32800
Warning: All percentages zero/invalid in row 32801
Warning: All percentages zero/invalid in row 32802
Warning: All percentages zero/invalid in row 32803
Warning: All percentages zero/invalid in row 32804
Warning: All percentages zero/invalid in row 32805
Warning: All percentages zero/invalid in row 32806
Warning: All percentages zero/invalid in row 32807
Warning: All percentages zero/invalid in row 32808
Warning: All percentages zero/invalid in row 32809
Warning: All percentages zero/invalid in row 32811
Warning: All percentages zero/invalid in row 32812
Warning: All percentages zero/invalid in row 32813
Warning: All percentages zero/invalid in row 32814
Warning: All percentages zero/invalid in row 32815
Warning: All percentages zero/invalid in row 32816
Warning: All percentages zero/invalid in row 32817
Warning: All percentages zero/invalid in row 32818
Warning: All percentages zero/invalid in row 32820
Warning: All percentages zero/invalid in row 32821
Warning: All percentages zero/invalid in row 32822
Warning: All percentages zero/invalid in row 32823
Warning: All percentages zero/invalid in row 32824
Warning: All percentages zero/invalid in row 32825
Warning: All percentages zero/invalid in row 32826
Warning: All percentages zero/invalid in row 32827
Warning: All percentages zero/invalid in row 32828
Warning: All percentages zero/invalid in row 32829
Warning: All percentages zero/invalid in row 32830
Warning: All percentages zero/invalid in row 32831
Warning: All percentages zero/invalid in row 32832
Warning: All percentages zero/invalid in row 32833
Warning: All percentages zero/invalid in row 32834
Warning: All percentages zero/invalid in row 32835
Warning: All percentages zero/invalid in row 32836
Warning: All percentages zero/invalid in row 32837
Warning: All percentages zero/invalid in row 32838
Warning: All percentages zero/invalid in row 32839
Warning: All percentages zero/invalid in row 32840
Warning: All percentages zero/invalid in row 32841
Warning: All percentages zero/invalid in row 32842
Warning: All percentages zero/invalid in row 32843
Warning: All percentages zero/invalid in row 32844
Warning: All percentages zero/invalid in row 32845
Warning: All percentages zero/invalid in row 32846
Warning: All percentages zero/invalid in row 32847
Warning: All percentages zero/invalid in row 32848
Warning: All percentages zero/invalid in row 32849
Warning: All percentages zero/invalid in row 32850
Warning: All percentages zero/invalid in row 32851
Warning: All percentages zero/invalid in row 32852
Warning: All percentages zero/invalid in row 32853
Warning: All percentages zero/invalid in row 32854
Warning: All percentages zero/invalid in row 32855
Warning: All percentages zero/invalid in row 32856
Warning: All percentages zero/invalid in row 32857
Warning: All percentages zero/invalid in row 32858
Warning: All percentages zero/invalid in row 32859
Warning: All percentages zero/invalid in row 32860
Warning: All percentages zero/invalid in row 32861
Warning: All percentages zero/invalid in row 32862
Warning: All percentages zero/invalid in row 32863
Warning: All percentages zero/invalid in row 32864
Warning: All percentages zero/invalid in row 32865
Warning: All percentages zero/invalid in row 32866
Warning: All percentages zero/invalid in row 32867
Warning: All percentages zero/invalid in row 32868
Warning: All percentages zero/invalid in row 32869
Warning: All percentages zero/invalid in row 32870
Warning: All percentages zero/invalid in row 32871
Warning: All percentages zero/invalid in row 32872
Warning: All percentages zero/invalid in row 32873
Warning: All percentages zero/invalid in row 32874
Warning: All percentages zero/invalid in row 32875
Warning: All percentages zero/invalid in row 32876
Warning: All percentages zero/invalid in row 32877
Warning: All percentages zero/invalid in row 32878
Warning: All percentages zero/invalid in row 32879
Warning: All percentages zero/invalid in row 32880
Warning: All percentages zero/invalid in row 32881
Warning: All percentages zero/invalid in row 32882
Warning: All percentages zero/invalid in row 32883
Warning: All percentages zero/invalid in row 32884
Warning: All percentages zero/invalid in row 32885
Warning: All percentages zero/invalid in row 32886
Warning: All percentages zero/invalid in row 32887
Warning: All percentages zero/invalid in row 32888
Warning: All percentages zero/invalid in row 32889
Warning: All percentages zero/invalid in row 32890
Warning: All percentages zero/invalid in row 32893
Warning: All percentages zero/invalid in row 32894
Warning: All percentages zero/invalid in row 32895
Warning: All percentages zero/invalid in row 32896
Warning: All percentages zero/invalid in row 32899
Warning: All percentages zero/invalid in row 32900
Warning: All percentages zero/invalid in row 32901
Warning: All percentages zero/invalid in row 32902
Warning: All percentages zero/invalid in row 32903
Warning: All percentages zero/invalid in row 32904
Warning: All percentages zero/invalid in row 32905
Warning: All percentages zero/invalid in row 32906
Warning: All percentages zero/invalid in row 32907
Warning: All percentages zero/invalid in row 32908
Warning: All percentages zero/invalid in row 32909
Warning: All percentages zero/invalid in row 32910
Warning: All percentages zero/invalid in row 32911
Warning: All percentages zero/invalid in row 32912
Warning: All percentages zero/invalid in row 32914
Warning: All percentages zero/invalid in row 32915
Warning: All percentages zero/invalid in row 32916
Warning: All percentages zero/invalid in row 32917
Warning: All percentages zero/invalid in row 32918
Warning: All percentages zero/invalid in row 32919
Warning: All percentages zero/invalid in row 32920
Warning: All percentages zero/invalid in row 32921
Warning: All percentages zero/invalid in row 32923
Warning: All percentages zero/invalid in row 32924
Warning: All percentages zero/invalid in row 32925
Warning: All percentages zero/invalid in row 32926
Warning: All percentages zero/invalid in row 32927
Warning: All percentages zero/invalid in row 32928
Warning: All percentages zero/invalid in row 32929
Warning: All percentages zero/invalid in row 32930
Warning: All percentages zero/invalid in row 32931
Warning: All percentages zero/invalid in row 32932
Warning: All percentages zero/invalid in row 32933
Warning: All percentages zero/invalid in row 32934
Warning: All percentages zero/invalid in row 32935
Warning: All percentages zero/invalid in row 32936
Warning: All percentages zero/invalid in row 32937
Warning: All percentages zero/invalid in row 32938
Warning: All percentages zero/invalid in row 32939
Warning: All percentages zero/invalid in row 32940
Warning: All percentages zero/invalid in row 32941
Warning: All percentages zero/invalid in row 32942
Warning: All percentages zero/invalid in row 32943
Warning: All percentages zero/invalid in row 32944
Warning: All percentages zero/invalid in row 32945
Warning: All percentages zero/invalid in row 32946
Warning: All percentages zero/invalid in row 32947
Warning: All percentages zero/invalid in row 32948
Warning: All percentages zero/invalid in row 32949
Warning: All percentages zero/invalid in row 32950
Warning: All percentages zero/invalid in row 32951
Warning: All percentages zero/invalid in row 32952
Warning: All percentages zero/invalid in row 32953
Warning: All percentages zero/invalid in row 32954
Warning: All percentages zero/invalid in row 32955
Warning: All percentages zero/invalid in row 32956
Warning: All percentages zero/invalid in row 32957
Warning: All percentages zero/invalid in row 32958
Warning: All percentages zero/invalid in row 32959
Warning: All percentages zero/invalid in row 32960
Warning: All percentages zero/invalid in row 32961
Warning: All percentages zero/invalid in row 32962
Warning: All percentages zero/invalid in row 32963
Warning: All percentages zero/invalid in row 32964
Warning: All percentages zero/invalid in row 32965
Warning: All percentages zero/invalid in row 32966
Warning: All percentages zero/invalid in row 32967
Warning: All percentages zero/invalid in row 32968
Warning: All percentages zero/invalid in row 32969
Warning: All percentages zero/invalid in row 32970
Warning: All percentages zero/invalid in row 32971
Warning: All percentages zero/invalid in row 32972
Warning: All percentages zero/invalid in row 32973
Warning: All percentages zero/invalid in row 32974
Warning: All percentages zero/invalid in row 32975
Warning: All percentages zero/invalid in row 32976
Warning: All percentages zero/invalid in row 32977
Warning: All percentages zero/invalid in row 32978
Warning: All percentages zero/invalid in row 32979
Warning: All percentages zero/invalid in row 32980
Warning: All percentages zero/invalid in row 32981
Warning: All percentages zero/invalid in row 32982
Warning: All percentages zero/invalid in row 32983
Warning: All percentages zero/invalid in row 32985
Warning: All percentages zero/invalid in row 32986
Warning: All percentages zero/invalid in row 32987
Warning: All percentages zero/invalid in row 32988
Warning: All percentages zero/invalid in row 32989
Warning: All percentages zero/invalid in row 32990
Warning: All percentages zero/invalid in row 32991
Warning: All percentages zero/invalid in row 32992
Warning: All percentages zero/invalid in row 32993
Warning: All percentages zero/invalid in row 32994
Warning: All percentages zero/invalid in row 32995
Warning: All percentages zero/invalid in row 32996
Warning: All percentages zero/invalid in row 32997
Warning: All percentages zero/invalid in row 32998
Warning: All percentages zero/invalid in row 32999
Warning: All percentages zero/invalid in row 33000
Warning: All percentages zero/invalid in row 33001
Warning: All percentages zero/invalid in row 33002
Warning: All percentages zero/invalid in row 33003
Warning: All percentages zero/invalid in row 33004
Warning: All percentages zero/invalid in row 33005
Warning: All percentages zero/invalid in row 33006
Warning: All percentages zero/invalid in row 33007
Warning: All percentages zero/invalid in row 33008
Warning: All percentages zero/invalid in row 33009
Warning: All percentages zero/invalid in row 33010
Warning: All percentages zero/invalid in row 33011
Warning: All percentages zero/invalid in row 33013
Warning: All percentages zero/invalid in row 33014
Warning: All percentages zero/invalid in row 33015
Warning: All percentages zero/invalid in row 33016
Warning: All percentages zero/invalid in row 33017
Warning: All percentages zero/invalid in row 33019
Warning: All percentages zero/invalid in row 33020
Warning: All percentages zero/invalid in row 33021
Warning: All percentages zero/invalid in row 33022
Warning: All percentages zero/invalid in row 33023
Warning: All percentages zero/invalid in row 33024
Warning: All percentages zero/invalid in row 33025
Warning: All percentages zero/invalid in row 33026
Warning: All percentages zero/invalid in row 33027
Warning: All percentages zero/invalid in row 33029
Warning: All percentages zero/invalid in row 33030
Warning: All percentages zero/invalid in row 33031
Warning: All percentages zero/invalid in row 33032
Warning: All percentages zero/invalid in row 33033
Warning: All percentages zero/invalid in row 33034
Warning: All percentages zero/invalid in row 33035
Warning: All percentages zero/invalid in row 33036
Warning: All percentages zero/invalid in row 33037
Warning: All percentages zero/invalid in row 33038
Warning: All percentages zero/invalid in row 33039
Warning: All percentages zero/invalid in row 33040
Warning: All percentages zero/invalid in row 33041
Warning: All percentages zero/invalid in row 33042
Warning: All percentages zero/invalid in row 33043
Warning: All percentages zero/invalid in row 33044
Warning: All percentages zero/invalid in row 33045
Warning: All percentages zero/invalid in row 33046
Warning: All percentages zero/invalid in row 33047
Warning: All percentages zero/invalid in row 33048
Warning: All percentages zero/invalid in row 33049
Warning: All percentages zero/invalid in row 33050
Warning: All percentages zero/invalid in row 33051
Warning: All percentages zero/invalid in row 33052
Warning: All percentages zero/invalid in row 33053
Warning: All percentages zero/invalid in row 33054
Warning: All percentages zero/invalid in row 33055
Warning: All percentages zero/invalid in row 33056
Warning: All percentages zero/invalid in row 33057
Warning: All percentages zero/invalid in row 33058
Warning: All percentages zero/invalid in row 33059
Warning: All percentages zero/invalid in row 33060
Warning: All percentages zero/invalid in row 33061
Warning: All percentages zero/invalid in row 33062
Warning: All percentages zero/invalid in row 33063
Warning: All percentages zero/invalid in row 33064
Warning: All percentages zero/invalid in row 33065
Warning: All percentages zero/invalid in row 33066
Warning: All percentages zero/invalid in row 33067
Warning: All percentages zero/invalid in row 33068
Warning: All percentages zero/invalid in row 33069
Warning: All percentages zero/invalid in row 33070
Warning: All percentages zero/invalid in row 33071
Warning: All percentages zero/invalid in row 33072
Warning: All percentages zero/invalid in row 33073
Warning: All percentages zero/invalid in row 33074
Warning: All percentages zero/invalid in row 33075
Warning: All percentages zero/invalid in row 33076
Warning: All percentages zero/invalid in row 33077
Warning: All percentages zero/invalid in row 33078
Warning: All percentages zero/invalid in row 33079
Warning: All percentages zero/invalid in row 33080
Warning: All percentages zero/invalid in row 33081
Warning: All percentages zero/invalid in row 33082
Warning: All percentages zero/invalid in row 33083
Warning: All percentages zero/invalid in row 33084
Warning: All percentages zero/invalid in row 33085
Warning: All percentages zero/invalid in row 33086
Warning: All percentages zero/invalid in row 33087
Warning: All percentages zero/invalid in row 33088
Warning: All percentages zero/invalid in row 33089
Warning: All percentages zero/invalid in row 33090
Warning: All percentages zero/invalid in row 33091
Warning: All percentages zero/invalid in row 33092
Warning: All percentages zero/invalid in row 33093
Warning: All percentages zero/invalid in row 33094
Warning: All percentages zero/invalid in row 33095
Warning: All percentages zero/invalid in row 33096
Warning: All percentages zero/invalid in row 33097
Warning: All percentages zero/invalid in row 33098
Warning: All percentages zero/invalid in row 33099
Warning: All percentages zero/invalid in row 33100
Warning: All percentages zero/invalid in row 33101
Warning: All percentages zero/invalid in row 33102
Warning: All percentages zero/invalid in row 33103
Warning: All percentages zero/invalid in row 33104
Warning: All percentages zero/invalid in row 33105
Warning: All percentages zero/invalid in row 33106
Warning: All percentages zero/invalid in row 33107
Warning: All percentages zero/invalid in row 33108
Warning: All percentages zero/invalid in row 33109
Warning: All percentages zero/invalid in row 33112
Warning: All percentages zero/invalid in row 33115
Warning: All percentages zero/invalid in row 33116
Warning: All percentages zero/invalid in row 33117
Warning: All percentages zero/invalid in row 33118
Warning: All percentages zero/invalid in row 33124
Warning: All percentages zero/invalid in row 33132
Warning: All percentages zero/invalid in row 33133
Warning: All percentages zero/invalid in row 33134
Warning: All percentages zero/invalid in row 33140
Warning: All percentages zero/invalid in row 33143
Warning: All percentages zero/invalid in row 33146
Warning: All percentages zero/invalid in row 33147
Warning: All percentages zero/invalid in row 33148
Warning: All percentages zero/invalid in row 33149
Warning: All percentages zero/invalid in row 33150
Warning: All percentages zero/invalid in row 33151
Warning: All percentages zero/invalid in row 33152
Warning: All percentages zero/invalid in row 33153
Warning: All percentages zero/invalid in row 33154
Warning: All percentages zero/invalid in row 33155
Warning: All percentages zero/invalid in row 33156
Warning: All percentages zero/invalid in row 33157
Warning: All percentages zero/invalid in row 33158
Warning: All percentages zero/invalid in row 33159
Warning: All percentages zero/invalid in row 33160
Warning: All percentages zero/invalid in row 33161
Warning: All percentages zero/invalid in row 33162
Warning: All percentages zero/invalid in row 33163
Warning: All percentages zero/invalid in row 33164
Warning: All percentages zero/invalid in row 33165
Warning: All percentages zero/invalid in row 33166
Warning: All percentages zero/invalid in row 33167
Warning: All percentages zero/invalid in row 33168
Warning: All percentages zero/invalid in row 33169
Warning: All percentages zero/invalid in row 33170
Warning: All percentages zero/invalid in row 33171
Warning: All percentages zero/invalid in row 33172
Warning: All percentages zero/invalid in row 33173
Warning: All percentages zero/invalid in row 33174
Warning: All percentages zero/invalid in row 33175
Warning: All percentages zero/invalid in row 33176
Warning: All percentages zero/invalid in row 33177
Warning: All percentages zero/invalid in row 33178
Warning: All percentages zero/invalid in row 33179
Warning: All percentages zero/invalid in row 33180
Warning: All percentages zero/invalid in row 33182
Warning: All percentages zero/invalid in row 33183
Warning: All percentages zero/invalid in row 33185
Warning: All percentages zero/invalid in row 33186
Warning: All percentages zero/invalid in row 33187
Warning: All percentages zero/invalid in row 33188
Warning: All percentages zero/invalid in row 33189
Warning: All percentages zero/invalid in row 33190
Warning: All percentages zero/invalid in row 33191
Warning: All percentages zero/invalid in row 33192
Warning: All percentages zero/invalid in row 33193
Warning: All percentages zero/invalid in row 33194
Warning: All percentages zero/invalid in row 33195
Warning: All percentages zero/invalid in row 33196
Warning: All percentages zero/invalid in row 33197
Warning: All percentages zero/invalid in row 33198
Warning: All percentages zero/invalid in row 33199
Warning: All percentages zero/invalid in row 33200
Warning: All percentages zero/invalid in row 33201
Warning: All percentages zero/invalid in row 33202
Warning: All percentages zero/invalid in row 33203
Warning: All percentages zero/invalid in row 33204
Warning: All percentages zero/invalid in row 33205
Warning: All percentages zero/invalid in row 33206
Warning: All percentages zero/invalid in row 33207
Warning: All percentages zero/invalid in row 33208
Warning: All percentages zero/invalid in row 33209
Warning: All percentages zero/invalid in row 33210
Warning: All percentages zero/invalid in row 33211
Warning: All percentages zero/invalid in row 33212
Warning: All percentages zero/invalid in row 33213
Warning: All percentages zero/invalid in row 33214
Warning: All percentages zero/invalid in row 33215
Warning: All percentages zero/invalid in row 33216
Warning: All percentages zero/invalid in row 33217
Warning: All percentages zero/invalid in row 33218
Warning: All percentages zero/invalid in row 33219
Warning: All percentages zero/invalid in row 33220
Warning: All percentages zero/invalid in row 33221
Warning: All percentages zero/invalid in row 33222
Warning: All percentages zero/invalid in row 33223
Warning: All percentages zero/invalid in row 33224
Warning: All percentages zero/invalid in row 33225
Warning: All percentages zero/invalid in row 33226
Warning: All percentages zero/invalid in row 33227
Warning: All percentages zero/invalid in row 33228
Warning: All percentages zero/invalid in row 33229
Warning: All percentages zero/invalid in row 33230
Warning: All percentages zero/invalid in row 33231
Warning: All percentages zero/invalid in row 33232
Warning: All percentages zero/invalid in row 33233
Warning: All percentages zero/invalid in row 33234
Warning: All percentages zero/invalid in row 33235
Warning: All percentages zero/invalid in row 33236
Warning: All percentages zero/invalid in row 33237
Warning: All percentages zero/invalid in row 33238
Warning: All percentages zero/invalid in row 33239
Warning: All percentages zero/invalid in row 33240
Warning: All percentages zero/invalid in row 33241
Warning: All percentages zero/invalid in row 33242
Warning: All percentages zero/invalid in row 33243
Warning: All percentages zero/invalid in row 33244
Warning: All percentages zero/invalid in row 33245
Warning: All percentages zero/invalid in row 33246
Warning: All percentages zero/invalid in row 33247
Warning: All percentages zero/invalid in row 33248
Warning: All percentages zero/invalid in row 33249
Warning: All percentages zero/invalid in row 33250
Warning: All percentages zero/invalid in row 33251
Warning: All percentages zero/invalid in row 33252
Warning: All percentages zero/invalid in row 33253
Warning: All percentages zero/invalid in row 33254
Warning: All percentages zero/invalid in row 33255
Warning: All percentages zero/invalid in row 33256
Warning: All percentages zero/invalid in row 33257
Warning: All percentages zero/invalid in row 33258
Warning: All percentages zero/invalid in row 33259
Warning: All percentages zero/invalid in row 33260
Warning: All percentages zero/invalid in row 33261
Warning: All percentages zero/invalid in row 33264
Warning: All percentages zero/invalid in row 33265
Warning: All percentages zero/invalid in row 33266
Warning: All percentages zero/invalid in row 33267
Warning: All percentages zero/invalid in row 33268
Warning: All percentages zero/invalid in row 33269
Warning: All percentages zero/invalid in row 33273
Warning: All percentages zero/invalid in row 33274
Warning: All percentages zero/invalid in row 33275
Warning: All percentages zero/invalid in row 33276
Warning: All percentages zero/invalid in row 33277
Warning: All percentages zero/invalid in row 33279
Warning: All percentages zero/invalid in row 33281
Warning: All percentages zero/invalid in row 33282
Warning: All percentages zero/invalid in row 33283
Warning: All percentages zero/invalid in row 33284
Warning: All percentages zero/invalid in row 33285
Warning: All percentages zero/invalid in row 33286
Warning: All percentages zero/invalid in row 33287
Warning: All percentages zero/invalid in row 33288
Warning: All percentages zero/invalid in row 33289
Warning: All percentages zero/invalid in row 33290
Warning: All percentages zero/invalid in row 33291
Warning: All percentages zero/invalid in row 33292
Warning: All percentages zero/invalid in row 33298
Warning: All percentages zero/invalid in row 33299
Warning: All percentages zero/invalid in row 33300
Warning: All percentages zero/invalid in row 33301
Warning: All percentages zero/invalid in row 33302
Warning: All percentages zero/invalid in row 33303
Warning: All percentages zero/invalid in row 33304
Warning: All percentages zero/invalid in row 33305
Warning: All percentages zero/invalid in row 33306
Warning: All percentages zero/invalid in row 33307
Warning: All percentages zero/invalid in row 33308
Warning: All percentages zero/invalid in row 33309
Warning: All percentages zero/invalid in row 33310
Warning: All percentages zero/invalid in row 33311
Warning: All percentages zero/invalid in row 33312
Warning: All percentages zero/invalid in row 33313
Warning: All percentages zero/invalid in row 33314
Warning: All percentages zero/invalid in row 33315
Warning: All percentages zero/invalid in row 33316
Warning: All percentages zero/invalid in row 33317
Warning: All percentages zero/invalid in row 33318
Warning: All percentages zero/invalid in row 33319
Warning: All percentages zero/invalid in row 33320
Warning: All percentages zero/invalid in row 33321
Warning: All percentages zero/invalid in row 33322
Warning: All percentages zero/invalid in row 33323
Warning: All percentages zero/invalid in row 33324
Warning: All percentages zero/invalid in row 33325
Warning: All percentages zero/invalid in row 33326
Warning: All percentages zero/invalid in row 33327
Warning: All percentages zero/invalid in row 33328
Warning: All percentages zero/invalid in row 33329
Warning: All percentages zero/invalid in row 33330
Warning: All percentages zero/invalid in row 33331
Warning: All percentages zero/invalid in row 33332
Warning: All percentages zero/invalid in row 33333
Warning: All percentages zero/invalid in row 33334
Warning: All percentages zero/invalid in row 33335
Warning: All percentages zero/invalid in row 33336
Warning: All percentages zero/invalid in row 33337
Warning: All percentages zero/invalid in row 33338
Warning: All percentages zero/invalid in row 33339
Warning: All percentages zero/invalid in row 33340
Warning: All percentages zero/invalid in row 33341
Warning: All percentages zero/invalid in row 33342
Warning: All percentages zero/invalid in row 33343
Warning: All percentages zero/invalid in row 33344
Warning: All percentages zero/invalid in row 33345
Warning: All percentages zero/invalid in row 33346
Warning: All percentages zero/invalid in row 33347
Warning: All percentages zero/invalid in row 33348
Warning: All percentages zero/invalid in row 33349
Warning: All percentages zero/invalid in row 33351
Warning: All percentages zero/invalid in row 33353
Warning: All percentages zero/invalid in row 33354
Warning: All percentages zero/invalid in row 33355
Warning: All percentages zero/invalid in row 33356
Warning: All percentages zero/invalid in row 33357
Warning: All percentages zero/invalid in row 33358
Warning: All percentages zero/invalid in row 33359
Warning: All percentages zero/invalid in row 33360
Warning: All percentages zero/invalid in row 33361
Warning: All percentages zero/invalid in row 33362
Warning: All percentages zero/invalid in row 33363
Warning: All percentages zero/invalid in row 33364
Warning: All percentages zero/invalid in row 33365
Warning: All percentages zero/invalid in row 33366
Warning: All percentages zero/invalid in row 33367
Warning: All percentages zero/invalid in row 33368
Warning: All percentages zero/invalid in row 33369
Warning: All percentages zero/invalid in row 33370
Warning: All percentages zero/invalid in row 33371
Warning: All percentages zero/invalid in row 33372
Warning: All percentages zero/invalid in row 33373
Warning: All percentages zero/invalid in row 33374
Warning: All percentages zero/invalid in row 33375
Warning: All percentages zero/invalid in row 33376
Warning: All percentages zero/invalid in row 33377
Warning: All percentages zero/invalid in row 33378
Warning: All percentages zero/invalid in row 33379
Warning: All percentages zero/invalid in row 33380
Warning: All percentages zero/invalid in row 33381
Warning: All percentages zero/invalid in row 33382
Warning: All percentages zero/invalid in row 33383
Warning: All percentages zero/invalid in row 33384
Warning: All percentages zero/invalid in row 33385
Warning: All percentages zero/invalid in row 33386
Warning: All percentages zero/invalid in row 33387
Warning: All percentages zero/invalid in row 33388
Warning: All percentages zero/invalid in row 33389
Warning: All percentages zero/invalid in row 33390
Warning: All percentages zero/invalid in row 33391
Warning: All percentages zero/invalid in row 33392
Warning: All percentages zero/invalid in row 33393
Warning: All percentages zero/invalid in row 33394
Warning: All percentages zero/invalid in row 33395
Warning: All percentages zero/invalid in row 33396
Warning: All percentages zero/invalid in row 33397
Warning: All percentages zero/invalid in row 33398
Warning: All percentages zero/invalid in row 33399
Warning: All percentages zero/invalid in row 33400
Warning: All percentages zero/invalid in row 33401
Warning: All percentages zero/invalid in row 33402
Warning: All percentages zero/invalid in row 33403
Warning: All percentages zero/invalid in row 33404
Warning: All percentages zero/invalid in row 33405
Warning: All percentages zero/invalid in row 33406
Warning: All percentages zero/invalid in row 33407
Warning: All percentages zero/invalid in row 33408
Warning: All percentages zero/invalid in row 33409
Warning: All percentages zero/invalid in row 33410
Warning: All percentages zero/invalid in row 33411
Warning: All percentages zero/invalid in row 33412
Warning: All percentages zero/invalid in row 33413
Warning: All percentages zero/invalid in row 33414
Warning: All percentages zero/invalid in row 33415
Warning: All percentages zero/invalid in row 33416
Warning: All percentages zero/invalid in row 33417
Warning: All percentages zero/invalid in row 33418
Warning: All percentages zero/invalid in row 33419
Warning: All percentages zero/invalid in row 33420
Warning: All percentages zero/invalid in row 33421
Warning: All percentages zero/invalid in row 33422
Warning: All percentages zero/invalid in row 33423
Warning: All percentages zero/invalid in row 33424
Warning: All percentages zero/invalid in row 33425
Warning: All percentages zero/invalid in row 33426
Warning: All percentages zero/invalid in row 33427
Warning: All percentages zero/invalid in row 33428
Warning: All percentages zero/invalid in row 33429
Warning: All percentages zero/invalid in row 33430
Warning: All percentages zero/invalid in row 33431
Warning: All percentages zero/invalid in row 33432
Warning: All percentages zero/invalid in row 33433
Warning: All percentages zero/invalid in row 33434
Warning: All percentages zero/invalid in row 33435
Warning: All percentages zero/invalid in row 33436
Warning: All percentages zero/invalid in row 33437
Warning: All percentages zero/invalid in row 33438
Warning: All percentages zero/invalid in row 33439
Warning: All percentages zero/invalid in row 33440
Warning: All percentages zero/invalid in row 33441
Warning: All percentages zero/invalid in row 33442
Warning: All percentages zero/invalid in row 33443
Warning: All percentages zero/invalid in row 33444
Warning: All percentages zero/invalid in row 33445
Warning: All percentages zero/invalid in row 33446
Warning: All percentages zero/invalid in row 33447
Warning: All percentages zero/invalid in row 33448
Warning: All percentages zero/invalid in row 33449
Warning: All percentages zero/invalid in row 33450
Warning: All percentages zero/invalid in row 33451
Warning: All percentages zero/invalid in row 33452
Warning: All percentages zero/invalid in row 33453
Warning: All percentages zero/invalid in row 33454
Warning: All percentages zero/invalid in row 33455
Warning: All percentages zero/invalid in row 33456
Warning: All percentages zero/invalid in row 33457
Warning: All percentages zero/invalid in row 33458
Warning: All percentages zero/invalid in row 33459
Warning: All percentages zero/invalid in row 33460
Warning: All percentages zero/invalid in row 33461
Warning: All percentages zero/invalid in row 33462
Warning: All percentages zero/invalid in row 33463
Warning: All percentages zero/invalid in row 33464
Warning: All percentages zero/invalid in row 33465
Warning: All percentages zero/invalid in row 33466
Warning: All percentages zero/invalid in row 33467
Warning: All percentages zero/invalid in row 33468
Warning: All percentages zero/invalid in row 33469
Warning: All percentages zero/invalid in row 33470
Warning: All percentages zero/invalid in row 33471
Warning: All percentages zero/invalid in row 33472
Warning: All percentages zero/invalid in row 33473
Warning: All percentages zero/invalid in row 33474
Warning: All percentages zero/invalid in row 33475
Warning: All percentages zero/invalid in row 33476
Warning: All percentages zero/invalid in row 33477
Warning: All percentages zero/invalid in row 33478
Warning: All percentages zero/invalid in row 33479
Warning: All percentages zero/invalid in row 33480
Warning: All percentages zero/invalid in row 33481
Warning: All percentages zero/invalid in row 33482
Warning: All percentages zero/invalid in row 33483
Warning: All percentages zero/invalid in row 33484
Warning: All percentages zero/invalid in row 33485
Warning: All percentages zero/invalid in row 33486
Warning: All percentages zero/invalid in row 33487
Warning: All percentages zero/invalid in row 33488
Warning: All percentages zero/invalid in row 33489
Warning: All percentages zero/invalid in row 33490
Warning: All percentages zero/invalid in row 33491
Warning: All percentages zero/invalid in row 33492
Warning: All percentages zero/invalid in row 33493
Warning: All percentages zero/invalid in row 33494
Warning: All percentages zero/invalid in row 33495
Warning: All percentages zero/invalid in row 33496
Warning: All percentages zero/invalid in row 33497
Warning: All percentages zero/invalid in row 33498
Warning: All percentages zero/invalid in row 33499
Warning: All percentages zero/invalid in row 33500
Warning: All percentages zero/invalid in row 33501
Warning: All percentages zero/invalid in row 33502
Warning: All percentages zero/invalid in row 33503
Warning: All percentages zero/invalid in row 33504
Warning: All percentages zero/invalid in row 33505
Warning: All percentages zero/invalid in row 33506
Warning: All percentages zero/invalid in row 33507
Warning: All percentages zero/invalid in row 33508
Warning: All percentages zero/invalid in row 33509
Warning: All percentages zero/invalid in row 33510
Warning: All percentages zero/invalid in row 33511
Warning: All percentages zero/invalid in row 33512
Warning: All percentages zero/invalid in row 33513
Warning: All percentages zero/invalid in row 33514
Warning: All percentages zero/invalid in row 33515
Warning: All percentages zero/invalid in row 33516
Warning: All percentages zero/invalid in row 33517
Warning: All percentages zero/invalid in row 33518
Warning: All percentages zero/invalid in row 33519
Warning: All percentages zero/invalid in row 33520
Warning: All percentages zero/invalid in row 33521
Warning: All percentages zero/invalid in row 33522
Warning: All percentages zero/invalid in row 33523
Warning: All percentages zero/invalid in row 33524
Warning: All percentages zero/invalid in row 33525
Warning: All percentages zero/invalid in row 33526
Warning: All percentages zero/invalid in row 33527
Warning: All percentages zero/invalid in row 33528
Warning: All percentages zero/invalid in row 33529
Warning: All percentages zero/invalid in row 33530
Warning: All percentages zero/invalid in row 33531
Warning: All percentages zero/invalid in row 33532
Warning: All percentages zero/invalid in row 33533
Warning: All percentages zero/invalid in row 33534
Warning: All percentages zero/invalid in row 33535
Warning: All percentages zero/invalid in row 33536
Warning: All percentages zero/invalid in row 33537
Warning: All percentages zero/invalid in row 33538
Warning: All percentages zero/invalid in row 33539
Warning: All percentages zero/invalid in row 33540
Warning: All percentages zero/invalid in row 33541
Warning: All percentages zero/invalid in row 33542
Warning: All percentages zero/invalid in row 33543
Warning: All percentages zero/invalid in row 33544
Warning: All percentages zero/invalid in row 33545
Warning: All percentages zero/invalid in row 33546
Warning: All percentages zero/invalid in row 33547
Warning: All percentages zero/invalid in row 33548
Warning: All percentages zero/invalid in row 33549
Warning: All percentages zero/invalid in row 33550
Warning: All percentages zero/invalid in row 33551
Warning: All percentages zero/invalid in row 33552
Warning: All percentages zero/invalid in row 33553
Warning: All percentages zero/invalid in row 33554
Warning: All percentages zero/invalid in row 33555
Warning: All percentages zero/invalid in row 33556
Warning: All percentages zero/invalid in row 33557
Warning: All percentages zero/invalid in row 33558
Warning: All percentages zero/invalid in row 33559
Warning: All percentages zero/invalid in row 33560
Warning: All percentages zero/invalid in row 33561
Warning: All percentages zero/invalid in row 33562
Warning: All percentages zero/invalid in row 33563
Warning: All percentages zero/invalid in row 33564
Warning: All percentages zero/invalid in row 33565
Warning: All percentages zero/invalid in row 33566
Warning: All percentages zero/invalid in row 33567
Warning: All percentages zero/invalid in row 33568
Warning: All percentages zero/invalid in row 33569
Warning: All percentages zero/invalid in row 33570
Warning: All percentages zero/invalid in row 33571
Warning: All percentages zero/invalid in row 33572
Warning: All percentages zero/invalid in row 33573
Warning: All percentages zero/invalid in row 33574
Warning: All percentages zero/invalid in row 33575
Warning: All percentages zero/invalid in row 33576
Warning: All percentages zero/invalid in row 33577
Warning: All percentages zero/invalid in row 33578
Warning: All percentages zero/invalid in row 33579
Warning: All percentages zero/invalid in row 33580
Warning: All percentages zero/invalid in row 33581
Warning: All percentages zero/invalid in row 33582
Warning: All percentages zero/invalid in row 33583
Warning: All percentages zero/invalid in row 33584
Warning: All percentages zero/invalid in row 33585
Warning: All percentages zero/invalid in row 33586
Warning: All percentages zero/invalid in row 33587
Warning: All percentages zero/invalid in row 33588
Warning: All percentages zero/invalid in row 33589
Warning: All percentages zero/invalid in row 33590
Warning: All percentages zero/invalid in row 33591
Warning: All percentages zero/invalid in row 33592
Warning: All percentages zero/invalid in row 33593
Warning: All percentages zero/invalid in row 33594
Warning: All percentages zero/invalid in row 33595
Warning: All percentages zero/invalid in row 33596
Warning: All percentages zero/invalid in row 33597
Warning: All percentages zero/invalid in row 33598
Warning: All percentages zero/invalid in row 33599
Warning: All percentages zero/invalid in row 33600
Warning: All percentages zero/invalid in row 33601
Warning: All percentages zero/invalid in row 33602
Warning: All percentages zero/invalid in row 33603
Warning: All percentages zero/invalid in row 33604
Warning: All percentages zero/invalid in row 33605
Warning: All percentages zero/invalid in row 33606
Warning: All percentages zero/invalid in row 33607
Warning: All percentages zero/invalid in row 33608
Warning: All percentages zero/invalid in row 33609
Warning: All percentages zero/invalid in row 33610
Warning: All percentages zero/invalid in row 33611
Warning: All percentages zero/invalid in row 33612
Warning: All percentages zero/invalid in row 33613
Warning: All percentages zero/invalid in row 33614
Warning: All percentages zero/invalid in row 33615
Warning: All percentages zero/invalid in row 33616
Warning: All percentages zero/invalid in row 33617
Warning: All percentages zero/invalid in row 33618
Warning: All percentages zero/invalid in row 33621
Warning: All percentages zero/invalid in row 33622
Warning: All percentages zero/invalid in row 33625
Warning: All percentages zero/invalid in row 33626
Warning: All percentages zero/invalid in row 33627
Warning: All percentages zero/invalid in row 33628
Warning: All percentages zero/invalid in row 33629
Warning: All percentages zero/invalid in row 33630
Warning: All percentages zero/invalid in row 33631
Warning: All percentages zero/invalid in row 33632
Warning: All percentages zero/invalid in row 33633
Warning: All percentages zero/invalid in row 33634
Warning: All percentages zero/invalid in row 33635
Warning: All percentages zero/invalid in row 33636
Warning: All percentages zero/invalid in row 33637
Warning: All percentages zero/invalid in row 33638
Warning: All percentages zero/invalid in row 33639
Warning: All percentages zero/invalid in row 33640
Warning: All percentages zero/invalid in row 33641
Warning: All percentages zero/invalid in row 33642
Warning: All percentages zero/invalid in row 33643
Warning: All percentages zero/invalid in row 33644
Warning: All percentages zero/invalid in row 33645
Warning: All percentages zero/invalid in row 33646
Warning: All percentages zero/invalid in row 33647
Warning: All percentages zero/invalid in row 33648
Warning: All percentages zero/invalid in row 33649
Warning: All percentages zero/invalid in row 33650
Warning: All percentages zero/invalid in row 33651
Warning: All percentages zero/invalid in row 33652
Warning: All percentages zero/invalid in row 33653
Warning: All percentages zero/invalid in row 33654
Warning: All percentages zero/invalid in row 33655
Warning: All percentages zero/invalid in row 33656
Warning: All percentages zero/invalid in row 33657
Warning: All percentages zero/invalid in row 33658
Warning: All percentages zero/invalid in row 33659
Warning: All percentages zero/invalid in row 33660
Warning: All percentages zero/invalid in row 33661
Warning: All percentages zero/invalid in row 33662
Warning: All percentages zero/invalid in row 33663
Warning: All percentages zero/invalid in row 33664
Warning: All percentages zero/invalid in row 33665
Warning: All percentages zero/invalid in row 33666
Warning: All percentages zero/invalid in row 33667
Warning: All percentages zero/invalid in row 33668
Warning: All percentages zero/invalid in row 33669
Warning: All percentages zero/invalid in row 33670
Warning: All percentages zero/invalid in row 33671
Warning: All percentages zero/invalid in row 33672
Warning: All percentages zero/invalid in row 33673
Warning: All percentages zero/invalid in row 33674
Warning: All percentages zero/invalid in row 33675
Warning: All percentages zero/invalid in row 33676
Warning: All percentages zero/invalid in row 33677
Warning: All percentages zero/invalid in row 33678
Warning: All percentages zero/invalid in row 33679
Warning: All percentages zero/invalid in row 33680
Warning: All percentages zero/invalid in row 33681
Warning: All percentages zero/invalid in row 33682
Warning: All percentages zero/invalid in row 33683
Warning: All percentages zero/invalid in row 33684
Warning: All percentages zero/invalid in row 33685
Warning: All percentages zero/invalid in row 33686
Warning: All percentages zero/invalid in row 33687
Warning: All percentages zero/invalid in row 33688
Warning: All percentages zero/invalid in row 33689
Warning: All percentages zero/invalid in row 33690
Warning: All percentages zero/invalid in row 33691
Warning: All percentages zero/invalid in row 33692
Warning: All percentages zero/invalid in row 33693
Warning: All percentages zero/invalid in row 33694
Warning: All percentages zero/invalid in row 33695
Warning: All percentages zero/invalid in row 33696
Warning: All percentages zero/invalid in row 33697
Warning: All percentages zero/invalid in row 33698
Warning: All percentages zero/invalid in row 33699
Warning: All percentages zero/invalid in row 33703
Warning: All percentages zero/invalid in row 33704
Warning: All percentages zero/invalid in row 33705
Warning: All percentages zero/invalid in row 33706
Warning: All percentages zero/invalid in row 33707
Warning: All percentages zero/invalid in row 33708
Warning: All percentages zero/invalid in row 33709
Warning: All percentages zero/invalid in row 33710
Warning: All percentages zero/invalid in row 33711
Warning: All percentages zero/invalid in row 33712
Warning: All percentages zero/invalid in row 33713
Warning: All percentages zero/invalid in row 33714
Warning: All percentages zero/invalid in row 33715
Warning: All percentages zero/invalid in row 33716
Warning: All percentages zero/invalid in row 33717
Warning: All percentages zero/invalid in row 33718
Warning: All percentages zero/invalid in row 33719
Warning: All percentages zero/invalid in row 33720
Warning: All percentages zero/invalid in row 33721
Warning: All percentages zero/invalid in row 33722
Warning: All percentages zero/invalid in row 33723
Warning: All percentages zero/invalid in row 33724
Warning: All percentages zero/invalid in row 33725
Warning: All percentages zero/invalid in row 33726
Warning: All percentages zero/invalid in row 33727
Warning: All percentages zero/invalid in row 33728
Warning: All percentages zero/invalid in row 33729
Warning: All percentages zero/invalid in row 33730
Warning: All percentages zero/invalid in row 33731
Warning: All percentages zero/invalid in row 33732
Warning: All percentages zero/invalid in row 33733
Warning: All percentages zero/invalid in row 33734
Warning: All percentages zero/invalid in row 33735
Warning: All percentages zero/invalid in row 33736
Warning: All percentages zero/invalid in row 33737
Warning: All percentages zero/invalid in row 33739
Warning: All percentages zero/invalid in row 33741
Warning: All percentages zero/invalid in row 33742
Warning: All percentages zero/invalid in row 33743
Warning: All percentages zero/invalid in row 33744
Warning: All percentages zero/invalid in row 33745
Warning: All percentages zero/invalid in row 33746
Warning: All percentages zero/invalid in row 33747
Warning: All percentages zero/invalid in row 33748
Warning: All percentages zero/invalid in row 33749
Warning: All percentages zero/invalid in row 33750
Warning: All percentages zero/invalid in row 33751
Warning: All percentages zero/invalid in row 33752
Warning: All percentages zero/invalid in row 33753
Warning: All percentages zero/invalid in row 33754
Warning: All percentages zero/invalid in row 33755
Warning: All percentages zero/invalid in row 33756
Warning: All percentages zero/invalid in row 33757
Warning: All percentages zero/invalid in row 33758
Warning: All percentages zero/invalid in row 33761
Warning: All percentages zero/invalid in row 33762
Warning: All percentages zero/invalid in row 33763
Warning: All percentages zero/invalid in row 33764
Warning: All percentages zero/invalid in row 33765
Warning: All percentages zero/invalid in row 33766
Warning: All percentages zero/invalid in row 33767
Warning: All percentages zero/invalid in row 33768
Warning: All percentages zero/invalid in row 33769
Warning: All percentages zero/invalid in row 33770
Warning: All percentages zero/invalid in row 33771
Warning: All percentages zero/invalid in row 33772
Warning: All percentages zero/invalid in row 33773
Warning: All percentages zero/invalid in row 33774
Warning: All percentages zero/invalid in row 33775
Warning: All percentages zero/invalid in row 33776
Warning: All percentages zero/invalid in row 33777
Warning: All percentages zero/invalid in row 33778
Warning: All percentages zero/invalid in row 33779
Warning: All percentages zero/invalid in row 33780
Warning: All percentages zero/invalid in row 33781
Warning: All percentages zero/invalid in row 33782
Warning: All percentages zero/invalid in row 33783
Warning: All percentages zero/invalid in row 33784
Warning: All percentages zero/invalid in row 33785
Warning: All percentages zero/invalid in row 33786
Warning: All percentages zero/invalid in row 33787
Warning: All percentages zero/invalid in row 33788
Warning: All percentages zero/invalid in row 33789
Warning: All percentages zero/invalid in row 33790
Warning: All percentages zero/invalid in row 33791
Warning: All percentages zero/invalid in row 33792
Warning: All percentages zero/invalid in row 33793
Warning: All percentages zero/invalid in row 33794
Warning: All percentages zero/invalid in row 33795
Warning: All percentages zero/invalid in row 33796
Warning: All percentages zero/invalid in row 33797
Warning: All percentages zero/invalid in row 33798
Warning: All percentages zero/invalid in row 33799
Warning: All percentages zero/invalid in row 33800
Warning: All percentages zero/invalid in row 33802
Warning: All percentages zero/invalid in row 33803
Warning: All percentages zero/invalid in row 33804
Warning: All percentages zero/invalid in row 33805
Warning: All percentages zero/invalid in row 33806
Warning: All percentages zero/invalid in row 33807
Warning: All percentages zero/invalid in row 33808
Warning: All percentages zero/invalid in row 33809
Warning: All percentages zero/invalid in row 33810
Warning: All percentages zero/invalid in row 33811
Warning: All percentages zero/invalid in row 33812
Warning: All percentages zero/invalid in row 33813
Warning: All percentages zero/invalid in row 33814
Warning: All percentages zero/invalid in row 33815
Warning: All percentages zero/invalid in row 33818
Warning: All percentages zero/invalid in row 33819
Warning: All percentages zero/invalid in row 33820
Warning: All percentages zero/invalid in row 33823
Warning: All percentages zero/invalid in row 33824
Warning: All percentages zero/invalid in row 33825
Warning: All percentages zero/invalid in row 33826
Warning: All percentages zero/invalid in row 33827
Warning: All percentages zero/invalid in row 33828
Warning: All percentages zero/invalid in row 33829
Warning: All percentages zero/invalid in row 33830
Warning: All percentages zero/invalid in row 33831
Warning: All percentages zero/invalid in row 33832
Warning: All percentages zero/invalid in row 33833
Warning: All percentages zero/invalid in row 33834
Warning: All percentages zero/invalid in row 33835
Warning: All percentages zero/invalid in row 33836
Warning: All percentages zero/invalid in row 33837
Warning: All percentages zero/invalid in row 33838
Warning: All percentages zero/invalid in row 33839
Warning: All percentages zero/invalid in row 33840
Warning: All percentages zero/invalid in row 33841
Warning: All percentages zero/invalid in row 33842
Warning: All percentages zero/invalid in row 33843
Warning: All percentages zero/invalid in row 33844
Warning: All percentages zero/invalid in row 33845
Warning: All percentages zero/invalid in row 33846
Warning: All percentages zero/invalid in row 33847
Warning: All percentages zero/invalid in row 33848
Warning: All percentages zero/invalid in row 33849
Warning: All percentages zero/invalid in row 33850
Warning: All percentages zero/invalid in row 33851
Warning: All percentages zero/invalid in row 33852
Warning: All percentages zero/invalid in row 33853
Warning: All percentages zero/invalid in row 33854
Warning: All percentages zero/invalid in row 33855
Warning: All percentages zero/invalid in row 33856
Warning: All percentages zero/invalid in row 33857
Warning: All percentages zero/invalid in row 33858
Warning: All percentages zero/invalid in row 33859
Warning: All percentages zero/invalid in row 33860
Warning: All percentages zero/invalid in row 33861
Warning: All percentages zero/invalid in row 33862
Warning: All percentages zero/invalid in row 33863
Warning: All percentages zero/invalid in row 33864
Warning: All percentages zero/invalid in row 33865
Warning: All percentages zero/invalid in row 33866
Warning: All percentages zero/invalid in row 33867
Warning: All percentages zero/invalid in row 33868
Warning: All percentages zero/invalid in row 33869
Warning: All percentages zero/invalid in row 33870
Warning: All percentages zero/invalid in row 33871
Warning: All percentages zero/invalid in row 33872
Warning: All percentages zero/invalid in row 33873
Warning: All percentages zero/invalid in row 33874
Warning: All percentages zero/invalid in row 33875
Warning: All percentages zero/invalid in row 33876
Warning: All percentages zero/invalid in row 33877
Warning: All percentages zero/invalid in row 33879
Warning: All percentages zero/invalid in row 33880
Warning: All percentages zero/invalid in row 33882
Warning: All percentages zero/invalid in row 33883
Warning: All percentages zero/invalid in row 33884
Warning: All percentages zero/invalid in row 33885
Warning: All percentages zero/invalid in row 33886
Warning: All percentages zero/invalid in row 33887
Warning: All percentages zero/invalid in row 33888
Warning: All percentages zero/invalid in row 33889
Warning: All percentages zero/invalid in row 33890
Warning: All percentages zero/invalid in row 33893
Warning: All percentages zero/invalid in row 33894
Warning: All percentages zero/invalid in row 33895
Warning: All percentages zero/invalid in row 33896
Warning: All percentages zero/invalid in row 33897
Warning: All percentages zero/invalid in row 33898
Warning: All percentages zero/invalid in row 33899
Warning: All percentages zero/invalid in row 33900
Warning: All percentages zero/invalid in row 33901
Warning: All percentages zero/invalid in row 33902
Warning: All percentages zero/invalid in row 33903
Warning: All percentages zero/invalid in row 33904
Warning: All percentages zero/invalid in row 33905
Warning: All percentages zero/invalid in row 33906
Warning: All percentages zero/invalid in row 33907
Warning: All percentages zero/invalid in row 33908
Warning: All percentages zero/invalid in row 33909
Warning: All percentages zero/invalid in row 33910
Warning: All percentages zero/invalid in row 33911
Warning: All percentages zero/invalid in row 33912
Warning: All percentages zero/invalid in row 33913
Warning: All percentages zero/invalid in row 33914
Warning: All percentages zero/invalid in row 33915
Warning: All percentages zero/invalid in row 33916
Warning: All percentages zero/invalid in row 33917
Warning: All percentages zero/invalid in row 33918
Warning: All percentages zero/invalid in row 33919
Warning: All percentages zero/invalid in row 33920
Warning: All percentages zero/invalid in row 33921
Warning: All percentages zero/invalid in row 33922
Warning: All percentages zero/invalid in row 33923
Warning: All percentages zero/invalid in row 33924
Warning: All percentages zero/invalid in row 33925
Warning: All percentages zero/invalid in row 33926
Warning: All percentages zero/invalid in row 33927
Warning: All percentages zero/invalid in row 33928
Warning: All percentages zero/invalid in row 33929
Warning: All percentages zero/invalid in row 33930
Warning: All percentages zero/invalid in row 33931
Warning: All percentages zero/invalid in row 33932
Warning: All percentages zero/invalid in row 33933
Warning: All percentages zero/invalid in row 33934
Warning: All percentages zero/invalid in row 33935
Warning: All percentages zero/invalid in row 33936
Warning: All percentages zero/invalid in row 33937
Warning: All percentages zero/invalid in row 33938
Warning: All percentages zero/invalid in row 33939
Warning: All percentages zero/invalid in row 33940
Warning: All percentages zero/invalid in row 33941
Warning: All percentages zero/invalid in row 33942
Warning: All percentages zero/invalid in row 33943
Warning: All percentages zero/invalid in row 33944
Warning: All percentages zero/invalid in row 33945
Warning: All percentages zero/invalid in row 33946
Warning: All percentages zero/invalid in row 33947
Warning: All percentages zero/invalid in row 33948
Warning: All percentages zero/invalid in row 33949
Warning: All percentages zero/invalid in row 33950
Warning: All percentages zero/invalid in row 33951
Warning: All percentages zero/invalid in row 33952
Warning: All percentages zero/invalid in row 33953
Warning: All percentages zero/invalid in row 33954
Warning: All percentages zero/invalid in row 33955
Warning: All percentages zero/invalid in row 33956
Warning: All percentages zero/invalid in row 33957
Warning: All percentages zero/invalid in row 33958
Warning: All percentages zero/invalid in row 33959
Warning: All percentages zero/invalid in row 33960
Warning: All percentages zero/invalid in row 33961
Warning: All percentages zero/invalid in row 33962
Warning: All percentages zero/invalid in row 33963
Warning: All percentages zero/invalid in row 33964
Warning: All percentages zero/invalid in row 33965
Warning: All percentages zero/invalid in row 33966
Warning: All percentages zero/invalid in row 33967
Warning: All percentages zero/invalid in row 33968
Warning: All percentages zero/invalid in row 33969
Warning: All percentages zero/invalid in row 33970
Warning: All percentages zero/invalid in row 33971
Warning: All percentages zero/invalid in row 33972
Warning: All percentages zero/invalid in row 33973
Warning: All percentages zero/invalid in row 33974
Warning: All percentages zero/invalid in row 33975
Warning: All percentages zero/invalid in row 33976
Warning: All percentages zero/invalid in row 33977
Warning: All percentages zero/invalid in row 33978
Warning: All percentages zero/invalid in row 33979
Warning: All percentages zero/invalid in row 33980
Warning: All percentages zero/invalid in row 33981
Warning: All percentages zero/invalid in row 33982
Warning: All percentages zero/invalid in row 33983
Warning: All percentages zero/invalid in row 33984
Warning: All percentages zero/invalid in row 33985
Warning: All percentages zero/invalid in row 33986
Warning: All percentages zero/invalid in row 33987
Warning: All percentages zero/invalid in row 33988
Warning: All percentages zero/invalid in row 33989
Warning: All percentages zero/invalid in row 33990
Warning: All percentages zero/invalid in row 33991
Warning: All percentages zero/invalid in row 33992
Warning: All percentages zero/invalid in row 33993
Warning: All percentages zero/invalid in row 33994
Warning: All percentages zero/invalid in row 33995
Warning: All percentages zero/invalid in row 33996
Warning: All percentages zero/invalid in row 33998
Warning: All percentages zero/invalid in row 33999
Warning: All percentages zero/invalid in row 34000
Warning: All percentages zero/invalid in row 34001
Warning: All percentages zero/invalid in row 34002
Warning: All percentages zero/invalid in row 34003
Warning: All percentages zero/invalid in row 34004
Warning: All percentages zero/invalid in row 34005
Warning: All percentages zero/invalid in row 34006
Warning: All percentages zero/invalid in row 34007
Warning: All percentages zero/invalid in row 34008
Warning: All percentages zero/invalid in row 34009
Warning: All percentages zero/invalid in row 34010
Warning: All percentages zero/invalid in row 34011
Warning: All percentages zero/invalid in row 34012
Warning: All percentages zero/invalid in row 34013
Warning: All percentages zero/invalid in row 34014
Warning: All percentages zero/invalid in row 34015
Warning: All percentages zero/invalid in row 34016
Warning: All percentages zero/invalid in row 34017
Warning: All percentages zero/invalid in row 34020
Warning: All percentages zero/invalid in row 34021
Warning: All percentages zero/invalid in row 34022
Warning: All percentages zero/invalid in row 34023
Warning: All percentages zero/invalid in row 34024
Warning: All percentages zero/invalid in row 34025
Warning: All percentages zero/invalid in row 34026
Warning: All percentages zero/invalid in row 34027
Warning: All percentages zero/invalid in row 34028
Warning: All percentages zero/invalid in row 34029
Warning: All percentages zero/invalid in row 34030
Warning: All percentages zero/invalid in row 34031
Warning: All percentages zero/invalid in row 34032
Warning: All percentages zero/invalid in row 34033
Warning: All percentages zero/invalid in row 34034
Warning: All percentages zero/invalid in row 34035
Warning: All percentages zero/invalid in row 34036
Warning: All percentages zero/invalid in row 34037
Warning: All percentages zero/invalid in row 34040
Warning: All percentages zero/invalid in row 34041
Warning: All percentages zero/invalid in row 34042
Warning: All percentages zero/invalid in row 34043
Warning: All percentages zero/invalid in row 34044
Warning: All percentages zero/invalid in row 34045
Warning: All percentages zero/invalid in row 34046
Warning: All percentages zero/invalid in row 34047
Warning: All percentages zero/invalid in row 34048
Warning: All percentages zero/invalid in row 34049
Warning: All percentages zero/invalid in row 34050
Warning: All percentages zero/invalid in row 34051
Warning: All percentages zero/invalid in row 34052
Warning: All percentages zero/invalid in row 34055
Warning: All percentages zero/invalid in row 34056
Warning: All percentages zero/invalid in row 34057
Warning: All percentages zero/invalid in row 34058
Warning: All percentages zero/invalid in row 34059
Warning: All percentages zero/invalid in row 34060
Warning: All percentages zero/invalid in row 34061
Warning: All percentages zero/invalid in row 34062
Warning: All percentages zero/invalid in row 34063
Warning: All percentages zero/invalid in row 34064
Warning: All percentages zero/invalid in row 34065
Warning: All percentages zero/invalid in row 34066
Warning: All percentages zero/invalid in row 34067
Warning: All percentages zero/invalid in row 34068
Warning: All percentages zero/invalid in row 34069
Warning: All percentages zero/invalid in row 34070
Warning: All percentages zero/invalid in row 34071
Warning: All percentages zero/invalid in row 34072
Warning: All percentages zero/invalid in row 34073
Warning: All percentages zero/invalid in row 34074
Warning: All percentages zero/invalid in row 34075
Warning: All percentages zero/invalid in row 34076
Warning: All percentages zero/invalid in row 34077
Warning: All percentages zero/invalid in row 34078
Warning: All percentages zero/invalid in row 34079
Warning: All percentages zero/invalid in row 34080
Warning: All percentages zero/invalid in row 34081
Warning: All percentages zero/invalid in row 34082
Warning: All percentages zero/invalid in row 34083
Warning: All percentages zero/invalid in row 34084
Warning: All percentages zero/invalid in row 34085
Warning: All percentages zero/invalid in row 34086
Warning: All percentages zero/invalid in row 34087
Warning: All percentages zero/invalid in row 34088
Warning: All percentages zero/invalid in row 34089
Warning: All percentages zero/invalid in row 34090
Warning: All percentages zero/invalid in row 34091
Warning: All percentages zero/invalid in row 34092
Warning: All percentages zero/invalid in row 34093
Warning: All percentages zero/invalid in row 34094
Warning: All percentages zero/invalid in row 34095
Warning: All percentages zero/invalid in row 34096
Warning: All percentages zero/invalid in row 34097
Warning: All percentages zero/invalid in row 34098
Warning: All percentages zero/invalid in row 34099
Warning: All percentages zero/invalid in row 34100
Warning: All percentages zero/invalid in row 34101
Warning: All percentages zero/invalid in row 34102
Warning: All percentages zero/invalid in row 34103
Warning: All percentages zero/invalid in row 34104
Warning: All percentages zero/invalid in row 34105
Warning: All percentages zero/invalid in row 34106
Warning: All percentages zero/invalid in row 34107
Warning: All percentages zero/invalid in row 34108
Warning: All percentages zero/invalid in row 34109
Warning: All percentages zero/invalid in row 34110
Warning: All percentages zero/invalid in row 34111
Warning: All percentages zero/invalid in row 34112
Warning: All percentages zero/invalid in row 34113
Warning: All percentages zero/invalid in row 34114
Warning: All percentages zero/invalid in row 34115
Warning: All percentages zero/invalid in row 34116
Warning: All percentages zero/invalid in row 34117
Warning: All percentages zero/invalid in row 34118
Warning: All percentages zero/invalid in row 34119
Warning: All percentages zero/invalid in row 34120
Warning: All percentages zero/invalid in row 34121
Warning: All percentages zero/invalid in row 34122
Warning: All percentages zero/invalid in row 34123
Warning: All percentages zero/invalid in row 34124
Warning: All percentages zero/invalid in row 34125
Warning: All percentages zero/invalid in row 34126
Warning: All percentages zero/invalid in row 34127
Warning: All percentages zero/invalid in row 34128
Warning: All percentages zero/invalid in row 34129
Warning: All percentages zero/invalid in row 34130
Warning: All percentages zero/invalid in row 34131
Warning: All percentages zero/invalid in row 34132
Warning: All percentages zero/invalid in row 34133
Warning: All percentages zero/invalid in row 34134
Warning: All percentages zero/invalid in row 34135
Warning: All percentages zero/invalid in row 34136
Warning: All percentages zero/invalid in row 34137
Warning: All percentages zero/invalid in row 34138
Warning: All percentages zero/invalid in row 34139
Warning: All percentages zero/invalid in row 34140
Warning: All percentages zero/invalid in row 34141
Warning: All percentages zero/invalid in row 34142
Warning: All percentages zero/invalid in row 34143
Warning: All percentages zero/invalid in row 34144
Warning: All percentages zero/invalid in row 34145
Warning: All percentages zero/invalid in row 34146
Warning: All percentages zero/invalid in row 34147
Warning: All percentages zero/invalid in row 34148
Warning: All percentages zero/invalid in row 34149
Warning: All percentages zero/invalid in row 34150
Warning: All percentages zero/invalid in row 34151
Warning: All percentages zero/invalid in row 34152
Warning: All percentages zero/invalid in row 34153
Warning: All percentages zero/invalid in row 34154
Warning: All percentages zero/invalid in row 34155
Warning: All percentages zero/invalid in row 34156
Warning: All percentages zero/invalid in row 34157
Warning: All percentages zero/invalid in row 34158
Warning: All percentages zero/invalid in row 34159
Warning: All percentages zero/invalid in row 34160
Warning: All percentages zero/invalid in row 34161
Warning: All percentages zero/invalid in row 34162
Warning: All percentages zero/invalid in row 34163
Warning: All percentages zero/invalid in row 34164
Warning: All percentages zero/invalid in row 34165
Warning: All percentages zero/invalid in row 34166
Warning: All percentages zero/invalid in row 34167
Warning: All percentages zero/invalid in row 34168
Warning: All percentages zero/invalid in row 34169
Warning: All percentages zero/invalid in row 34170
Warning: All percentages zero/invalid in row 34171
Warning: All percentages zero/invalid in row 34172
Warning: All percentages zero/invalid in row 34173
Warning: All percentages zero/invalid in row 34174
Warning: All percentages zero/invalid in row 34175
Warning: All percentages zero/invalid in row 34176
Warning: All percentages zero/invalid in row 34177
Warning: All percentages zero/invalid in row 34178
Warning: All percentages zero/invalid in row 34179
Warning: All percentages zero/invalid in row 34180
Warning: All percentages zero/invalid in row 34181
Warning: All percentages zero/invalid in row 34182
Warning: All percentages zero/invalid in row 34183
Warning: All percentages zero/invalid in row 34185
Warning: All percentages zero/invalid in row 34186
Warning: All percentages zero/invalid in row 34187
Warning: All percentages zero/invalid in row 34188
Warning: All percentages zero/invalid in row 34189
Warning: All percentages zero/invalid in row 34193
Warning: All percentages zero/invalid in row 34194
Warning: All percentages zero/invalid in row 34195
Warning: All percentages zero/invalid in row 34196
Warning: All percentages zero/invalid in row 34197
Warning: All percentages zero/invalid in row 34198
Warning: All percentages zero/invalid in row 34201
Warning: All percentages zero/invalid in row 34202
Warning: All percentages zero/invalid in row 34203
Warning: All percentages zero/invalid in row 34204
Warning: All percentages zero/invalid in row 34205
Warning: All percentages zero/invalid in row 34206
Warning: All percentages zero/invalid in row 34207
Warning: All percentages zero/invalid in row 34208
Warning: All percentages zero/invalid in row 34209
Warning: All percentages zero/invalid in row 34212
Warning: All percentages zero/invalid in row 34213
Warning: All percentages zero/invalid in row 34214
Warning: All percentages zero/invalid in row 34215
Warning: All percentages zero/invalid in row 34216
Warning: All percentages zero/invalid in row 34217
Warning: All percentages zero/invalid in row 34218
Warning: All percentages zero/invalid in row 34219
Warning: All percentages zero/invalid in row 34223
Warning: All percentages zero/invalid in row 34224
Warning: All percentages zero/invalid in row 34225
Warning: All percentages zero/invalid in row 34226
Warning: All percentages zero/invalid in row 34227
Warning: All percentages zero/invalid in row 34228
Warning: All percentages zero/invalid in row 34229
Warning: All percentages zero/invalid in row 34230
Warning: All percentages zero/invalid in row 34231
Warning: All percentages zero/invalid in row 34232
Warning: All percentages zero/invalid in row 34233
Warning: All percentages zero/invalid in row 34234
Warning: All percentages zero/invalid in row 34235
Warning: All percentages zero/invalid in row 34236
Warning: All percentages zero/invalid in row 34237
Warning: All percentages zero/invalid in row 34238
Warning: All percentages zero/invalid in row 34239
Warning: All percentages zero/invalid in row 34240
Warning: All percentages zero/invalid in row 34241
Warning: All percentages zero/invalid in row 34242
Warning: All percentages zero/invalid in row 34243
Warning: All percentages zero/invalid in row 34244
Warning: All percentages zero/invalid in row 34245
Warning: All percentages zero/invalid in row 34246
Warning: All percentages zero/invalid in row 34247
Warning: All percentages zero/invalid in row 34248
Warning: All percentages zero/invalid in row 34249
Warning: All percentages zero/invalid in row 34250
Warning: All percentages zero/invalid in row 34251
Warning: All percentages zero/invalid in row 34252
Warning: All percentages zero/invalid in row 34253
Warning: All percentages zero/invalid in row 34254
Warning: All percentages zero/invalid in row 34255
Warning: All percentages zero/invalid in row 34256
Warning: All percentages zero/invalid in row 34257
Warning: All percentages zero/invalid in row 34258
Warning: All percentages zero/invalid in row 34259
Warning: All percentages zero/invalid in row 34260
Warning: All percentages zero/invalid in row 34261
Warning: All percentages zero/invalid in row 34262
Warning: All percentages zero/invalid in row 34263
Warning: All percentages zero/invalid in row 34264
Warning: All percentages zero/invalid in row 34265
Warning: All percentages zero/invalid in row 34266
Warning: All percentages zero/invalid in row 34267
Warning: All percentages zero/invalid in row 34268
Warning: All percentages zero/invalid in row 34269
Warning: All percentages zero/invalid in row 34270
Warning: All percentages zero/invalid in row 34271
Warning: All percentages zero/invalid in row 34272
Warning: All percentages zero/invalid in row 34273
Warning: All percentages zero/invalid in row 34274
Warning: All percentages zero/invalid in row 34275
Warning: All percentages zero/invalid in row 34276
Warning: All percentages zero/invalid in row 34277
Warning: All percentages zero/invalid in row 34278
Warning: All percentages zero/invalid in row 34279
Warning: All percentages zero/invalid in row 34280
Warning: All percentages zero/invalid in row 34281
Warning: All percentages zero/invalid in row 34282
Warning: All percentages zero/invalid in row 34283
Warning: All percentages zero/invalid in row 34284
Warning: All percentages zero/invalid in row 34285
Warning: All percentages zero/invalid in row 34286
Warning: All percentages zero/invalid in row 34287
Warning: All percentages zero/invalid in row 34288
Warning: All percentages zero/invalid in row 34289
Warning: All percentages zero/invalid in row 34290
Warning: All percentages zero/invalid in row 34291
Warning: All percentages zero/invalid in row 34292
Warning: All percentages zero/invalid in row 34293
Warning: All percentages zero/invalid in row 34294
Warning: All percentages zero/invalid in row 34295
Warning: All percentages zero/invalid in row 34296
Warning: All percentages zero/invalid in row 34300
Warning: All percentages zero/invalid in row 34301
Warning: All percentages zero/invalid in row 34303
Warning: All percentages zero/invalid in row 34304
Warning: All percentages zero/invalid in row 34305
Warning: All percentages zero/invalid in row 34306
Warning: All percentages zero/invalid in row 34307
Warning: All percentages zero/invalid in row 34308
Warning: All percentages zero/invalid in row 34309
Warning: All percentages zero/invalid in row 34310
Warning: All percentages zero/invalid in row 34311
Warning: All percentages zero/invalid in row 34312
Warning: All percentages zero/invalid in row 34313
Warning: All percentages zero/invalid in row 34314
Warning: All percentages zero/invalid in row 34315
Warning: All percentages zero/invalid in row 34316
Warning: All percentages zero/invalid in row 34317
Warning: All percentages zero/invalid in row 34318
Warning: All percentages zero/invalid in row 34319
Warning: All percentages zero/invalid in row 34320
Warning: All percentages zero/invalid in row 34321
Warning: All percentages zero/invalid in row 34322
Warning: All percentages zero/invalid in row 34323
Warning: All percentages zero/invalid in row 34324
Warning: All percentages zero/invalid in row 34325
Warning: All percentages zero/invalid in row 34326
Warning: All percentages zero/invalid in row 34327
Warning: All percentages zero/invalid in row 34328
Warning: All percentages zero/invalid in row 34329
Warning: All percentages zero/invalid in row 34330
Warning: All percentages zero/invalid in row 34331
Warning: All percentages zero/invalid in row 34332
Warning: All percentages zero/invalid in row 34333
Warning: All percentages zero/invalid in row 34334
Warning: All percentages zero/invalid in row 34335
Warning: All percentages zero/invalid in row 34336
Warning: All percentages zero/invalid in row 34337
Warning: All percentages zero/invalid in row 34338
Warning: All percentages zero/invalid in row 34339
Warning: All percentages zero/invalid in row 34340
Warning: All percentages zero/invalid in row 34341
Warning: All percentages zero/invalid in row 34342
Warning: All percentages zero/invalid in row 34346
Warning: All percentages zero/invalid in row 34347
Warning: All percentages zero/invalid in row 34348
Warning: All percentages zero/invalid in row 34349
Warning: All percentages zero/invalid in row 34350
Warning: All percentages zero/invalid in row 34351
Warning: All percentages zero/invalid in row 34352
Warning: All percentages zero/invalid in row 34353
Warning: All percentages zero/invalid in row 34354
Warning: All percentages zero/invalid in row 34355
Warning: All percentages zero/invalid in row 34356
Warning: All percentages zero/invalid in row 34357
Warning: All percentages zero/invalid in row 34358
Warning: All percentages zero/invalid in row 34359
Warning: All percentages zero/invalid in row 34360
Warning: All percentages zero/invalid in row 34361
Warning: All percentages zero/invalid in row 34362
Warning: All percentages zero/invalid in row 34363
Warning: All percentages zero/invalid in row 34364
Warning: All percentages zero/invalid in row 34365
Warning: All percentages zero/invalid in row 34366
Warning: All percentages zero/invalid in row 34367
Warning: All percentages zero/invalid in row 34368
Warning: All percentages zero/invalid in row 34369
Warning: All percentages zero/invalid in row 34370
Warning: All percentages zero/invalid in row 34371
Warning: All percentages zero/invalid in row 34372
Warning: All percentages zero/invalid in row 34373
Warning: All percentages zero/invalid in row 34374
Warning: All percentages zero/invalid in row 34375
Warning: All percentages zero/invalid in row 34376
Warning: All percentages zero/invalid in row 34377
Warning: All percentages zero/invalid in row 34378
Warning: All percentages zero/invalid in row 34379
Warning: All percentages zero/invalid in row 34380
Warning: All percentages zero/invalid in row 34381
Warning: All percentages zero/invalid in row 34382
Warning: All percentages zero/invalid in row 34384
Warning: All percentages zero/invalid in row 34385
Warning: All percentages zero/invalid in row 34386
Warning: All percentages zero/invalid in row 34387
Warning: All percentages zero/invalid in row 34389
Warning: All percentages zero/invalid in row 34390
Warning: All percentages zero/invalid in row 34391
Warning: All percentages zero/invalid in row 34392
Warning: All percentages zero/invalid in row 34393
Warning: All percentages zero/invalid in row 34394
Warning: All percentages zero/invalid in row 34395
Warning: All percentages zero/invalid in row 34396
Warning: All percentages zero/invalid in row 34397
Warning: All percentages zero/invalid in row 34398
Warning: All percentages zero/invalid in row 34399
Warning: All percentages zero/invalid in row 34400
Warning: All percentages zero/invalid in row 34401
Warning: All percentages zero/invalid in row 34402
Warning: All percentages zero/invalid in row 34403
Warning: All percentages zero/invalid in row 34404
Warning: All percentages zero/invalid in row 34405
Warning: All percentages zero/invalid in row 34406
Warning: All percentages zero/invalid in row 34407
Warning: All percentages zero/invalid in row 34408
Warning: All percentages zero/invalid in row 34409
Warning: All percentages zero/invalid in row 34410
Warning: All percentages zero/invalid in row 34411
Warning: All percentages zero/invalid in row 34413
Warning: All percentages zero/invalid in row 34414
Warning: All percentages zero/invalid in row 34415
Warning: All percentages zero/invalid in row 34416
Warning: All percentages zero/invalid in row 34417
Warning: All percentages zero/invalid in row 34418
Warning: All percentages zero/invalid in row 34419
Warning: All percentages zero/invalid in row 34420
Warning: All percentages zero/invalid in row 34421
Warning: All percentages zero/invalid in row 34422
Warning: All percentages zero/invalid in row 34423
Warning: All percentages zero/invalid in row 34424
Warning: All percentages zero/invalid in row 34425
Warning: All percentages zero/invalid in row 34426
Warning: All percentages zero/invalid in row 34427
Warning: All percentages zero/invalid in row 34428
Warning: All percentages zero/invalid in row 34429
Warning: All percentages zero/invalid in row 34430
Warning: All percentages zero/invalid in row 34431
Warning: All percentages zero/invalid in row 34432
Warning: All percentages zero/invalid in row 34433
Warning: All percentages zero/invalid in row 34434
Warning: All percentages zero/invalid in row 34435
Warning: All percentages zero/invalid in row 34436
Warning: All percentages zero/invalid in row 34437
Warning: All percentages zero/invalid in row 34438
Warning: All percentages zero/invalid in row 34439
Warning: All percentages zero/invalid in row 34440
Warning: All percentages zero/invalid in row 34441
Warning: All percentages zero/invalid in row 34443
Warning: All percentages zero/invalid in row 34444
Warning: All percentages zero/invalid in row 34445
Warning: All percentages zero/invalid in row 34446
Warning: All percentages zero/invalid in row 34447
Warning: All percentages zero/invalid in row 34448
Warning: All percentages zero/invalid in row 34449
Warning: All percentages zero/invalid in row 34450
Warning: All percentages zero/invalid in row 34451
Warning: All percentages zero/invalid in row 34452
Warning: All percentages zero/invalid in row 34453
Warning: All percentages zero/invalid in row 34454
Warning: All percentages zero/invalid in row 34455
Warning: All percentages zero/invalid in row 34456
Warning: All percentages zero/invalid in row 34457
Warning: All percentages zero/invalid in row 34458
Warning: All percentages zero/invalid in row 34459
Warning: All percentages zero/invalid in row 34460
Warning: All percentages zero/invalid in row 34461
Warning: All percentages zero/invalid in row 34462
Warning: All percentages zero/invalid in row 34463
Warning: All percentages zero/invalid in row 34464
Warning: All percentages zero/invalid in row 34465
Warning: All percentages zero/invalid in row 34466
Warning: All percentages zero/invalid in row 34467
Warning: All percentages zero/invalid in row 34468
Warning: All percentages zero/invalid in row 34469
Warning: All percentages zero/invalid in row 34470
Warning: All percentages zero/invalid in row 34471
Warning: All percentages zero/invalid in row 34472
Warning: All percentages zero/invalid in row 34473
Warning: All percentages zero/invalid in row 34474
Warning: All percentages zero/invalid in row 34475
Warning: All percentages zero/invalid in row 34476
Warning: All percentages zero/invalid in row 34477
Warning: All percentages zero/invalid in row 34478
Warning: All percentages zero/invalid in row 34479
Warning: All percentages zero/invalid in row 34480
Warning: All percentages zero/invalid in row 34481
Warning: All percentages zero/invalid in row 34482
Warning: All percentages zero/invalid in row 34483
Warning: All percentages zero/invalid in row 34484
Warning: All percentages zero/invalid in row 34485
Warning: All percentages zero/invalid in row 34488
Warning: All percentages zero/invalid in row 34489
Warning: All percentages zero/invalid in row 34490
Warning: All percentages zero/invalid in row 34491
Warning: All percentages zero/invalid in row 34492
Warning: All percentages zero/invalid in row 34493
Warning: All percentages zero/invalid in row 34494
Warning: All percentages zero/invalid in row 34495
Warning: All percentages zero/invalid in row 34496
Warning: All percentages zero/invalid in row 34497
Warning: All percentages zero/invalid in row 34500
Warning: All percentages zero/invalid in row 34501
Warning: All percentages zero/invalid in row 34502
Warning: All percentages zero/invalid in row 34503
Warning: All percentages zero/invalid in row 34504
Warning: All percentages zero/invalid in row 34505
Warning: All percentages zero/invalid in row 34506
Warning: All percentages zero/invalid in row 34507
Warning: All percentages zero/invalid in row 34508
Warning: All percentages zero/invalid in row 34509
Warning: All percentages zero/invalid in row 34512
Warning: All percentages zero/invalid in row 34513
Warning: All percentages zero/invalid in row 34514
Warning: All percentages zero/invalid in row 34515
Warning: All percentages zero/invalid in row 34516
Warning: All percentages zero/invalid in row 34517
Warning: All percentages zero/invalid in row 34518
Warning: All percentages zero/invalid in row 34519
Warning: All percentages zero/invalid in row 34520
Warning: All percentages zero/invalid in row 34521
Warning: All percentages zero/invalid in row 34522
Warning: All percentages zero/invalid in row 34523
Warning: All percentages zero/invalid in row 34524
Warning: All percentages zero/invalid in row 34525
Warning: All percentages zero/invalid in row 34526
Warning: All percentages zero/invalid in row 34527
Warning: All percentages zero/invalid in row 34528
Warning: All percentages zero/invalid in row 34529
Warning: All percentages zero/invalid in row 34530
Warning: All percentages zero/invalid in row 34531
Warning: All percentages zero/invalid in row 34532
Warning: All percentages zero/invalid in row 34533
Warning: All percentages zero/invalid in row 34534
Warning: All percentages zero/invalid in row 34535
Warning: All percentages zero/invalid in row 34536
Warning: All percentages zero/invalid in row 34537
Warning: All percentages zero/invalid in row 34538
Warning: All percentages zero/invalid in row 34539
Warning: All percentages zero/invalid in row 34540
Warning: All percentages zero/invalid in row 34541
Warning: All percentages zero/invalid in row 34542
Warning: All percentages zero/invalid in row 34543
Warning: All percentages zero/invalid in row 34544
Warning: All percentages zero/invalid in row 34545
Warning: All percentages zero/invalid in row 34546
Warning: All percentages zero/invalid in row 34547
Warning: All percentages zero/invalid in row 34548
Warning: All percentages zero/invalid in row 34549
Warning: All percentages zero/invalid in row 34550
Warning: All percentages zero/invalid in row 34551
Warning: All percentages zero/invalid in row 34552
Warning: All percentages zero/invalid in row 34553
Warning: All percentages zero/invalid in row 34554
Warning: All percentages zero/invalid in row 34556
Warning: All percentages zero/invalid in row 34557
Warning: All percentages zero/invalid in row 34559
Warning: All percentages zero/invalid in row 34560
Warning: All percentages zero/invalid in row 34561
Warning: All percentages zero/invalid in row 34562
Warning: All percentages zero/invalid in row 34563
Warning: All percentages zero/invalid in row 34564
Warning: All percentages zero/invalid in row 34565
Warning: All percentages zero/invalid in row 34566
Warning: All percentages zero/invalid in row 34567
Warning: All percentages zero/invalid in row 34568
Warning: All percentages zero/invalid in row 34569
Warning: All percentages zero/invalid in row 34570
Warning: All percentages zero/invalid in row 34571
Warning: All percentages zero/invalid in row 34572
Warning: All percentages zero/invalid in row 34573
Warning: All percentages zero/invalid in row 34574
Warning: All percentages zero/invalid in row 34578
Warning: All percentages zero/invalid in row 34579
Warning: All percentages zero/invalid in row 34580
Warning: All percentages zero/invalid in row 34581
Warning: All percentages zero/invalid in row 34585
Warning: All percentages zero/invalid in row 34586
Warning: All percentages zero/invalid in row 34589
Warning: All percentages zero/invalid in row 34590
Warning: All percentages zero/invalid in row 34592
Warning: All percentages zero/invalid in row 34593
Warning: All percentages zero/invalid in row 34594
Warning: All percentages zero/invalid in row 34595
Warning: All percentages zero/invalid in row 34596
Warning: All percentages zero/invalid in row 34597
Warning: All percentages zero/invalid in row 34598
Warning: All percentages zero/invalid in row 34599
Warning: All percentages zero/invalid in row 34600
Warning: All percentages zero/invalid in row 34601
Warning: All percentages zero/invalid in row 34602
Warning: All percentages zero/invalid in row 34603
Warning: All percentages zero/invalid in row 34604
Warning: All percentages zero/invalid in row 34605
Warning: All percentages zero/invalid in row 34606
Warning: All percentages zero/invalid in row 34607
Warning: All percentages zero/invalid in row 34608
Warning: All percentages zero/invalid in row 34609
Warning: All percentages zero/invalid in row 34610
Warning: All percentages zero/invalid in row 34611
Warning: All percentages zero/invalid in row 34612
Warning: All percentages zero/invalid in row 34613
Warning: All percentages zero/invalid in row 34614
Warning: All percentages zero/invalid in row 34615
Warning: All percentages zero/invalid in row 34616
Warning: All percentages zero/invalid in row 34617
Warning: All percentages zero/invalid in row 34618
Warning: All percentages zero/invalid in row 34619
Warning: All percentages zero/invalid in row 34620
Warning: All percentages zero/invalid in row 34621
Warning: All percentages zero/invalid in row 34622
Warning: All percentages zero/invalid in row 34623
Warning: All percentages zero/invalid in row 34624
Warning: All percentages zero/invalid in row 34625
Warning: All percentages zero/invalid in row 34626
Warning: All percentages zero/invalid in row 34627
Warning: All percentages zero/invalid in row 34628
Warning: All percentages zero/invalid in row 34629
Warning: All percentages zero/invalid in row 34630
Warning: All percentages zero/invalid in row 34631
Warning: All percentages zero/invalid in row 34632
Warning: All percentages zero/invalid in row 34633
Warning: All percentages zero/invalid in row 34634
Warning: All percentages zero/invalid in row 34635
Warning: All percentages zero/invalid in row 34636
Warning: All percentages zero/invalid in row 34637
Warning: All percentages zero/invalid in row 34638
Warning: All percentages zero/invalid in row 34639
Warning: All percentages zero/invalid in row 34640
Warning: All percentages zero/invalid in row 34641
Warning: All percentages zero/invalid in row 34642
Warning: All percentages zero/invalid in row 34643
Warning: All percentages zero/invalid in row 34644
Warning: All percentages zero/invalid in row 34645
Warning: All percentages zero/invalid in row 34646
Warning: All percentages zero/invalid in row 34647
Warning: All percentages zero/invalid in row 34648
Warning: All percentages zero/invalid in row 34649
Warning: All percentages zero/invalid in row 34650
Warning: All percentages zero/invalid in row 34651
Warning: All percentages zero/invalid in row 34652
Warning: All percentages zero/invalid in row 34653
Warning: All percentages zero/invalid in row 34654
Warning: All percentages zero/invalid in row 34655
Warning: All percentages zero/invalid in row 34656
Warning: All percentages zero/invalid in row 34657
Warning: All percentages zero/invalid in row 34658
Warning: All percentages zero/invalid in row 34659
Warning: All percentages zero/invalid in row 34660
Warning: All percentages zero/invalid in row 34661
Warning: All percentages zero/invalid in row 34662
Warning: All percentages zero/invalid in row 34663
Warning: All percentages zero/invalid in row 34664
Warning: All percentages zero/invalid in row 34665
Warning: All percentages zero/invalid in row 34666
Warning: All percentages zero/invalid in row 34667
Warning: All percentages zero/invalid in row 34668
Warning: All percentages zero/invalid in row 34669
Warning: All percentages zero/invalid in row 34670
Warning: All percentages zero/invalid in row 34671
Warning: All percentages zero/invalid in row 34672
Warning: All percentages zero/invalid in row 34673
Warning: All percentages zero/invalid in row 34674
Warning: All percentages zero/invalid in row 34675
Warning: All percentages zero/invalid in row 34676
Warning: All percentages zero/invalid in row 34677
Warning: All percentages zero/invalid in row 34678
Warning: All percentages zero/invalid in row 34679
Warning: All percentages zero/invalid in row 34680
Warning: All percentages zero/invalid in row 34681
Warning: All percentages zero/invalid in row 34682
Warning: All percentages zero/invalid in row 34683
Warning: All percentages zero/invalid in row 34684
Warning: All percentages zero/invalid in row 34685
Warning: All percentages zero/invalid in row 34686
Warning: All percentages zero/invalid in row 34687
Warning: All percentages zero/invalid in row 34688
Warning: All percentages zero/invalid in row 34689
Warning: All percentages zero/invalid in row 34690
Warning: All percentages zero/invalid in row 34691
Warning: All percentages zero/invalid in row 34692
Warning: All percentages zero/invalid in row 34693
Warning: All percentages zero/invalid in row 34694
Warning: All percentages zero/invalid in row 34695
Warning: All percentages zero/invalid in row 34696
Warning: All percentages zero/invalid in row 34697
Warning: All percentages zero/invalid in row 34698
Warning: All percentages zero/invalid in row 34699
Warning: All percentages zero/invalid in row 34700
Warning: All percentages zero/invalid in row 34701
Warning: All percentages zero/invalid in row 34702
Warning: All percentages zero/invalid in row 34703
Warning: All percentages zero/invalid in row 34704
Warning: All percentages zero/invalid in row 34705
Warning: All percentages zero/invalid in row 34706
Warning: All percentages zero/invalid in row 34707
Warning: All percentages zero/invalid in row 34708
Warning: All percentages zero/invalid in row 34709
Warning: All percentages zero/invalid in row 34710
Warning: All percentages zero/invalid in row 34711
Warning: All percentages zero/invalid in row 34712
Warning: All percentages zero/invalid in row 34713
Warning: All percentages zero/invalid in row 34714
Warning: All percentages zero/invalid in row 34715
Warning: All percentages zero/invalid in row 34716
Warning: All percentages zero/invalid in row 34717
Warning: All percentages zero/invalid in row 34718
Warning: All percentages zero/invalid in row 34719
Warning: All percentages zero/invalid in row 34720
Warning: All percentages zero/invalid in row 34721
Warning: All percentages zero/invalid in row 34722
Warning: All percentages zero/invalid in row 34723
Warning: All percentages zero/invalid in row 34724
Warning: All percentages zero/invalid in row 34725
Warning: All percentages zero/invalid in row 34726
Warning: All percentages zero/invalid in row 34727
Warning: All percentages zero/invalid in row 34728
Warning: All percentages zero/invalid in row 34729
Warning: All percentages zero/invalid in row 34730
Warning: All percentages zero/invalid in row 34731
Warning: All percentages zero/invalid in row 34732
Warning: All percentages zero/invalid in row 34733
Warning: All percentages zero/invalid in row 34734
Warning: All percentages zero/invalid in row 34735
Warning: All percentages zero/invalid in row 34736
Warning: All percentages zero/invalid in row 34737
Warning: All percentages zero/invalid in row 34738
Warning: All percentages zero/invalid in row 34739
Warning: All percentages zero/invalid in row 34740
Warning: All percentages zero/invalid in row 34741
Warning: All percentages zero/invalid in row 34742
Warning: All percentages zero/invalid in row 34743
Warning: All percentages zero/invalid in row 34744
Warning: All percentages zero/invalid in row 34745
Warning: All percentages zero/invalid in row 34746
Warning: All percentages zero/invalid in row 34747
Warning: All percentages zero/invalid in row 34748
Warning: All percentages zero/invalid in row 34749
Warning: All percentages zero/invalid in row 34750
Warning: All percentages zero/invalid in row 34751
Warning: All percentages zero/invalid in row 34752
Warning: All percentages zero/invalid in row 34753
Warning: All percentages zero/invalid in row 34755
Warning: All percentages zero/invalid in row 34756
Warning: All percentages zero/invalid in row 34757
Warning: All percentages zero/invalid in row 34758
Warning: All percentages zero/invalid in row 34759
Warning: All percentages zero/invalid in row 34760
Warning: All percentages zero/invalid in row 34761
Warning: All percentages zero/invalid in row 34763
Warning: All percentages zero/invalid in row 34764
Warning: All percentages zero/invalid in row 34765
Warning: All percentages zero/invalid in row 34766
Warning: All percentages zero/invalid in row 34767
Warning: All percentages zero/invalid in row 34768
Warning: All percentages zero/invalid in row 34769
Warning: All percentages zero/invalid in row 34770
Warning: All percentages zero/invalid in row 34771
Warning: All percentages zero/invalid in row 34772
Warning: All percentages zero/invalid in row 34773
Warning: All percentages zero/invalid in row 34774
Warning: All percentages zero/invalid in row 34775
Warning: All percentages zero/invalid in row 34776
Warning: All percentages zero/invalid in row 34777
Warning: All percentages zero/invalid in row 34778
Warning: All percentages zero/invalid in row 34779
Warning: All percentages zero/invalid in row 34780
Warning: All percentages zero/invalid in row 34781
Warning: All percentages zero/invalid in row 34782
Warning: All percentages zero/invalid in row 34783
Warning: All percentages zero/invalid in row 34784
Warning: All percentages zero/invalid in row 34785
Warning: All percentages zero/invalid in row 34786
Warning: All percentages zero/invalid in row 34787
Warning: All percentages zero/invalid in row 34788
Warning: All percentages zero/invalid in row 34789
Warning: All percentages zero/invalid in row 34790
Warning: All percentages zero/invalid in row 34791
Warning: All percentages zero/invalid in row 34792
Warning: All percentages zero/invalid in row 34793
Warning: All percentages zero/invalid in row 34794
Warning: All percentages zero/invalid in row 34795
Warning: All percentages zero/invalid in row 34796
Warning: All percentages zero/invalid in row 34797
Warning: All percentages zero/invalid in row 34798
Warning: All percentages zero/invalid in row 34799
Warning: All percentages zero/invalid in row 34800
Warning: All percentages zero/invalid in row 34801
Warning: All percentages zero/invalid in row 34802
Warning: All percentages zero/invalid in row 34803
Warning: All percentages zero/invalid in row 34804
Warning: All percentages zero/invalid in row 34805
Warning: All percentages zero/invalid in row 34806
Warning: All percentages zero/invalid in row 34807
Warning: All percentages zero/invalid in row 34808
Warning: All percentages zero/invalid in row 34809
Warning: All percentages zero/invalid in row 34812
Warning: All percentages zero/invalid in row 34815
Warning: All percentages zero/invalid in row 34816
Warning: All percentages zero/invalid in row 34817
Warning: All percentages zero/invalid in row 34818
Warning: All percentages zero/invalid in row 34819
Warning: All percentages zero/invalid in row 34820
Warning: All percentages zero/invalid in row 34821
Warning: All percentages zero/invalid in row 34823
Warning: All percentages zero/invalid in row 34824
Warning: All percentages zero/invalid in row 34825
Warning: All percentages zero/invalid in row 34826
Warning: All percentages zero/invalid in row 34827
Warning: All percentages zero/invalid in row 34828
Warning: All percentages zero/invalid in row 34829
Warning: All percentages zero/invalid in row 34830
Warning: All percentages zero/invalid in row 34831
Warning: All percentages zero/invalid in row 34832
Warning: All percentages zero/invalid in row 34833
Warning: All percentages zero/invalid in row 34834
Warning: All percentages zero/invalid in row 34835
Warning: All percentages zero/invalid in row 34836
Warning: All percentages zero/invalid in row 34837
Warning: All percentages zero/invalid in row 34838
Warning: All percentages zero/invalid in row 34839
Warning: All percentages zero/invalid in row 34840
Warning: All percentages zero/invalid in row 34841
Warning: All percentages zero/invalid in row 34842
Warning: All percentages zero/invalid in row 34843
Warning: All percentages zero/invalid in row 34844
Warning: All percentages zero/invalid in row 34845
Warning: All percentages zero/invalid in row 34846
Warning: All percentages zero/invalid in row 34847
Warning: All percentages zero/invalid in row 34848
Warning: All percentages zero/invalid in row 34849
Warning: All percentages zero/invalid in row 34850
Warning: All percentages zero/invalid in row 34851
Warning: All percentages zero/invalid in row 34852
Warning: All percentages zero/invalid in row 34853
Warning: All percentages zero/invalid in row 34854
Warning: All percentages zero/invalid in row 34855
Warning: All percentages zero/invalid in row 34856
Warning: All percentages zero/invalid in row 34857
Warning: All percentages zero/invalid in row 34858
Warning: All percentages zero/invalid in row 34859
Warning: All percentages zero/invalid in row 34860
Warning: All percentages zero/invalid in row 34861
Warning: All percentages zero/invalid in row 34862
Warning: All percentages zero/invalid in row 34863
Warning: All percentages zero/invalid in row 34864
Warning: All percentages zero/invalid in row 34865
Warning: All percentages zero/invalid in row 34866
Warning: All percentages zero/invalid in row 34867
Warning: All percentages zero/invalid in row 34868
Warning: All percentages zero/invalid in row 34869
Warning: All percentages zero/invalid in row 34870
Warning: All percentages zero/invalid in row 34871
Warning: All percentages zero/invalid in row 34872
Warning: All percentages zero/invalid in row 34873
Warning: All percentages zero/invalid in row 34874
Warning: All percentages zero/invalid in row 34875
Warning: All percentages zero/invalid in row 34876
Warning: All percentages zero/invalid in row 34877
Warning: All percentages zero/invalid in row 34878
Warning: All percentages zero/invalid in row 34879
Warning: All percentages zero/invalid in row 34880
Warning: All percentages zero/invalid in row 34881
Warning: All percentages zero/invalid in row 34882
Warning: All percentages zero/invalid in row 34883
Warning: All percentages zero/invalid in row 34884
Warning: All percentages zero/invalid in row 34885
Warning: All percentages zero/invalid in row 34886
Warning: All percentages zero/invalid in row 34887
Warning: All percentages zero/invalid in row 34888
Warning: All percentages zero/invalid in row 34889
Warning: All percentages zero/invalid in row 34890
Warning: All percentages zero/invalid in row 34891
Warning: All percentages zero/invalid in row 34892
Warning: All percentages zero/invalid in row 34893
Warning: All percentages zero/invalid in row 34894
Warning: All percentages zero/invalid in row 34895
Warning: All percentages zero/invalid in row 34896
Warning: All percentages zero/invalid in row 34897
Warning: All percentages zero/invalid in row 34898
Warning: All percentages zero/invalid in row 34899
Warning: All percentages zero/invalid in row 34900
Warning: All percentages zero/invalid in row 34901
Warning: All percentages zero/invalid in row 34902
Warning: All percentages zero/invalid in row 34903
Warning: All percentages zero/invalid in row 34904
Warning: All percentages zero/invalid in row 34905
Warning: All percentages zero/invalid in row 34906
Warning: All percentages zero/invalid in row 34907
Warning: All percentages zero/invalid in row 34908
Warning: All percentages zero/invalid in row 34909
Warning: All percentages zero/invalid in row 34910
Warning: All percentages zero/invalid in row 34911
Warning: All percentages zero/invalid in row 34912
Warning: All percentages zero/invalid in row 34913
Warning: All percentages zero/invalid in row 34914
Warning: All percentages zero/invalid in row 34915
Warning: All percentages zero/invalid in row 34916
Warning: All percentages zero/invalid in row 34917
Warning: All percentages zero/invalid in row 34918
Warning: All percentages zero/invalid in row 34919
Warning: All percentages zero/invalid in row 34920
Warning: All percentages zero/invalid in row 34921
Warning: All percentages zero/invalid in row 34922
Warning: All percentages zero/invalid in row 34923
Warning: All percentages zero/invalid in row 34924
Warning: All percentages zero/invalid in row 34925
Warning: All percentages zero/invalid in row 34926
Warning: All percentages zero/invalid in row 34927
Warning: All percentages zero/invalid in row 34928
Warning: All percentages zero/invalid in row 34929
Warning: All percentages zero/invalid in row 34930
Warning: All percentages zero/invalid in row 34931
Warning: All percentages zero/invalid in row 34932
Warning: All percentages zero/invalid in row 34933
Warning: All percentages zero/invalid in row 34934
Warning: All percentages zero/invalid in row 34935
Warning: All percentages zero/invalid in row 34936
Warning: All percentages zero/invalid in row 34937
Warning: All percentages zero/invalid in row 34938
Warning: All percentages zero/invalid in row 34939
Warning: All percentages zero/invalid in row 34940
Warning: All percentages zero/invalid in row 34941
Warning: All percentages zero/invalid in row 34942
Warning: All percentages zero/invalid in row 34943
Warning: All percentages zero/invalid in row 34944
Warning: All percentages zero/invalid in row 34945
Warning: All percentages zero/invalid in row 34946
Warning: All percentages zero/invalid in row 34947
Warning: All percentages zero/invalid in row 34948
Warning: All percentages zero/invalid in row 34949
Warning: All percentages zero/invalid in row 34950
Warning: All percentages zero/invalid in row 34951
Warning: All percentages zero/invalid in row 34952
Warning: All percentages zero/invalid in row 34953
Warning: All percentages zero/invalid in row 34954
Warning: All percentages zero/invalid in row 34955
Warning: All percentages zero/invalid in row 34956
Warning: All percentages zero/invalid in row 34957
Warning: All percentages zero/invalid in row 34958
Warning: All percentages zero/invalid in row 34959
Warning: All percentages zero/invalid in row 34960
Warning: All percentages zero/invalid in row 34961
Warning: All percentages zero/invalid in row 34962
Warning: All percentages zero/invalid in row 34963
Warning: All percentages zero/invalid in row 34964
Warning: All percentages zero/invalid in row 34965
Warning: All percentages zero/invalid in row 34966
Warning: All percentages zero/invalid in row 34967
Warning: All percentages zero/invalid in row 34968
Warning: All percentages zero/invalid in row 34969
Warning: All percentages zero/invalid in row 34970
Warning: All percentages zero/invalid in row 34971
Warning: All percentages zero/invalid in row 34972
Warning: All percentages zero/invalid in row 34973
Warning: All percentages zero/invalid in row 34974
Warning: All percentages zero/invalid in row 34975
Warning: All percentages zero/invalid in row 34976
Warning: All percentages zero/invalid in row 34977
Warning: All percentages zero/invalid in row 34978
Warning: All percentages zero/invalid in row 34979
Warning: All percentages zero/invalid in row 34980
Warning: All percentages zero/invalid in row 34981
Warning: All percentages zero/invalid in row 34982
Warning: All percentages zero/invalid in row 34983
Warning: All percentages zero/invalid in row 34984
Warning: All percentages zero/invalid in row 34986
Warning: All percentages zero/invalid in row 34987
Warning: All percentages zero/invalid in row 34988
Warning: All percentages zero/invalid in row 34989
Warning: All percentages zero/invalid in row 34990
Warning: All percentages zero/invalid in row 34991
Warning: All percentages zero/invalid in row 34992
Warning: All percentages zero/invalid in row 34993
Warning: All percentages zero/invalid in row 34994
Warning: All percentages zero/invalid in row 34995
Warning: All percentages zero/invalid in row 34996
Warning: All percentages zero/invalid in row 34997
Warning: All percentages zero/invalid in row 34998
Warning: All percentages zero/invalid in row 34999
Warning: All percentages zero/invalid in row 35000
Warning: All percentages zero/invalid in row 35001
Warning: All percentages zero/invalid in row 35002
Warning: All percentages zero/invalid in row 35003
Warning: All percentages zero/invalid in row 35004
Warning: All percentages zero/invalid in row 35005
Warning: All percentages zero/invalid in row 35006
Warning: All percentages zero/invalid in row 35007
Warning: All percentages zero/invalid in row 35008
Warning: All percentages zero/invalid in row 35009
Warning: All percentages zero/invalid in row 35010
Warning: All percentages zero/invalid in row 35011
Warning: All percentages zero/invalid in row 35012
Warning: All percentages zero/invalid in row 35013
Warning: All percentages zero/invalid in row 35014
Warning: All percentages zero/invalid in row 35017
Warning: All percentages zero/invalid in row 35018
Warning: All percentages zero/invalid in row 35019
Warning: All percentages zero/invalid in row 35020
Warning: All percentages zero/invalid in row 35021
Warning: All percentages zero/invalid in row 35022
Warning: All percentages zero/invalid in row 35023
Warning: All percentages zero/invalid in row 35024
Warning: All percentages zero/invalid in row 35025
Warning: All percentages zero/invalid in row 35026
Warning: All percentages zero/invalid in row 35027
Warning: All percentages zero/invalid in row 35028
Warning: All percentages zero/invalid in row 35029
Warning: All percentages zero/invalid in row 35030
Warning: All percentages zero/invalid in row 35031
Warning: All percentages zero/invalid in row 35032
Warning: All percentages zero/invalid in row 35033
Warning: All percentages zero/invalid in row 35034
Warning: All percentages zero/invalid in row 35035
Warning: All percentages zero/invalid in row 35036
Warning: All percentages zero/invalid in row 35037
Warning: All percentages zero/invalid in row 35038
Warning: All percentages zero/invalid in row 35039
Warning: All percentages zero/invalid in row 35040
Warning: All percentages zero/invalid in row 35041
Warning: All percentages zero/invalid in row 35042
Warning: All percentages zero/invalid in row 35043
Warning: All percentages zero/invalid in row 35044
Warning: All percentages zero/invalid in row 35045
Warning: All percentages zero/invalid in row 35046
Warning: All percentages zero/invalid in row 35047
Warning: All percentages zero/invalid in row 35048
Warning: All percentages zero/invalid in row 35049
Warning: All percentages zero/invalid in row 35050
Warning: All percentages zero/invalid in row 35051
Warning: All percentages zero/invalid in row 35052
Warning: All percentages zero/invalid in row 35053
Warning: All percentages zero/invalid in row 35054
Warning: All percentages zero/invalid in row 35055
Warning: All percentages zero/invalid in row 35056
Warning: All percentages zero/invalid in row 35057
Warning: All percentages zero/invalid in row 35058
Warning: All percentages zero/invalid in row 35059
Warning: All percentages zero/invalid in row 35060
Warning: All percentages zero/invalid in row 35061
Warning: All percentages zero/invalid in row 35062
Warning: All percentages zero/invalid in row 35063
Warning: All percentages zero/invalid in row 35064
Warning: All percentages zero/invalid in row 35065
Warning: All percentages zero/invalid in row 35066
Warning: All percentages zero/invalid in row 35067
Warning: All percentages zero/invalid in row 35068
Warning: All percentages zero/invalid in row 35069
Warning: All percentages zero/invalid in row 35070
Warning: All percentages zero/invalid in row 35071
Warning: All percentages zero/invalid in row 35072
Warning: All percentages zero/invalid in row 35073
Warning: All percentages zero/invalid in row 35076
Warning: All percentages zero/invalid in row 35077
Warning: All percentages zero/invalid in row 35078
Warning: All percentages zero/invalid in row 35079
Warning: All percentages zero/invalid in row 35080
Warning: All percentages zero/invalid in row 35081
Warning: All percentages zero/invalid in row 35082
Warning: All percentages zero/invalid in row 35083
Warning: All percentages zero/invalid in row 35084
Warning: All percentages zero/invalid in row 35085
Warning: All percentages zero/invalid in row 35086
Warning: All percentages zero/invalid in row 35087
Warning: All percentages zero/invalid in row 35088
Warning: All percentages zero/invalid in row 35089
Warning: All percentages zero/invalid in row 35090
Warning: All percentages zero/invalid in row 35091
Warning: All percentages zero/invalid in row 35092
Warning: All percentages zero/invalid in row 35093
Warning: All percentages zero/invalid in row 35094
Warning: All percentages zero/invalid in row 35095
Warning: All percentages zero/invalid in row 35096
Warning: All percentages zero/invalid in row 35097
Warning: All percentages zero/invalid in row 35098
Warning: All percentages zero/invalid in row 35099
Warning: All percentages zero/invalid in row 35100
Warning: All percentages zero/invalid in row 35101
Warning: All percentages zero/invalid in row 35102
Warning: All percentages zero/invalid in row 35103
Warning: All percentages zero/invalid in row 35104
Warning: All percentages zero/invalid in row 35105
Warning: All percentages zero/invalid in row 35106
Warning: All percentages zero/invalid in row 35107
Warning: All percentages zero/invalid in row 35108
Warning: All percentages zero/invalid in row 35109
Warning: All percentages zero/invalid in row 35110
Warning: All percentages zero/invalid in row 35111
Warning: All percentages zero/invalid in row 35112
Warning: All percentages zero/invalid in row 35113
Warning: All percentages zero/invalid in row 35114
Warning: All percentages zero/invalid in row 35115
Warning: All percentages zero/invalid in row 35116
Warning: All percentages zero/invalid in row 35117
Warning: All percentages zero/invalid in row 35118
Warning: All percentages zero/invalid in row 35119
Warning: All percentages zero/invalid in row 35120
Warning: All percentages zero/invalid in row 35121
Warning: All percentages zero/invalid in row 35122
Warning: All percentages zero/invalid in row 35123
Warning: All percentages zero/invalid in row 35124
Warning: All percentages zero/invalid in row 35125
Warning: All percentages zero/invalid in row 35126
Warning: All percentages zero/invalid in row 35127
Warning: All percentages zero/invalid in row 35128
Warning: All percentages zero/invalid in row 35129
Warning: All percentages zero/invalid in row 35130
Warning: All percentages zero/invalid in row 35131
Warning: All percentages zero/invalid in row 35132
Warning: All percentages zero/invalid in row 35133
Warning: All percentages zero/invalid in row 35134
Warning: All percentages zero/invalid in row 35135
Warning: All percentages zero/invalid in row 35136
Warning: All percentages zero/invalid in row 35137
Warning: All percentages zero/invalid in row 35138
Warning: All percentages zero/invalid in row 35139
Warning: All percentages zero/invalid in row 35140
Warning: All percentages zero/invalid in row 35141
Warning: All percentages zero/invalid in row 35142
Warning: All percentages zero/invalid in row 35143
Warning: All percentages zero/invalid in row 35144
Warning: All percentages zero/invalid in row 35145
Warning: All percentages zero/invalid in row 35146
Warning: All percentages zero/invalid in row 35147
Warning: All percentages zero/invalid in row 35148
Warning: All percentages zero/invalid in row 35149
Warning: All percentages zero/invalid in row 35150
Warning: All percentages zero/invalid in row 35151
Warning: All percentages zero/invalid in row 35152
Warning: All percentages zero/invalid in row 35153
Warning: All percentages zero/invalid in row 35154
Warning: All percentages zero/invalid in row 35155
Warning: All percentages zero/invalid in row 35156
Warning: All percentages zero/invalid in row 35157
Warning: All percentages zero/invalid in row 35158
Warning: All percentages zero/invalid in row 35159
Warning: All percentages zero/invalid in row 35160
Warning: All percentages zero/invalid in row 35161
Warning: All percentages zero/invalid in row 35162
Warning: All percentages zero/invalid in row 35163
Warning: All percentages zero/invalid in row 35164
Warning: All percentages zero/invalid in row 35165
Warning: All percentages zero/invalid in row 35166
Warning: All percentages zero/invalid in row 35167
Warning: All percentages zero/invalid in row 35168
Warning: All percentages zero/invalid in row 35169
Warning: All percentages zero/invalid in row 35170
Warning: All percentages zero/invalid in row 35171
Warning: All percentages zero/invalid in row 35172
Warning: All percentages zero/invalid in row 35173
Warning: All percentages zero/invalid in row 35174
Warning: All percentages zero/invalid in row 35175
Warning: All percentages zero/invalid in row 35176
Warning: All percentages zero/invalid in row 35177
Warning: All percentages zero/invalid in row 35178
Warning: All percentages zero/invalid in row 35179
Warning: All percentages zero/invalid in row 35180
Warning: All percentages zero/invalid in row 35181
Warning: All percentages zero/invalid in row 35183
Warning: All percentages zero/invalid in row 35184
Warning: All percentages zero/invalid in row 35185
Warning: All percentages zero/invalid in row 35186
Warning: All percentages zero/invalid in row 35187
Warning: All percentages zero/invalid in row 35188
Warning: All percentages zero/invalid in row 35189
Warning: All percentages zero/invalid in row 35190
Warning: All percentages zero/invalid in row 35191
Warning: All percentages zero/invalid in row 35192
Warning: All percentages zero/invalid in row 35193
Warning: All percentages zero/invalid in row 35194
Warning: All percentages zero/invalid in row 35195
Warning: All percentages zero/invalid in row 35196
Warning: All percentages zero/invalid in row 35197
Warning: All percentages zero/invalid in row 35198
Warning: All percentages zero/invalid in row 35199
Warning: All percentages zero/invalid in row 35200
Warning: All percentages zero/invalid in row 35201
Warning: All percentages zero/invalid in row 35202
Warning: All percentages zero/invalid in row 35203
Warning: All percentages zero/invalid in row 35204
Warning: All percentages zero/invalid in row 35205
Warning: All percentages zero/invalid in row 35206
Warning: All percentages zero/invalid in row 35207
Warning: All percentages zero/invalid in row 35214
Warning: All percentages zero/invalid in row 35215
Warning: All percentages zero/invalid in row 35216
Warning: All percentages zero/invalid in row 35217
Warning: All percentages zero/invalid in row 35218
Warning: All percentages zero/invalid in row 35219
Warning: All percentages zero/invalid in row 35220
Warning: All percentages zero/invalid in row 35221
Warning: All percentages zero/invalid in row 35222
Warning: All percentages zero/invalid in row 35223
Warning: All percentages zero/invalid in row 35224
Warning: All percentages zero/invalid in row 35225
Warning: All percentages zero/invalid in row 35226
Warning: All percentages zero/invalid in row 35227
Warning: All percentages zero/invalid in row 35229
Warning: All percentages zero/invalid in row 35230
Warning: All percentages zero/invalid in row 35231
Warning: All percentages zero/invalid in row 35232
Warning: All percentages zero/invalid in row 35233
Warning: All percentages zero/invalid in row 35234
Warning: All percentages zero/invalid in row 35235
Warning: All percentages zero/invalid in row 35236
Warning: All percentages zero/invalid in row 35237
Warning: All percentages zero/invalid in row 35238
Warning: All percentages zero/invalid in row 35239
Warning: All percentages zero/invalid in row 35240
Warning: All percentages zero/invalid in row 35241
Warning: All percentages zero/invalid in row 35242
Warning: All percentages zero/invalid in row 35243
Warning: All percentages zero/invalid in row 35245
Warning: All percentages zero/invalid in row 35246
Warning: All percentages zero/invalid in row 35247
Warning: All percentages zero/invalid in row 35248
Warning: All percentages zero/invalid in row 35249
Warning: All percentages zero/invalid in row 35250
Warning: All percentages zero/invalid in row 35251
Warning: All percentages zero/invalid in row 35252
Warning: All percentages zero/invalid in row 35253
Warning: All percentages zero/invalid in row 35254
Warning: All percentages zero/invalid in row 35255
Warning: All percentages zero/invalid in row 35256
Warning: All percentages zero/invalid in row 35257
Warning: All percentages zero/invalid in row 35258
Warning: All percentages zero/invalid in row 35259
Warning: All percentages zero/invalid in row 35260
Warning: All percentages zero/invalid in row 35261
Warning: All percentages zero/invalid in row 35262
Warning: All percentages zero/invalid in row 35264
Warning: All percentages zero/invalid in row 35266
Warning: All percentages zero/invalid in row 35267
Warning: All percentages zero/invalid in row 35268
Warning: All percentages zero/invalid in row 35269
Warning: All percentages zero/invalid in row 35270
Warning: All percentages zero/invalid in row 35272
Warning: All percentages zero/invalid in row 35274
Warning: All percentages zero/invalid in row 35276
Warning: All percentages zero/invalid in row 35277
Warning: All percentages zero/invalid in row 35278
Warning: All percentages zero/invalid in row 35279
Warning: All percentages zero/invalid in row 35280
Warning: All percentages zero/invalid in row 35281
Warning: All percentages zero/invalid in row 35282
Warning: All percentages zero/invalid in row 35283
Warning: All percentages zero/invalid in row 35284
Warning: All percentages zero/invalid in row 35287
Warning: All percentages zero/invalid in row 35288
Warning: All percentages zero/invalid in row 35289
Warning: All percentages zero/invalid in row 35296
Warning: All percentages zero/invalid in row 35297
Warning: All percentages zero/invalid in row 35298
Warning: All percentages zero/invalid in row 35299
Warning: All percentages zero/invalid in row 35300
Warning: All percentages zero/invalid in row 35303
Warning: All percentages zero/invalid in row 35306
Warning: All percentages zero/invalid in row 35309
Warning: All percentages zero/invalid in row 35310
Warning: All percentages zero/invalid in row 35312
Warning: All percentages zero/invalid in row 35313
Warning: All percentages zero/invalid in row 35314
Warning: All percentages zero/invalid in row 35315
Warning: All percentages zero/invalid in row 35316
Warning: All percentages zero/invalid in row 35317
Warning: All percentages zero/invalid in row 35319
Warning: All percentages zero/invalid in row 35320
Warning: All percentages zero/invalid in row 35321
Warning: All percentages zero/invalid in row 35322
Warning: All percentages zero/invalid in row 35323
Warning: All percentages zero/invalid in row 35324
Warning: All percentages zero/invalid in row 35326
Warning: All percentages zero/invalid in row 35327
Warning: All percentages zero/invalid in row 35330
Warning: All percentages zero/invalid in row 35331
Warning: All percentages zero/invalid in row 35332
Warning: All percentages zero/invalid in row 35333
Warning: All percentages zero/invalid in row 35334
Warning: All percentages zero/invalid in row 35336
Warning: All percentages zero/invalid in row 35337
Warning: All percentages zero/invalid in row 35338
Warning: All percentages zero/invalid in row 35339
Warning: All percentages zero/invalid in row 35340
Warning: All percentages zero/invalid in row 35341
Warning: All percentages zero/invalid in row 35342
Warning: All percentages zero/invalid in row 35343
Warning: All percentages zero/invalid in row 35344
Warning: All percentages zero/invalid in row 35345
Warning: All percentages zero/invalid in row 35346
Warning: All percentages zero/invalid in row 35347
Warning: All percentages zero/invalid in row 35348
Warning: All percentages zero/invalid in row 35349
Warning: All percentages zero/invalid in row 35350
Warning: All percentages zero/invalid in row 35351
Warning: All percentages zero/invalid in row 35352
Warning: All percentages zero/invalid in row 35353
Warning: All percentages zero/invalid in row 35354
Warning: All percentages zero/invalid in row 35355
Warning: All percentages zero/invalid in row 35356
Warning: All percentages zero/invalid in row 35359
Warning: All percentages zero/invalid in row 35360
Warning: All percentages zero/invalid in row 35361
Warning: All percentages zero/invalid in row 35362
Warning: All percentages zero/invalid in row 35364
Warning: All percentages zero/invalid in row 35365
Warning: All percentages zero/invalid in row 35366
Warning: All percentages zero/invalid in row 35367
Warning: All percentages zero/invalid in row 35368
Warning: All percentages zero/invalid in row 35369
Warning: All percentages zero/invalid in row 35370
Warning: All percentages zero/invalid in row 35371
Warning: All percentages zero/invalid in row 35372
Warning: All percentages zero/invalid in row 35373
Warning: All percentages zero/invalid in row 35374
Warning: All percentages zero/invalid in row 35375
Warning: All percentages zero/invalid in row 35376
Warning: All percentages zero/invalid in row 35377
Warning: All percentages zero/invalid in row 35378
Warning: All percentages zero/invalid in row 35379
Warning: All percentages zero/invalid in row 35380
Warning: All percentages zero/invalid in row 35381
Warning: All percentages zero/invalid in row 35382
Warning: All percentages zero/invalid in row 35383
Warning: All percentages zero/invalid in row 35384
Warning: All percentages zero/invalid in row 35385
Warning: All percentages zero/invalid in row 35386
Warning: All percentages zero/invalid in row 35387
Warning: All percentages zero/invalid in row 35388
Warning: All percentages zero/invalid in row 35389
Warning: All percentages zero/invalid in row 35390
Warning: All percentages zero/invalid in row 35391
Warning: All percentages zero/invalid in row 35392
Warning: All percentages zero/invalid in row 35393
Warning: All percentages zero/invalid in row 35394
Warning: All percentages zero/invalid in row 35395
Warning: All percentages zero/invalid in row 35396
Warning: All percentages zero/invalid in row 35397
Warning: All percentages zero/invalid in row 35398
Warning: All percentages zero/invalid in row 35399
Warning: All percentages zero/invalid in row 35400
Warning: All percentages zero/invalid in row 35401
Warning: All percentages zero/invalid in row 35402
Warning: All percentages zero/invalid in row 35403
Warning: All percentages zero/invalid in row 35404
Warning: All percentages zero/invalid in row 35405
Warning: All percentages zero/invalid in row 35406
Warning: All percentages zero/invalid in row 35407
Warning: All percentages zero/invalid in row 35408
Warning: All percentages zero/invalid in row 35409
Warning: All percentages zero/invalid in row 35410
Warning: All percentages zero/invalid in row 35411
Warning: All percentages zero/invalid in row 35412
Warning: All percentages zero/invalid in row 35413
Warning: All percentages zero/invalid in row 35414
Warning: All percentages zero/invalid in row 35415
Warning: All percentages zero/invalid in row 35416
Warning: All percentages zero/invalid in row 35417
Warning: All percentages zero/invalid in row 35418
Warning: All percentages zero/invalid in row 35419
Warning: All percentages zero/invalid in row 35420
Warning: All percentages zero/invalid in row 35421
Warning: All percentages zero/invalid in row 35422
Warning: All percentages zero/invalid in row 35423
Warning: All percentages zero/invalid in row 35424
Warning: All percentages zero/invalid in row 35425
Warning: All percentages zero/invalid in row 35426
Warning: All percentages zero/invalid in row 35427
Warning: All percentages zero/invalid in row 35428
Warning: All percentages zero/invalid in row 35429
Warning: All percentages zero/invalid in row 35430
Warning: All percentages zero/invalid in row 35431
Warning: All percentages zero/invalid in row 35432
Warning: All percentages zero/invalid in row 35433
Warning: All percentages zero/invalid in row 35434
Warning: All percentages zero/invalid in row 35435
Warning: All percentages zero/invalid in row 35436
Warning: All percentages zero/invalid in row 35437
Warning: All percentages zero/invalid in row 35438
Warning: All percentages zero/invalid in row 35451
Warning: All percentages zero/invalid in row 35454
Warning: All percentages zero/invalid in row 35483
Warning: All percentages zero/invalid in row 35484
Warning: All percentages zero/invalid in row 35485
Warning: All percentages zero/invalid in row 35486
Warning: All percentages zero/invalid in row 35487
Warning: All percentages zero/invalid in row 35488
Warning: All percentages zero/invalid in row 35489
Warning: All percentages zero/invalid in row 35490
Warning: All percentages zero/invalid in row 35491
Warning: All percentages zero/invalid in row 35492
Warning: All percentages zero/invalid in row 35493
Warning: All percentages zero/invalid in row 35494
Warning: All percentages zero/invalid in row 35495
Warning: All percentages zero/invalid in row 35496
Warning: All percentages zero/invalid in row 35497
Warning: All percentages zero/invalid in row 35498
Warning: All percentages zero/invalid in row 35499
Warning: All percentages zero/invalid in row 35500
Warning: All percentages zero/invalid in row 35501
Warning: All percentages zero/invalid in row 35502
Warning: All percentages zero/invalid in row 35503
Warning: All percentages zero/invalid in row 35504
Warning: All percentages zero/invalid in row 35505
Warning: All percentages zero/invalid in row 35506
Warning: All percentages zero/invalid in row 35507
Warning: All percentages zero/invalid in row 35508
Warning: All percentages zero/invalid in row 35509
Warning: All percentages zero/invalid in row 35510
Warning: All percentages zero/invalid in row 35511
Warning: All percentages zero/invalid in row 35512
Warning: All percentages zero/invalid in row 35513
Warning: All percentages zero/invalid in row 35514
Warning: All percentages zero/invalid in row 35515
Warning: All percentages zero/invalid in row 35516
Warning: All percentages zero/invalid in row 35518
Warning: All percentages zero/invalid in row 35522
Warning: All percentages zero/invalid in row 35525
Warning: All percentages zero/invalid in row 35532
Warning: All percentages zero/invalid in row 35538
Warning: All percentages zero/invalid in row 35540
Warning: All percentages zero/invalid in row 35542
Warning: All percentages zero/invalid in row 35566
Warning: All percentages zero/invalid in row 35567
Warning: All percentages zero/invalid in row 35581
Warning: All percentages zero/invalid in row 35583
Warning: All percentages zero/invalid in row 35584
Warning: All percentages zero/invalid in row 35586
Warning: All percentages zero/invalid in row 35587
Warning: All percentages zero/invalid in row 35589
Warning: All percentages zero/invalid in row 35590
Warning: All percentages zero/invalid in row 35591
Warning: All percentages zero/invalid in row 35592
Warning: All percentages zero/invalid in row 35593
Warning: All percentages zero/invalid in row 35594
Warning: All percentages zero/invalid in row 35595
Warning: All percentages zero/invalid in row 35596
Warning: All percentages zero/invalid in row 35597
Warning: All percentages zero/invalid in row 35598
Warning: All percentages zero/invalid in row 35599
Warning: All percentages zero/invalid in row 35600
Warning: All percentages zero/invalid in row 35601
Warning: All percentages zero/invalid in row 35602
Warning: All percentages zero/invalid in row 35603
Warning: All percentages zero/invalid in row 35604
Warning: All percentages zero/invalid in row 35605
Warning: All percentages zero/invalid in row 35606
Warning: All percentages zero/invalid in row 35607
Warning: All percentages zero/invalid in row 35608
Warning: All percentages zero/invalid in row 35609
Warning: All percentages zero/invalid in row 35610
Warning: All percentages zero/invalid in row 35611
Warning: All percentages zero/invalid in row 35612
Warning: All percentages zero/invalid in row 35613
Warning: All percentages zero/invalid in row 35614
Warning: All percentages zero/invalid in row 35615
Warning: All percentages zero/invalid in row 35616
Warning: All percentages zero/invalid in row 35617
Warning: All percentages zero/invalid in row 35618
Warning: All percentages zero/invalid in row 35619
Warning: All percentages zero/invalid in row 35620
Warning: All percentages zero/invalid in row 35621
Warning: All percentages zero/invalid in row 35622
Warning: All percentages zero/invalid in row 35623
Warning: All percentages zero/invalid in row 35624
Warning: All percentages zero/invalid in row 35625
Warning: All percentages zero/invalid in row 35626
Warning: All percentages zero/invalid in row 35627
Warning: All percentages zero/invalid in row 35628
Warning: All percentages zero/invalid in row 35629
Warning: All percentages zero/invalid in row 35630
Warning: All percentages zero/invalid in row 35631
Warning: All percentages zero/invalid in row 35632
Warning: All percentages zero/invalid in row 35633
Warning: All percentages zero/invalid in row 35634
Warning: All percentages zero/invalid in row 35635
Warning: All percentages zero/invalid in row 35636
Warning: All percentages zero/invalid in row 35637
Warning: All percentages zero/invalid in row 35638
Warning: All percentages zero/invalid in row 35639
Warning: All percentages zero/invalid in row 35640
Warning: All percentages zero/invalid in row 35641
Warning: All percentages zero/invalid in row 35642
Warning: All percentages zero/invalid in row 35643
Warning: All percentages zero/invalid in row 35644
Warning: All percentages zero/invalid in row 35645
Warning: All percentages zero/invalid in row 35646
Warning: All percentages zero/invalid in row 35647
Warning: All percentages zero/invalid in row 35648
Warning: All percentages zero/invalid in row 35649
Warning: All percentages zero/invalid in row 35650
Warning: All percentages zero/invalid in row 35651
Warning: All percentages zero/invalid in row 35652
Warning: All percentages zero/invalid in row 35653
Warning: All percentages zero/invalid in row 35654
Warning: All percentages zero/invalid in row 35655
Warning: All percentages zero/invalid in row 35656
Warning: All percentages zero/invalid in row 35657
Warning: All percentages zero/invalid in row 35658
Warning: All percentages zero/invalid in row 35659
Warning: All percentages zero/invalid in row 35660
Warning: All percentages zero/invalid in row 35661
Warning: All percentages zero/invalid in row 35662
Warning: All percentages zero/invalid in row 35663
Warning: All percentages zero/invalid in row 35664
Warning: All percentages zero/invalid in row 35665
Warning: All percentages zero/invalid in row 35666
Warning: All percentages zero/invalid in row 35667
Warning: All percentages zero/invalid in row 35668
Warning: All percentages zero/invalid in row 35669
Warning: All percentages zero/invalid in row 35670
Warning: All percentages zero/invalid in row 35671
Warning: All percentages zero/invalid in row 35672
Warning: All percentages zero/invalid in row 35673
Warning: All percentages zero/invalid in row 35674
Warning: All percentages zero/invalid in row 35675
Warning: All percentages zero/invalid in row 35676
Warning: All percentages zero/invalid in row 35677
Warning: All percentages zero/invalid in row 35678
Warning: All percentages zero/invalid in row 35679
Warning: All percentages zero/invalid in row 35680
Warning: All percentages zero/invalid in row 35681
Warning: All percentages zero/invalid in row 35682
Warning: All percentages zero/invalid in row 35683
Warning: All percentages zero/invalid in row 35684
Warning: All percentages zero/invalid in row 35685
Warning: All percentages zero/invalid in row 35686
Warning: All percentages zero/invalid in row 35687
Warning: All percentages zero/invalid in row 35688
Warning: All percentages zero/invalid in row 35689
Warning: All percentages zero/invalid in row 35690
Warning: All percentages zero/invalid in row 35691
Warning: All percentages zero/invalid in row 35692
Warning: All percentages zero/invalid in row 35693
Warning: All percentages zero/invalid in row 35694
Warning: All percentages zero/invalid in row 35695
Warning: All percentages zero/invalid in row 35696
Warning: All percentages zero/invalid in row 35697
Warning: All percentages zero/invalid in row 35698
Warning: All percentages zero/invalid in row 35699
Warning: All percentages zero/invalid in row 35700
Warning: All percentages zero/invalid in row 35701
Warning: All percentages zero/invalid in row 35702
Warning: All percentages zero/invalid in row 35703
Warning: All percentages zero/invalid in row 35704
Warning: All percentages zero/invalid in row 35705
Warning: All percentages zero/invalid in row 35706
Warning: All percentages zero/invalid in row 35707
Warning: All percentages zero/invalid in row 35708
Warning: All percentages zero/invalid in row 35709
Warning: All percentages zero/invalid in row 35710
Warning: All percentages zero/invalid in row 35711
Warning: All percentages zero/invalid in row 35712
Warning: All percentages zero/invalid in row 35713
Warning: All percentages zero/invalid in row 35714
Warning: All percentages zero/invalid in row 35715
Warning: All percentages zero/invalid in row 35716
Warning: All percentages zero/invalid in row 35717
Warning: All percentages zero/invalid in row 35718
Warning: All percentages zero/invalid in row 35719
Warning: All percentages zero/invalid in row 35720
Warning: All percentages zero/invalid in row 35721
Warning: All percentages zero/invalid in row 35722
Warning: All percentages zero/invalid in row 35723
Warning: All percentages zero/invalid in row 35724
Warning: All percentages zero/invalid in row 35725
Warning: All percentages zero/invalid in row 35726
Warning: All percentages zero/invalid in row 35727
Warning: All percentages zero/invalid in row 35728
Warning: All percentages zero/invalid in row 35729
Warning: All percentages zero/invalid in row 35730
Warning: All percentages zero/invalid in row 35731
Warning: All percentages zero/invalid in row 35732
Warning: All percentages zero/invalid in row 35733
Warning: All percentages zero/invalid in row 35734
Warning: All percentages zero/invalid in row 35735
Warning: All percentages zero/invalid in row 35736
Warning: All percentages zero/invalid in row 35737
Warning: All percentages zero/invalid in row 35738
Warning: All percentages zero/invalid in row 35739
Warning: All percentages zero/invalid in row 35740
Warning: All percentages zero/invalid in row 35741
Warning: All percentages zero/invalid in row 35742
Warning: All percentages zero/invalid in row 35743
Warning: All percentages zero/invalid in row 35744
Warning: All percentages zero/invalid in row 35745
Warning: All percentages zero/invalid in row 35746
Warning: All percentages zero/invalid in row 35747
Warning: All percentages zero/invalid in row 35748
Warning: All percentages zero/invalid in row 35749
Warning: All percentages zero/invalid in row 35750
Warning: All percentages zero/invalid in row 35751
Warning: All percentages zero/invalid in row 35752
Warning: All percentages zero/invalid in row 35753
Warning: All percentages zero/invalid in row 35754
Warning: All percentages zero/invalid in row 35755
Warning: All percentages zero/invalid in row 35756
Warning: All percentages zero/invalid in row 35757
Warning: All percentages zero/invalid in row 35758
Warning: All percentages zero/invalid in row 35759
Warning: All percentages zero/invalid in row 35760
Warning: All percentages zero/invalid in row 35761
Warning: All percentages zero/invalid in row 35762
Warning: All percentages zero/invalid in row 35763
Warning: All percentages zero/invalid in row 35764
Warning: All percentages zero/invalid in row 35765
Warning: All percentages zero/invalid in row 35766
Warning: All percentages zero/invalid in row 35767
Warning: All percentages zero/invalid in row 35768
Warning: All percentages zero/invalid in row 35769
Warning: All percentages zero/invalid in row 35770
Warning: All percentages zero/invalid in row 35771
Warning: All percentages zero/invalid in row 35772
Warning: All percentages zero/invalid in row 35773
Warning: All percentages zero/invalid in row 35774
Warning: All percentages zero/invalid in row 35775
Warning: All percentages zero/invalid in row 35776
Warning: All percentages zero/invalid in row 35777
Warning: All percentages zero/invalid in row 35778
Warning: All percentages zero/invalid in row 35779
Warning: All percentages zero/invalid in row 35780
Warning: All percentages zero/invalid in row 35781
Warning: All percentages zero/invalid in row 35782
Warning: All percentages zero/invalid in row 35783
Warning: All percentages zero/invalid in row 35784
Warning: All percentages zero/invalid in row 35785
Warning: All percentages zero/invalid in row 35786
Warning: All percentages zero/invalid in row 35787
Warning: All percentages zero/invalid in row 35788
Warning: All percentages zero/invalid in row 35789
Warning: All percentages zero/invalid in row 35790
Warning: All percentages zero/invalid in row 35791
Warning: All percentages zero/invalid in row 35792
Warning: All percentages zero/invalid in row 35793
Warning: All percentages zero/invalid in row 35794
Warning: All percentages zero/invalid in row 35795
Warning: All percentages zero/invalid in row 35796
Warning: All percentages zero/invalid in row 35797
Warning: All percentages zero/invalid in row 35798
Warning: All percentages zero/invalid in row 35799
Warning: All percentages zero/invalid in row 35800
Warning: All percentages zero/invalid in row 35801
Warning: All percentages zero/invalid in row 35802
Warning: All percentages zero/invalid in row 35803
Warning: All percentages zero/invalid in row 35804
Warning: All percentages zero/invalid in row 35805
Warning: All percentages zero/invalid in row 35806
Warning: All percentages zero/invalid in row 35807
Warning: All percentages zero/invalid in row 35808
Warning: All percentages zero/invalid in row 35809
Warning: All percentages zero/invalid in row 35810
Warning: All percentages zero/invalid in row 35811
Warning: All percentages zero/invalid in row 35812
Warning: All percentages zero/invalid in row 35813
Warning: All percentages zero/invalid in row 35814
Warning: All percentages zero/invalid in row 35815
Warning: All percentages zero/invalid in row 35816
Warning: All percentages zero/invalid in row 35817
Warning: All percentages zero/invalid in row 35818
Warning: All percentages zero/invalid in row 35819
Warning: All percentages zero/invalid in row 35820
Warning: All percentages zero/invalid in row 35821
Warning: All percentages zero/invalid in row 35822
Warning: All percentages zero/invalid in row 35823
Warning: All percentages zero/invalid in row 35824
Warning: All percentages zero/invalid in row 35825
Warning: All percentages zero/invalid in row 35826
Warning: All percentages zero/invalid in row 35827
Warning: All percentages zero/invalid in row 35828
Warning: All percentages zero/invalid in row 35829
Warning: All percentages zero/invalid in row 35830
Warning: All percentages zero/invalid in row 35831
Warning: All percentages zero/invalid in row 35832
Warning: All percentages zero/invalid in row 35833
Warning: All percentages zero/invalid in row 35834
Warning: All percentages zero/invalid in row 35835
Warning: All percentages zero/invalid in row 35836
Warning: All percentages zero/invalid in row 35837
Warning: All percentages zero/invalid in row 35838
Warning: All percentages zero/invalid in row 35839
Warning: All percentages zero/invalid in row 35840
Warning: All percentages zero/invalid in row 35841
Warning: All percentages zero/invalid in row 35842
Warning: All percentages zero/invalid in row 35843
Warning: All percentages zero/invalid in row 35844
Warning: All percentages zero/invalid in row 35845
Warning: All percentages zero/invalid in row 35846
Warning: All percentages zero/invalid in row 35847
Warning: All percentages zero/invalid in row 35848
Warning: All percentages zero/invalid in row 35849
Warning: All percentages zero/invalid in row 35850
Warning: All percentages zero/invalid in row 35851
Warning: All percentages zero/invalid in row 35852
Warning: All percentages zero/invalid in row 35853
Warning: All percentages zero/invalid in row 35854
Warning: All percentages zero/invalid in row 35855
Warning: All percentages zero/invalid in row 35856
Warning: All percentages zero/invalid in row 35857
Warning: All percentages zero/invalid in row 35858
Warning: All percentages zero/invalid in row 35859
Warning: All percentages zero/invalid in row 35860
Warning: All percentages zero/invalid in row 35861
Warning: All percentages zero/invalid in row 35862
Warning: All percentages zero/invalid in row 35863
Warning: All percentages zero/invalid in row 35864
Warning: All percentages zero/invalid in row 35865
Warning: All percentages zero/invalid in row 35866
Warning: All percentages zero/invalid in row 35867
Warning: All percentages zero/invalid in row 35868
Warning: All percentages zero/invalid in row 35869
Warning: All percentages zero/invalid in row 35870
Warning: All percentages zero/invalid in row 35871
Warning: All percentages zero/invalid in row 35872
Warning: All percentages zero/invalid in row 35873
Warning: All percentages zero/invalid in row 35874
Warning: All percentages zero/invalid in row 35875
Warning: All percentages zero/invalid in row 35876
Warning: All percentages zero/invalid in row 35877
Warning: All percentages zero/invalid in row 35878
Warning: All percentages zero/invalid in row 35879
Warning: All percentages zero/invalid in row 35880
Warning: All percentages zero/invalid in row 35881
Warning: All percentages zero/invalid in row 35882
Warning: All percentages zero/invalid in row 35883
Warning: All percentages zero/invalid in row 35884
Warning: All percentages zero/invalid in row 35885
Warning: All percentages zero/invalid in row 35886
Warning: All percentages zero/invalid in row 35887
Warning: All percentages zero/invalid in row 35888
Warning: All percentages zero/invalid in row 35889
Warning: All percentages zero/invalid in row 35890
Warning: All percentages zero/invalid in row 35891
Warning: All percentages zero/invalid in row 35892
Warning: All percentages zero/invalid in row 35893
Warning: All percentages zero/invalid in row 35894
Warning: All percentages zero/invalid in row 35895
Warning: All percentages zero/invalid in row 35896
Warning: All percentages zero/invalid in row 35897
Warning: All percentages zero/invalid in row 35898
Warning: All percentages zero/invalid in row 35899
Warning: All percentages zero/invalid in row 35900
Warning: All percentages zero/invalid in row 35901
Warning: All percentages zero/invalid in row 35902
Warning: All percentages zero/invalid in row 35903
Warning: All percentages zero/invalid in row 35904
Warning: All percentages zero/invalid in row 35905
Warning: All percentages zero/invalid in row 35906
Warning: All percentages zero/invalid in row 35907
Warning: All percentages zero/invalid in row 35908
Warning: All percentages zero/invalid in row 35909
Warning: All percentages zero/invalid in row 35910
Warning: All percentages zero/invalid in row 35911
Warning: All percentages zero/invalid in row 35912
Warning: All percentages zero/invalid in row 35913
Warning: All percentages zero/invalid in row 35914
Warning: All percentages zero/invalid in row 35915
Warning: All percentages zero/invalid in row 35916
Warning: All percentages zero/invalid in row 35917
Warning: All percentages zero/invalid in row 35918
Warning: All percentages zero/invalid in row 35919
Warning: All percentages zero/invalid in row 35920
Warning: All percentages zero/invalid in row 35921
Warning: All percentages zero/invalid in row 35922
Warning: All percentages zero/invalid in row 35923
Warning: All percentages zero/invalid in row 35924
Warning: All percentages zero/invalid in row 35925
Warning: All percentages zero/invalid in row 35926
Warning: All percentages zero/invalid in row 35927
Warning: All percentages zero/invalid in row 35928
Warning: All percentages zero/invalid in row 35929
Warning: All percentages zero/invalid in row 35930
Warning: All percentages zero/invalid in row 35931
Warning: All percentages zero/invalid in row 35932
Warning: All percentages zero/invalid in row 35933
Warning: All percentages zero/invalid in row 35934
Warning: All percentages zero/invalid in row 35935
Warning: All percentages zero/invalid in row 35936
Warning: All percentages zero/invalid in row 35937
Warning: All percentages zero/invalid in row 35938
Warning: All percentages zero/invalid in row 35939
Warning: All percentages zero/invalid in row 35940
Warning: All percentages zero/invalid in row 35941
Warning: All percentages zero/invalid in row 35942
Warning: All percentages zero/invalid in row 35943
Warning: All percentages zero/invalid in row 35944
Warning: All percentages zero/invalid in row 35945
Warning: All percentages zero/invalid in row 35946
Warning: All percentages zero/invalid in row 35947
Warning: All percentages zero/invalid in row 35948
Warning: All percentages zero/invalid in row 35949
Warning: All percentages zero/invalid in row 35950
Warning: All percentages zero/invalid in row 35951
Warning: All percentages zero/invalid in row 35952
Warning: All percentages zero/invalid in row 35953
Warning: All percentages zero/invalid in row 35954
Warning: All percentages zero/invalid in row 35955
Warning: All percentages zero/invalid in row 35956
Warning: All percentages zero/invalid in row 35957
Warning: All percentages zero/invalid in row 35958
Warning: All percentages zero/invalid in row 35959
Warning: All percentages zero/invalid in row 35960
Warning: All percentages zero/invalid in row 35961
Warning: All percentages zero/invalid in row 35962
Warning: All percentages zero/invalid in row 35963
Warning: All percentages zero/invalid in row 35964
Warning: All percentages zero/invalid in row 35965
Warning: All percentages zero/invalid in row 35966
Warning: All percentages zero/invalid in row 35967
Warning: All percentages zero/invalid in row 35968
Warning: All percentages zero/invalid in row 35969
Warning: All percentages zero/invalid in row 35970
Warning: All percentages zero/invalid in row 35971
Warning: All percentages zero/invalid in row 35972
Warning: All percentages zero/invalid in row 35973
Warning: All percentages zero/invalid in row 35974
Warning: All percentages zero/invalid in row 35975
Warning: All percentages zero/invalid in row 35976
Warning: All percentages zero/invalid in row 35977
Warning: All percentages zero/invalid in row 35978
Warning: All percentages zero/invalid in row 35979
Warning: All percentages zero/invalid in row 35980
Warning: All percentages zero/invalid in row 35981
Warning: All percentages zero/invalid in row 35982
Warning: All percentages zero/invalid in row 35983
Warning: All percentages zero/invalid in row 35984
Warning: All percentages zero/invalid in row 35985
Warning: All percentages zero/invalid in row 35986
Warning: All percentages zero/invalid in row 35987
Warning: All percentages zero/invalid in row 35988
Warning: All percentages zero/invalid in row 35989
Warning: All percentages zero/invalid in row 35990
Warning: All percentages zero/invalid in row 35991
Warning: All percentages zero/invalid in row 35992
Warning: All percentages zero/invalid in row 35993
Warning: All percentages zero/invalid in row 35994
Warning: All percentages zero/invalid in row 35995
Warning: All percentages zero/invalid in row 35996
Warning: All percentages zero/invalid in row 35997
Warning: All percentages zero/invalid in row 35998
Warning: All percentages zero/invalid in row 35999
Warning: All percentages zero/invalid in row 36000
Warning: All percentages zero/invalid in row 36001
Warning: All percentages zero/invalid in row 36002
Warning: All percentages zero/invalid in row 36003
Warning: All percentages zero/invalid in row 36004
Warning: All percentages zero/invalid in row 36005
Warning: All percentages zero/invalid in row 36006
Warning: All percentages zero/invalid in row 36007
Warning: All percentages zero/invalid in row 36008
Warning: All percentages zero/invalid in row 36009
Warning: All percentages zero/invalid in row 36010
Warning: All percentages zero/invalid in row 36011
Warning: All percentages zero/invalid in row 36012
Warning: All percentages zero/invalid in row 36013
Warning: All percentages zero/invalid in row 36014
Warning: All percentages zero/invalid in row 36015
Warning: All percentages zero/invalid in row 36016
Warning: All percentages zero/invalid in row 36017
Warning: All percentages zero/invalid in row 36018
Warning: All percentages zero/invalid in row 36019
Warning: All percentages zero/invalid in row 36020
Warning: All percentages zero/invalid in row 36021
Warning: All percentages zero/invalid in row 36022
Warning: All percentages zero/invalid in row 36023
Warning: All percentages zero/invalid in row 36024
Warning: All percentages zero/invalid in row 36025
Warning: All percentages zero/invalid in row 36026
Warning: All percentages zero/invalid in row 36027
Warning: All percentages zero/invalid in row 36028
Warning: All percentages zero/invalid in row 36029
Warning: All percentages zero/invalid in row 36030
Warning: All percentages zero/invalid in row 36031
Warning: All percentages zero/invalid in row 36032
Warning: All percentages zero/invalid in row 36033
Warning: All percentages zero/invalid in row 36034
Warning: All percentages zero/invalid in row 36035
Warning: All percentages zero/invalid in row 36036
Warning: All percentages zero/invalid in row 36037
Warning: All percentages zero/invalid in row 36038
Warning: All percentages zero/invalid in row 36039
Warning: All percentages zero/invalid in row 36040
Warning: All percentages zero/invalid in row 36041
Warning: All percentages zero/invalid in row 36042
Warning: All percentages zero/invalid in row 36043
Warning: All percentages zero/invalid in row 36044
Warning: All percentages zero/invalid in row 36045
Warning: All percentages zero/invalid in row 36046
Warning: All percentages zero/invalid in row 36047
Warning: All percentages zero/invalid in row 36048
Warning: All percentages zero/invalid in row 36049
Warning: All percentages zero/invalid in row 36050
Warning: All percentages zero/invalid in row 36051
Warning: All percentages zero/invalid in row 36052
Warning: All percentages zero/invalid in row 36053
Warning: All percentages zero/invalid in row 36054
Warning: All percentages zero/invalid in row 36055
Warning: All percentages zero/invalid in row 36056
Warning: All percentages zero/invalid in row 36057
Warning: All percentages zero/invalid in row 36058
Warning: All percentages zero/invalid in row 36059
Warning: All percentages zero/invalid in row 36060
Warning: All percentages zero/invalid in row 36061
Warning: All percentages zero/invalid in row 36062
Warning: All percentages zero/invalid in row 36063
Warning: All percentages zero/invalid in row 36064
Warning: All percentages zero/invalid in row 36065
Warning: All percentages zero/invalid in row 36066
Warning: All percentages zero/invalid in row 36067
Warning: All percentages zero/invalid in row 36068
Warning: All percentages zero/invalid in row 36069
Warning: All percentages zero/invalid in row 36070
Warning: All percentages zero/invalid in row 36071
Warning: All percentages zero/invalid in row 36072
Warning: All percentages zero/invalid in row 36073
Warning: All percentages zero/invalid in row 36074
Warning: All percentages zero/invalid in row 36075
Warning: All percentages zero/invalid in row 36076
Warning: All percentages zero/invalid in row 36077
Warning: All percentages zero/invalid in row 36078
Warning: All percentages zero/invalid in row 36079
Warning: All percentages zero/invalid in row 36080
Warning: All percentages zero/invalid in row 36081
Warning: All percentages zero/invalid in row 36082
Warning: All percentages zero/invalid in row 36083
Warning: All percentages zero/invalid in row 36084
Warning: All percentages zero/invalid in row 36085
Warning: All percentages zero/invalid in row 36086
Warning: All percentages zero/invalid in row 36087
Warning: All percentages zero/invalid in row 36088
Warning: All percentages zero/invalid in row 36089
Warning: All percentages zero/invalid in row 36090
Warning: All percentages zero/invalid in row 36091
Warning: All percentages zero/invalid in row 36092
Warning: All percentages zero/invalid in row 36093
Warning: All percentages zero/invalid in row 36094
Warning: All percentages zero/invalid in row 36095
Warning: All percentages zero/invalid in row 36096
Warning: All percentages zero/invalid in row 36097
Warning: All percentages zero/invalid in row 36098
Warning: All percentages zero/invalid in row 36099
Warning: All percentages zero/invalid in row 36100
Warning: All percentages zero/invalid in row 36101
Warning: All percentages zero/invalid in row 36102
Warning: All percentages zero/invalid in row 36103
Warning: All percentages zero/invalid in row 36104
Warning: All percentages zero/invalid in row 36105
Warning: All percentages zero/invalid in row 36106
Warning: All percentages zero/invalid in row 36107
Warning: All percentages zero/invalid in row 36108
Warning: All percentages zero/invalid in row 36109
Warning: All percentages zero/invalid in row 36110
Warning: All percentages zero/invalid in row 36111
Warning: All percentages zero/invalid in row 36112
Warning: All percentages zero/invalid in row 36113
Warning: All percentages zero/invalid in row 36114
Warning: All percentages zero/invalid in row 36115
Warning: All percentages zero/invalid in row 36119
Warning: All percentages zero/invalid in row 36120
Warning: All percentages zero/invalid in row 36121
Warning: All percentages zero/invalid in row 36122
Warning: All percentages zero/invalid in row 36123
Warning: All percentages zero/invalid in row 36124
Warning: All percentages zero/invalid in row 36125
Warning: All percentages zero/invalid in row 36126
Warning: All percentages zero/invalid in row 36127
Warning: All percentages zero/invalid in row 36128
Warning: All percentages zero/invalid in row 36129
Warning: All percentages zero/invalid in row 36130
Warning: All percentages zero/invalid in row 36131
Warning: All percentages zero/invalid in row 36132
Warning: All percentages zero/invalid in row 36133
Warning: All percentages zero/invalid in row 36134
Warning: All percentages zero/invalid in row 36135
Warning: All percentages zero/invalid in row 36136
Warning: All percentages zero/invalid in row 36137
Warning: All percentages zero/invalid in row 36138
Warning: All percentages zero/invalid in row 36139
Warning: All percentages zero/invalid in row 36140
Warning: All percentages zero/invalid in row 36141
Warning: All percentages zero/invalid in row 36142
Warning: All percentages zero/invalid in row 36143
Warning: All percentages zero/invalid in row 36144
Warning: All percentages zero/invalid in row 36145
Warning: All percentages zero/invalid in row 36147
Warning: All percentages zero/invalid in row 36148
Warning: All percentages zero/invalid in row 36149
Warning: All percentages zero/invalid in row 36150
Warning: All percentages zero/invalid in row 36151
Warning: All percentages zero/invalid in row 36152
Warning: All percentages zero/invalid in row 36153
Warning: All percentages zero/invalid in row 36154
Warning: All percentages zero/invalid in row 36155
Warning: All percentages zero/invalid in row 36156
Warning: All percentages zero/invalid in row 36157
Warning: All percentages zero/invalid in row 36158
Warning: All percentages zero/invalid in row 36159
Warning: All percentages zero/invalid in row 36161
Warning: All percentages zero/invalid in row 36162
Warning: All percentages zero/invalid in row 36163
Warning: All percentages zero/invalid in row 36164
Warning: All percentages zero/invalid in row 36170
Warning: All percentages zero/invalid in row 36171
Warning: All percentages zero/invalid in row 36172
Warning: All percentages zero/invalid in row 36173
Warning: All percentages zero/invalid in row 36174
Warning: All percentages zero/invalid in row 36175
Warning: All percentages zero/invalid in row 36176
Warning: All percentages zero/invalid in row 36177
Warning: All percentages zero/invalid in row 36178
Warning: All percentages zero/invalid in row 36179
Warning: All percentages zero/invalid in row 36180
Warning: All percentages zero/invalid in row 36181
Warning: All percentages zero/invalid in row 36182
Warning: All percentages zero/invalid in row 36183
Warning: All percentages zero/invalid in row 36184
Warning: All percentages zero/invalid in row 36185
Warning: All percentages zero/invalid in row 36186
Warning: All percentages zero/invalid in row 36187
Warning: All percentages zero/invalid in row 36188
Warning: All percentages zero/invalid in row 36189
Warning: All percentages zero/invalid in row 36190
Warning: All percentages zero/invalid in row 36191
Warning: All percentages zero/invalid in row 36192
Warning: All percentages zero/invalid in row 36193
Warning: All percentages zero/invalid in row 36194
Warning: All percentages zero/invalid in row 36195
Warning: All percentages zero/invalid in row 36196
Warning: All percentages zero/invalid in row 36197
Warning: All percentages zero/invalid in row 36198
Warning: All percentages zero/invalid in row 36199
Warning: All percentages zero/invalid in row 36200
Warning: All percentages zero/invalid in row 36201
Warning: All percentages zero/invalid in row 36202
Warning: All percentages zero/invalid in row 36203
Warning: All percentages zero/invalid in row 36204
Warning: All percentages zero/invalid in row 36205
Warning: All percentages zero/invalid in row 36206
Warning: All percentages zero/invalid in row 36207
Warning: All percentages zero/invalid in row 36208
Warning: All percentages zero/invalid in row 36209
Warning: All percentages zero/invalid in row 36210
Warning: All percentages zero/invalid in row 36211
Warning: All percentages zero/invalid in row 36212
Warning: All percentages zero/invalid in row 36213
Warning: All percentages zero/invalid in row 36214
Warning: All percentages zero/invalid in row 36215
Warning: All percentages zero/invalid in row 36216
Warning: All percentages zero/invalid in row 36217
Warning: All percentages zero/invalid in row 36218
Warning: All percentages zero/invalid in row 36219
Warning: All percentages zero/invalid in row 36220
Warning: All percentages zero/invalid in row 36221
Warning: All percentages zero/invalid in row 36222
Warning: All percentages zero/invalid in row 36223
Warning: All percentages zero/invalid in row 36224
Warning: All percentages zero/invalid in row 36225
Warning: All percentages zero/invalid in row 36226
Warning: All percentages zero/invalid in row 36227
Warning: All percentages zero/invalid in row 36228
Warning: All percentages zero/invalid in row 36229
Warning: All percentages zero/invalid in row 36230
Warning: All percentages zero/invalid in row 36231
Warning: All percentages zero/invalid in row 36232
Warning: All percentages zero/invalid in row 36233
Warning: All percentages zero/invalid in row 36234
Warning: All percentages zero/invalid in row 36235
Warning: All percentages zero/invalid in row 36236
Warning: All percentages zero/invalid in row 36237
Warning: All percentages zero/invalid in row 36238
Warning: All percentages zero/invalid in row 36239
Warning: All percentages zero/invalid in row 36240
Warning: All percentages zero/invalid in row 36241
Warning: All percentages zero/invalid in row 36242
Warning: All percentages zero/invalid in row 36243
Warning: All percentages zero/invalid in row 36244
Warning: All percentages zero/invalid in row 36245
Warning: All percentages zero/invalid in row 36246
Warning: All percentages zero/invalid in row 36247
Warning: All percentages zero/invalid in row 36248
Warning: All percentages zero/invalid in row 36249
Warning: All percentages zero/invalid in row 36250
Warning: All percentages zero/invalid in row 36251
Warning: All percentages zero/invalid in row 36252
Warning: All percentages zero/invalid in row 36253
Warning: All percentages zero/invalid in row 36254
Warning: All percentages zero/invalid in row 36255
Warning: All percentages zero/invalid in row 36256
Warning: All percentages zero/invalid in row 36257
Warning: All percentages zero/invalid in row 36258
Warning: All percentages zero/invalid in row 36259
Warning: All percentages zero/invalid in row 36260
Warning: All percentages zero/invalid in row 36261
Warning: All percentages zero/invalid in row 36262
Warning: All percentages zero/invalid in row 36263
Warning: All percentages zero/invalid in row 36264
Warning: All percentages zero/invalid in row 36265
Warning: All percentages zero/invalid in row 36266
Warning: All percentages zero/invalid in row 36267
Warning: All percentages zero/invalid in row 36268
Warning: All percentages zero/invalid in row 36269
Warning: All percentages zero/invalid in row 36270
Warning: All percentages zero/invalid in row 36271
Warning: All percentages zero/invalid in row 36272
Warning: All percentages zero/invalid in row 36273
Warning: All percentages zero/invalid in row 36274
Warning: All percentages zero/invalid in row 36275
Warning: All percentages zero/invalid in row 36276
Warning: All percentages zero/invalid in row 36277
Warning: All percentages zero/invalid in row 36278
Warning: All percentages zero/invalid in row 36279
Warning: All percentages zero/invalid in row 36280
Warning: All percentages zero/invalid in row 36281
Warning: All percentages zero/invalid in row 36282
Warning: All percentages zero/invalid in row 36283
Warning: All percentages zero/invalid in row 36284
Warning: All percentages zero/invalid in row 36285
Warning: All percentages zero/invalid in row 36286
Warning: All percentages zero/invalid in row 36287
Warning: All percentages zero/invalid in row 36288
Warning: All percentages zero/invalid in row 36289
Warning: All percentages zero/invalid in row 36290
Warning: All percentages zero/invalid in row 36291
Warning: All percentages zero/invalid in row 36292
Warning: All percentages zero/invalid in row 36293
Warning: All percentages zero/invalid in row 36294
Warning: All percentages zero/invalid in row 36295
Warning: All percentages zero/invalid in row 36296
Warning: All percentages zero/invalid in row 36297
Warning: All percentages zero/invalid in row 36298
Warning: All percentages zero/invalid in row 36299
Warning: All percentages zero/invalid in row 36300
Warning: All percentages zero/invalid in row 36301
Warning: All percentages zero/invalid in row 36302
Warning: All percentages zero/invalid in row 36303
Warning: All percentages zero/invalid in row 36304
Warning: All percentages zero/invalid in row 36305
Warning: All percentages zero/invalid in row 36306
Warning: All percentages zero/invalid in row 36307
Warning: All percentages zero/invalid in row 36308
Warning: All percentages zero/invalid in row 36309
Warning: All percentages zero/invalid in row 36310
Warning: All percentages zero/invalid in row 36311
Warning: All percentages zero/invalid in row 36312
Warning: All percentages zero/invalid in row 36322
Warning: All percentages zero/invalid in row 36323
Warning: All percentages zero/invalid in row 36324
Warning: All percentages zero/invalid in row 36325
Warning: All percentages zero/invalid in row 36326
Warning: All percentages zero/invalid in row 36327
Warning: All percentages zero/invalid in row 36328
Warning: All percentages zero/invalid in row 36329
Warning: All percentages zero/invalid in row 36330
Warning: All percentages zero/invalid in row 36331
Warning: All percentages zero/invalid in row 36332
Warning: All percentages zero/invalid in row 36333
Warning: All percentages zero/invalid in row 36334
Warning: All percentages zero/invalid in row 36335
Warning: All percentages zero/invalid in row 36336
Warning: All percentages zero/invalid in row 36337
Warning: All percentages zero/invalid in row 36338
Warning: All percentages zero/invalid in row 36339
Warning: All percentages zero/invalid in row 36340
Warning: All percentages zero/invalid in row 36341
Warning: All percentages zero/invalid in row 36342
Warning: All percentages zero/invalid in row 36343
Warning: All percentages zero/invalid in row 36344
Warning: All percentages zero/invalid in row 36345
Warning: All percentages zero/invalid in row 36346
Warning: All percentages zero/invalid in row 36347
Warning: All percentages zero/invalid in row 36348
Warning: All percentages zero/invalid in row 36349
Warning: All percentages zero/invalid in row 36350
Warning: All percentages zero/invalid in row 36351
Warning: All percentages zero/invalid in row 36352
Warning: All percentages zero/invalid in row 36353
Warning: All percentages zero/invalid in row 36354
Warning: All percentages zero/invalid in row 36355
Warning: All percentages zero/invalid in row 36356
Warning: All percentages zero/invalid in row 36357
Warning: All percentages zero/invalid in row 36358
Warning: All percentages zero/invalid in row 36359
Warning: All percentages zero/invalid in row 36360
Warning: All percentages zero/invalid in row 36361
Warning: All percentages zero/invalid in row 36362
Warning: All percentages zero/invalid in row 36363
Warning: All percentages zero/invalid in row 36364
Warning: All percentages zero/invalid in row 36365
Warning: All percentages zero/invalid in row 36366
Warning: All percentages zero/invalid in row 36367
Warning: All percentages zero/invalid in row 36368
Warning: All percentages zero/invalid in row 36369
Warning: All percentages zero/invalid in row 36370
Warning: All percentages zero/invalid in row 36371
Warning: All percentages zero/invalid in row 36372
Warning: All percentages zero/invalid in row 36373
Warning: All percentages zero/invalid in row 36374
Warning: All percentages zero/invalid in row 36375
Warning: All percentages zero/invalid in row 36376
Warning: All percentages zero/invalid in row 36377
Warning: All percentages zero/invalid in row 36378
Warning: All percentages zero/invalid in row 36379
Warning: All percentages zero/invalid in row 36380
Warning: All percentages zero/invalid in row 36381
Warning: All percentages zero/invalid in row 36382
Warning: All percentages zero/invalid in row 36383
Warning: All percentages zero/invalid in row 36384
Warning: All percentages zero/invalid in row 36385
Warning: All percentages zero/invalid in row 36386
Warning: All percentages zero/invalid in row 36387
Warning: All percentages zero/invalid in row 36388
Warning: All percentages zero/invalid in row 36389
Warning: All percentages zero/invalid in row 36390
Warning: All percentages zero/invalid in row 36391
Warning: All percentages zero/invalid in row 36392
Warning: All percentages zero/invalid in row 36393
Warning: All percentages zero/invalid in row 36394
Warning: All percentages zero/invalid in row 36395
Warning: All percentages zero/invalid in row 36396
Warning: All percentages zero/invalid in row 36397
Warning: All percentages zero/invalid in row 36398
Warning: All percentages zero/invalid in row 36399
Warning: All percentages zero/invalid in row 36400
Warning: All percentages zero/invalid in row 36401
Warning: All percentages zero/invalid in row 36402
Warning: All percentages zero/invalid in row 36403
Warning: All percentages zero/invalid in row 36404
Warning: All percentages zero/invalid in row 36405
Warning: All percentages zero/invalid in row 36406
Warning: All percentages zero/invalid in row 36407
Warning: All percentages zero/invalid in row 36408
Warning: All percentages zero/invalid in row 36409
Warning: All percentages zero/invalid in row 36410
Warning: All percentages zero/invalid in row 36411
Warning: All percentages zero/invalid in row 36412
Warning: All percentages zero/invalid in row 36413
Warning: All percentages zero/invalid in row 36414
Warning: All percentages zero/invalid in row 36415
Warning: All percentages zero/invalid in row 36416
Warning: All percentages zero/invalid in row 36417
Warning: All percentages zero/invalid in row 36418
Warning: All percentages zero/invalid in row 36419
Warning: All percentages zero/invalid in row 36420
Warning: All percentages zero/invalid in row 36421
Warning: All percentages zero/invalid in row 36422
Warning: All percentages zero/invalid in row 36423
Warning: All percentages zero/invalid in row 36424
Warning: All percentages zero/invalid in row 36425
Warning: All percentages zero/invalid in row 36426
Warning: All percentages zero/invalid in row 36427
Warning: All percentages zero/invalid in row 36428
Warning: All percentages zero/invalid in row 36429
Warning: All percentages zero/invalid in row 36430
Warning: All percentages zero/invalid in row 36431
Warning: All percentages zero/invalid in row 36432
Warning: All percentages zero/invalid in row 36433
Warning: All percentages zero/invalid in row 36434
Warning: All percentages zero/invalid in row 36435
Warning: All percentages zero/invalid in row 36436
Warning: All percentages zero/invalid in row 36437
Warning: All percentages zero/invalid in row 36438
Warning: All percentages zero/invalid in row 36439
Warning: All percentages zero/invalid in row 36440
Warning: All percentages zero/invalid in row 36441
Warning: All percentages zero/invalid in row 36442
Warning: All percentages zero/invalid in row 36443
Warning: All percentages zero/invalid in row 36444
Warning: All percentages zero/invalid in row 36445
Warning: All percentages zero/invalid in row 36446
Warning: All percentages zero/invalid in row 36447
Warning: All percentages zero/invalid in row 36448
Warning: All percentages zero/invalid in row 36449
Warning: All percentages zero/invalid in row 36450
Warning: All percentages zero/invalid in row 36451
Warning: All percentages zero/invalid in row 36452
Warning: All percentages zero/invalid in row 36453
Warning: All percentages zero/invalid in row 36454
Warning: All percentages zero/invalid in row 36455
Warning: All percentages zero/invalid in row 36456
Warning: All percentages zero/invalid in row 36457
Warning: All percentages zero/invalid in row 36458
Warning: All percentages zero/invalid in row 36459
Warning: All percentages zero/invalid in row 36460
Warning: All percentages zero/invalid in row 36461
Warning: All percentages zero/invalid in row 36462
Warning: All percentages zero/invalid in row 36463
Warning: All percentages zero/invalid in row 36464
Warning: All percentages zero/invalid in row 36465
Warning: All percentages zero/invalid in row 36466
Warning: All percentages zero/invalid in row 36467
Warning: All percentages zero/invalid in row 36468
Warning: All percentages zero/invalid in row 36469
Warning: All percentages zero/invalid in row 36470
Warning: All percentages zero/invalid in row 36471
Warning: All percentages zero/invalid in row 36472
Warning: All percentages zero/invalid in row 36473
Warning: All percentages zero/invalid in row 36474
Warning: All percentages zero/invalid in row 36475
Warning: All percentages zero/invalid in row 36476
Warning: All percentages zero/invalid in row 36477
Warning: All percentages zero/invalid in row 36478
Warning: All percentages zero/invalid in row 36479
Warning: All percentages zero/invalid in row 36480
Warning: All percentages zero/invalid in row 36481
Warning: All percentages zero/invalid in row 36482
Warning: All percentages zero/invalid in row 36483
Warning: All percentages zero/invalid in row 36484
Warning: All percentages zero/invalid in row 36485
Warning: All percentages zero/invalid in row 36486
Warning: All percentages zero/invalid in row 36487
Warning: All percentages zero/invalid in row 36488
Warning: All percentages zero/invalid in row 36489
Warning: All percentages zero/invalid in row 36490
Warning: All percentages zero/invalid in row 36491
Warning: All percentages zero/invalid in row 36492
Warning: All percentages zero/invalid in row 36493
Warning: All percentages zero/invalid in row 36494
Warning: All percentages zero/invalid in row 36495
Warning: All percentages zero/invalid in row 36496
Warning: All percentages zero/invalid in row 36497
Warning: All percentages zero/invalid in row 36498
Warning: All percentages zero/invalid in row 36499
Warning: All percentages zero/invalid in row 36500
Warning: All percentages zero/invalid in row 36501
Warning: All percentages zero/invalid in row 36502
Warning: All percentages zero/invalid in row 36503
Warning: All percentages zero/invalid in row 36504
Warning: All percentages zero/invalid in row 36505
Warning: All percentages zero/invalid in row 36506
Warning: All percentages zero/invalid in row 36507
Warning: All percentages zero/invalid in row 36508
Warning: All percentages zero/invalid in row 36509
Warning: All percentages zero/invalid in row 36510
Warning: All percentages zero/invalid in row 36511
Warning: All percentages zero/invalid in row 36512
Warning: All percentages zero/invalid in row 36513
Warning: All percentages zero/invalid in row 36514
Warning: All percentages zero/invalid in row 36515
Warning: All percentages zero/invalid in row 36516
Warning: All percentages zero/invalid in row 36517
Warning: All percentages zero/invalid in row 36518
Warning: All percentages zero/invalid in row 36519
Warning: All percentages zero/invalid in row 36520
Warning: All percentages zero/invalid in row 36521
Warning: All percentages zero/invalid in row 36522
Warning: All percentages zero/invalid in row 36523
Warning: All percentages zero/invalid in row 36524
Warning: All percentages zero/invalid in row 36525
Warning: All percentages zero/invalid in row 36526
Warning: All percentages zero/invalid in row 36527
Warning: All percentages zero/invalid in row 36528
Warning: All percentages zero/invalid in row 36529
Warning: All percentages zero/invalid in row 36530
Warning: All percentages zero/invalid in row 36531
Warning: All percentages zero/invalid in row 36532
Warning: All percentages zero/invalid in row 36533
Warning: All percentages zero/invalid in row 36534
Warning: All percentages zero/invalid in row 36535
Warning: All percentages zero/invalid in row 36536
Warning: All percentages zero/invalid in row 36537
Warning: All percentages zero/invalid in row 36538
Warning: All percentages zero/invalid in row 36539
Warning: All percentages zero/invalid in row 36540
Warning: All percentages zero/invalid in row 36541
Warning: All percentages zero/invalid in row 36542
Warning: All percentages zero/invalid in row 36543
Warning: All percentages zero/invalid in row 36544
Warning: All percentages zero/invalid in row 36545
Warning: All percentages zero/invalid in row 36546
Warning: All percentages zero/invalid in row 36547
Warning: All percentages zero/invalid in row 36548
Warning: All percentages zero/invalid in row 36549
Warning: All percentages zero/invalid in row 36550
Warning: All percentages zero/invalid in row 36551
Warning: All percentages zero/invalid in row 36552
Warning: All percentages zero/invalid in row 36553
Warning: All percentages zero/invalid in row 36554
Warning: All percentages zero/invalid in row 36555
Warning: All percentages zero/invalid in row 36556
Warning: All percentages zero/invalid in row 36557
Warning: All percentages zero/invalid in row 36558
Warning: All percentages zero/invalid in row 36559
Warning: All percentages zero/invalid in row 36560
Warning: All percentages zero/invalid in row 36561
Warning: All percentages zero/invalid in row 36562
Warning: All percentages zero/invalid in row 36563
Warning: All percentages zero/invalid in row 36564
Warning: All percentages zero/invalid in row 36565
Warning: All percentages zero/invalid in row 36566
Warning: All percentages zero/invalid in row 36567
Warning: All percentages zero/invalid in row 36568
Warning: All percentages zero/invalid in row 36569
Warning: All percentages zero/invalid in row 36570
Warning: All percentages zero/invalid in row 36571
Warning: All percentages zero/invalid in row 36572
Warning: All percentages zero/invalid in row 36573
Warning: All percentages zero/invalid in row 36574
Warning: All percentages zero/invalid in row 36575
Warning: All percentages zero/invalid in row 36576
Warning: All percentages zero/invalid in row 36577
Warning: All percentages zero/invalid in row 36578
Warning: All percentages zero/invalid in row 36579
Warning: All percentages zero/invalid in row 36580
Warning: All percentages zero/invalid in row 36581
Warning: All percentages zero/invalid in row 36582
Warning: All percentages zero/invalid in row 36583
Warning: All percentages zero/invalid in row 36584
Warning: All percentages zero/invalid in row 36585
Warning: All percentages zero/invalid in row 36586
Warning: All percentages zero/invalid in row 36587
Warning: All percentages zero/invalid in row 36588
Warning: All percentages zero/invalid in row 36589
Warning: All percentages zero/invalid in row 36590
Warning: All percentages zero/invalid in row 36591
Warning: All percentages zero/invalid in row 36592
Warning: All percentages zero/invalid in row 36593
Warning: All percentages zero/invalid in row 36594
Warning: All percentages zero/invalid in row 36595
Warning: All percentages zero/invalid in row 36596
Warning: All percentages zero/invalid in row 36597
Warning: All percentages zero/invalid in row 36598
Warning: All percentages zero/invalid in row 36599
Warning: All percentages zero/invalid in row 36600
Warning: All percentages zero/invalid in row 36601
Warning: All percentages zero/invalid in row 36602
Warning: All percentages zero/invalid in row 36603
Warning: All percentages zero/invalid in row 36604
Warning: All percentages zero/invalid in row 36605
Warning: All percentages zero/invalid in row 36606
Warning: All percentages zero/invalid in row 36607
Warning: All percentages zero/invalid in row 36608
Warning: All percentages zero/invalid in row 36609
Warning: All percentages zero/invalid in row 36610
Warning: All percentages zero/invalid in row 36611
Warning: All percentages zero/invalid in row 36612
Warning: All percentages zero/invalid in row 36613
Warning: All percentages zero/invalid in row 36614
Warning: All percentages zero/invalid in row 36615
Warning: All percentages zero/invalid in row 36616
Warning: All percentages zero/invalid in row 36617
Warning: All percentages zero/invalid in row 36618
Warning: All percentages zero/invalid in row 36619
Warning: All percentages zero/invalid in row 36620
Warning: All percentages zero/invalid in row 36621
Warning: All percentages zero/invalid in row 36622
Warning: All percentages zero/invalid in row 36623
Warning: All percentages zero/invalid in row 36624
Warning: All percentages zero/invalid in row 36625
Warning: All percentages zero/invalid in row 36626
Warning: All percentages zero/invalid in row 36627
Warning: All percentages zero/invalid in row 36628
Warning: All percentages zero/invalid in row 36629
Warning: All percentages zero/invalid in row 36630
Warning: All percentages zero/invalid in row 36631
Warning: All percentages zero/invalid in row 36632
Warning: All percentages zero/invalid in row 36633
Warning: All percentages zero/invalid in row 36634
Warning: All percentages zero/invalid in row 36635
Warning: All percentages zero/invalid in row 36636
Warning: All percentages zero/invalid in row 36637
Warning: All percentages zero/invalid in row 36638
Warning: All percentages zero/invalid in row 36639
Warning: All percentages zero/invalid in row 36640
Warning: All percentages zero/invalid in row 36641
Warning: All percentages zero/invalid in row 36642
Warning: All percentages zero/invalid in row 36643
Warning: All percentages zero/invalid in row 36644
Warning: All percentages zero/invalid in row 36645
Warning: All percentages zero/invalid in row 36646
Warning: All percentages zero/invalid in row 36647
Warning: All percentages zero/invalid in row 36648
Warning: All percentages zero/invalid in row 36649
Warning: All percentages zero/invalid in row 36650
Warning: All percentages zero/invalid in row 36651
Warning: All percentages zero/invalid in row 36652
Warning: All percentages zero/invalid in row 36653
Warning: All percentages zero/invalid in row 36654
Warning: All percentages zero/invalid in row 36655
Warning: All percentages zero/invalid in row 36656
Warning: All percentages zero/invalid in row 36657
Warning: All percentages zero/invalid in row 36658
Warning: All percentages zero/invalid in row 36659
Warning: All percentages zero/invalid in row 36660
Warning: All percentages zero/invalid in row 36661
Warning: All percentages zero/invalid in row 36662
Warning: All percentages zero/invalid in row 36663
Warning: All percentages zero/invalid in row 36664
Warning: All percentages zero/invalid in row 36665
Warning: All percentages zero/invalid in row 36666
Warning: All percentages zero/invalid in row 36667
Warning: All percentages zero/invalid in row 36668
Warning: All percentages zero/invalid in row 36669
Warning: All percentages zero/invalid in row 36670
Warning: All percentages zero/invalid in row 36671
Warning: All percentages zero/invalid in row 36672
Warning: All percentages zero/invalid in row 36673
Warning: All percentages zero/invalid in row 36674
Warning: All percentages zero/invalid in row 36675
Warning: All percentages zero/invalid in row 36676
Warning: All percentages zero/invalid in row 36677
Warning: All percentages zero/invalid in row 36678
Warning: All percentages zero/invalid in row 36679
Warning: All percentages zero/invalid in row 36680
Warning: All percentages zero/invalid in row 36681
Warning: All percentages zero/invalid in row 36682
Warning: All percentages zero/invalid in row 36683
Warning: All percentages zero/invalid in row 36684
Warning: All percentages zero/invalid in row 36685
Warning: All percentages zero/invalid in row 36686
Warning: All percentages zero/invalid in row 36687
Warning: All percentages zero/invalid in row 36688
Warning: All percentages zero/invalid in row 36689
Warning: All percentages zero/invalid in row 36690
Warning: All percentages zero/invalid in row 36691
Warning: All percentages zero/invalid in row 36692
Warning: All percentages zero/invalid in row 36693
Warning: All percentages zero/invalid in row 36694
Warning: All percentages zero/invalid in row 36695
Warning: All percentages zero/invalid in row 36696
Warning: All percentages zero/invalid in row 36697
Warning: All percentages zero/invalid in row 36698
Warning: All percentages zero/invalid in row 36699
Warning: All percentages zero/invalid in row 36700
Warning: All percentages zero/invalid in row 36701
Warning: All percentages zero/invalid in row 36702
Warning: All percentages zero/invalid in row 36703
Warning: All percentages zero/invalid in row 36704
Warning: All percentages zero/invalid in row 36705
Warning: All percentages zero/invalid in row 36706
Warning: All percentages zero/invalid in row 36707
Warning: All percentages zero/invalid in row 36708
Warning: All percentages zero/invalid in row 36709
Warning: All percentages zero/invalid in row 36710
Warning: All percentages zero/invalid in row 36711
Warning: All percentages zero/invalid in row 36712
Warning: All percentages zero/invalid in row 36713
Warning: All percentages zero/invalid in row 36714
Warning: All percentages zero/invalid in row 36715
Warning: All percentages zero/invalid in row 36716
Warning: All percentages zero/invalid in row 36717
Warning: All percentages zero/invalid in row 36718
Warning: All percentages zero/invalid in row 36719
Warning: All percentages zero/invalid in row 36720
Warning: All percentages zero/invalid in row 36721
Warning: All percentages zero/invalid in row 36722
Warning: All percentages zero/invalid in row 36723
Warning: All percentages zero/invalid in row 36724
Warning: All percentages zero/invalid in row 36725
Warning: All percentages zero/invalid in row 36726
Warning: All percentages zero/invalid in row 36727
Warning: All percentages zero/invalid in row 36728
Warning: All percentages zero/invalid in row 36729
Warning: All percentages zero/invalid in row 36730
Warning: All percentages zero/invalid in row 36731
Warning: All percentages zero/invalid in row 36732
Warning: All percentages zero/invalid in row 36733
Warning: All percentages zero/invalid in row 36734
Warning: All percentages zero/invalid in row 36735
Warning: All percentages zero/invalid in row 36736
Warning: All percentages zero/invalid in row 36737
Warning: All percentages zero/invalid in row 36738
Warning: All percentages zero/invalid in row 36739
Warning: All percentages zero/invalid in row 36740
Warning: All percentages zero/invalid in row 36741
Warning: All percentages zero/invalid in row 36742
Warning: All percentages zero/invalid in row 36743
Warning: All percentages zero/invalid in row 36744
Warning: All percentages zero/invalid in row 36745
Warning: All percentages zero/invalid in row 36746
Warning: All percentages zero/invalid in row 36747
Warning: All percentages zero/invalid in row 36748
Warning: All percentages zero/invalid in row 36749
Warning: All percentages zero/invalid in row 36750
Warning: All percentages zero/invalid in row 36751
Warning: All percentages zero/invalid in row 36752
Warning: All percentages zero/invalid in row 36753
Warning: All percentages zero/invalid in row 36754
Warning: All percentages zero/invalid in row 36755
Warning: All percentages zero/invalid in row 36756
Warning: All percentages zero/invalid in row 36757
Warning: All percentages zero/invalid in row 36758
Warning: All percentages zero/invalid in row 36759
Warning: All percentages zero/invalid in row 36760
Warning: All percentages zero/invalid in row 36761
Warning: All percentages zero/invalid in row 36762
Warning: All percentages zero/invalid in row 36763
Warning: All percentages zero/invalid in row 36764
Warning: All percentages zero/invalid in row 36765
Warning: All percentages zero/invalid in row 36766
Warning: All percentages zero/invalid in row 36767
Warning: All percentages zero/invalid in row 36768
Warning: All percentages zero/invalid in row 36769
Warning: All percentages zero/invalid in row 36770
Warning: All percentages zero/invalid in row 36771
Warning: All percentages zero/invalid in row 36772
Warning: All percentages zero/invalid in row 36773
Warning: All percentages zero/invalid in row 36774
Warning: All percentages zero/invalid in row 36775
Warning: All percentages zero/invalid in row 36776
Warning: All percentages zero/invalid in row 36777
Warning: All percentages zero/invalid in row 36778
Warning: All percentages zero/invalid in row 36779
Warning: All percentages zero/invalid in row 36780
Warning: All percentages zero/invalid in row 36781
Warning: All percentages zero/invalid in row 36782
Warning: All percentages zero/invalid in row 36783
Warning: All percentages zero/invalid in row 36784
Warning: All percentages zero/invalid in row 36785
Warning: All percentages zero/invalid in row 36786
Warning: All percentages zero/invalid in row 36787
Warning: All percentages zero/invalid in row 36788
Warning: All percentages zero/invalid in row 36789
Warning: All percentages zero/invalid in row 36790
Warning: All percentages zero/invalid in row 36791
Warning: All percentages zero/invalid in row 36792
Warning: All percentages zero/invalid in row 36793
Warning: All percentages zero/invalid in row 36794
Warning: All percentages zero/invalid in row 36795
Warning: All percentages zero/invalid in row 36796
Warning: All percentages zero/invalid in row 36797
Warning: All percentages zero/invalid in row 36798
Warning: All percentages zero/invalid in row 36799
Warning: All percentages zero/invalid in row 36800
Warning: All percentages zero/invalid in row 36801
Warning: All percentages zero/invalid in row 36802
Warning: All percentages zero/invalid in row 36803
Warning: All percentages zero/invalid in row 36804
Warning: All percentages zero/invalid in row 36805
Warning: All percentages zero/invalid in row 36806
Warning: All percentages zero/invalid in row 36807
Warning: All percentages zero/invalid in row 36808
Warning: All percentages zero/invalid in row 36809
Warning: All percentages zero/invalid in row 36810
Warning: All percentages zero/invalid in row 36811
Warning: All percentages zero/invalid in row 36812
Warning: All percentages zero/invalid in row 36813
Warning: All percentages zero/invalid in row 36814
Warning: All percentages zero/invalid in row 36815
Warning: All percentages zero/invalid in row 36816
Warning: All percentages zero/invalid in row 36817
Warning: All percentages zero/invalid in row 36818
Warning: All percentages zero/invalid in row 36819
Warning: All percentages zero/invalid in row 36820
Warning: All percentages zero/invalid in row 36821
Warning: All percentages zero/invalid in row 36822
Warning: All percentages zero/invalid in row 36823
Warning: All percentages zero/invalid in row 36824
Warning: All percentages zero/invalid in row 36825
Warning: All percentages zero/invalid in row 36826
Warning: All percentages zero/invalid in row 36827
Warning: All percentages zero/invalid in row 36828
Warning: All percentages zero/invalid in row 36829
Warning: All percentages zero/invalid in row 36830
Warning: All percentages zero/invalid in row 36831
Warning: All percentages zero/invalid in row 36832
Warning: All percentages zero/invalid in row 36833
Warning: All percentages zero/invalid in row 36834
Warning: All percentages zero/invalid in row 36835
Warning: All percentages zero/invalid in row 36836
Warning: All percentages zero/invalid in row 36837
Warning: All percentages zero/invalid in row 36838
Warning: All percentages zero/invalid in row 36839
Warning: All percentages zero/invalid in row 36840
Warning: All percentages zero/invalid in row 36841
Warning: All percentages zero/invalid in row 36842
Warning: All percentages zero/invalid in row 36843
Warning: All percentages zero/invalid in row 36844
Warning: All percentages zero/invalid in row 36845
Warning: All percentages zero/invalid in row 36846
Warning: All percentages zero/invalid in row 36847
Warning: All percentages zero/invalid in row 36848
Warning: All percentages zero/invalid in row 36849
Warning: All percentages zero/invalid in row 36850
Warning: All percentages zero/invalid in row 36851
Warning: All percentages zero/invalid in row 36852
Warning: All percentages zero/invalid in row 36853
Warning: All percentages zero/invalid in row 36854
Warning: All percentages zero/invalid in row 36855
Warning: All percentages zero/invalid in row 36856
Warning: All percentages zero/invalid in row 36857
Warning: All percentages zero/invalid in row 36858
Warning: All percentages zero/invalid in row 36859
Warning: All percentages zero/invalid in row 36860
Warning: All percentages zero/invalid in row 36861
Warning: All percentages zero/invalid in row 36862
Warning: All percentages zero/invalid in row 36863
Warning: All percentages zero/invalid in row 36864
Warning: All percentages zero/invalid in row 36865
Warning: All percentages zero/invalid in row 36866
Warning: All percentages zero/invalid in row 36867
Warning: All percentages zero/invalid in row 36868
Warning: All percentages zero/invalid in row 36869
Warning: All percentages zero/invalid in row 36870
Warning: All percentages zero/invalid in row 36871
Warning: All percentages zero/invalid in row 36872
Warning: All percentages zero/invalid in row 36873
Warning: All percentages zero/invalid in row 36874
Warning: All percentages zero/invalid in row 36875
Warning: All percentages zero/invalid in row 36876
Warning: All percentages zero/invalid in row 36877
Warning: All percentages zero/invalid in row 36878
Warning: All percentages zero/invalid in row 36879
Warning: All percentages zero/invalid in row 36880
Warning: All percentages zero/invalid in row 36881
Warning: All percentages zero/invalid in row 36882
Warning: All percentages zero/invalid in row 36883
Warning: All percentages zero/invalid in row 36884
Warning: All percentages zero/invalid in row 36885
Warning: All percentages zero/invalid in row 36886
Warning: All percentages zero/invalid in row 36887
Warning: All percentages zero/invalid in row 36888
Warning: All percentages zero/invalid in row 36889
Warning: All percentages zero/invalid in row 36890
Warning: All percentages zero/invalid in row 36891
Warning: All percentages zero/invalid in row 36892
Warning: All percentages zero/invalid in row 36893
Warning: All percentages zero/invalid in row 36894
Warning: All percentages zero/invalid in row 36895
Warning: All percentages zero/invalid in row 36896
Warning: All percentages zero/invalid in row 36897
Warning: All percentages zero/invalid in row 36898
Warning: All percentages zero/invalid in row 36899
Warning: All percentages zero/invalid in row 36900
Warning: All percentages zero/invalid in row 36901
Warning: All percentages zero/invalid in row 36902
Warning: All percentages zero/invalid in row 36903
Warning: All percentages zero/invalid in row 36904
Warning: All percentages zero/invalid in row 36905
Warning: All percentages zero/invalid in row 36906
Warning: All percentages zero/invalid in row 36907
Warning: All percentages zero/invalid in row 36908
Warning: All percentages zero/invalid in row 36909
Warning: All percentages zero/invalid in row 36910
Warning: All percentages zero/invalid in row 36911
Warning: All percentages zero/invalid in row 36912
Warning: All percentages zero/invalid in row 36913
Warning: All percentages zero/invalid in row 36914
Warning: All percentages zero/invalid in row 36915
Warning: All percentages zero/invalid in row 36916
Warning: All percentages zero/invalid in row 36917
Warning: All percentages zero/invalid in row 36918
Warning: All percentages zero/invalid in row 36919
Warning: All percentages zero/invalid in row 36920
Warning: All percentages zero/invalid in row 36921
Warning: All percentages zero/invalid in row 36922
Warning: All percentages zero/invalid in row 36923
Warning: All percentages zero/invalid in row 36924
Warning: All percentages zero/invalid in row 36925
Warning: All percentages zero/invalid in row 36926
Warning: All percentages zero/invalid in row 36927
Warning: All percentages zero/invalid in row 36928
Warning: All percentages zero/invalid in row 36929
Warning: All percentages zero/invalid in row 36930
Warning: All percentages zero/invalid in row 36931
Warning: All percentages zero/invalid in row 36932
Warning: All percentages zero/invalid in row 36933
Warning: All percentages zero/invalid in row 36934
Warning: All percentages zero/invalid in row 36935
Warning: All percentages zero/invalid in row 36936
Warning: All percentages zero/invalid in row 36937
Warning: All percentages zero/invalid in row 36938
Warning: All percentages zero/invalid in row 36939
Warning: All percentages zero/invalid in row 36940
Warning: All percentages zero/invalid in row 36941
Warning: All percentages zero/invalid in row 36942
Warning: All percentages zero/invalid in row 36943
Warning: All percentages zero/invalid in row 36944
Warning: All percentages zero/invalid in row 36945
Warning: All percentages zero/invalid in row 36946
Warning: All percentages zero/invalid in row 36947
Warning: All percentages zero/invalid in row 36948
Warning: All percentages zero/invalid in row 36949
Warning: All percentages zero/invalid in row 36950
Warning: All percentages zero/invalid in row 36951
Warning: All percentages zero/invalid in row 36952
Warning: All percentages zero/invalid in row 36953
Warning: All percentages zero/invalid in row 36966
Warning: All percentages zero/invalid in row 36967
Warning: All percentages zero/invalid in row 36968
Warning: All percentages zero/invalid in row 36969
Warning: All percentages zero/invalid in row 36970
Warning: All percentages zero/invalid in row 36971
Warning: All percentages zero/invalid in row 36972
Warning: All percentages zero/invalid in row 36973
Warning: All percentages zero/invalid in row 36974
Warning: All percentages zero/invalid in row 36975
Warning: All percentages zero/invalid in row 36976
Warning: All percentages zero/invalid in row 36977
Warning: All percentages zero/invalid in row 36978
Warning: All percentages zero/invalid in row 36979
Warning: All percentages zero/invalid in row 36980
Warning: All percentages zero/invalid in row 36981
Warning: All percentages zero/invalid in row 36982
Warning: All percentages zero/invalid in row 36983
Warning: All percentages zero/invalid in row 36984
Warning: All percentages zero/invalid in row 36985
Warning: All percentages zero/invalid in row 36986
Warning: All percentages zero/invalid in row 36987
Warning: All percentages zero/invalid in row 36988
Warning: All percentages zero/invalid in row 36989
Warning: All percentages zero/invalid in row 36990
Warning: All percentages zero/invalid in row 36991
Warning: All percentages zero/invalid in row 36992
Warning: All percentages zero/invalid in row 36993
Warning: All percentages zero/invalid in row 36994
Warning: All percentages zero/invalid in row 36995
Warning: All percentages zero/invalid in row 36996
Warning: All percentages zero/invalid in row 36997
Warning: All percentages zero/invalid in row 36998
Warning: All percentages zero/invalid in row 36999
Warning: All percentages zero/invalid in row 37000
Warning: All percentages zero/invalid in row 37002
Warning: All percentages zero/invalid in row 37003
Warning: All percentages zero/invalid in row 37006
Warning: All percentages zero/invalid in row 37007
Warning: All percentages zero/invalid in row 37008
Warning: All percentages zero/invalid in row 37009
Warning: All percentages zero/invalid in row 37010
Warning: All percentages zero/invalid in row 37011
Warning: All percentages zero/invalid in row 37012
Warning: All percentages zero/invalid in row 37013
Warning: All percentages zero/invalid in row 37014
Warning: All percentages zero/invalid in row 37015
Warning: All percentages zero/invalid in row 37016
Warning: All percentages zero/invalid in row 37017
Warning: All percentages zero/invalid in row 37018
Warning: All percentages zero/invalid in row 37019
Warning: All percentages zero/invalid in row 37020
Warning: All percentages zero/invalid in row 37021
Warning: All percentages zero/invalid in row 37022
Warning: All percentages zero/invalid in row 37023
Warning: All percentages zero/invalid in row 37024
Warning: All percentages zero/invalid in row 37025
Warning: All percentages zero/invalid in row 37026
Warning: All percentages zero/invalid in row 37027
Warning: All percentages zero/invalid in row 37028
Warning: All percentages zero/invalid in row 37029
Warning: All percentages zero/invalid in row 37030
Warning: All percentages zero/invalid in row 37031
Warning: All percentages zero/invalid in row 37032
Warning: All percentages zero/invalid in row 37033
Warning: All percentages zero/invalid in row 37034
Warning: All percentages zero/invalid in row 37035
Warning: All percentages zero/invalid in row 37036
Warning: All percentages zero/invalid in row 37037
Warning: All percentages zero/invalid in row 37038
Warning: All percentages zero/invalid in row 37039
Warning: All percentages zero/invalid in row 37040
Warning: All percentages zero/invalid in row 37047
Warning: All percentages zero/invalid in row 37048
Warning: All percentages zero/invalid in row 37049
Warning: All percentages zero/invalid in row 37050
Warning: All percentages zero/invalid in row 37051
Warning: All percentages zero/invalid in row 37052
Warning: All percentages zero/invalid in row 37053
Warning: All percentages zero/invalid in row 37054
Warning: All percentages zero/invalid in row 37055
Warning: All percentages zero/invalid in row 37056
Warning: All percentages zero/invalid in row 37057
Warning: All percentages zero/invalid in row 37058
Warning: All percentages zero/invalid in row 37059
Warning: All percentages zero/invalid in row 37060
Warning: All percentages zero/invalid in row 37061
Warning: All percentages zero/invalid in row 37062
Warning: All percentages zero/invalid in row 37066
Warning: All percentages zero/invalid in row 37067
Warning: All percentages zero/invalid in row 37068
Warning: All percentages zero/invalid in row 37069
Warning: All percentages zero/invalid in row 37070
Warning: All percentages zero/invalid in row 37071
Warning: All percentages zero/invalid in row 37072
Warning: All percentages zero/invalid in row 37073
Warning: All percentages zero/invalid in row 37074
Warning: All percentages zero/invalid in row 37075
Warning: All percentages zero/invalid in row 37076
Warning: All percentages zero/invalid in row 37077
Warning: All percentages zero/invalid in row 37078
Warning: All percentages zero/invalid in row 37079
Warning: All percentages zero/invalid in row 37080
Warning: All percentages zero/invalid in row 37081
Warning: All percentages zero/invalid in row 37082
Warning: All percentages zero/invalid in row 37083
Warning: All percentages zero/invalid in row 37084
Warning: All percentages zero/invalid in row 37085
Warning: All percentages zero/invalid in row 37086
Warning: All percentages zero/invalid in row 37087
Warning: All percentages zero/invalid in row 37088
Warning: All percentages zero/invalid in row 37089
Warning: All percentages zero/invalid in row 37090
Warning: All percentages zero/invalid in row 37091
Warning: All percentages zero/invalid in row 37092
Warning: All percentages zero/invalid in row 37093
Warning: All percentages zero/invalid in row 37094
Warning: All percentages zero/invalid in row 37095
Warning: All percentages zero/invalid in row 37096
Warning: All percentages zero/invalid in row 37097
Warning: All percentages zero/invalid in row 37098
Warning: All percentages zero/invalid in row 37099
Warning: All percentages zero/invalid in row 37100
Warning: All percentages zero/invalid in row 37101
Warning: All percentages zero/invalid in row 37102
Warning: All percentages zero/invalid in row 37103
Warning: All percentages zero/invalid in row 37104
Warning: All percentages zero/invalid in row 37105
Warning: All percentages zero/invalid in row 37106
Warning: All percentages zero/invalid in row 37107
Warning: All percentages zero/invalid in row 37108
Warning: All percentages zero/invalid in row 37109
Warning: All percentages zero/invalid in row 37110
Warning: All percentages zero/invalid in row 37111
Warning: All percentages zero/invalid in row 37112
Warning: All percentages zero/invalid in row 37113
Warning: All percentages zero/invalid in row 37114
Warning: All percentages zero/invalid in row 37115
Warning: All percentages zero/invalid in row 37116
Warning: All percentages zero/invalid in row 37117
Warning: All percentages zero/invalid in row 37118
Warning: All percentages zero/invalid in row 37119
Warning: All percentages zero/invalid in row 37120
Warning: All percentages zero/invalid in row 37121
Warning: All percentages zero/invalid in row 37122
Warning: All percentages zero/invalid in row 37123
Warning: All percentages zero/invalid in row 37124
Warning: All percentages zero/invalid in row 37125
Warning: All percentages zero/invalid in row 37126
Warning: All percentages zero/invalid in row 37127
Warning: All percentages zero/invalid in row 37128
Warning: All percentages zero/invalid in row 37129
Warning: All percentages zero/invalid in row 37130
Warning: All percentages zero/invalid in row 37131
Warning: All percentages zero/invalid in row 37132
Warning: All percentages zero/invalid in row 37133
Warning: All percentages zero/invalid in row 37134
Warning: All percentages zero/invalid in row 37135
Warning: All percentages zero/invalid in row 37136
Warning: All percentages zero/invalid in row 37137
Warning: All percentages zero/invalid in row 37138
Warning: All percentages zero/invalid in row 37139
Warning: All percentages zero/invalid in row 37140
Warning: All percentages zero/invalid in row 37141
Warning: All percentages zero/invalid in row 37142
Warning: All percentages zero/invalid in row 37143
Warning: All percentages zero/invalid in row 37144
Warning: All percentages zero/invalid in row 37145
Warning: All percentages zero/invalid in row 37146
Warning: All percentages zero/invalid in row 37147
Warning: All percentages zero/invalid in row 37148
Warning: All percentages zero/invalid in row 37149
Warning: All percentages zero/invalid in row 37150
Warning: All percentages zero/invalid in row 37151
Warning: All percentages zero/invalid in row 37152
Warning: All percentages zero/invalid in row 37153
Warning: All percentages zero/invalid in row 37154
Warning: All percentages zero/invalid in row 37155
Warning: All percentages zero/invalid in row 37156
Warning: All percentages zero/invalid in row 37157
Warning: All percentages zero/invalid in row 37158
Warning: All percentages zero/invalid in row 37159
Warning: All percentages zero/invalid in row 37160
Warning: All percentages zero/invalid in row 37161
Warning: All percentages zero/invalid in row 37162
Warning: All percentages zero/invalid in row 37163
Warning: All percentages zero/invalid in row 37164
Warning: All percentages zero/invalid in row 37165
Warning: All percentages zero/invalid in row 37166
Warning: All percentages zero/invalid in row 37167
Warning: All percentages zero/invalid in row 37168
Warning: All percentages zero/invalid in row 37169
Warning: All percentages zero/invalid in row 37170
Warning: All percentages zero/invalid in row 37171
Warning: All percentages zero/invalid in row 37172
Warning: All percentages zero/invalid in row 37173
Warning: All percentages zero/invalid in row 37174
Warning: All percentages zero/invalid in row 37175
Warning: All percentages zero/invalid in row 37176
Warning: All percentages zero/invalid in row 37177
Warning: All percentages zero/invalid in row 37178
Warning: All percentages zero/invalid in row 37179
Warning: All percentages zero/invalid in row 37180
Warning: All percentages zero/invalid in row 37181
Warning: All percentages zero/invalid in row 37182
Warning: All percentages zero/invalid in row 37183
Warning: All percentages zero/invalid in row 37184
Warning: All percentages zero/invalid in row 37185
Warning: All percentages zero/invalid in row 37186
Warning: All percentages zero/invalid in row 37187
Warning: All percentages zero/invalid in row 37188
Warning: All percentages zero/invalid in row 37189
Warning: All percentages zero/invalid in row 37190
Warning: All percentages zero/invalid in row 37191
Warning: All percentages zero/invalid in row 37192
Warning: All percentages zero/invalid in row 37193
Warning: All percentages zero/invalid in row 37194
Warning: All percentages zero/invalid in row 37195
Warning: All percentages zero/invalid in row 37196
Warning: All percentages zero/invalid in row 37197
Warning: All percentages zero/invalid in row 37198
Warning: All percentages zero/invalid in row 37199
Warning: All percentages zero/invalid in row 37200
Warning: All percentages zero/invalid in row 37201
Warning: All percentages zero/invalid in row 37202
Warning: All percentages zero/invalid in row 37203
Warning: All percentages zero/invalid in row 37204
Warning: All percentages zero/invalid in row 37205
Warning: All percentages zero/invalid in row 37206
Warning: All percentages zero/invalid in row 37207
Warning: All percentages zero/invalid in row 37208
Warning: All percentages zero/invalid in row 37209
Warning: All percentages zero/invalid in row 37210
Warning: All percentages zero/invalid in row 37211
Warning: All percentages zero/invalid in row 37212
Warning: All percentages zero/invalid in row 37213
Warning: All percentages zero/invalid in row 37214
Warning: All percentages zero/invalid in row 37215
Warning: All percentages zero/invalid in row 37216
Warning: All percentages zero/invalid in row 37217
Warning: All percentages zero/invalid in row 37218
Warning: All percentages zero/invalid in row 37219
Warning: All percentages zero/invalid in row 37220
Warning: All percentages zero/invalid in row 37221
Warning: All percentages zero/invalid in row 37222
Warning: All percentages zero/invalid in row 37223
Warning: All percentages zero/invalid in row 37224
Warning: All percentages zero/invalid in row 37225
Warning: All percentages zero/invalid in row 37226
Warning: All percentages zero/invalid in row 37227
Warning: All percentages zero/invalid in row 37228
Warning: All percentages zero/invalid in row 37229
Warning: All percentages zero/invalid in row 37230
Warning: All percentages zero/invalid in row 37231
Warning: All percentages zero/invalid in row 37232
Warning: All percentages zero/invalid in row 37233
Warning: All percentages zero/invalid in row 37234
Warning: All percentages zero/invalid in row 37235
Warning: All percentages zero/invalid in row 37236
Warning: All percentages zero/invalid in row 37237
Warning: All percentages zero/invalid in row 37238
Warning: All percentages zero/invalid in row 37239
Warning: All percentages zero/invalid in row 37240
Warning: All percentages zero/invalid in row 37241
Warning: All percentages zero/invalid in row 37242
Warning: All percentages zero/invalid in row 37243
Warning: All percentages zero/invalid in row 37244
Warning: All percentages zero/invalid in row 37245
Warning: All percentages zero/invalid in row 37246
Warning: All percentages zero/invalid in row 37247
Warning: All percentages zero/invalid in row 37248
Warning: All percentages zero/invalid in row 37249
Warning: All percentages zero/invalid in row 37250
Warning: All percentages zero/invalid in row 37251
Warning: All percentages zero/invalid in row 37252
Warning: All percentages zero/invalid in row 37253
Warning: All percentages zero/invalid in row 37254
Warning: All percentages zero/invalid in row 37255
Warning: All percentages zero/invalid in row 37256
Warning: All percentages zero/invalid in row 37257
Warning: All percentages zero/invalid in row 37258
Warning: All percentages zero/invalid in row 37259
Warning: All percentages zero/invalid in row 37260
Warning: All percentages zero/invalid in row 37261
Warning: All percentages zero/invalid in row 37262
Warning: All percentages zero/invalid in row 37263
Warning: All percentages zero/invalid in row 37264
Warning: All percentages zero/invalid in row 37265
Warning: All percentages zero/invalid in row 37266
Warning: All percentages zero/invalid in row 37267
Warning: All percentages zero/invalid in row 37268
Warning: All percentages zero/invalid in row 37269
Warning: All percentages zero/invalid in row 37270
Warning: All percentages zero/invalid in row 37271
Warning: All percentages zero/invalid in row 37272
Warning: All percentages zero/invalid in row 37273
Warning: All percentages zero/invalid in row 37274
Warning: All percentages zero/invalid in row 37275
Warning: All percentages zero/invalid in row 37276
Warning: All percentages zero/invalid in row 37277
Warning: All percentages zero/invalid in row 37278
Warning: All percentages zero/invalid in row 37279
Warning: All percentages zero/invalid in row 37280
Warning: All percentages zero/invalid in row 37281
Warning: All percentages zero/invalid in row 37282
Warning: All percentages zero/invalid in row 37283
Warning: All percentages zero/invalid in row 37284
Warning: All percentages zero/invalid in row 37285
Warning: All percentages zero/invalid in row 37286
Warning: All percentages zero/invalid in row 37287
Warning: All percentages zero/invalid in row 37288
Warning: All percentages zero/invalid in row 37289
Warning: All percentages zero/invalid in row 37290
Warning: All percentages zero/invalid in row 37291
Warning: All percentages zero/invalid in row 37292
Warning: All percentages zero/invalid in row 37293
Warning: All percentages zero/invalid in row 37294
Warning: All percentages zero/invalid in row 37295
Warning: All percentages zero/invalid in row 37296
Warning: All percentages zero/invalid in row 37297
Warning: All percentages zero/invalid in row 37298
Warning: All percentages zero/invalid in row 37299
Warning: All percentages zero/invalid in row 37300
Warning: All percentages zero/invalid in row 37301
Warning: All percentages zero/invalid in row 37302
Warning: All percentages zero/invalid in row 37303
Warning: All percentages zero/invalid in row 37304
Warning: All percentages zero/invalid in row 37305
Warning: All percentages zero/invalid in row 37306
Warning: All percentages zero/invalid in row 37307
Warning: All percentages zero/invalid in row 37308
Warning: All percentages zero/invalid in row 37309
Warning: All percentages zero/invalid in row 37310
Warning: All percentages zero/invalid in row 37311
Warning: All percentages zero/invalid in row 37312
Warning: All percentages zero/invalid in row 37313
Warning: All percentages zero/invalid in row 37314
Warning: All percentages zero/invalid in row 37315
Warning: All percentages zero/invalid in row 37316
Warning: All percentages zero/invalid in row 37317
Warning: All percentages zero/invalid in row 37318
Warning: All percentages zero/invalid in row 37319
Warning: All percentages zero/invalid in row 37320
Warning: All percentages zero/invalid in row 37321
Warning: All percentages zero/invalid in row 37322
Warning: All percentages zero/invalid in row 37323
Warning: All percentages zero/invalid in row 37324
Warning: All percentages zero/invalid in row 37325
Warning: All percentages zero/invalid in row 37326
Warning: All percentages zero/invalid in row 37327
Warning: All percentages zero/invalid in row 37328
Warning: All percentages zero/invalid in row 37329
Warning: All percentages zero/invalid in row 37330
Warning: All percentages zero/invalid in row 37331
Warning: All percentages zero/invalid in row 37332
Warning: All percentages zero/invalid in row 37333
Warning: All percentages zero/invalid in row 37334
Warning: All percentages zero/invalid in row 37335
Warning: All percentages zero/invalid in row 37336
Warning: All percentages zero/invalid in row 37337
Warning: All percentages zero/invalid in row 37338
Warning: All percentages zero/invalid in row 37339
Warning: All percentages zero/invalid in row 37340
Warning: All percentages zero/invalid in row 37341
Warning: All percentages zero/invalid in row 37342
Warning: All percentages zero/invalid in row 37343
Warning: All percentages zero/invalid in row 37344
Warning: All percentages zero/invalid in row 37345
Warning: All percentages zero/invalid in row 37346
Warning: All percentages zero/invalid in row 37347
Warning: All percentages zero/invalid in row 37348
Warning: All percentages zero/invalid in row 37349
Warning: All percentages zero/invalid in row 37350
Warning: All percentages zero/invalid in row 37351
Warning: All percentages zero/invalid in row 37352
Warning: All percentages zero/invalid in row 37353
Warning: All percentages zero/invalid in row 37354
Warning: All percentages zero/invalid in row 37355
Warning: All percentages zero/invalid in row 37356
Warning: All percentages zero/invalid in row 37357
Warning: All percentages zero/invalid in row 37358
Warning: All percentages zero/invalid in row 37359
Warning: All percentages zero/invalid in row 37360
Warning: All percentages zero/invalid in row 37361
Warning: All percentages zero/invalid in row 37362
Warning: All percentages zero/invalid in row 37363
Warning: All percentages zero/invalid in row 37364
Warning: All percentages zero/invalid in row 37365
Warning: All percentages zero/invalid in row 37366
Warning: All percentages zero/invalid in row 37367
Warning: All percentages zero/invalid in row 37368
Warning: All percentages zero/invalid in row 37369
Warning: All percentages zero/invalid in row 37370
Warning: All percentages zero/invalid in row 37371
Warning: All percentages zero/invalid in row 37372
Warning: All percentages zero/invalid in row 37373
Warning: All percentages zero/invalid in row 37374
Warning: All percentages zero/invalid in row 37375
Warning: All percentages zero/invalid in row 37376
Warning: All percentages zero/invalid in row 37377
Warning: All percentages zero/invalid in row 37378
Warning: All percentages zero/invalid in row 37379
Warning: All percentages zero/invalid in row 37380
Warning: All percentages zero/invalid in row 37381
Warning: All percentages zero/invalid in row 37382
Warning: All percentages zero/invalid in row 37383
Warning: All percentages zero/invalid in row 37384
Warning: All percentages zero/invalid in row 37385
Warning: All percentages zero/invalid in row 37386
Warning: All percentages zero/invalid in row 37387
Warning: All percentages zero/invalid in row 37388
Warning: All percentages zero/invalid in row 37389
Warning: All percentages zero/invalid in row 37390
Warning: All percentages zero/invalid in row 37391
Warning: All percentages zero/invalid in row 37392
Warning: All percentages zero/invalid in row 37393
Warning: All percentages zero/invalid in row 37394
Warning: All percentages zero/invalid in row 37395
Warning: All percentages zero/invalid in row 37396
Warning: All percentages zero/invalid in row 37397
Warning: All percentages zero/invalid in row 37398
Warning: All percentages zero/invalid in row 37399
Warning: All percentages zero/invalid in row 37400
Warning: All percentages zero/invalid in row 37401
Warning: All percentages zero/invalid in row 37402
Warning: All percentages zero/invalid in row 37403
Warning: All percentages zero/invalid in row 37404
Warning: All percentages zero/invalid in row 37405
Warning: All percentages zero/invalid in row 37406
Warning: All percentages zero/invalid in row 37407
Warning: All percentages zero/invalid in row 37408
Warning: All percentages zero/invalid in row 37409
Warning: All percentages zero/invalid in row 37410
Warning: All percentages zero/invalid in row 37411
Warning: All percentages zero/invalid in row 37412
Warning: All percentages zero/invalid in row 37413
Warning: All percentages zero/invalid in row 37414
Warning: All percentages zero/invalid in row 37415
Warning: All percentages zero/invalid in row 37416
Warning: All percentages zero/invalid in row 37417
Warning: All percentages zero/invalid in row 37418
Warning: All percentages zero/invalid in row 37419
Warning: All percentages zero/invalid in row 37420
Warning: All percentages zero/invalid in row 37421
Warning: All percentages zero/invalid in row 37422
Warning: All percentages zero/invalid in row 37423
Warning: All percentages zero/invalid in row 37424
Warning: All percentages zero/invalid in row 37425
Warning: All percentages zero/invalid in row 37426
Warning: All percentages zero/invalid in row 37427
Warning: All percentages zero/invalid in row 37428
Warning: All percentages zero/invalid in row 37429
Warning: All percentages zero/invalid in row 37430
Warning: All percentages zero/invalid in row 37431
Warning: All percentages zero/invalid in row 37498
Warning: All percentages zero/invalid in row 37499
Warning: All percentages zero/invalid in row 37500
Warning: All percentages zero/invalid in row 37501
Warning: All percentages zero/invalid in row 37512
Warning: All percentages zero/invalid in row 37516
Warning: All percentages zero/invalid in row 37520
Warning: All percentages zero/invalid in row 37540
Warning: All percentages zero/invalid in row 37543
Warning: All percentages zero/invalid in row 37553
Warning: All percentages zero/invalid in row 37582
Warning: All percentages zero/invalid in row 37586
Warning: All percentages zero/invalid in row 37587
Warning: All percentages zero/invalid in row 37588
Warning: All percentages zero/invalid in row 37589
Warning: All percentages zero/invalid in row 37590
Warning: All percentages zero/invalid in row 37591
Warning: All percentages zero/invalid in row 37592
Warning: All percentages zero/invalid in row 37593
Warning: All percentages zero/invalid in row 37594
Warning: All percentages zero/invalid in row 37595
Warning: All percentages zero/invalid in row 37596
Warning: All percentages zero/invalid in row 37597
Warning: All percentages zero/invalid in row 37598
Warning: All percentages zero/invalid in row 37599
Warning: All percentages zero/invalid in row 37600
Warning: All percentages zero/invalid in row 37601
Warning: All percentages zero/invalid in row 37602
Warning: All percentages zero/invalid in row 37603
Warning: All percentages zero/invalid in row 37604
Warning: All percentages zero/invalid in row 37605
Warning: All percentages zero/invalid in row 37606
Warning: All percentages zero/invalid in row 37607
Warning: All percentages zero/invalid in row 37608
Warning: All percentages zero/invalid in row 37609
Warning: All percentages zero/invalid in row 37610
Warning: All percentages zero/invalid in row 37611
Warning: All percentages zero/invalid in row 37612
Warning: All percentages zero/invalid in row 37613
Warning: All percentages zero/invalid in row 37614
Warning: All percentages zero/invalid in row 37615
Warning: All percentages zero/invalid in row 37616
Warning: All percentages zero/invalid in row 37617
Warning: All percentages zero/invalid in row 37618
Warning: All percentages zero/invalid in row 37619
Warning: All percentages zero/invalid in row 37620
Warning: All percentages zero/invalid in row 37621
Warning: All percentages zero/invalid in row 37622
Warning: All percentages zero/invalid in row 37623
Warning: All percentages zero/invalid in row 37624
Warning: All percentages zero/invalid in row 37625
Warning: All percentages zero/invalid in row 37627
Warning: All percentages zero/invalid in row 37629
Warning: All percentages zero/invalid in row 37630
Warning: All percentages zero/invalid in row 37631
Warning: All percentages zero/invalid in row 37633
Warning: All percentages zero/invalid in row 37634
Warning: All percentages zero/invalid in row 37636
Warning: All percentages zero/invalid in row 37640
Warning: All percentages zero/invalid in row 37642
Warning: All percentages zero/invalid in row 37649
Warning: All percentages zero/invalid in row 37650
Warning: All percentages zero/invalid in row 37651
Warning: All percentages zero/invalid in row 37658
Warning: All percentages zero/invalid in row 37669
Warning: All percentages zero/invalid in row 37671
Warning: All percentages zero/invalid in row 37672
Warning: All percentages zero/invalid in row 37674
Warning: All percentages zero/invalid in row 37675
Warning: All percentages zero/invalid in row 37676
Warning: All percentages zero/invalid in row 37677
Warning: All percentages zero/invalid in row 37678
Warning: All percentages zero/invalid in row 37679
Warning: All percentages zero/invalid in row 37680
Warning: All percentages zero/invalid in row 37681
Warning: All percentages zero/invalid in row 37682
Warning: All percentages zero/invalid in row 37683
Warning: All percentages zero/invalid in row 37684
Warning: All percentages zero/invalid in row 37685
Warning: All percentages zero/invalid in row 37686
Warning: All percentages zero/invalid in row 37687
Warning: All percentages zero/invalid in row 37688
Warning: All percentages zero/invalid in row 37689
Warning: All percentages zero/invalid in row 37690
Warning: All percentages zero/invalid in row 37691
Warning: All percentages zero/invalid in row 37692
Warning: All percentages zero/invalid in row 37693
Warning: All percentages zero/invalid in row 37694
Warning: All percentages zero/invalid in row 37695
Warning: All percentages zero/invalid in row 37696
Warning: All percentages zero/invalid in row 37697
Warning: All percentages zero/invalid in row 37698
Warning: All percentages zero/invalid in row 37699
Warning: All percentages zero/invalid in row 37700
Warning: All percentages zero/invalid in row 37701
Warning: All percentages zero/invalid in row 37702
Warning: All percentages zero/invalid in row 37703
Warning: All percentages zero/invalid in row 37704
Warning: All percentages zero/invalid in row 37705
Warning: All percentages zero/invalid in row 37706
Warning: All percentages zero/invalid in row 37707
Warning: All percentages zero/invalid in row 37708
Warning: All percentages zero/invalid in row 37709
Warning: All percentages zero/invalid in row 37710
Warning: All percentages zero/invalid in row 37711
Warning: All percentages zero/invalid in row 37712
Warning: All percentages zero/invalid in row 37713
Warning: All percentages zero/invalid in row 37715
Warning: All percentages zero/invalid in row 37716
Warning: All percentages zero/invalid in row 37717
Warning: All percentages zero/invalid in row 37718
Warning: All percentages zero/invalid in row 37719
Warning: All percentages zero/invalid in row 37720
Warning: All percentages zero/invalid in row 37721
Warning: All percentages zero/invalid in row 37722
Warning: All percentages zero/invalid in row 37723
Warning: All percentages zero/invalid in row 37724
Warning: All percentages zero/invalid in row 37725
Warning: All percentages zero/invalid in row 37726
Warning: All percentages zero/invalid in row 37727
Warning: All percentages zero/invalid in row 37728
Warning: All percentages zero/invalid in row 37729
Warning: All percentages zero/invalid in row 37730
Warning: All percentages zero/invalid in row 37731
Warning: All percentages zero/invalid in row 37732
Warning: All percentages zero/invalid in row 37733
Warning: All percentages zero/invalid in row 37734
Warning: All percentages zero/invalid in row 37735
Warning: All percentages zero/invalid in row 37736
Warning: All percentages zero/invalid in row 37737
Warning: All percentages zero/invalid in row 37738
Warning: All percentages zero/invalid in row 37739
Warning: All percentages zero/invalid in row 37740
Warning: All percentages zero/invalid in row 37741
Warning: All percentages zero/invalid in row 37742
Warning: All percentages zero/invalid in row 37743
Warning: All percentages zero/invalid in row 37744
Warning: All percentages zero/invalid in row 37745
Warning: All percentages zero/invalid in row 37746
Warning: All percentages zero/invalid in row 37747
Warning: All percentages zero/invalid in row 37748
Warning: All percentages zero/invalid in row 37749
Warning: All percentages zero/invalid in row 37750
Warning: All percentages zero/invalid in row 37751
Warning: All percentages zero/invalid in row 37752
Warning: All percentages zero/invalid in row 37753
Warning: All percentages zero/invalid in row 37754
Warning: All percentages zero/invalid in row 37755
Warning: All percentages zero/invalid in row 37756
Warning: All percentages zero/invalid in row 37757
Warning: All percentages zero/invalid in row 37758
Warning: All percentages zero/invalid in row 37759
Warning: All percentages zero/invalid in row 37760
Warning: All percentages zero/invalid in row 37761
Warning: All percentages zero/invalid in row 37762
Warning: All percentages zero/invalid in row 37763
Warning: All percentages zero/invalid in row 37764
Warning: All percentages zero/invalid in row 37765
Warning: All percentages zero/invalid in row 37766
Warning: All percentages zero/invalid in row 37767
Warning: All percentages zero/invalid in row 37768
Warning: All percentages zero/invalid in row 37769
Warning: All percentages zero/invalid in row 37770
Warning: All percentages zero/invalid in row 37771
Warning: All percentages zero/invalid in row 37772
Warning: All percentages zero/invalid in row 37773
Warning: All percentages zero/invalid in row 37774
Warning: All percentages zero/invalid in row 37775
Warning: All percentages zero/invalid in row 37776
Warning: All percentages zero/invalid in row 37777
Warning: All percentages zero/invalid in row 37778
Warning: All percentages zero/invalid in row 37779
Warning: All percentages zero/invalid in row 37780
Warning: All percentages zero/invalid in row 37781
Warning: All percentages zero/invalid in row 37782
Warning: All percentages zero/invalid in row 37783
Warning: All percentages zero/invalid in row 37784
Warning: All percentages zero/invalid in row 37785
Warning: All percentages zero/invalid in row 37786
Warning: All percentages zero/invalid in row 37787
Warning: All percentages zero/invalid in row 37788
Warning: All percentages zero/invalid in row 37789
Warning: All percentages zero/invalid in row 37790
Warning: All percentages zero/invalid in row 37791
Warning: All percentages zero/invalid in row 37792
Warning: All percentages zero/invalid in row 37793
Warning: All percentages zero/invalid in row 37794
Warning: All percentages zero/invalid in row 37795
Warning: All percentages zero/invalid in row 37796
Warning: All percentages zero/invalid in row 37797
Warning: All percentages zero/invalid in row 37798
Warning: All percentages zero/invalid in row 37799
Warning: All percentages zero/invalid in row 37800
Warning: All percentages zero/invalid in row 37801
Warning: All percentages zero/invalid in row 37802
Warning: All percentages zero/invalid in row 37803
Warning: All percentages zero/invalid in row 37804
Warning: All percentages zero/invalid in row 37805
Warning: All percentages zero/invalid in row 37806
Warning: All percentages zero/invalid in row 37807
Warning: All percentages zero/invalid in row 37808
Warning: All percentages zero/invalid in row 37809
Warning: All percentages zero/invalid in row 37810
Warning: All percentages zero/invalid in row 37811
Warning: All percentages zero/invalid in row 37812
Warning: All percentages zero/invalid in row 37813
Warning: All percentages zero/invalid in row 37814
Warning: All percentages zero/invalid in row 37815
Warning: All percentages zero/invalid in row 37816
Warning: All percentages zero/invalid in row 37817
Warning: All percentages zero/invalid in row 37818
Warning: All percentages zero/invalid in row 37819
Warning: All percentages zero/invalid in row 37820
Warning: All percentages zero/invalid in row 37821
Warning: All percentages zero/invalid in row 37822
Warning: All percentages zero/invalid in row 37823
Warning: All percentages zero/invalid in row 37824
Warning: All percentages zero/invalid in row 37825
Warning: All percentages zero/invalid in row 37826
Warning: All percentages zero/invalid in row 37827
Warning: All percentages zero/invalid in row 37828
Warning: All percentages zero/invalid in row 37829
Warning: All percentages zero/invalid in row 37830
Warning: All percentages zero/invalid in row 37831
Warning: All percentages zero/invalid in row 37832
Warning: All percentages zero/invalid in row 37833
Warning: All percentages zero/invalid in row 37834
Warning: All percentages zero/invalid in row 37835
Warning: All percentages zero/invalid in row 37836
Warning: All percentages zero/invalid in row 37837
Warning: All percentages zero/invalid in row 37838
Warning: All percentages zero/invalid in row 37839
Warning: All percentages zero/invalid in row 37840
Warning: All percentages zero/invalid in row 37841
Warning: All percentages zero/invalid in row 37842
Warning: All percentages zero/invalid in row 37843
Warning: All percentages zero/invalid in row 37844
Warning: All percentages zero/invalid in row 37845
Warning: All percentages zero/invalid in row 37846
Warning: All percentages zero/invalid in row 37847
Warning: All percentages zero/invalid in row 37848
Warning: All percentages zero/invalid in row 37849
Warning: All percentages zero/invalid in row 37850
Warning: All percentages zero/invalid in row 37851
Warning: All percentages zero/invalid in row 37852
Warning: All percentages zero/invalid in row 37853
Warning: All percentages zero/invalid in row 37854
Warning: All percentages zero/invalid in row 37855
Warning: All percentages zero/invalid in row 37856
Warning: All percentages zero/invalid in row 37857
Warning: All percentages zero/invalid in row 37858
Warning: All percentages zero/invalid in row 37859
Warning: All percentages zero/invalid in row 37860
Warning: All percentages zero/invalid in row 37861
Warning: All percentages zero/invalid in row 37862
Warning: All percentages zero/invalid in row 37863
Warning: All percentages zero/invalid in row 37864
Warning: All percentages zero/invalid in row 37865
Warning: All percentages zero/invalid in row 37866
Warning: All percentages zero/invalid in row 37867
Warning: All percentages zero/invalid in row 37868
Warning: All percentages zero/invalid in row 37869
Warning: All percentages zero/invalid in row 37870
Warning: All percentages zero/invalid in row 37871
Warning: All percentages zero/invalid in row 37872
Warning: All percentages zero/invalid in row 37873
Warning: All percentages zero/invalid in row 37874
Warning: All percentages zero/invalid in row 37875
Warning: All percentages zero/invalid in row 37876
Warning: All percentages zero/invalid in row 37877
Warning: All percentages zero/invalid in row 37878
Warning: All percentages zero/invalid in row 37879
Warning: All percentages zero/invalid in row 37880
Warning: All percentages zero/invalid in row 37881
Warning: All percentages zero/invalid in row 37882
Warning: All percentages zero/invalid in row 37883
Warning: All percentages zero/invalid in row 37884
Warning: All percentages zero/invalid in row 37885
Warning: All percentages zero/invalid in row 37886
Warning: All percentages zero/invalid in row 37887
Warning: All percentages zero/invalid in row 37888
Warning: All percentages zero/invalid in row 37889
Warning: All percentages zero/invalid in row 37890
Warning: All percentages zero/invalid in row 37891
Warning: All percentages zero/invalid in row 37892
Warning: All percentages zero/invalid in row 37893
Warning: All percentages zero/invalid in row 37894
Warning: All percentages zero/invalid in row 37895
Warning: All percentages zero/invalid in row 37896
Warning: All percentages zero/invalid in row 37897
Warning: All percentages zero/invalid in row 37898
Warning: All percentages zero/invalid in row 37899
Warning: All percentages zero/invalid in row 37900
Warning: All percentages zero/invalid in row 37901
Warning: All percentages zero/invalid in row 37903
Warning: All percentages zero/invalid in row 37905
Warning: All percentages zero/invalid in row 37906
Warning: All percentages zero/invalid in row 37907
Warning: All percentages zero/invalid in row 37908
Warning: All percentages zero/invalid in row 37909
Warning: All percentages zero/invalid in row 37910
Warning: All percentages zero/invalid in row 37911
Warning: All percentages zero/invalid in row 37912
Warning: All percentages zero/invalid in row 37913
Warning: All percentages zero/invalid in row 37914
Warning: All percentages zero/invalid in row 37915
Warning: All percentages zero/invalid in row 37916
Warning: All percentages zero/invalid in row 37917
Warning: All percentages zero/invalid in row 37918
Warning: All percentages zero/invalid in row 37920
Warning: All percentages zero/invalid in row 37921
Warning: All percentages zero/invalid in row 37922
Warning: All percentages zero/invalid in row 37923
Warning: All percentages zero/invalid in row 37924
Warning: All percentages zero/invalid in row 37925
Warning: All percentages zero/invalid in row 37926
Warning: All percentages zero/invalid in row 37927
Warning: All percentages zero/invalid in row 37928
Warning: All percentages zero/invalid in row 37929
Warning: All percentages zero/invalid in row 37930
Warning: All percentages zero/invalid in row 37959
Warning: All percentages zero/invalid in row 37971
Warning: All percentages zero/invalid in row 37972
Warning: All percentages zero/invalid in row 37973
Warning: All percentages zero/invalid in row 38012
Warning: All percentages zero/invalid in row 38041
Warning: All percentages zero/invalid in row 38045
Warning: All percentages zero/invalid in row 38069
Warning: All percentages zero/invalid in row 38081
Warning: All percentages zero/invalid in row 38103
Warning: All percentages zero/invalid in row 38104
Warning: All percentages zero/invalid in row 38105
Warning: All percentages zero/invalid in row 38117
Warning: All percentages zero/invalid in row 38149
Warning: All percentages zero/invalid in row 38150
Warning: All percentages zero/invalid in row 38154
Warning: All percentages zero/invalid in row 38155
Warning: All percentages zero/invalid in row 38159
Warning: All percentages zero/invalid in row 38160
Warning: All percentages zero/invalid in row 38161
Warning: All percentages zero/invalid in row 38162
Warning: All percentages zero/invalid in row 38163
Warning: All percentages zero/invalid in row 38164
Warning: All percentages zero/invalid in row 38165
Warning: All percentages zero/invalid in row 38166
Warning: All percentages zero/invalid in row 38167
Warning: All percentages zero/invalid in row 38168
Warning: All percentages zero/invalid in row 38169
Warning: All percentages zero/invalid in row 38170
Warning: All percentages zero/invalid in row 38171
Warning: All percentages zero/invalid in row 38172
Warning: All percentages zero/invalid in row 38173
Warning: All percentages zero/invalid in row 38174
Warning: All percentages zero/invalid in row 38175
Warning: All percentages zero/invalid in row 38176
Warning: All percentages zero/invalid in row 38177
Warning: All percentages zero/invalid in row 38178
Warning: All percentages zero/invalid in row 38179
Warning: All percentages zero/invalid in row 38180
Warning: All percentages zero/invalid in row 38181
Warning: All percentages zero/invalid in row 38182
Warning: All percentages zero/invalid in row 38183
Warning: All percentages zero/invalid in row 38184
Warning: All percentages zero/invalid in row 38185
Warning: All percentages zero/invalid in row 38186
Warning: All percentages zero/invalid in row 38187
Warning: All percentages zero/invalid in row 38188
Warning: All percentages zero/invalid in row 38189
Warning: All percentages zero/invalid in row 38190
Warning: All percentages zero/invalid in row 38191
Warning: All percentages zero/invalid in row 38192
Warning: All percentages zero/invalid in row 38193
Warning: All percentages zero/invalid in row 38194
Warning: All percentages zero/invalid in row 38195
Warning: All percentages zero/invalid in row 38196
Warning: All percentages zero/invalid in row 38197
Warning: All percentages zero/invalid in row 38198
Warning: All percentages zero/invalid in row 38199
Warning: All percentages zero/invalid in row 38200
Warning: All percentages zero/invalid in row 38201
Warning: All percentages zero/invalid in row 38202
Warning: All percentages zero/invalid in row 38203
Warning: All percentages zero/invalid in row 38204
Warning: All percentages zero/invalid in row 38205
Warning: All percentages zero/invalid in row 38206
Warning: All percentages zero/invalid in row 38207
Warning: All percentages zero/invalid in row 38208
Warning: All percentages zero/invalid in row 38209
Warning: All percentages zero/invalid in row 38210
Warning: All percentages zero/invalid in row 38211
Warning: All percentages zero/invalid in row 38212
Warning: All percentages zero/invalid in row 38213
Warning: All percentages zero/invalid in row 38214
Warning: All percentages zero/invalid in row 38215
Warning: All percentages zero/invalid in row 38216
Warning: All percentages zero/invalid in row 38217
Warning: All percentages zero/invalid in row 38218
Warning: All percentages zero/invalid in row 38219
Warning: All percentages zero/invalid in row 38220
Warning: All percentages zero/invalid in row 38221
Warning: All percentages zero/invalid in row 38222
Warning: All percentages zero/invalid in row 38223
Warning: All percentages zero/invalid in row 38224
Warning: All percentages zero/invalid in row 38225
Warning: All percentages zero/invalid in row 38226
Warning: All percentages zero/invalid in row 38227
Warning: All percentages zero/invalid in row 38228
Warning: All percentages zero/invalid in row 38229
Warning: All percentages zero/invalid in row 38230
Warning: All percentages zero/invalid in row 38231
Warning: All percentages zero/invalid in row 38232
Warning: All percentages zero/invalid in row 38233
Warning: All percentages zero/invalid in row 38234
Warning: All percentages zero/invalid in row 38235
Warning: All percentages zero/invalid in row 38236
Warning: All percentages zero/invalid in row 38237
Warning: All percentages zero/invalid in row 38238
Warning: All percentages zero/invalid in row 38239
Warning: All percentages zero/invalid in row 38240
Warning: All percentages zero/invalid in row 38241
Warning: All percentages zero/invalid in row 38242
Warning: All percentages zero/invalid in row 38243
Warning: All percentages zero/invalid in row 38244
Warning: All percentages zero/invalid in row 38245
Warning: All percentages zero/invalid in row 38246
Warning: All percentages zero/invalid in row 38247
Warning: All percentages zero/invalid in row 38248
Warning: All percentages zero/invalid in row 38249
Warning: All percentages zero/invalid in row 38250
Warning: All percentages zero/invalid in row 38251
Warning: All percentages zero/invalid in row 38252
Warning: All percentages zero/invalid in row 38253
Warning: All percentages zero/invalid in row 38254
Warning: All percentages zero/invalid in row 38255
Warning: All percentages zero/invalid in row 38256
Warning: All percentages zero/invalid in row 38257
Warning: All percentages zero/invalid in row 38258
Warning: All percentages zero/invalid in row 38259
Warning: All percentages zero/invalid in row 38260
Warning: All percentages zero/invalid in row 38261
Warning: All percentages zero/invalid in row 38262
Warning: All percentages zero/invalid in row 38263
Warning: All percentages zero/invalid in row 38264
Warning: All percentages zero/invalid in row 38265
Warning: All percentages zero/invalid in row 38266
Warning: All percentages zero/invalid in row 38267
Warning: All percentages zero/invalid in row 38268
Warning: All percentages zero/invalid in row 38269
Warning: All percentages zero/invalid in row 38270
Warning: All percentages zero/invalid in row 38271
Warning: All percentages zero/invalid in row 38272
Warning: All percentages zero/invalid in row 38273
Warning: All percentages zero/invalid in row 38274
Warning: All percentages zero/invalid in row 38275
Warning: All percentages zero/invalid in row 38276
Warning: All percentages zero/invalid in row 38277
Warning: All percentages zero/invalid in row 38278
Warning: All percentages zero/invalid in row 38279
Warning: All percentages zero/invalid in row 38280
Warning: All percentages zero/invalid in row 38281
Warning: All percentages zero/invalid in row 38283
Warning: All percentages zero/invalid in row 38284
Warning: All percentages zero/invalid in row 38285
Warning: All percentages zero/invalid in row 38286
Warning: All percentages zero/invalid in row 38288
Warning: All percentages zero/invalid in row 38289
Warning: All percentages zero/invalid in row 38292
Warning: All percentages zero/invalid in row 38311
Warning: All percentages zero/invalid in row 38312
Warning: All percentages zero/invalid in row 38314
Warning: All percentages zero/invalid in row 38317
Warning: All percentages zero/invalid in row 38325
Warning: All percentages zero/invalid in row 38326
Warning: All percentages zero/invalid in row 38327
Warning: All percentages zero/invalid in row 38328
Warning: All percentages zero/invalid in row 38329
Warning: All percentages zero/invalid in row 38330
Warning: All percentages zero/invalid in row 38331
Warning: All percentages zero/invalid in row 38332
Warning: All percentages zero/invalid in row 38333
Warning: All percentages zero/invalid in row 38334
Warning: All percentages zero/invalid in row 38335
Warning: All percentages zero/invalid in row 38336
Warning: All percentages zero/invalid in row 38337
Warning: All percentages zero/invalid in row 38338
Warning: All percentages zero/invalid in row 38339
Warning: All percentages zero/invalid in row 38340
Warning: All percentages zero/invalid in row 38341
Warning: All percentages zero/invalid in row 38342
Warning: All percentages zero/invalid in row 38343
Warning: All percentages zero/invalid in row 38344
Warning: All percentages zero/invalid in row 38345
Warning: All percentages zero/invalid in row 38346
Warning: All percentages zero/invalid in row 38347
Warning: All percentages zero/invalid in row 38348
Warning: All percentages zero/invalid in row 38349
Warning: All percentages zero/invalid in row 38350
Warning: All percentages zero/invalid in row 38351
Warning: All percentages zero/invalid in row 38352
Warning: All percentages zero/invalid in row 38353
Warning: All percentages zero/invalid in row 38354
Warning: All percentages zero/invalid in row 38355
Warning: All percentages zero/invalid in row 38356
Warning: All percentages zero/invalid in row 38357
Warning: All percentages zero/invalid in row 38358
Warning: All percentages zero/invalid in row 38359
Warning: All percentages zero/invalid in row 38360
Warning: All percentages zero/invalid in row 38361
Warning: All percentages zero/invalid in row 38362
Warning: All percentages zero/invalid in row 38363
Warning: All percentages zero/invalid in row 38364
Warning: All percentages zero/invalid in row 38365
Warning: All percentages zero/invalid in row 38366
Warning: All percentages zero/invalid in row 38367
Warning: All percentages zero/invalid in row 38368
Warning: All percentages zero/invalid in row 38369
Warning: All percentages zero/invalid in row 38370
Warning: All percentages zero/invalid in row 38371
Warning: All percentages zero/invalid in row 38372
Warning: All percentages zero/invalid in row 38373
Warning: All percentages zero/invalid in row 38374
Warning: All percentages zero/invalid in row 38375
Warning: All percentages zero/invalid in row 38376
Warning: All percentages zero/invalid in row 38377
Warning: All percentages zero/invalid in row 38378
Warning: All percentages zero/invalid in row 38379
Warning: All percentages zero/invalid in row 38380
Warning: All percentages zero/invalid in row 38381
Warning: All percentages zero/invalid in row 38382
Warning: All percentages zero/invalid in row 38383
Warning: All percentages zero/invalid in row 38384
Warning: All percentages zero/invalid in row 38385
Warning: All percentages zero/invalid in row 38386
Warning: All percentages zero/invalid in row 38387
Warning: All percentages zero/invalid in row 38388
Warning: All percentages zero/invalid in row 38389
Warning: All percentages zero/invalid in row 38390
Warning: All percentages zero/invalid in row 38391
Warning: All percentages zero/invalid in row 38392
Warning: All percentages zero/invalid in row 38393
Warning: All percentages zero/invalid in row 38394
Warning: All percentages zero/invalid in row 38395
Warning: All percentages zero/invalid in row 38396
Warning: All percentages zero/invalid in row 38397
Warning: All percentages zero/invalid in row 38398
Warning: All percentages zero/invalid in row 38399
Warning: All percentages zero/invalid in row 38400
Warning: All percentages zero/invalid in row 38401
Warning: All percentages zero/invalid in row 38402
Warning: All percentages zero/invalid in row 38403
Warning: All percentages zero/invalid in row 38404
Warning: All percentages zero/invalid in row 38405
Warning: All percentages zero/invalid in row 38406
Warning: All percentages zero/invalid in row 38407
Warning: All percentages zero/invalid in row 38408
Warning: All percentages zero/invalid in row 38409
Warning: All percentages zero/invalid in row 38410
Warning: All percentages zero/invalid in row 38411
Warning: All percentages zero/invalid in row 38412
Warning: All percentages zero/invalid in row 38413
Warning: All percentages zero/invalid in row 38414
Warning: All percentages zero/invalid in row 38415
Warning: All percentages zero/invalid in row 38416
Warning: All percentages zero/invalid in row 38417
Warning: All percentages zero/invalid in row 38418
Warning: All percentages zero/invalid in row 38419
Warning: All percentages zero/invalid in row 38420
Warning: All percentages zero/invalid in row 38421
Warning: All percentages zero/invalid in row 38422
Warning: All percentages zero/invalid in row 38423
Warning: All percentages zero/invalid in row 38424
Warning: All percentages zero/invalid in row 38425
Warning: All percentages zero/invalid in row 38426
Warning: All percentages zero/invalid in row 38427
Warning: All percentages zero/invalid in row 38428
Warning: All percentages zero/invalid in row 38429
Warning: All percentages zero/invalid in row 38430
Warning: All percentages zero/invalid in row 38431
Warning: All percentages zero/invalid in row 38432
Warning: All percentages zero/invalid in row 38433
Warning: All percentages zero/invalid in row 38434
Warning: All percentages zero/invalid in row 38435
Warning: All percentages zero/invalid in row 38436
Warning: All percentages zero/invalid in row 38437
Warning: All percentages zero/invalid in row 38438
Warning: All percentages zero/invalid in row 38439
Warning: All percentages zero/invalid in row 38440
Warning: All percentages zero/invalid in row 38441
Warning: All percentages zero/invalid in row 38442
Warning: All percentages zero/invalid in row 38443
Warning: All percentages zero/invalid in row 38444
Warning: All percentages zero/invalid in row 38445
Warning: All percentages zero/invalid in row 38446
Warning: All percentages zero/invalid in row 38447
Warning: All percentages zero/invalid in row 38448
Warning: All percentages zero/invalid in row 38449
Warning: All percentages zero/invalid in row 38450
Warning: All percentages zero/invalid in row 38451
Warning: All percentages zero/invalid in row 38452
Warning: All percentages zero/invalid in row 38453
Warning: All percentages zero/invalid in row 38454
Warning: All percentages zero/invalid in row 38455
Warning: All percentages zero/invalid in row 38456
Warning: All percentages zero/invalid in row 38457
Warning: All percentages zero/invalid in row 38458
Warning: All percentages zero/invalid in row 38459
Warning: All percentages zero/invalid in row 38460
Warning: All percentages zero/invalid in row 38461
Warning: All percentages zero/invalid in row 38462
Warning: All percentages zero/invalid in row 38463
Warning: All percentages zero/invalid in row 38464
Warning: All percentages zero/invalid in row 38465
Warning: All percentages zero/invalid in row 38466
Warning: All percentages zero/invalid in row 38467
Warning: All percentages zero/invalid in row 38468
Warning: All percentages zero/invalid in row 38469
Warning: All percentages zero/invalid in row 38470
Warning: All percentages zero/invalid in row 38471
Warning: All percentages zero/invalid in row 38472
Warning: All percentages zero/invalid in row 38473
Warning: All percentages zero/invalid in row 38474
Warning: All percentages zero/invalid in row 38475
Warning: All percentages zero/invalid in row 38476
Warning: All percentages zero/invalid in row 38477
Warning: All percentages zero/invalid in row 38478
Warning: All percentages zero/invalid in row 38479
Warning: All percentages zero/invalid in row 38480
Warning: All percentages zero/invalid in row 38481
Warning: All percentages zero/invalid in row 38482
Warning: All percentages zero/invalid in row 38483
Warning: All percentages zero/invalid in row 38484
Warning: All percentages zero/invalid in row 38485
Warning: All percentages zero/invalid in row 38486
Warning: All percentages zero/invalid in row 38487
Warning: All percentages zero/invalid in row 38488
Warning: All percentages zero/invalid in row 38489
Warning: All percentages zero/invalid in row 38490
Warning: All percentages zero/invalid in row 38491
Warning: All percentages zero/invalid in row 38492
Warning: All percentages zero/invalid in row 38493
Warning: All percentages zero/invalid in row 38494
Warning: All percentages zero/invalid in row 38495
Warning: All percentages zero/invalid in row 38496
Warning: All percentages zero/invalid in row 38497
Warning: All percentages zero/invalid in row 38498
Warning: All percentages zero/invalid in row 38499
Warning: All percentages zero/invalid in row 38500
Warning: All percentages zero/invalid in row 38501
Warning: All percentages zero/invalid in row 38502
Warning: All percentages zero/invalid in row 38503
Warning: All percentages zero/invalid in row 38504
Warning: All percentages zero/invalid in row 38505
Warning: All percentages zero/invalid in row 38506
Warning: All percentages zero/invalid in row 38507
Warning: All percentages zero/invalid in row 38508
Warning: All percentages zero/invalid in row 38509
Warning: All percentages zero/invalid in row 38510
Warning: All percentages zero/invalid in row 38511
Warning: All percentages zero/invalid in row 38512
Warning: All percentages zero/invalid in row 38513
Warning: All percentages zero/invalid in row 38514
Warning: All percentages zero/invalid in row 38515
Warning: All percentages zero/invalid in row 38516
Warning: All percentages zero/invalid in row 38517
Warning: All percentages zero/invalid in row 38518
Warning: All percentages zero/invalid in row 38519
Warning: All percentages zero/invalid in row 38520
Warning: All percentages zero/invalid in row 38521
Warning: All percentages zero/invalid in row 38522
Warning: All percentages zero/invalid in row 38523
Warning: All percentages zero/invalid in row 38524
Warning: All percentages zero/invalid in row 38525
Warning: All percentages zero/invalid in row 38526
Warning: All percentages zero/invalid in row 38527
Warning: All percentages zero/invalid in row 38528
Warning: All percentages zero/invalid in row 38529
Warning: All percentages zero/invalid in row 38530
Warning: All percentages zero/invalid in row 38531
Warning: All percentages zero/invalid in row 38532
Warning: All percentages zero/invalid in row 38533
Warning: All percentages zero/invalid in row 38534
Warning: All percentages zero/invalid in row 38535
Warning: All percentages zero/invalid in row 38536
Warning: All percentages zero/invalid in row 38537
Warning: All percentages zero/invalid in row 38538
Warning: All percentages zero/invalid in row 38539
Warning: All percentages zero/invalid in row 38540
Warning: All percentages zero/invalid in row 38541
Warning: All percentages zero/invalid in row 38542
Warning: All percentages zero/invalid in row 38543
Warning: All percentages zero/invalid in row 38544
Warning: All percentages zero/invalid in row 38545
Warning: All percentages zero/invalid in row 38546
Warning: All percentages zero/invalid in row 38547
Warning: All percentages zero/invalid in row 38548
Warning: All percentages zero/invalid in row 38549
Warning: All percentages zero/invalid in row 38550
Warning: All percentages zero/invalid in row 38551
Warning: All percentages zero/invalid in row 38552
Warning: All percentages zero/invalid in row 38553
Warning: All percentages zero/invalid in row 38554
Warning: All percentages zero/invalid in row 38555
Warning: All percentages zero/invalid in row 38556
Warning: All percentages zero/invalid in row 38557
Warning: All percentages zero/invalid in row 38558
Warning: All percentages zero/invalid in row 38559
Warning: All percentages zero/invalid in row 38560
Warning: All percentages zero/invalid in row 38561
Warning: All percentages zero/invalid in row 38562
Warning: All percentages zero/invalid in row 38563
Warning: All percentages zero/invalid in row 38564
Warning: All percentages zero/invalid in row 38565
Warning: All percentages zero/invalid in row 38566
Warning: All percentages zero/invalid in row 38567
Warning: All percentages zero/invalid in row 38568
Warning: All percentages zero/invalid in row 38569
Warning: All percentages zero/invalid in row 38570
Warning: All percentages zero/invalid in row 38571
Warning: All percentages zero/invalid in row 38572
Warning: All percentages zero/invalid in row 38573
Warning: All percentages zero/invalid in row 38574
Warning: All percentages zero/invalid in row 38575
Warning: All percentages zero/invalid in row 38576
Warning: All percentages zero/invalid in row 38577
Warning: All percentages zero/invalid in row 38578
Warning: All percentages zero/invalid in row 38579
Warning: All percentages zero/invalid in row 38580
Warning: All percentages zero/invalid in row 38581
Warning: All percentages zero/invalid in row 38582
Warning: All percentages zero/invalid in row 38583
Warning: All percentages zero/invalid in row 38584
Warning: All percentages zero/invalid in row 38585
Warning: All percentages zero/invalid in row 38586
Warning: All percentages zero/invalid in row 38587
Warning: All percentages zero/invalid in row 38588
Warning: All percentages zero/invalid in row 38589
Warning: All percentages zero/invalid in row 38590
Warning: All percentages zero/invalid in row 38591
Warning: All percentages zero/invalid in row 38592
Warning: All percentages zero/invalid in row 38593
Warning: All percentages zero/invalid in row 38594
Warning: All percentages zero/invalid in row 38595
Warning: All percentages zero/invalid in row 38596
Warning: All percentages zero/invalid in row 38597
Warning: All percentages zero/invalid in row 38598
Warning: All percentages zero/invalid in row 38599
Warning: All percentages zero/invalid in row 38600
Warning: All percentages zero/invalid in row 38601
Warning: All percentages zero/invalid in row 38602
Warning: All percentages zero/invalid in row 38603
Warning: All percentages zero/invalid in row 38604
Warning: All percentages zero/invalid in row 38605
Warning: All percentages zero/invalid in row 38606
Warning: All percentages zero/invalid in row 38607
Warning: All percentages zero/invalid in row 38608
Warning: All percentages zero/invalid in row 38609
Warning: All percentages zero/invalid in row 38610
Warning: All percentages zero/invalid in row 38611
Warning: All percentages zero/invalid in row 38612
Warning: All percentages zero/invalid in row 38613
Warning: All percentages zero/invalid in row 38614
Warning: All percentages zero/invalid in row 38615
Warning: All percentages zero/invalid in row 38616
Warning: All percentages zero/invalid in row 38617
Warning: All percentages zero/invalid in row 38618
Warning: All percentages zero/invalid in row 38619
Warning: All percentages zero/invalid in row 38620
Warning: All percentages zero/invalid in row 38621
Warning: All percentages zero/invalid in row 38622
Warning: All percentages zero/invalid in row 38623
Warning: All percentages zero/invalid in row 38624
Warning: All percentages zero/invalid in row 38625
Warning: All percentages zero/invalid in row 38626
Warning: All percentages zero/invalid in row 38627
Warning: All percentages zero/invalid in row 38628
Warning: All percentages zero/invalid in row 38629
Warning: All percentages zero/invalid in row 38630
Warning: All percentages zero/invalid in row 38631
Warning: All percentages zero/invalid in row 38632
Warning: All percentages zero/invalid in row 38633
Warning: All percentages zero/invalid in row 38634
Warning: All percentages zero/invalid in row 38635
Warning: All percentages zero/invalid in row 38636
Warning: All percentages zero/invalid in row 38637
Warning: All percentages zero/invalid in row 38638
Warning: All percentages zero/invalid in row 38639
Warning: All percentages zero/invalid in row 38640
Warning: All percentages zero/invalid in row 38641
Warning: All percentages zero/invalid in row 38642
Warning: All percentages zero/invalid in row 38643
Warning: All percentages zero/invalid in row 38644
Warning: All percentages zero/invalid in row 38645
Warning: All percentages zero/invalid in row 38646
Warning: All percentages zero/invalid in row 38647
Warning: All percentages zero/invalid in row 38648
Warning: All percentages zero/invalid in row 38649
Warning: All percentages zero/invalid in row 38650
Warning: All percentages zero/invalid in row 38651
Warning: All percentages zero/invalid in row 38652
Warning: All percentages zero/invalid in row 38653
Warning: All percentages zero/invalid in row 38654
Warning: All percentages zero/invalid in row 38655
Warning: All percentages zero/invalid in row 38656
Warning: All percentages zero/invalid in row 38657
Warning: All percentages zero/invalid in row 38658
Warning: All percentages zero/invalid in row 38659
Warning: All percentages zero/invalid in row 38660
Warning: All percentages zero/invalid in row 38661
Warning: All percentages zero/invalid in row 38662
Warning: All percentages zero/invalid in row 38663
Warning: All percentages zero/invalid in row 38664
Warning: All percentages zero/invalid in row 38665
Warning: All percentages zero/invalid in row 38666
Warning: All percentages zero/invalid in row 38667
Warning: All percentages zero/invalid in row 38668
Warning: All percentages zero/invalid in row 38669
Warning: All percentages zero/invalid in row 38670
Warning: All percentages zero/invalid in row 38671
Warning: All percentages zero/invalid in row 38672
Warning: All percentages zero/invalid in row 38673
Warning: All percentages zero/invalid in row 38674
Warning: All percentages zero/invalid in row 38675
Warning: All percentages zero/invalid in row 38676
Warning: All percentages zero/invalid in row 38677
Warning: All percentages zero/invalid in row 38678
Warning: All percentages zero/invalid in row 38679
Warning: All percentages zero/invalid in row 38680
Warning: All percentages zero/invalid in row 38681
Warning: All percentages zero/invalid in row 38682
Warning: All percentages zero/invalid in row 38683
Warning: All percentages zero/invalid in row 38684
Warning: All percentages zero/invalid in row 38685
Warning: All percentages zero/invalid in row 38686
Warning: All percentages zero/invalid in row 38687
Warning: All percentages zero/invalid in row 38688
Warning: All percentages zero/invalid in row 38689
Warning: All percentages zero/invalid in row 38690
Warning: All percentages zero/invalid in row 38691
Warning: All percentages zero/invalid in row 38692
Warning: All percentages zero/invalid in row 38693
Warning: All percentages zero/invalid in row 38694
Warning: All percentages zero/invalid in row 38695
Warning: All percentages zero/invalid in row 38696
Warning: All percentages zero/invalid in row 38697
Warning: All percentages zero/invalid in row 38698
Warning: All percentages zero/invalid in row 38699
Warning: All percentages zero/invalid in row 38700
Warning: All percentages zero/invalid in row 38701
Warning: All percentages zero/invalid in row 38702
Warning: All percentages zero/invalid in row 38703
Warning: All percentages zero/invalid in row 38704
Warning: All percentages zero/invalid in row 38705
Warning: All percentages zero/invalid in row 38706
Warning: All percentages zero/invalid in row 38707
Warning: All percentages zero/invalid in row 38708
Warning: All percentages zero/invalid in row 38709
Warning: All percentages zero/invalid in row 38710
Warning: All percentages zero/invalid in row 38711
Warning: All percentages zero/invalid in row 38712
Warning: All percentages zero/invalid in row 38713
Warning: All percentages zero/invalid in row 38714
Warning: All percentages zero/invalid in row 38715
Warning: All percentages zero/invalid in row 38716
Warning: All percentages zero/invalid in row 38717
Warning: All percentages zero/invalid in row 38718
Warning: All percentages zero/invalid in row 38719
Warning: All percentages zero/invalid in row 38720
Warning: All percentages zero/invalid in row 38721
Warning: All percentages zero/invalid in row 38722
Warning: All percentages zero/invalid in row 38723
Warning: All percentages zero/invalid in row 38724
Warning: All percentages zero/invalid in row 38725
Warning: All percentages zero/invalid in row 38726
Warning: All percentages zero/invalid in row 38727
Warning: All percentages zero/invalid in row 38728
Warning: All percentages zero/invalid in row 38729
Warning: All percentages zero/invalid in row 38730
Warning: All percentages zero/invalid in row 38731
Warning: All percentages zero/invalid in row 38732
Warning: All percentages zero/invalid in row 38733
Warning: All percentages zero/invalid in row 38734
Warning: All percentages zero/invalid in row 38735
Warning: All percentages zero/invalid in row 38736
Warning: All percentages zero/invalid in row 38737
Warning: All percentages zero/invalid in row 38738
Warning: All percentages zero/invalid in row 38739
Warning: All percentages zero/invalid in row 38740
Warning: All percentages zero/invalid in row 38741
Warning: All percentages zero/invalid in row 38742
Warning: All percentages zero/invalid in row 38743
Warning: All percentages zero/invalid in row 38744
Warning: All percentages zero/invalid in row 38745
Warning: All percentages zero/invalid in row 38746
Warning: All percentages zero/invalid in row 38747
Warning: All percentages zero/invalid in row 38748
Warning: All percentages zero/invalid in row 38749
Warning: All percentages zero/invalid in row 38750
Warning: All percentages zero/invalid in row 38751
Warning: All percentages zero/invalid in row 38752
Warning: All percentages zero/invalid in row 38753
Warning: All percentages zero/invalid in row 38754
Warning: All percentages zero/invalid in row 38755
Warning: All percentages zero/invalid in row 38756
Warning: All percentages zero/invalid in row 38757
Warning: All percentages zero/invalid in row 38758
Warning: All percentages zero/invalid in row 38759
Warning: All percentages zero/invalid in row 38760
Warning: All percentages zero/invalid in row 38761
Warning: All percentages zero/invalid in row 38762
Warning: All percentages zero/invalid in row 38763
Warning: All percentages zero/invalid in row 38764
Warning: All percentages zero/invalid in row 38765
Warning: All percentages zero/invalid in row 38766
Warning: All percentages zero/invalid in row 38767
Warning: All percentages zero/invalid in row 38768
Warning: All percentages zero/invalid in row 38769
Warning: All percentages zero/invalid in row 38770
Warning: All percentages zero/invalid in row 38771
Warning: All percentages zero/invalid in row 38772
Warning: All percentages zero/invalid in row 38773
Warning: All percentages zero/invalid in row 38774
Warning: All percentages zero/invalid in row 38775
Warning: All percentages zero/invalid in row 38776
Warning: All percentages zero/invalid in row 38777
Warning: All percentages zero/invalid in row 38778
Warning: All percentages zero/invalid in row 38779
Warning: All percentages zero/invalid in row 38780
Warning: All percentages zero/invalid in row 38781
Warning: All percentages zero/invalid in row 38782
Warning: All percentages zero/invalid in row 38783
Warning: All percentages zero/invalid in row 38784
Warning: All percentages zero/invalid in row 38785
Warning: All percentages zero/invalid in row 38786
Warning: All percentages zero/invalid in row 38787
Warning: All percentages zero/invalid in row 38788
Warning: All percentages zero/invalid in row 38789
Warning: All percentages zero/invalid in row 38790
Warning: All percentages zero/invalid in row 38791
Warning: All percentages zero/invalid in row 38792
Warning: All percentages zero/invalid in row 38793
Warning: All percentages zero/invalid in row 38794
Warning: All percentages zero/invalid in row 38795
Warning: All percentages zero/invalid in row 38796
Warning: All percentages zero/invalid in row 38797
Warning: All percentages zero/invalid in row 38798
Warning: All percentages zero/invalid in row 38799
Warning: All percentages zero/invalid in row 38800
Warning: All percentages zero/invalid in row 38801
Warning: All percentages zero/invalid in row 38802
Warning: All percentages zero/invalid in row 38803
Warning: All percentages zero/invalid in row 38804
Warning: All percentages zero/invalid in row 38805
Warning: All percentages zero/invalid in row 38806
Warning: All percentages zero/invalid in row 38807
Warning: All percentages zero/invalid in row 38808
Warning: All percentages zero/invalid in row 38809
Warning: All percentages zero/invalid in row 38810
Warning: All percentages zero/invalid in row 38813
Warning: All percentages zero/invalid in row 38814
Warning: All percentages zero/invalid in row 38815
Warning: All percentages zero/invalid in row 38816
Warning: All percentages zero/invalid in row 38817
Warning: All percentages zero/invalid in row 38818
Warning: All percentages zero/invalid in row 38819
Warning: All percentages zero/invalid in row 38820
Warning: All percentages zero/invalid in row 38824
Warning: All percentages zero/invalid in row 38829
Warning: All percentages zero/invalid in row 38830
Warning: All percentages zero/invalid in row 38831
Warning: All percentages zero/invalid in row 38832
Warning: All percentages zero/invalid in row 38833
Warning: All percentages zero/invalid in row 38835
Warning: All percentages zero/invalid in row 38836
Warning: All percentages zero/invalid in row 38837
Warning: All percentages zero/invalid in row 38838
Warning: All percentages zero/invalid in row 38839
Warning: All percentages zero/invalid in row 38847
Warning: All percentages zero/invalid in row 38850
Warning: All percentages zero/invalid in row 38851
Warning: All percentages zero/invalid in row 38852
Warning: All percentages zero/invalid in row 38853
Warning: All percentages zero/invalid in row 38854
Warning: All percentages zero/invalid in row 38857
Warning: All percentages zero/invalid in row 38858
Warning: All percentages zero/invalid in row 38859
Warning: All percentages zero/invalid in row 38866
Warning: All percentages zero/invalid in row 38869
Warning: All percentages zero/invalid in row 38878
Warning: All percentages zero/invalid in row 38881
Warning: All percentages zero/invalid in row 38886
Warning: All percentages zero/invalid in row 38887
Warning: All percentages zero/invalid in row 38889
Warning: All percentages zero/invalid in row 38890
Warning: All percentages zero/invalid in row 38893
Warning: All percentages zero/invalid in row 38894
Warning: All percentages zero/invalid in row 38895
Warning: All percentages zero/invalid in row 38896
Warning: All percentages zero/invalid in row 38897
Warning: All percentages zero/invalid in row 38899
Warning: All percentages zero/invalid in row 38900
Warning: All percentages zero/invalid in row 38902
Warning: All percentages zero/invalid in row 38903
Warning: All percentages zero/invalid in row 38904
Warning: All percentages zero/invalid in row 38905
Warning: All percentages zero/invalid in row 38907
Warning: All percentages zero/invalid in row 38913
Warning: All percentages zero/invalid in row 38914
Warning: All percentages zero/invalid in row 38915
Warning: All percentages zero/invalid in row 38916
Warning: All percentages zero/invalid in row 38917
Warning: All percentages zero/invalid in row 38919
Warning: All percentages zero/invalid in row 38921
Warning: All percentages zero/invalid in row 38923
Warning: All percentages zero/invalid in row 38925
Warning: All percentages zero/invalid in row 38926
Warning: All percentages zero/invalid in row 38928
Warning: All percentages zero/invalid in row 38929
Warning: All percentages zero/invalid in row 38931
Warning: All percentages zero/invalid in row 38932
Warning: All percentages zero/invalid in row 38933
Warning: All percentages zero/invalid in row 38934
Warning: All percentages zero/invalid in row 38935
Warning: All percentages zero/invalid in row 38937
Warning: All percentages zero/invalid in row 38938
Warning: All percentages zero/invalid in row 38942
Warning: All percentages zero/invalid in row 38944
Warning: All percentages zero/invalid in row 38945
Warning: All percentages zero/invalid in row 38946
Warning: All percentages zero/invalid in row 38947
Warning: All percentages zero/invalid in row 38948
Warning: All percentages zero/invalid in row 38950
Warning: All percentages zero/invalid in row 38952
Warning: All percentages zero/invalid in row 38953
Warning: All percentages zero/invalid in row 38955
Warning: All percentages zero/invalid in row 38956
Warning: All percentages zero/invalid in row 38957
Warning: All percentages zero/invalid in row 38958
Warning: All percentages zero/invalid in row 38959
Warning: All percentages zero/invalid in row 38960
Warning: All percentages zero/invalid in row 38961
Warning: All percentages zero/invalid in row 38962
Warning: All percentages zero/invalid in row 38963
Warning: All percentages zero/invalid in row 38964
Warning: All percentages zero/invalid in row 38967
Warning: All percentages zero/invalid in row 38968
Warning: All percentages zero/invalid in row 38970
Warning: All percentages zero/invalid in row 38971
Warning: All percentages zero/invalid in row 39003
Warning: All percentages zero/invalid in row 39016
Warning: All percentages zero/invalid in row 39019
Warning: All percentages zero/invalid in row 39020
Warning: All percentages zero/invalid in row 39021
Warning: All percentages zero/invalid in row 39022
Warning: All percentages zero/invalid in row 39023
Warning: All percentages zero/invalid in row 39024
Warning: All percentages zero/invalid in row 39025
Warning: All percentages zero/invalid in row 39026
Warning: All percentages zero/invalid in row 39027
Warning: All percentages zero/invalid in row 39028
Warning: All percentages zero/invalid in row 39029
Warning: All percentages zero/invalid in row 39030
Warning: All percentages zero/invalid in row 39031
Warning: All percentages zero/invalid in row 39032
Warning: All percentages zero/invalid in row 39033
Warning: All percentages zero/invalid in row 39034
Warning: All percentages zero/invalid in row 39035
Warning: All percentages zero/invalid in row 39036
Warning: All percentages zero/invalid in row 39037
Warning: All percentages zero/invalid in row 39038
Warning: All percentages zero/invalid in row 39039
Warning: All percentages zero/invalid in row 39040
Warning: All percentages zero/invalid in row 39041
Warning: All percentages zero/invalid in row 39042
Warning: All percentages zero/invalid in row 39043
Warning: All percentages zero/invalid in row 39044
Warning: All percentages zero/invalid in row 39045
Warning: All percentages zero/invalid in row 39046
Warning: All percentages zero/invalid in row 39047
Warning: All percentages zero/invalid in row 39048
Warning: All percentages zero/invalid in row 39049
Warning: All percentages zero/invalid in row 39050
Warning: All percentages zero/invalid in row 39051
Warning: All percentages zero/invalid in row 39052
Warning: All percentages zero/invalid in row 39053
Warning: All percentages zero/invalid in row 39054
Warning: All percentages zero/invalid in row 39055
Warning: All percentages zero/invalid in row 39056
Warning: All percentages zero/invalid in row 39057
Warning: All percentages zero/invalid in row 39058
Warning: All percentages zero/invalid in row 39059
Warning: All percentages zero/invalid in row 39060
Warning: All percentages zero/invalid in row 39061
Warning: All percentages zero/invalid in row 39062
Warning: All percentages zero/invalid in row 39063
Warning: All percentages zero/invalid in row 39064
Warning: All percentages zero/invalid in row 39065
Warning: All percentages zero/invalid in row 39066
Warning: All percentages zero/invalid in row 39067
Warning: All percentages zero/invalid in row 39068
Warning: All percentages zero/invalid in row 39069
Warning: All percentages zero/invalid in row 39070
Warning: All percentages zero/invalid in row 39071
Warning: All percentages zero/invalid in row 39072
Warning: All percentages zero/invalid in row 39073
Warning: All percentages zero/invalid in row 39074
Warning: All percentages zero/invalid in row 39076
Warning: All percentages zero/invalid in row 39077
Warning: All percentages zero/invalid in row 39081
Warning: All percentages zero/invalid in row 39082
Warning: All percentages zero/invalid in row 39083
Warning: All percentages zero/invalid in row 39084
Warning: All percentages zero/invalid in row 39085
Warning: All percentages zero/invalid in row 39086
Warning: All percentages zero/invalid in row 39087
Warning: All percentages zero/invalid in row 39090
Warning: All percentages zero/invalid in row 39091
Warning: All percentages zero/invalid in row 39092
Warning: All percentages zero/invalid in row 39093
Warning: All percentages zero/invalid in row 39094
Warning: All percentages zero/invalid in row 39095
Warning: All percentages zero/invalid in row 39096
Warning: All percentages zero/invalid in row 39097
Warning: All percentages zero/invalid in row 39098
Warning: All percentages zero/invalid in row 39099
Warning: All percentages zero/invalid in row 39100
Warning: All percentages zero/invalid in row 39101
Warning: All percentages zero/invalid in row 39102
Warning: All percentages zero/invalid in row 39103
Warning: All percentages zero/invalid in row 39105
Warning: All percentages zero/invalid in row 39107
Warning: All percentages zero/invalid in row 39108
Warning: All percentages zero/invalid in row 39109
Warning: All percentages zero/invalid in row 39111
Warning: All percentages zero/invalid in row 39114
Warning: All percentages zero/invalid in row 39115
Warning: All percentages zero/invalid in row 39118
Warning: All percentages zero/invalid in row 39119
Warning: All percentages zero/invalid in row 39120
Warning: All percentages zero/invalid in row 39122
Warning: All percentages zero/invalid in row 39123
Warning: All percentages zero/invalid in row 39124
Warning: All percentages zero/invalid in row 39125
Warning: All percentages zero/invalid in row 39126
Warning: All percentages zero/invalid in row 39127
Warning: All percentages zero/invalid in row 39128
Warning: All percentages zero/invalid in row 39129
Warning: All percentages zero/invalid in row 39130
Warning: All percentages zero/invalid in row 39131
Warning: All percentages zero/invalid in row 39140
Warning: All percentages zero/invalid in row 39143
Warning: All percentages zero/invalid in row 39144
Warning: All percentages zero/invalid in row 39145
Warning: All percentages zero/invalid in row 39146
Warning: All percentages zero/invalid in row 39147
Warning: All percentages zero/invalid in row 39148
Warning: All percentages zero/invalid in row 39149
Warning: All percentages zero/invalid in row 39150
Warning: All percentages zero/invalid in row 39151
Warning: All percentages zero/invalid in row 39152
Warning: All percentages zero/invalid in row 39153
Warning: All percentages zero/invalid in row 39154
Warning: All percentages zero/invalid in row 39155
Warning: All percentages zero/invalid in row 39156
Warning: All percentages zero/invalid in row 39157
Warning: All percentages zero/invalid in row 39158
Warning: All percentages zero/invalid in row 39159
Warning: All percentages zero/invalid in row 39160
Warning: All percentages zero/invalid in row 39167
Warning: All percentages zero/invalid in row 39173
Warning: All percentages zero/invalid in row 39174
Warning: All percentages zero/invalid in row 39179
Warning: All percentages zero/invalid in row 39188
Warning: All percentages zero/invalid in row 39198
Warning: All percentages zero/invalid in row 39199
Warning: All percentages zero/invalid in row 39200
Warning: All percentages zero/invalid in row 39201
Warning: All percentages zero/invalid in row 39203
Warning: All percentages zero/invalid in row 39204
Warning: All percentages zero/invalid in row 39208
Warning: All percentages zero/invalid in row 39214
Warning: All percentages zero/invalid in row 39216
Warning: All percentages zero/invalid in row 39219
Warning: All percentages zero/invalid in row 39226
Warning: All percentages zero/invalid in row 39228
Warning: All percentages zero/invalid in row 39232
Warning: All percentages zero/invalid in row 39233
Warning: All percentages zero/invalid in row 39234
Warning: All percentages zero/invalid in row 39235
Warning: All percentages zero/invalid in row 39236
Warning: All percentages zero/invalid in row 39237
Warning: All percentages zero/invalid in row 39238
Warning: All percentages zero/invalid in row 39239
Warning: All percentages zero/invalid in row 39240
Warning: All percentages zero/invalid in row 39241
Warning: All percentages zero/invalid in row 39242
Warning: All percentages zero/invalid in row 39243
Warning: All percentages zero/invalid in row 39244
Warning: All percentages zero/invalid in row 39245
Warning: All percentages zero/invalid in row 39246
Warning: All percentages zero/invalid in row 39247
Warning: All percentages zero/invalid in row 39248
Warning: All percentages zero/invalid in row 39249
Warning: All percentages zero/invalid in row 39252
Warning: All percentages zero/invalid in row 39253
Warning: All percentages zero/invalid in row 39254
Warning: All percentages zero/invalid in row 39255
Warning: All percentages zero/invalid in row 39256
Warning: All percentages zero/invalid in row 39257
Warning: All percentages zero/invalid in row 39258
Warning: All percentages zero/invalid in row 39259
Warning: All percentages zero/invalid in row 39260
Warning: All percentages zero/invalid in row 39261
Warning: All percentages zero/invalid in row 39263
Warning: All percentages zero/invalid in row 39264
Warning: All percentages zero/invalid in row 39265
Warning: All percentages zero/invalid in row 39266
Warning: All percentages zero/invalid in row 39267
Warning: All percentages zero/invalid in row 39268
Warning: All percentages zero/invalid in row 39270
Warning: All percentages zero/invalid in row 39271
Warning: All percentages zero/invalid in row 39272
Warning: All percentages zero/invalid in row 39273
Warning: All percentages zero/invalid in row 39274
Warning: All percentages zero/invalid in row 39275
Warning: All percentages zero/invalid in row 39276
Warning: All percentages zero/invalid in row 39277
Warning: All percentages zero/invalid in row 39278
Warning: All percentages zero/invalid in row 39279
Warning: All percentages zero/invalid in row 39280
Warning: All percentages zero/invalid in row 39281
Warning: All percentages zero/invalid in row 39282
Warning: All percentages zero/invalid in row 39283
Warning: All percentages zero/invalid in row 39284
Warning: All percentages zero/invalid in row 39285
Warning: All percentages zero/invalid in row 39286
Warning: All percentages zero/invalid in row 39287
Warning: All percentages zero/invalid in row 39288
Warning: All percentages zero/invalid in row 39289
Warning: All percentages zero/invalid in row 39290
Warning: All percentages zero/invalid in row 39291
Warning: All percentages zero/invalid in row 39292
Warning: All percentages zero/invalid in row 39293
Warning: All percentages zero/invalid in row 39294
Warning: All percentages zero/invalid in row 39295
Warning: All percentages zero/invalid in row 39296
Warning: All percentages zero/invalid in row 39297
Warning: All percentages zero/invalid in row 39298
Warning: All percentages zero/invalid in row 39299
Warning: All percentages zero/invalid in row 39300
Warning: All percentages zero/invalid in row 39301
Warning: All percentages zero/invalid in row 39302
Warning: All percentages zero/invalid in row 39307
Warning: All percentages zero/invalid in row 39310
Warning: All percentages zero/invalid in row 39312
Warning: All percentages zero/invalid in row 39313
Warning: All percentages zero/invalid in row 39314
Warning: All percentages zero/invalid in row 39315
Warning: All percentages zero/invalid in row 39316
Warning: All percentages zero/invalid in row 39317
Warning: All percentages zero/invalid in row 39318
Warning: All percentages zero/invalid in row 39319
Warning: All percentages zero/invalid in row 39320
Warning: All percentages zero/invalid in row 39323
Warning: All percentages zero/invalid in row 39324
Warning: All percentages zero/invalid in row 39325
Warning: All percentages zero/invalid in row 39326
Warning: All percentages zero/invalid in row 39327
Warning: All percentages zero/invalid in row 39328
Warning: All percentages zero/invalid in row 39329
Warning: All percentages zero/invalid in row 39330
Warning: All percentages zero/invalid in row 39331
Warning: All percentages zero/invalid in row 39332
Warning: All percentages zero/invalid in row 39333
Warning: All percentages zero/invalid in row 39334
Warning: All percentages zero/invalid in row 39335
Warning: All percentages zero/invalid in row 39337
Warning: All percentages zero/invalid in row 39338
Warning: All percentages zero/invalid in row 39339
Warning: All percentages zero/invalid in row 39340
Warning: All percentages zero/invalid in row 39342
Warning: All percentages zero/invalid in row 39343
Warning: All percentages zero/invalid in row 39345
Warning: All percentages zero/invalid in row 39346
Warning: All percentages zero/invalid in row 39347
Warning: All percentages zero/invalid in row 39348
Warning: All percentages zero/invalid in row 39349
Warning: All percentages zero/invalid in row 39350
Warning: All percentages zero/invalid in row 39351
Warning: All percentages zero/invalid in row 39352
Warning: All percentages zero/invalid in row 39353
Warning: All percentages zero/invalid in row 39354
Warning: All percentages zero/invalid in row 39356
Warning: All percentages zero/invalid in row 39357
Warning: All percentages zero/invalid in row 39359
Warning: All percentages zero/invalid in row 39360
Warning: All percentages zero/invalid in row 39362
Warning: All percentages zero/invalid in row 39363
Warning: All percentages zero/invalid in row 39366
Warning: All percentages zero/invalid in row 39367
Warning: All percentages zero/invalid in row 39368
Warning: All percentages zero/invalid in row 39369
Warning: All percentages zero/invalid in row 39370
Warning: All percentages zero/invalid in row 39371
Warning: All percentages zero/invalid in row 39372
Warning: All percentages zero/invalid in row 39373
Warning: All percentages zero/invalid in row 39374
Warning: All percentages zero/invalid in row 39375
Warning: All percentages zero/invalid in row 39376
Warning: All percentages zero/invalid in row 39377
Warning: All percentages zero/invalid in row 39378
Warning: All percentages zero/invalid in row 39379
Warning: All percentages zero/invalid in row 39380
Warning: All percentages zero/invalid in row 39381
Warning: All percentages zero/invalid in row 39382
Warning: All percentages zero/invalid in row 39383
Warning: All percentages zero/invalid in row 39384
Warning: All percentages zero/invalid in row 39385
Warning: All percentages zero/invalid in row 39386
Warning: All percentages zero/invalid in row 39387
Warning: All percentages zero/invalid in row 39388
Warning: All percentages zero/invalid in row 39389
Warning: All percentages zero/invalid in row 39390
Warning: All percentages zero/invalid in row 39391
Warning: All percentages zero/invalid in row 39392
Warning: All percentages zero/invalid in row 39393
Warning: All percentages zero/invalid in row 39394
Warning: All percentages zero/invalid in row 39395
Warning: All percentages zero/invalid in row 39396
Warning: All percentages zero/invalid in row 39397
Warning: All percentages zero/invalid in row 39398
Warning: All percentages zero/invalid in row 39399
Warning: All percentages zero/invalid in row 39400
Warning: All percentages zero/invalid in row 39401
Warning: All percentages zero/invalid in row 39402
Warning: All percentages zero/invalid in row 39403
Warning: All percentages zero/invalid in row 39404
Warning: All percentages zero/invalid in row 39405
Warning: All percentages zero/invalid in row 39406
Warning: All percentages zero/invalid in row 39407
Warning: All percentages zero/invalid in row 39408
Warning: All percentages zero/invalid in row 39409
Warning: All percentages zero/invalid in row 39410
Warning: All percentages zero/invalid in row 39411
Warning: All percentages zero/invalid in row 39412
Warning: All percentages zero/invalid in row 39413
Warning: All percentages zero/invalid in row 39414
Warning: All percentages zero/invalid in row 39415
Warning: All percentages zero/invalid in row 39416
Warning: All percentages zero/invalid in row 39417
Warning: All percentages zero/invalid in row 39418
Warning: All percentages zero/invalid in row 39419
Warning: All percentages zero/invalid in row 39420
Warning: All percentages zero/invalid in row 39421
Warning: All percentages zero/invalid in row 39422
Warning: All percentages zero/invalid in row 39423
Warning: All percentages zero/invalid in row 39424
Warning: All percentages zero/invalid in row 39425
Warning: All percentages zero/invalid in row 39426
Warning: All percentages zero/invalid in row 39427
Warning: All percentages zero/invalid in row 39428
Warning: All percentages zero/invalid in row 39429
Warning: All percentages zero/invalid in row 39430
Warning: All percentages zero/invalid in row 39431
Warning: All percentages zero/invalid in row 39432
Warning: All percentages zero/invalid in row 39433
Warning: All percentages zero/invalid in row 39434
Warning: All percentages zero/invalid in row 39435
Warning: All percentages zero/invalid in row 39436
Warning: All percentages zero/invalid in row 39437
Warning: All percentages zero/invalid in row 39438
Warning: All percentages zero/invalid in row 39439
Warning: All percentages zero/invalid in row 39440
Warning: All percentages zero/invalid in row 39441
Warning: All percentages zero/invalid in row 39443
Warning: All percentages zero/invalid in row 39444
Warning: All percentages zero/invalid in row 39445
Warning: All percentages zero/invalid in row 39447
Warning: All percentages zero/invalid in row 39448
Warning: All percentages zero/invalid in row 39449
Warning: All percentages zero/invalid in row 39450
Warning: All percentages zero/invalid in row 39451
Warning: All percentages zero/invalid in row 39452
Warning: All percentages zero/invalid in row 39453
Warning: All percentages zero/invalid in row 39454
Warning: All percentages zero/invalid in row 39455
Warning: All percentages zero/invalid in row 39456
Warning: All percentages zero/invalid in row 39457
Warning: All percentages zero/invalid in row 39458
Warning: All percentages zero/invalid in row 39459
Warning: All percentages zero/invalid in row 39460
Warning: All percentages zero/invalid in row 39461
Warning: All percentages zero/invalid in row 39462
Warning: All percentages zero/invalid in row 39463
Warning: All percentages zero/invalid in row 39464
Warning: All percentages zero/invalid in row 39465
Warning: All percentages zero/invalid in row 39466
Warning: All percentages zero/invalid in row 39467
Warning: All percentages zero/invalid in row 39468
Warning: All percentages zero/invalid in row 39469
Warning: All percentages zero/invalid in row 39470
Warning: All percentages zero/invalid in row 39471
Warning: All percentages zero/invalid in row 39472
Warning: All percentages zero/invalid in row 39473
Warning: All percentages zero/invalid in row 39474
Warning: All percentages zero/invalid in row 39475
Warning: All percentages zero/invalid in row 39476
Warning: All percentages zero/invalid in row 39477
Warning: All percentages zero/invalid in row 39478
Warning: All percentages zero/invalid in row 39479
Warning: All percentages zero/invalid in row 39480
Warning: All percentages zero/invalid in row 39481
Warning: All percentages zero/invalid in row 39482
Warning: All percentages zero/invalid in row 39483
Warning: All percentages zero/invalid in row 39484
Warning: All percentages zero/invalid in row 39485
Warning: All percentages zero/invalid in row 39486
Warning: All percentages zero/invalid in row 39487
Warning: All percentages zero/invalid in row 39488
Warning: All percentages zero/invalid in row 39489
Warning: All percentages zero/invalid in row 39490
Warning: All percentages zero/invalid in row 39491
Warning: All percentages zero/invalid in row 39492
Warning: All percentages zero/invalid in row 39493
Warning: All percentages zero/invalid in row 39494
Warning: All percentages zero/invalid in row 39495
Warning: All percentages zero/invalid in row 39496
Warning: All percentages zero/invalid in row 39497
Warning: All percentages zero/invalid in row 39498
Warning: All percentages zero/invalid in row 39499
Warning: All percentages zero/invalid in row 39500
Warning: All percentages zero/invalid in row 39523
Warning: All percentages zero/invalid in row 39524
Warning: All percentages zero/invalid in row 39525
Warning: All percentages zero/invalid in row 39526
Warning: All percentages zero/invalid in row 39527
Warning: All percentages zero/invalid in row 39528
Warning: All percentages zero/invalid in row 39529
Warning: All percentages zero/invalid in row 39530
Warning: All percentages zero/invalid in row 39531
Warning: All percentages zero/invalid in row 39532
Warning: All percentages zero/invalid in row 39533
Warning: All percentages zero/invalid in row 39534
Warning: All percentages zero/invalid in row 39535
Warning: All percentages zero/invalid in row 39543
Warning: All percentages zero/invalid in row 39549
Warning: All percentages zero/invalid in row 39551
Warning: All percentages zero/invalid in row 39552
Warning: All percentages zero/invalid in row 39554
Warning: All percentages zero/invalid in row 39555
Warning: All percentages zero/invalid in row 39561
Warning: All percentages zero/invalid in row 39565
Warning: All percentages zero/invalid in row 39567
Warning: All percentages zero/invalid in row 39571
Warning: All percentages zero/invalid in row 39572
Warning: All percentages zero/invalid in row 39573
Warning: All percentages zero/invalid in row 39574
Warning: All percentages zero/invalid in row 39575
Warning: All percentages zero/invalid in row 39576
Warning: All percentages zero/invalid in row 39577
Warning: All percentages zero/invalid in row 39578
Warning: All percentages zero/invalid in row 39579
Warning: All percentages zero/invalid in row 39581
Warning: All percentages zero/invalid in row 39582
Warning: All percentages zero/invalid in row 39583
Warning: All percentages zero/invalid in row 39596
Warning: All percentages zero/invalid in row 39597
Warning: All percentages zero/invalid in row 39600
Warning: All percentages zero/invalid in row 39602
Warning: All percentages zero/invalid in row 39603
Warning: All percentages zero/invalid in row 39606
Warning: All percentages zero/invalid in row 39763
Warning: All percentages zero/invalid in row 39781
Warning: All percentages zero/invalid in row 39790
Warning: All percentages zero/invalid in row 39797
Warning: All percentages zero/invalid in row 39809
Warning: All percentages zero/invalid in row 39810
Warning: All percentages zero/invalid in row 39811
Warning: All percentages zero/invalid in row 39812
Warning: All percentages zero/invalid in row 39813
Warning: All percentages zero/invalid in row 39814
Warning: All percentages zero/invalid in row 39815
Warning: All percentages zero/invalid in row 39816
Warning: All percentages zero/invalid in row 39817
Warning: All percentages zero/invalid in row 39818
Warning: All percentages zero/invalid in row 39819
Warning: All percentages zero/invalid in row 39820
Warning: All percentages zero/invalid in row 39821
Warning: All percentages zero/invalid in row 39822
Warning: All percentages zero/invalid in row 39823
Warning: All percentages zero/invalid in row 39824
Warning: All percentages zero/invalid in row 39825
Warning: All percentages zero/invalid in row 39826
Warning: All percentages zero/invalid in row 39827
Warning: All percentages zero/invalid in row 39828
Warning: All percentages zero/invalid in row 39829
Warning: All percentages zero/invalid in row 39830
Warning: All percentages zero/invalid in row 39831
Warning: All percentages zero/invalid in row 39832
Warning: All percentages zero/invalid in row 39833
Warning: All percentages zero/invalid in row 39834
Warning: All percentages zero/invalid in row 39835
Warning: All percentages zero/invalid in row 39836
Warning: All percentages zero/invalid in row 39837
Warning: All percentages zero/invalid in row 39838
Warning: All percentages zero/invalid in row 39839
Warning: All percentages zero/invalid in row 39840
Warning: All percentages zero/invalid in row 39841
Warning: All percentages zero/invalid in row 39842
Warning: All percentages zero/invalid in row 39843
Warning: All percentages zero/invalid in row 39844
Warning: All percentages zero/invalid in row 39845
Warning: All percentages zero/invalid in row 39846
Warning: All percentages zero/invalid in row 39847
Warning: All percentages zero/invalid in row 39848
Warning: All percentages zero/invalid in row 39849
Warning: All percentages zero/invalid in row 39850
Warning: All percentages zero/invalid in row 39851
Warning: All percentages zero/invalid in row 39852
Warning: All percentages zero/invalid in row 39853
Warning: All percentages zero/invalid in row 39854
Warning: All percentages zero/invalid in row 39855
Warning: All percentages zero/invalid in row 39856
Warning: All percentages zero/invalid in row 39857
Warning: All percentages zero/invalid in row 39858
Warning: All percentages zero/invalid in row 39859
Warning: All percentages zero/invalid in row 39860
Warning: All percentages zero/invalid in row 39861
Warning: All percentages zero/invalid in row 39862
Warning: All percentages zero/invalid in row 39863
Warning: All percentages zero/invalid in row 39864
Warning: All percentages zero/invalid in row 39865
Warning: All percentages zero/invalid in row 39866
Warning: All percentages zero/invalid in row 39867
Warning: All percentages zero/invalid in row 39868
Warning: All percentages zero/invalid in row 39869
Warning: All percentages zero/invalid in row 39870
Warning: All percentages zero/invalid in row 39871
Warning: All percentages zero/invalid in row 39872
Warning: All percentages zero/invalid in row 39873
Warning: All percentages zero/invalid in row 39874
Warning: All percentages zero/invalid in row 39875
Warning: All percentages zero/invalid in row 39876
Warning: All percentages zero/invalid in row 39877
Warning: All percentages zero/invalid in row 39878
Warning: All percentages zero/invalid in row 39879
Warning: All percentages zero/invalid in row 39880
Warning: All percentages zero/invalid in row 39881
Warning: All percentages zero/invalid in row 39882
Warning: All percentages zero/invalid in row 39883
Warning: All percentages zero/invalid in row 39884
Warning: All percentages zero/invalid in row 39885
Warning: All percentages zero/invalid in row 39886
Warning: All percentages zero/invalid in row 39887
Warning: All percentages zero/invalid in row 39888
Warning: All percentages zero/invalid in row 39889
Warning: All percentages zero/invalid in row 39890
Warning: All percentages zero/invalid in row 39891
Warning: All percentages zero/invalid in row 39892
Warning: All percentages zero/invalid in row 39893
Warning: All percentages zero/invalid in row 39894
Warning: All percentages zero/invalid in row 39895
Warning: All percentages zero/invalid in row 39896
Warning: All percentages zero/invalid in row 39897
Warning: All percentages zero/invalid in row 39898
Warning: All percentages zero/invalid in row 39899
Warning: All percentages zero/invalid in row 39901
Warning: All percentages zero/invalid in row 39904
Warning: All percentages zero/invalid in row 39905
Warning: All percentages zero/invalid in row 39906
Warning: All percentages zero/invalid in row 39907
Warning: All percentages zero/invalid in row 39908
Warning: All percentages zero/invalid in row 39909
Warning: All percentages zero/invalid in row 39910
Warning: All percentages zero/invalid in row 39911
Warning: All percentages zero/invalid in row 39912
Warning: All percentages zero/invalid in row 39913
Warning: All percentages zero/invalid in row 39914
Warning: All percentages zero/invalid in row 39915
Warning: All percentages zero/invalid in row 39920
Warning: All percentages zero/invalid in row 39925
Warning: All percentages zero/invalid in row 39926
Warning: All percentages zero/invalid in row 39927
Warning: All percentages zero/invalid in row 39939
Warning: All percentages zero/invalid in row 39946
Warning: All percentages zero/invalid in row 39947
Warning: All percentages zero/invalid in row 39948
Warning: All percentages zero/invalid in row 39958
Warning: All percentages zero/invalid in row 39963
Warning: All percentages zero/invalid in row 39982
Warning: All percentages zero/invalid in row 39989
Warning: All percentages zero/invalid in row 39990
Warning: All percentages zero/invalid in row 39991
Warning: All percentages zero/invalid in row 39992
Warning: All percentages zero/invalid in row 39993
Warning: All percentages zero/invalid in row 39994
Warning: All percentages zero/invalid in row 39995
Warning: All percentages zero/invalid in row 39996
Warning: All percentages zero/invalid in row 39997
Warning: All percentages zero/invalid in row 39998
Warning: All percentages zero/invalid in row 39999
Warning: All percentages zero/invalid in row 40000
Warning: All percentages zero/invalid in row 40001
Warning: All percentages zero/invalid in row 40002
Warning: All percentages zero/invalid in row 40003
Warning: All percentages zero/invalid in row 40004
Warning: All percentages zero/invalid in row 40005
Warning: All percentages zero/invalid in row 40006
Warning: All percentages zero/invalid in row 40007
Warning: All percentages zero/invalid in row 40008
Warning: All percentages zero/invalid in row 40009
Warning: All percentages zero/invalid in row 40010
Warning: All percentages zero/invalid in row 40011
Warning: All percentages zero/invalid in row 40012
Warning: All percentages zero/invalid in row 40013
Warning: All percentages zero/invalid in row 40014
Warning: All percentages zero/invalid in row 40015
Warning: All percentages zero/invalid in row 40016
Warning: All percentages zero/invalid in row 40017
Warning: All percentages zero/invalid in row 40018
Warning: All percentages zero/invalid in row 40019
Warning: All percentages zero/invalid in row 40020
Warning: All percentages zero/invalid in row 40021
Warning: All percentages zero/invalid in row 40022
Warning: All percentages zero/invalid in row 40023
Warning: All percentages zero/invalid in row 40024
Warning: All percentages zero/invalid in row 40025
Warning: All percentages zero/invalid in row 40026
Warning: All percentages zero/invalid in row 40027
Warning: All percentages zero/invalid in row 40028
Warning: All percentages zero/invalid in row 40029
Warning: All percentages zero/invalid in row 40030
Warning: All percentages zero/invalid in row 40031
Warning: All percentages zero/invalid in row 40032
Warning: All percentages zero/invalid in row 40033
Warning: All percentages zero/invalid in row 40034
Warning: All percentages zero/invalid in row 40035
Warning: All percentages zero/invalid in row 40036
Warning: All percentages zero/invalid in row 40037
Warning: All percentages zero/invalid in row 40038
Warning: All percentages zero/invalid in row 40039
Warning: All percentages zero/invalid in row 40040
Warning: All percentages zero/invalid in row 40041
Warning: All percentages zero/invalid in row 40042
Warning: All percentages zero/invalid in row 40043
Warning: All percentages zero/invalid in row 40044
Warning: All percentages zero/invalid in row 40045
Warning: All percentages zero/invalid in row 40046
Warning: All percentages zero/invalid in row 40047
Warning: All percentages zero/invalid in row 40048
Warning: All percentages zero/invalid in row 40049
Warning: All percentages zero/invalid in row 40050
Warning: All percentages zero/invalid in row 40051
Warning: All percentages zero/invalid in row 40052
Warning: All percentages zero/invalid in row 40053
Warning: All percentages zero/invalid in row 40054
Warning: All percentages zero/invalid in row 40055
Warning: All percentages zero/invalid in row 40056
Warning: All percentages zero/invalid in row 40057
Warning: All percentages zero/invalid in row 40058
Warning: All percentages zero/invalid in row 40059
Warning: All percentages zero/invalid in row 40060
Warning: All percentages zero/invalid in row 40061
Warning: All percentages zero/invalid in row 40062
Warning: All percentages zero/invalid in row 40063
Warning: All percentages zero/invalid in row 40064
Warning: All percentages zero/invalid in row 40065
Warning: All percentages zero/invalid in row 40066
Warning: All percentages zero/invalid in row 40067
Warning: All percentages zero/invalid in row 40068
Warning: All percentages zero/invalid in row 40069
Warning: All percentages zero/invalid in row 40070
Warning: All percentages zero/invalid in row 40071
Warning: All percentages zero/invalid in row 40072
Warning: All percentages zero/invalid in row 40073
Warning: All percentages zero/invalid in row 40074
Warning: All percentages zero/invalid in row 40075
Warning: All percentages zero/invalid in row 40076
Warning: All percentages zero/invalid in row 40077
Warning: All percentages zero/invalid in row 40078
Warning: All percentages zero/invalid in row 40079
Warning: All percentages zero/invalid in row 40080
Warning: All percentages zero/invalid in row 40081
Warning: All percentages zero/invalid in row 40082
Warning: All percentages zero/invalid in row 40083
Warning: All percentages zero/invalid in row 40084
Warning: All percentages zero/invalid in row 40085
Warning: All percentages zero/invalid in row 40086
Warning: All percentages zero/invalid in row 40087
Warning: All percentages zero/invalid in row 40088
Warning: All percentages zero/invalid in row 40089
Warning: All percentages zero/invalid in row 40090
Warning: All percentages zero/invalid in row 40091
Warning: All percentages zero/invalid in row 40092
Warning: All percentages zero/invalid in row 40093
Warning: All percentages zero/invalid in row 40094
Warning: All percentages zero/invalid in row 40095
Warning: All percentages zero/invalid in row 40096
Warning: All percentages zero/invalid in row 40097
Warning: All percentages zero/invalid in row 40098
Warning: All percentages zero/invalid in row 40099
Warning: All percentages zero/invalid in row 40100
Warning: All percentages zero/invalid in row 40101
Warning: All percentages zero/invalid in row 40102
Warning: All percentages zero/invalid in row 40103
Warning: All percentages zero/invalid in row 40104
Warning: All percentages zero/invalid in row 40105
Warning: All percentages zero/invalid in row 40106
Warning: All percentages zero/invalid in row 40107
Warning: All percentages zero/invalid in row 40108
Warning: All percentages zero/invalid in row 40109
Warning: All percentages zero/invalid in row 40110
Warning: All percentages zero/invalid in row 40111
Warning: All percentages zero/invalid in row 40112
Warning: All percentages zero/invalid in row 40113
Warning: All percentages zero/invalid in row 40114
Warning: All percentages zero/invalid in row 40115
Warning: All percentages zero/invalid in row 40116
Warning: All percentages zero/invalid in row 40117
Warning: All percentages zero/invalid in row 40118
Warning: All percentages zero/invalid in row 40119
Warning: All percentages zero/invalid in row 40120
Warning: All percentages zero/invalid in row 40121
Warning: All percentages zero/invalid in row 40122
Warning: All percentages zero/invalid in row 40123
Warning: All percentages zero/invalid in row 40124
Warning: All percentages zero/invalid in row 40125
Warning: All percentages zero/invalid in row 40126
Warning: All percentages zero/invalid in row 40127
Warning: All percentages zero/invalid in row 40128
Warning: All percentages zero/invalid in row 40129
Warning: All percentages zero/invalid in row 40130
Warning: All percentages zero/invalid in row 40131
Warning: All percentages zero/invalid in row 40132
Warning: All percentages zero/invalid in row 40133
Warning: All percentages zero/invalid in row 40134
Warning: All percentages zero/invalid in row 40135
Warning: All percentages zero/invalid in row 40136
Warning: All percentages zero/invalid in row 40137
Warning: All percentages zero/invalid in row 40138
Warning: All percentages zero/invalid in row 40139
Warning: All percentages zero/invalid in row 40140
Warning: All percentages zero/invalid in row 40141
Warning: All percentages zero/invalid in row 40142
Warning: All percentages zero/invalid in row 40143
Warning: All percentages zero/invalid in row 40144
Warning: All percentages zero/invalid in row 40145
Warning: All percentages zero/invalid in row 40146
Warning: All percentages zero/invalid in row 40147
Warning: All percentages zero/invalid in row 40148
Warning: All percentages zero/invalid in row 40149
Warning: All percentages zero/invalid in row 40150
Warning: All percentages zero/invalid in row 40151
Warning: All percentages zero/invalid in row 40152
Warning: All percentages zero/invalid in row 40153
Warning: All percentages zero/invalid in row 40154
Warning: All percentages zero/invalid in row 40155
Warning: All percentages zero/invalid in row 40156
Warning: All percentages zero/invalid in row 40157
Warning: All percentages zero/invalid in row 40158
Warning: All percentages zero/invalid in row 40159
Warning: All percentages zero/invalid in row 40160
Warning: All percentages zero/invalid in row 40161
Warning: All percentages zero/invalid in row 40162
Warning: All percentages zero/invalid in row 40163
Warning: All percentages zero/invalid in row 40164
Warning: All percentages zero/invalid in row 40165
Warning: All percentages zero/invalid in row 40166
Warning: All percentages zero/invalid in row 40167
Warning: All percentages zero/invalid in row 40168
Warning: All percentages zero/invalid in row 40169
Warning: All percentages zero/invalid in row 40170
Warning: All percentages zero/invalid in row 40171
Warning: All percentages zero/invalid in row 40172
Warning: All percentages zero/invalid in row 40173
Warning: All percentages zero/invalid in row 40174
Warning: All percentages zero/invalid in row 40175
Warning: All percentages zero/invalid in row 40176
Warning: All percentages zero/invalid in row 40177
Warning: All percentages zero/invalid in row 40178
Warning: All percentages zero/invalid in row 40179
Warning: All percentages zero/invalid in row 40180
Warning: All percentages zero/invalid in row 40181
Warning: All percentages zero/invalid in row 40182
Warning: All percentages zero/invalid in row 40183
Warning: All percentages zero/invalid in row 40184
Warning: All percentages zero/invalid in row 40185
Warning: All percentages zero/invalid in row 40186
Warning: All percentages zero/invalid in row 40187
Warning: All percentages zero/invalid in row 40188
Warning: All percentages zero/invalid in row 40189
Warning: All percentages zero/invalid in row 40190
Warning: All percentages zero/invalid in row 40191
Warning: All percentages zero/invalid in row 40192
Warning: All percentages zero/invalid in row 40193
Warning: All percentages zero/invalid in row 40194
Warning: All percentages zero/invalid in row 40195
Warning: All percentages zero/invalid in row 40196
Warning: All percentages zero/invalid in row 40197
Warning: All percentages zero/invalid in row 40198
Warning: All percentages zero/invalid in row 40199
Warning: All percentages zero/invalid in row 40200
Warning: All percentages zero/invalid in row 40201
Warning: All percentages zero/invalid in row 40202
Warning: All percentages zero/invalid in row 40203
Warning: All percentages zero/invalid in row 40204
Warning: All percentages zero/invalid in row 40205
Warning: All percentages zero/invalid in row 40206
Warning: All percentages zero/invalid in row 40207
Warning: All percentages zero/invalid in row 40208
Warning: All percentages zero/invalid in row 40209
Warning: All percentages zero/invalid in row 40210
Warning: All percentages zero/invalid in row 40211
Warning: All percentages zero/invalid in row 40212
Warning: All percentages zero/invalid in row 40213
Warning: All percentages zero/invalid in row 40214
Warning: All percentages zero/invalid in row 40215
Warning: All percentages zero/invalid in row 40216
Warning: All percentages zero/invalid in row 40217
Warning: All percentages zero/invalid in row 40218
Warning: All percentages zero/invalid in row 40219
Warning: All percentages zero/invalid in row 40220
Warning: All percentages zero/invalid in row 40221
Warning: All percentages zero/invalid in row 40222
Warning: All percentages zero/invalid in row 40223
Warning: All percentages zero/invalid in row 40224
Warning: All percentages zero/invalid in row 40225
Warning: All percentages zero/invalid in row 40226
Warning: All percentages zero/invalid in row 40227
Warning: All percentages zero/invalid in row 40228
Warning: All percentages zero/invalid in row 40229
Warning: All percentages zero/invalid in row 40230
Warning: All percentages zero/invalid in row 40231
Warning: All percentages zero/invalid in row 40232
Warning: All percentages zero/invalid in row 40233
Warning: All percentages zero/invalid in row 40234
Warning: All percentages zero/invalid in row 40235
Warning: All percentages zero/invalid in row 40236
Warning: All percentages zero/invalid in row 40237
Warning: All percentages zero/invalid in row 40238
Warning: All percentages zero/invalid in row 40239
Warning: All percentages zero/invalid in row 40240
Warning: All percentages zero/invalid in row 40241
Warning: All percentages zero/invalid in row 40242
Warning: All percentages zero/invalid in row 40243
Warning: All percentages zero/invalid in row 40244
Warning: All percentages zero/invalid in row 40245
Warning: All percentages zero/invalid in row 40246
Warning: All percentages zero/invalid in row 40247
Warning: All percentages zero/invalid in row 40248
Warning: All percentages zero/invalid in row 40249
Warning: All percentages zero/invalid in row 40250
Warning: All percentages zero/invalid in row 40251
Warning: All percentages zero/invalid in row 40252
Warning: All percentages zero/invalid in row 40253
Warning: All percentages zero/invalid in row 40254
Warning: All percentages zero/invalid in row 40255
Warning: All percentages zero/invalid in row 40256
Warning: All percentages zero/invalid in row 40257
Warning: All percentages zero/invalid in row 40258
Warning: All percentages zero/invalid in row 40259
Warning: All percentages zero/invalid in row 40260
Warning: All percentages zero/invalid in row 40261
Warning: All percentages zero/invalid in row 40262
Warning: All percentages zero/invalid in row 40263
Warning: All percentages zero/invalid in row 40264
Warning: All percentages zero/invalid in row 40265
Warning: All percentages zero/invalid in row 40266
Warning: All percentages zero/invalid in row 40267
Warning: All percentages zero/invalid in row 40268
Warning: All percentages zero/invalid in row 40269
Warning: All percentages zero/invalid in row 40270
Warning: All percentages zero/invalid in row 40271
Warning: All percentages zero/invalid in row 40272
Warning: All percentages zero/invalid in row 40273
Warning: All percentages zero/invalid in row 40274
Warning: All percentages zero/invalid in row 40275
Warning: All percentages zero/invalid in row 40276
Warning: All percentages zero/invalid in row 40277
Warning: All percentages zero/invalid in row 40278
Warning: All percentages zero/invalid in row 40279
Warning: All percentages zero/invalid in row 40280
Warning: All percentages zero/invalid in row 40281
Warning: All percentages zero/invalid in row 40282
Warning: All percentages zero/invalid in row 40283
Warning: All percentages zero/invalid in row 40284
Warning: All percentages zero/invalid in row 40285
Warning: All percentages zero/invalid in row 40286
Warning: All percentages zero/invalid in row 40287
Warning: All percentages zero/invalid in row 40288
Warning: All percentages zero/invalid in row 40289
Warning: All percentages zero/invalid in row 40290
Warning: All percentages zero/invalid in row 40291
Warning: All percentages zero/invalid in row 40292
Warning: All percentages zero/invalid in row 40293
Warning: All percentages zero/invalid in row 40294
Warning: All percentages zero/invalid in row 40295
Warning: All percentages zero/invalid in row 40296
Warning: All percentages zero/invalid in row 40297
Warning: All percentages zero/invalid in row 40298
Warning: All percentages zero/invalid in row 40299
Warning: All percentages zero/invalid in row 40300
Warning: All percentages zero/invalid in row 40301
Warning: All percentages zero/invalid in row 40302
Warning: All percentages zero/invalid in row 40303
Warning: All percentages zero/invalid in row 40304
Warning: All percentages zero/invalid in row 40305
Warning: All percentages zero/invalid in row 40307
Warning: All percentages zero/invalid in row 40308
Warning: All percentages zero/invalid in row 40309
Warning: All percentages zero/invalid in row 40310
Warning: All percentages zero/invalid in row 40313
Warning: All percentages zero/invalid in row 40314
Warning: All percentages zero/invalid in row 40316
Warning: All percentages zero/invalid in row 40317
Warning: All percentages zero/invalid in row 40471
Warning: All percentages zero/invalid in row 40472
Warning: All percentages zero/invalid in row 40473
Warning: All percentages zero/invalid in row 40474
Warning: All percentages zero/invalid in row 40475
Warning: All percentages zero/invalid in row 40476
Warning: All percentages zero/invalid in row 40477
Warning: All percentages zero/invalid in row 40478
Warning: All percentages zero/invalid in row 40479
Warning: All percentages zero/invalid in row 40480
Warning: All percentages zero/invalid in row 40481
Warning: All percentages zero/invalid in row 40482
Warning: All percentages zero/invalid in row 40483
Warning: All percentages zero/invalid in row 40484
Warning: All percentages zero/invalid in row 40485
Warning: All percentages zero/invalid in row 40486
Warning: All percentages zero/invalid in row 40487
Warning: All percentages zero/invalid in row 40488
Warning: All percentages zero/invalid in row 40489
Warning: All percentages zero/invalid in row 40490
Warning: All percentages zero/invalid in row 40491
Warning: All percentages zero/invalid in row 40492
Warning: All percentages zero/invalid in row 40493
Warning: All percentages zero/invalid in row 40494
Warning: All percentages zero/invalid in row 40495
Warning: All percentages zero/invalid in row 40496
Warning: All percentages zero/invalid in row 40497
Warning: All percentages zero/invalid in row 40498
Warning: All percentages zero/invalid in row 40499
Warning: All percentages zero/invalid in row 40500
Warning: All percentages zero/invalid in row 40501
Warning: All percentages zero/invalid in row 40502
Warning: All percentages zero/invalid in row 40503
Warning: All percentages zero/invalid in row 40504
Warning: All percentages zero/invalid in row 40505
Warning: All percentages zero/invalid in row 40506
Warning: All percentages zero/invalid in row 40507
Warning: All percentages zero/invalid in row 40508
Warning: All percentages zero/invalid in row 40509
Warning: All percentages zero/invalid in row 40510
Warning: All percentages zero/invalid in row 40511
Warning: All percentages zero/invalid in row 40512
Warning: All percentages zero/invalid in row 40513
Warning: All percentages zero/invalid in row 40514
Warning: All percentages zero/invalid in row 40515
Warning: All percentages zero/invalid in row 40516
Warning: All percentages zero/invalid in row 40517
Warning: All percentages zero/invalid in row 40518
Warning: All percentages zero/invalid in row 40519
Warning: All percentages zero/invalid in row 40520
Warning: All percentages zero/invalid in row 40521
Warning: All percentages zero/invalid in row 40522
Warning: All percentages zero/invalid in row 40523
Warning: All percentages zero/invalid in row 40524
Warning: All percentages zero/invalid in row 40525
Warning: All percentages zero/invalid in row 40526
Warning: All percentages zero/invalid in row 40527
Warning: All percentages zero/invalid in row 40528
Warning: All percentages zero/invalid in row 40529
Warning: All percentages zero/invalid in row 40530
Warning: All percentages zero/invalid in row 40531
Warning: All percentages zero/invalid in row 40532
Warning: All percentages zero/invalid in row 40533
Warning: All percentages zero/invalid in row 40534
Warning: All percentages zero/invalid in row 40535
Warning: All percentages zero/invalid in row 40536
Warning: All percentages zero/invalid in row 40537
Warning: All percentages zero/invalid in row 40538
Warning: All percentages zero/invalid in row 40539
Warning: All percentages zero/invalid in row 40540
Warning: All percentages zero/invalid in row 40541
Warning: All percentages zero/invalid in row 40542
Warning: All percentages zero/invalid in row 40543
Warning: All percentages zero/invalid in row 40544
Warning: All percentages zero/invalid in row 40545
Warning: All percentages zero/invalid in row 40546
Warning: All percentages zero/invalid in row 40547
Warning: All percentages zero/invalid in row 40548
Warning: All percentages zero/invalid in row 40549
Warning: All percentages zero/invalid in row 40550
Warning: All percentages zero/invalid in row 40551
Warning: All percentages zero/invalid in row 40552
Warning: All percentages zero/invalid in row 40553
Warning: All percentages zero/invalid in row 40554
Warning: All percentages zero/invalid in row 40555
Warning: All percentages zero/invalid in row 40556
Warning: All percentages zero/invalid in row 40557
Warning: All percentages zero/invalid in row 40558
Warning: All percentages zero/invalid in row 40559
Warning: All percentages zero/invalid in row 40560
Warning: All percentages zero/invalid in row 40561
Warning: All percentages zero/invalid in row 40562
Warning: All percentages zero/invalid in row 40563
Warning: All percentages zero/invalid in row 40564
Warning: All percentages zero/invalid in row 40565
Warning: All percentages zero/invalid in row 40566
Warning: All percentages zero/invalid in row 40567
Warning: All percentages zero/invalid in row 40568
Warning: All percentages zero/invalid in row 40569
Warning: All percentages zero/invalid in row 40570
Warning: All percentages zero/invalid in row 40571
Warning: All percentages zero/invalid in row 40572
Warning: All percentages zero/invalid in row 40573
Warning: All percentages zero/invalid in row 40574
Warning: All percentages zero/invalid in row 40575
Warning: All percentages zero/invalid in row 40576
Warning: All percentages zero/invalid in row 40577
Warning: All percentages zero/invalid in row 40578
Warning: All percentages zero/invalid in row 40579
Warning: All percentages zero/invalid in row 40580
Warning: All percentages zero/invalid in row 40581
Warning: All percentages zero/invalid in row 40582
Warning: All percentages zero/invalid in row 40583
Warning: All percentages zero/invalid in row 40584
Warning: All percentages zero/invalid in row 40585
Warning: All percentages zero/invalid in row 40586
Warning: All percentages zero/invalid in row 40587
Warning: All percentages zero/invalid in row 40588
Warning: All percentages zero/invalid in row 40589
Warning: All percentages zero/invalid in row 40590
Warning: All percentages zero/invalid in row 40591
Warning: All percentages zero/invalid in row 40592
Warning: All percentages zero/invalid in row 40593
Warning: All percentages zero/invalid in row 40594
Warning: All percentages zero/invalid in row 40595
Warning: All percentages zero/invalid in row 40596
Warning: All percentages zero/invalid in row 40597
Warning: All percentages zero/invalid in row 40598
Warning: All percentages zero/invalid in row 40599
Warning: All percentages zero/invalid in row 40600
Warning: All percentages zero/invalid in row 40601
Warning: All percentages zero/invalid in row 40602
Warning: All percentages zero/invalid in row 40603
Warning: All percentages zero/invalid in row 40604
Warning: All percentages zero/invalid in row 40605
Warning: All percentages zero/invalid in row 40606
Warning: All percentages zero/invalid in row 40607
Warning: All percentages zero/invalid in row 40608
Warning: All percentages zero/invalid in row 40609
Warning: All percentages zero/invalid in row 40610
Warning: All percentages zero/invalid in row 40611
Warning: All percentages zero/invalid in row 40612
Warning: All percentages zero/invalid in row 40613
Warning: All percentages zero/invalid in row 40614
Warning: All percentages zero/invalid in row 40615
Warning: All percentages zero/invalid in row 40616
Warning: All percentages zero/invalid in row 40617
Warning: All percentages zero/invalid in row 40618
Warning: All percentages zero/invalid in row 40619
Warning: All percentages zero/invalid in row 40620
Warning: All percentages zero/invalid in row 40621
Warning: All percentages zero/invalid in row 40622
Warning: All percentages zero/invalid in row 40623
Warning: All percentages zero/invalid in row 40624
Warning: All percentages zero/invalid in row 40625
Warning: All percentages zero/invalid in row 40626
Warning: All percentages zero/invalid in row 40627
Warning: All percentages zero/invalid in row 40628
Warning: All percentages zero/invalid in row 40629
Warning: All percentages zero/invalid in row 40630
Warning: All percentages zero/invalid in row 40631
Warning: All percentages zero/invalid in row 40632
Warning: All percentages zero/invalid in row 40633
Warning: All percentages zero/invalid in row 40634
Warning: All percentages zero/invalid in row 40635
Warning: All percentages zero/invalid in row 40636
Warning: All percentages zero/invalid in row 40637
Warning: All percentages zero/invalid in row 40638
Warning: All percentages zero/invalid in row 40639
Warning: All percentages zero/invalid in row 40640
Warning: All percentages zero/invalid in row 40641
Warning: All percentages zero/invalid in row 40642
Warning: All percentages zero/invalid in row 40643
Warning: All percentages zero/invalid in row 40644
Warning: All percentages zero/invalid in row 40645
Warning: All percentages zero/invalid in row 40646
Warning: All percentages zero/invalid in row 40647
Warning: All percentages zero/invalid in row 40648
Warning: All percentages zero/invalid in row 40649
Warning: All percentages zero/invalid in row 40650
Warning: All percentages zero/invalid in row 40651
Warning: All percentages zero/invalid in row 40652
Warning: All percentages zero/invalid in row 40653
Warning: All percentages zero/invalid in row 40654
Warning: All percentages zero/invalid in row 40655
Warning: All percentages zero/invalid in row 40656
Warning: All percentages zero/invalid in row 40657
Warning: All percentages zero/invalid in row 40658
Warning: All percentages zero/invalid in row 40659
Warning: All percentages zero/invalid in row 40660
Warning: All percentages zero/invalid in row 40661
Warning: All percentages zero/invalid in row 40662
Warning: All percentages zero/invalid in row 40663
Warning: All percentages zero/invalid in row 40664
Warning: All percentages zero/invalid in row 40665
Warning: All percentages zero/invalid in row 40666
Warning: All percentages zero/invalid in row 40667
Warning: All percentages zero/invalid in row 40668
Warning: All percentages zero/invalid in row 40669
Warning: All percentages zero/invalid in row 40670
Warning: All percentages zero/invalid in row 40671
Warning: All percentages zero/invalid in row 40672
Warning: All percentages zero/invalid in row 40673
Warning: All percentages zero/invalid in row 40674
Warning: All percentages zero/invalid in row 40675
Warning: All percentages zero/invalid in row 40676
Warning: All percentages zero/invalid in row 40677
Warning: All percentages zero/invalid in row 40678
Warning: All percentages zero/invalid in row 40679
Warning: All percentages zero/invalid in row 40680
Warning: All percentages zero/invalid in row 40681
Warning: All percentages zero/invalid in row 40682
Warning: All percentages zero/invalid in row 40683
Warning: All percentages zero/invalid in row 40684
Warning: All percentages zero/invalid in row 40685
Warning: All percentages zero/invalid in row 40686
Warning: All percentages zero/invalid in row 40687
Warning: All percentages zero/invalid in row 40688
Warning: All percentages zero/invalid in row 40689
Warning: All percentages zero/invalid in row 40690
Warning: All percentages zero/invalid in row 40691
Warning: All percentages zero/invalid in row 40692
Warning: All percentages zero/invalid in row 40693
Warning: All percentages zero/invalid in row 40694
Warning: All percentages zero/invalid in row 40695
Warning: All percentages zero/invalid in row 40696
Warning: All percentages zero/invalid in row 40697
Warning: All percentages zero/invalid in row 40698
Warning: All percentages zero/invalid in row 40699
Warning: All percentages zero/invalid in row 40700
Warning: All percentages zero/invalid in row 40701
Warning: All percentages zero/invalid in row 40702
Warning: All percentages zero/invalid in row 40703
Warning: All percentages zero/invalid in row 40704
Warning: All percentages zero/invalid in row 40705
Warning: All percentages zero/invalid in row 40706
Warning: All percentages zero/invalid in row 40707
Warning: All percentages zero/invalid in row 40708
Warning: All percentages zero/invalid in row 40709
Warning: All percentages zero/invalid in row 40710
Warning: All percentages zero/invalid in row 40711
Warning: All percentages zero/invalid in row 40712
Warning: All percentages zero/invalid in row 40713
Warning: All percentages zero/invalid in row 40714
Warning: All percentages zero/invalid in row 40715
Warning: All percentages zero/invalid in row 40716
Warning: All percentages zero/invalid in row 40717
Warning: All percentages zero/invalid in row 40718
Warning: All percentages zero/invalid in row 40719
Warning: All percentages zero/invalid in row 40720
Warning: All percentages zero/invalid in row 40721
Warning: All percentages zero/invalid in row 40722
Warning: All percentages zero/invalid in row 40723
Warning: All percentages zero/invalid in row 40724
Warning: All percentages zero/invalid in row 40725
Warning: All percentages zero/invalid in row 40726
Warning: All percentages zero/invalid in row 40727
Warning: All percentages zero/invalid in row 40728
Warning: All percentages zero/invalid in row 40729
Warning: All percentages zero/invalid in row 40730
Warning: All percentages zero/invalid in row 40731
Warning: All percentages zero/invalid in row 40732
Warning: All percentages zero/invalid in row 40733
Warning: All percentages zero/invalid in row 40734
Warning: All percentages zero/invalid in row 40735
Warning: All percentages zero/invalid in row 40736
Warning: All percentages zero/invalid in row 40737
Warning: All percentages zero/invalid in row 40738
Warning: All percentages zero/invalid in row 40739
Warning: All percentages zero/invalid in row 40740
Warning: All percentages zero/invalid in row 40741
Warning: All percentages zero/invalid in row 40742
Warning: All percentages zero/invalid in row 40743
Warning: All percentages zero/invalid in row 40744
Warning: All percentages zero/invalid in row 40745
Warning: All percentages zero/invalid in row 40746
Warning: All percentages zero/invalid in row 40747
Warning: All percentages zero/invalid in row 40748
Warning: All percentages zero/invalid in row 40749
Warning: All percentages zero/invalid in row 40750
Warning: All percentages zero/invalid in row 40751
Warning: All percentages zero/invalid in row 40752
Warning: All percentages zero/invalid in row 40753
Warning: All percentages zero/invalid in row 40754
Warning: All percentages zero/invalid in row 40755
Warning: All percentages zero/invalid in row 40756
Warning: All percentages zero/invalid in row 40757
Warning: All percentages zero/invalid in row 40758
Warning: All percentages zero/invalid in row 40759
Warning: All percentages zero/invalid in row 40760
Warning: All percentages zero/invalid in row 40761
Warning: All percentages zero/invalid in row 40762
Warning: All percentages zero/invalid in row 40763
Warning: All percentages zero/invalid in row 40764
Warning: All percentages zero/invalid in row 40765
Warning: All percentages zero/invalid in row 40766
Warning: All percentages zero/invalid in row 40770
Warning: All percentages zero/invalid in row 40771
Warning: All percentages zero/invalid in row 40774
Warning: All percentages zero/invalid in row 40775
Warning: All percentages zero/invalid in row 40779
Warning: All percentages zero/invalid in row 40780
Warning: All percentages zero/invalid in row 40781
Warning: All percentages zero/invalid in row 40782
Warning: All percentages zero/invalid in row 40783
Warning: All percentages zero/invalid in row 40784
Warning: All percentages zero/invalid in row 40785
Warning: All percentages zero/invalid in row 40786
Warning: All percentages zero/invalid in row 40787
Warning: All percentages zero/invalid in row 40788
Warning: All percentages zero/invalid in row 40789
Warning: All percentages zero/invalid in row 40790
Warning: All percentages zero/invalid in row 40791
Warning: All percentages zero/invalid in row 40792
Warning: All percentages zero/invalid in row 40793
Warning: All percentages zero/invalid in row 40794
Warning: All percentages zero/invalid in row 40795
Warning: All percentages zero/invalid in row 40796
Warning: All percentages zero/invalid in row 40797
Warning: All percentages zero/invalid in row 40798
Warning: All percentages zero/invalid in row 40799
Warning: All percentages zero/invalid in row 40800
Warning: All percentages zero/invalid in row 40801
Warning: All percentages zero/invalid in row 40802
Warning: All percentages zero/invalid in row 40803
Warning: All percentages zero/invalid in row 40804
Warning: All percentages zero/invalid in row 40805
Warning: All percentages zero/invalid in row 40806
Warning: All percentages zero/invalid in row 40807
Warning: All percentages zero/invalid in row 40808
Warning: All percentages zero/invalid in row 40809
Warning: All percentages zero/invalid in row 40810
Warning: All percentages zero/invalid in row 40811
Warning: All percentages zero/invalid in row 40812
Warning: All percentages zero/invalid in row 40813
Warning: All percentages zero/invalid in row 40814
Warning: All percentages zero/invalid in row 40816
Warning: All percentages zero/invalid in row 40819
Warning: All percentages zero/invalid in row 40821
Warning: All percentages zero/invalid in row 40823
Warning: All percentages zero/invalid in row 40824
Warning: All percentages zero/invalid in row 40826
Warning: All percentages zero/invalid in row 40827
Warning: All percentages zero/invalid in row 40828
Warning: All percentages zero/invalid in row 40830
Warning: All percentages zero/invalid in row 40831
Warning: All percentages zero/invalid in row 40833
Warning: All percentages zero/invalid in row 40834
Warning: All percentages zero/invalid in row 40835
Warning: All percentages zero/invalid in row 40837
Warning: All percentages zero/invalid in row 40838
Warning: All percentages zero/invalid in row 40839
Warning: All percentages zero/invalid in row 40841
Warning: All percentages zero/invalid in row 40936
Warning: All percentages zero/invalid in row 40974
Warning: All percentages zero/invalid in row 40975
Warning: All percentages zero/invalid in row 40976
Warning: All percentages zero/invalid in row 40977
Warning: All percentages zero/invalid in row 40978
Warning: All percentages zero/invalid in row 40979
Warning: All percentages zero/invalid in row 40980
Warning: All percentages zero/invalid in row 40981
Warning: All percentages zero/invalid in row 40982
Warning: All percentages zero/invalid in row 40983
Warning: All percentages zero/invalid in row 40984
Warning: All percentages zero/invalid in row 40985
Warning: All percentages zero/invalid in row 40986
Warning: All percentages zero/invalid in row 40987
Warning: All percentages zero/invalid in row 40988
Warning: All percentages zero/invalid in row 40989
Warning: All percentages zero/invalid in row 40990
Warning: All percentages zero/invalid in row 40991
Warning: All percentages zero/invalid in row 40992
Warning: All percentages zero/invalid in row 40993
Warning: All percentages zero/invalid in row 40994
Warning: All percentages zero/invalid in row 40995
Warning: All percentages zero/invalid in row 40996
Warning: All percentages zero/invalid in row 40997
Warning: All percentages zero/invalid in row 40998
Warning: All percentages zero/invalid in row 40999
Warning: All percentages zero/invalid in row 41000
Warning: All percentages zero/invalid in row 41001
Warning: All percentages zero/invalid in row 41002
Warning: All percentages zero/invalid in row 41003
Warning: All percentages zero/invalid in row 41004
Warning: All percentages zero/invalid in row 41005
Warning: All percentages zero/invalid in row 41006
Warning: All percentages zero/invalid in row 41007
Warning: All percentages zero/invalid in row 41008
Warning: All percentages zero/invalid in row 41009
Warning: All percentages zero/invalid in row 41010
Warning: All percentages zero/invalid in row 41011
Warning: All percentages zero/invalid in row 41012
Warning: All percentages zero/invalid in row 41013
Warning: All percentages zero/invalid in row 41014
Warning: All percentages zero/invalid in row 41015
Warning: All percentages zero/invalid in row 41016
Warning: All percentages zero/invalid in row 41017
Warning: All percentages zero/invalid in row 41018
Warning: All percentages zero/invalid in row 41019
Warning: All percentages zero/invalid in row 41020
Warning: All percentages zero/invalid in row 41021
Warning: All percentages zero/invalid in row 41022
Warning: All percentages zero/invalid in row 41023
Warning: All percentages zero/invalid in row 41024
Warning: All percentages zero/invalid in row 41025
Warning: All percentages zero/invalid in row 41026
Warning: All percentages zero/invalid in row 41027
Warning: All percentages zero/invalid in row 41028
Warning: All percentages zero/invalid in row 41029
Warning: All percentages zero/invalid in row 41030
Warning: All percentages zero/invalid in row 41031
Warning: All percentages zero/invalid in row 41032
Warning: All percentages zero/invalid in row 41033
Warning: All percentages zero/invalid in row 41034
Warning: All percentages zero/invalid in row 41035
Warning: All percentages zero/invalid in row 41036
Warning: All percentages zero/invalid in row 41037
Warning: All percentages zero/invalid in row 41038
Warning: All percentages zero/invalid in row 41039
Warning: All percentages zero/invalid in row 41040
Warning: All percentages zero/invalid in row 41041
Warning: All percentages zero/invalid in row 41042
Warning: All percentages zero/invalid in row 41043
Warning: All percentages zero/invalid in row 41044
Warning: All percentages zero/invalid in row 41045
Warning: All percentages zero/invalid in row 41046
Warning: All percentages zero/invalid in row 41047
Warning: All percentages zero/invalid in row 41048
Warning: All percentages zero/invalid in row 41049
Warning: All percentages zero/invalid in row 41050
Warning: All percentages zero/invalid in row 41051
Warning: All percentages zero/invalid in row 41052
Warning: All percentages zero/invalid in row 41053
Warning: All percentages zero/invalid in row 41054
Warning: All percentages zero/invalid in row 41055
Warning: All percentages zero/invalid in row 41056
Warning: All percentages zero/invalid in row 41057
Warning: All percentages zero/invalid in row 41058
Warning: All percentages zero/invalid in row 41059
Warning: All percentages zero/invalid in row 41060
Warning: All percentages zero/invalid in row 41061
Warning: All percentages zero/invalid in row 41062
Warning: All percentages zero/invalid in row 41063
Warning: All percentages zero/invalid in row 41064
Warning: All percentages zero/invalid in row 41065
Warning: All percentages zero/invalid in row 41066
Warning: All percentages zero/invalid in row 41067
Warning: All percentages zero/invalid in row 41068
Warning: All percentages zero/invalid in row 41069
Warning: All percentages zero/invalid in row 41070
Warning: All percentages zero/invalid in row 41071
Warning: All percentages zero/invalid in row 41072
Warning: All percentages zero/invalid in row 41073
Warning: All percentages zero/invalid in row 41074
Warning: All percentages zero/invalid in row 41075
Warning: All percentages zero/invalid in row 41076
Warning: All percentages zero/invalid in row 41077
Warning: All percentages zero/invalid in row 41078
Warning: All percentages zero/invalid in row 41079
Warning: All percentages zero/invalid in row 41080
Warning: All percentages zero/invalid in row 41081
Warning: All percentages zero/invalid in row 41082
Warning: All percentages zero/invalid in row 41083
Warning: All percentages zero/invalid in row 41084
Warning: All percentages zero/invalid in row 41085
Warning: All percentages zero/invalid in row 41086
Warning: All percentages zero/invalid in row 41087
Warning: All percentages zero/invalid in row 41088
Warning: All percentages zero/invalid in row 41089
Warning: All percentages zero/invalid in row 41090
Warning: All percentages zero/invalid in row 41091
Warning: All percentages zero/invalid in row 41092
Warning: All percentages zero/invalid in row 41093
Warning: All percentages zero/invalid in row 41094
Warning: All percentages zero/invalid in row 41095
Warning: All percentages zero/invalid in row 41096
Warning: All percentages zero/invalid in row 41097
Warning: All percentages zero/invalid in row 41098
Warning: All percentages zero/invalid in row 41099
Warning: All percentages zero/invalid in row 41100
Warning: All percentages zero/invalid in row 41101
Warning: All percentages zero/invalid in row 41102
Warning: All percentages zero/invalid in row 41103
Warning: All percentages zero/invalid in row 41104
Warning: All percentages zero/invalid in row 41105
Warning: All percentages zero/invalid in row 41106
Warning: All percentages zero/invalid in row 41107
Warning: All percentages zero/invalid in row 41108
Warning: All percentages zero/invalid in row 41109
Warning: All percentages zero/invalid in row 41110
Warning: All percentages zero/invalid in row 41111
Warning: All percentages zero/invalid in row 41112
Warning: All percentages zero/invalid in row 41113
Warning: All percentages zero/invalid in row 41114
Warning: All percentages zero/invalid in row 41115
Warning: All percentages zero/invalid in row 41116
Warning: All percentages zero/invalid in row 41117
Warning: All percentages zero/invalid in row 41118
Warning: All percentages zero/invalid in row 41119
Warning: All percentages zero/invalid in row 41120
Warning: All percentages zero/invalid in row 41121
Warning: All percentages zero/invalid in row 41122
Warning: All percentages zero/invalid in row 41123
Warning: All percentages zero/invalid in row 41124
Warning: All percentages zero/invalid in row 41125
Warning: All percentages zero/invalid in row 41126
Warning: All percentages zero/invalid in row 41127
Warning: All percentages zero/invalid in row 41128
Warning: All percentages zero/invalid in row 41129
Warning: All percentages zero/invalid in row 41130
Warning: All percentages zero/invalid in row 41131
Warning: All percentages zero/invalid in row 41132
Warning: All percentages zero/invalid in row 41133
Warning: All percentages zero/invalid in row 41134
Warning: All percentages zero/invalid in row 41135
Warning: All percentages zero/invalid in row 41136
Warning: All percentages zero/invalid in row 41137
Warning: All percentages zero/invalid in row 41138
Warning: All percentages zero/invalid in row 41139
Warning: All percentages zero/invalid in row 41140
Warning: All percentages zero/invalid in row 41141
Warning: All percentages zero/invalid in row 41142
Warning: All percentages zero/invalid in row 41143
Warning: All percentages zero/invalid in row 41144
Warning: All percentages zero/invalid in row 41145
Warning: All percentages zero/invalid in row 41146
Warning: All percentages zero/invalid in row 41147
Warning: All percentages zero/invalid in row 41148
Warning: All percentages zero/invalid in row 41149
Warning: All percentages zero/invalid in row 41150
Warning: All percentages zero/invalid in row 41151
Warning: All percentages zero/invalid in row 41152
Warning: All percentages zero/invalid in row 41153
Warning: All percentages zero/invalid in row 41154
Warning: All percentages zero/invalid in row 41155
Warning: All percentages zero/invalid in row 41156
Warning: All percentages zero/invalid in row 41157
Warning: All percentages zero/invalid in row 41158
Warning: All percentages zero/invalid in row 41159
Warning: All percentages zero/invalid in row 41160
Warning: All percentages zero/invalid in row 41161
Warning: All percentages zero/invalid in row 41162
Warning: All percentages zero/invalid in row 41163
Warning: All percentages zero/invalid in row 41164
Warning: All percentages zero/invalid in row 41165
Warning: All percentages zero/invalid in row 41166
Warning: All percentages zero/invalid in row 41167
Warning: All percentages zero/invalid in row 41168
Warning: All percentages zero/invalid in row 41169
Warning: All percentages zero/invalid in row 41170
Warning: All percentages zero/invalid in row 41171
Warning: All percentages zero/invalid in row 41172
Warning: All percentages zero/invalid in row 41173
Warning: All percentages zero/invalid in row 41174
Warning: All percentages zero/invalid in row 41175
Warning: All percentages zero/invalid in row 41176
Warning: All percentages zero/invalid in row 41177
Warning: All percentages zero/invalid in row 41178
Warning: All percentages zero/invalid in row 41179
Warning: All percentages zero/invalid in row 41180
Warning: All percentages zero/invalid in row 41181
Warning: All percentages zero/invalid in row 41182
Warning: All percentages zero/invalid in row 41183
Warning: All percentages zero/invalid in row 41184
Warning: All percentages zero/invalid in row 41185
Warning: All percentages zero/invalid in row 41186
Warning: All percentages zero/invalid in row 41187
Warning: All percentages zero/invalid in row 41188
Warning: All percentages zero/invalid in row 41189
Warning: All percentages zero/invalid in row 41190
Warning: All percentages zero/invalid in row 41191
Warning: All percentages zero/invalid in row 41192
Warning: All percentages zero/invalid in row 41193
Warning: All percentages zero/invalid in row 41194
Warning: All percentages zero/invalid in row 41195
Warning: All percentages zero/invalid in row 41196
Warning: All percentages zero/invalid in row 41197
Warning: All percentages zero/invalid in row 41198
Warning: All percentages zero/invalid in row 41199
Warning: All percentages zero/invalid in row 41200
Warning: All percentages zero/invalid in row 41201
Warning: All percentages zero/invalid in row 41202
Warning: All percentages zero/invalid in row 41203
Warning: All percentages zero/invalid in row 41204
Warning: All percentages zero/invalid in row 41205
Warning: All percentages zero/invalid in row 41206
Warning: All percentages zero/invalid in row 41207
Warning: All percentages zero/invalid in row 41208
Warning: All percentages zero/invalid in row 41209
Warning: All percentages zero/invalid in row 41210
Warning: All percentages zero/invalid in row 41211
Warning: All percentages zero/invalid in row 41212
Warning: All percentages zero/invalid in row 41213
Warning: All percentages zero/invalid in row 41214
Warning: All percentages zero/invalid in row 41215
Warning: All percentages zero/invalid in row 41216
Warning: All percentages zero/invalid in row 41217
Warning: All percentages zero/invalid in row 41218
Warning: All percentages zero/invalid in row 41219
Warning: All percentages zero/invalid in row 41220
Warning: All percentages zero/invalid in row 41221
Warning: All percentages zero/invalid in row 41222
Warning: All percentages zero/invalid in row 41223
Warning: All percentages zero/invalid in row 41224
Warning: All percentages zero/invalid in row 41225
Warning: All percentages zero/invalid in row 41226
Warning: All percentages zero/invalid in row 41227
Warning: All percentages zero/invalid in row 41228
Warning: All percentages zero/invalid in row 41229
Warning: All percentages zero/invalid in row 41230
Warning: All percentages zero/invalid in row 41231
Warning: All percentages zero/invalid in row 41232
Warning: All percentages zero/invalid in row 41233
Warning: All percentages zero/invalid in row 41234
Warning: All percentages zero/invalid in row 41235
Warning: All percentages zero/invalid in row 41236
Warning: All percentages zero/invalid in row 41237
Warning: All percentages zero/invalid in row 41238
Warning: All percentages zero/invalid in row 41239
Warning: All percentages zero/invalid in row 41240
Warning: All percentages zero/invalid in row 41241
Warning: All percentages zero/invalid in row 41242
Warning: All percentages zero/invalid in row 41243
Warning: All percentages zero/invalid in row 41244
Warning: All percentages zero/invalid in row 41245
Warning: All percentages zero/invalid in row 41246
Warning: All percentages zero/invalid in row 41247
Warning: All percentages zero/invalid in row 41248
Warning: All percentages zero/invalid in row 41249
Warning: All percentages zero/invalid in row 41250
Warning: All percentages zero/invalid in row 41251
Warning: All percentages zero/invalid in row 41252
Warning: All percentages zero/invalid in row 41253
Warning: All percentages zero/invalid in row 41254
Warning: All percentages zero/invalid in row 41255
Warning: All percentages zero/invalid in row 41256
Warning: All percentages zero/invalid in row 41257
Warning: All percentages zero/invalid in row 41258
Warning: All percentages zero/invalid in row 41259
Warning: All percentages zero/invalid in row 41260
Warning: All percentages zero/invalid in row 41261
Warning: All percentages zero/invalid in row 41262
Warning: All percentages zero/invalid in row 41263
Warning: All percentages zero/invalid in row 41264
Warning: All percentages zero/invalid in row 41265
Warning: All percentages zero/invalid in row 41266
Warning: All percentages zero/invalid in row 41267
Warning: All percentages zero/invalid in row 41268
Warning: All percentages zero/invalid in row 41269
Warning: All percentages zero/invalid in row 41270
Warning: All percentages zero/invalid in row 41271
Warning: All percentages zero/invalid in row 41272
Warning: All percentages zero/invalid in row 41273
Warning: All percentages zero/invalid in row 41274
Warning: All percentages zero/invalid in row 41275
Warning: All percentages zero/invalid in row 41276
Warning: All percentages zero/invalid in row 41277
Warning: All percentages zero/invalid in row 41278
Warning: All percentages zero/invalid in row 41279
Warning: All percentages zero/invalid in row 41280
Warning: All percentages zero/invalid in row 41281
Warning: All percentages zero/invalid in row 41282
Warning: All percentages zero/invalid in row 41283
Warning: All percentages zero/invalid in row 41284
Warning: All percentages zero/invalid in row 41285
Warning: All percentages zero/invalid in row 41286
Warning: All percentages zero/invalid in row 41287
Warning: All percentages zero/invalid in row 41288
Warning: All percentages zero/invalid in row 41289
Warning: All percentages zero/invalid in row 41290
Warning: All percentages zero/invalid in row 41291
Warning: All percentages zero/invalid in row 41292
Warning: All percentages zero/invalid in row 41293
Warning: All percentages zero/invalid in row 41294
Warning: All percentages zero/invalid in row 41295
Warning: All percentages zero/invalid in row 41296
Warning: All percentages zero/invalid in row 41297
Warning: All percentages zero/invalid in row 41298
Warning: All percentages zero/invalid in row 41299
Warning: All percentages zero/invalid in row 41300
Warning: All percentages zero/invalid in row 41301
Warning: All percentages zero/invalid in row 41302
Warning: All percentages zero/invalid in row 41303
Warning: All percentages zero/invalid in row 41304
Warning: All percentages zero/invalid in row 41305
Warning: All percentages zero/invalid in row 41306
Warning: All percentages zero/invalid in row 41307
Warning: All percentages zero/invalid in row 41308
Warning: All percentages zero/invalid in row 41309
Warning: All percentages zero/invalid in row 41310
Warning: All percentages zero/invalid in row 41311
Warning: All percentages zero/invalid in row 41312
Warning: All percentages zero/invalid in row 41313
Warning: All percentages zero/invalid in row 41314
Warning: All percentages zero/invalid in row 41315
Warning: All percentages zero/invalid in row 41316
Warning: All percentages zero/invalid in row 41317
Warning: All percentages zero/invalid in row 41318
Warning: All percentages zero/invalid in row 41319
Warning: All percentages zero/invalid in row 41320
Warning: All percentages zero/invalid in row 41321
Warning: All percentages zero/invalid in row 41322
Warning: All percentages zero/invalid in row 41323
Warning: All percentages zero/invalid in row 41324
Warning: All percentages zero/invalid in row 41325
Warning: All percentages zero/invalid in row 41326
Warning: All percentages zero/invalid in row 41327
Warning: All percentages zero/invalid in row 41328
Warning: All percentages zero/invalid in row 41329
Warning: All percentages zero/invalid in row 41330
Warning: All percentages zero/invalid in row 41331
Warning: All percentages zero/invalid in row 41332
Warning: All percentages zero/invalid in row 41333
Warning: All percentages zero/invalid in row 41334
Warning: All percentages zero/invalid in row 41335
Warning: All percentages zero/invalid in row 41336
Warning: All percentages zero/invalid in row 41337
Warning: All percentages zero/invalid in row 41338
Warning: All percentages zero/invalid in row 41339
Warning: All percentages zero/invalid in row 41340
Warning: All percentages zero/invalid in row 41341
Warning: All percentages zero/invalid in row 41342
Warning: All percentages zero/invalid in row 41343
Warning: All percentages zero/invalid in row 41344
Warning: All percentages zero/invalid in row 41345
Warning: All percentages zero/invalid in row 41346
Warning: All percentages zero/invalid in row 41347
Warning: All percentages zero/invalid in row 41348
Warning: All percentages zero/invalid in row 41349
Warning: All percentages zero/invalid in row 41350
Warning: All percentages zero/invalid in row 41351
Warning: All percentages zero/invalid in row 41352
Warning: All percentages zero/invalid in row 41353
Warning: All percentages zero/invalid in row 41354
Warning: All percentages zero/invalid in row 41355
Warning: All percentages zero/invalid in row 41356
Warning: All percentages zero/invalid in row 41357
Warning: All percentages zero/invalid in row 41358
Warning: All percentages zero/invalid in row 41359
Warning: All percentages zero/invalid in row 41360
Warning: All percentages zero/invalid in row 41361
Warning: All percentages zero/invalid in row 41362
Warning: All percentages zero/invalid in row 41363
Warning: All percentages zero/invalid in row 41364
Warning: All percentages zero/invalid in row 41365
Warning: All percentages zero/invalid in row 41366
Warning: All percentages zero/invalid in row 41367
Warning: All percentages zero/invalid in row 41368
Warning: All percentages zero/invalid in row 41369
Warning: All percentages zero/invalid in row 41370
Warning: All percentages zero/invalid in row 41371
Warning: All percentages zero/invalid in row 41372
Warning: All percentages zero/invalid in row 41373
Warning: All percentages zero/invalid in row 41374
Warning: All percentages zero/invalid in row 41375
Warning: All percentages zero/invalid in row 41376
Warning: All percentages zero/invalid in row 41377
Warning: All percentages zero/invalid in row 41378
Warning: All percentages zero/invalid in row 41379
Warning: All percentages zero/invalid in row 41380
Warning: All percentages zero/invalid in row 41381
Warning: All percentages zero/invalid in row 41382
Warning: All percentages zero/invalid in row 41383
Warning: All percentages zero/invalid in row 41384
Warning: All percentages zero/invalid in row 41385
Warning: All percentages zero/invalid in row 41386
Warning: All percentages zero/invalid in row 41387
Warning: All percentages zero/invalid in row 41388
Warning: All percentages zero/invalid in row 41389
Warning: All percentages zero/invalid in row 41390
Warning: All percentages zero/invalid in row 41391
Warning: All percentages zero/invalid in row 41392
Warning: All percentages zero/invalid in row 41393
Warning: All percentages zero/invalid in row 41394
Warning: All percentages zero/invalid in row 41395
Warning: All percentages zero/invalid in row 41396
Warning: All percentages zero/invalid in row 41397
Warning: All percentages zero/invalid in row 41398
Warning: All percentages zero/invalid in row 41399
Warning: All percentages zero/invalid in row 41400
Warning: All percentages zero/invalid in row 41401
Warning: All percentages zero/invalid in row 41402
Warning: All percentages zero/invalid in row 41403
Warning: All percentages zero/invalid in row 41404
Warning: All percentages zero/invalid in row 41405
Warning: All percentages zero/invalid in row 41406
Warning: All percentages zero/invalid in row 41407
Warning: All percentages zero/invalid in row 41408
Warning: All percentages zero/invalid in row 41409
Warning: All percentages zero/invalid in row 41410
Warning: All percentages zero/invalid in row 41411
Warning: All percentages zero/invalid in row 41412
Warning: All percentages zero/invalid in row 41413
Warning: All percentages zero/invalid in row 41414
Warning: All percentages zero/invalid in row 41415
Warning: All percentages zero/invalid in row 41416
Warning: All percentages zero/invalid in row 41417
Warning: All percentages zero/invalid in row 41418
Warning: All percentages zero/invalid in row 41419
Warning: All percentages zero/invalid in row 41420
Warning: All percentages zero/invalid in row 41421
Warning: All percentages zero/invalid in row 41422
Warning: All percentages zero/invalid in row 41423
Warning: All percentages zero/invalid in row 41424
Warning: All percentages zero/invalid in row 41425
Warning: All percentages zero/invalid in row 41426
Warning: All percentages zero/invalid in row 41427
Warning: All percentages zero/invalid in row 41428
Warning: All percentages zero/invalid in row 41429
Warning: All percentages zero/invalid in row 41430
Warning: All percentages zero/invalid in row 41431
Warning: All percentages zero/invalid in row 41432
Warning: All percentages zero/invalid in row 41433
Warning: All percentages zero/invalid in row 41434
Warning: All percentages zero/invalid in row 41435
Warning: All percentages zero/invalid in row 41436
Warning: All percentages zero/invalid in row 41437
Warning: All percentages zero/invalid in row 41438
Warning: All percentages zero/invalid in row 41439
Warning: All percentages zero/invalid in row 41440
Warning: All percentages zero/invalid in row 41441
Warning: All percentages zero/invalid in row 41442
Warning: All percentages zero/invalid in row 41443
Warning: All percentages zero/invalid in row 41444
Warning: All percentages zero/invalid in row 41445
Warning: All percentages zero/invalid in row 41446
Warning: All percentages zero/invalid in row 41447
Warning: All percentages zero/invalid in row 41448
Warning: All percentages zero/invalid in row 41449
Warning: All percentages zero/invalid in row 41450
Warning: All percentages zero/invalid in row 41451
Warning: All percentages zero/invalid in row 41452
Warning: All percentages zero/invalid in row 41453
Warning: All percentages zero/invalid in row 41454
Warning: All percentages zero/invalid in row 41455
Warning: All percentages zero/invalid in row 41456
Warning: All percentages zero/invalid in row 41457
Warning: All percentages zero/invalid in row 41458
Warning: All percentages zero/invalid in row 41459
Warning: All percentages zero/invalid in row 41460
Warning: All percentages zero/invalid in row 41461
Warning: All percentages zero/invalid in row 41462
Warning: All percentages zero/invalid in row 41463
Warning: All percentages zero/invalid in row 41464
Warning: All percentages zero/invalid in row 41465
Warning: All percentages zero/invalid in row 41466
Warning: All percentages zero/invalid in row 41467
Warning: All percentages zero/invalid in row 41468
Warning: All percentages zero/invalid in row 41469
Warning: All percentages zero/invalid in row 41470
Warning: All percentages zero/invalid in row 41471
Warning: All percentages zero/invalid in row 41472
Warning: All percentages zero/invalid in row 41473
Warning: All percentages zero/invalid in row 41474
Warning: All percentages zero/invalid in row 41475
Warning: All percentages zero/invalid in row 41476
Warning: All percentages zero/invalid in row 41477
Warning: All percentages zero/invalid in row 41478
Warning: All percentages zero/invalid in row 41479
Warning: All percentages zero/invalid in row 41480
Warning: All percentages zero/invalid in row 41481
Warning: All percentages zero/invalid in row 41482
Warning: All percentages zero/invalid in row 41483
Warning: All percentages zero/invalid in row 41484
Warning: All percentages zero/invalid in row 41485
Warning: All percentages zero/invalid in row 41486
Warning: All percentages zero/invalid in row 41487
Warning: All percentages zero/invalid in row 41488
Warning: All percentages zero/invalid in row 41489
Warning: All percentages zero/invalid in row 41490
Warning: All percentages zero/invalid in row 41491
Warning: All percentages zero/invalid in row 41492
Warning: All percentages zero/invalid in row 41493
Warning: All percentages zero/invalid in row 41494
Warning: All percentages zero/invalid in row 41495
Warning: All percentages zero/invalid in row 41496
Warning: All percentages zero/invalid in row 41497
Warning: All percentages zero/invalid in row 41498
Warning: All percentages zero/invalid in row 41499
Warning: All percentages zero/invalid in row 41500
Warning: All percentages zero/invalid in row 41501
Warning: All percentages zero/invalid in row 41502
Warning: All percentages zero/invalid in row 41503
Warning: All percentages zero/invalid in row 41504
Warning: All percentages zero/invalid in row 41505
Warning: All percentages zero/invalid in row 41506
Warning: All percentages zero/invalid in row 41507
Warning: All percentages zero/invalid in row 41508
Warning: All percentages zero/invalid in row 41509
Warning: All percentages zero/invalid in row 41510
Warning: All percentages zero/invalid in row 41511
Warning: All percentages zero/invalid in row 41512
Warning: All percentages zero/invalid in row 41513
Warning: All percentages zero/invalid in row 41514
Warning: All percentages zero/invalid in row 41515
Warning: All percentages zero/invalid in row 41516
Warning: All percentages zero/invalid in row 41517
Warning: All percentages zero/invalid in row 41518
Warning: All percentages zero/invalid in row 41519
Warning: All percentages zero/invalid in row 41520
Warning: All percentages zero/invalid in row 41521
Warning: All percentages zero/invalid in row 41522
Warning: All percentages zero/invalid in row 41523
Warning: All percentages zero/invalid in row 41524
Warning: All percentages zero/invalid in row 41525
Warning: All percentages zero/invalid in row 41526
Warning: All percentages zero/invalid in row 41527
Warning: All percentages zero/invalid in row 41528
Warning: All percentages zero/invalid in row 41529
Warning: All percentages zero/invalid in row 41530
Warning: All percentages zero/invalid in row 41531
Warning: All percentages zero/invalid in row 41533
Warning: All percentages zero/invalid in row 41534
Warning: All percentages zero/invalid in row 41535
Warning: All percentages zero/invalid in row 41536
Warning: All percentages zero/invalid in row 41537
Warning: All percentages zero/invalid in row 41538
Warning: All percentages zero/invalid in row 41539
Warning: All percentages zero/invalid in row 41540
Warning: All percentages zero/invalid in row 41541
Warning: All percentages zero/invalid in row 41542
Warning: All percentages zero/invalid in row 41543
Warning: All percentages zero/invalid in row 41544
Warning: All percentages zero/invalid in row 41545
Warning: All percentages zero/invalid in row 41546
Warning: All percentages zero/invalid in row 41547
Warning: All percentages zero/invalid in row 41548
Warning: All percentages zero/invalid in row 41549
Warning: All percentages zero/invalid in row 41550
Warning: All percentages zero/invalid in row 41551
Warning: All percentages zero/invalid in row 41552
Warning: All percentages zero/invalid in row 41553
Warning: All percentages zero/invalid in row 41554
Warning: All percentages zero/invalid in row 41555
Warning: All percentages zero/invalid in row 41556
Warning: All percentages zero/invalid in row 41557
Warning: All percentages zero/invalid in row 41558
Warning: All percentages zero/invalid in row 41559
Warning: All percentages zero/invalid in row 41560
Warning: All percentages zero/invalid in row 41561
Warning: All percentages zero/invalid in row 41562
Warning: All percentages zero/invalid in row 41563
Warning: All percentages zero/invalid in row 41564
Warning: All percentages zero/invalid in row 41565
Warning: All percentages zero/invalid in row 41566
Warning: All percentages zero/invalid in row 41567
Warning: All percentages zero/invalid in row 41568
Warning: All percentages zero/invalid in row 41569
Warning: All percentages zero/invalid in row 41570
Warning: All percentages zero/invalid in row 41571
Warning: All percentages zero/invalid in row 41572
Warning: All percentages zero/invalid in row 41573
Warning: All percentages zero/invalid in row 41574
Warning: All percentages zero/invalid in row 41575
Warning: All percentages zero/invalid in row 41576
Warning: All percentages zero/invalid in row 41577
Warning: All percentages zero/invalid in row 41578
Warning: All percentages zero/invalid in row 41579
Warning: All percentages zero/invalid in row 41580
Warning: All percentages zero/invalid in row 41581
Warning: All percentages zero/invalid in row 41582
Warning: All percentages zero/invalid in row 41583
Warning: All percentages zero/invalid in row 41584
Warning: All percentages zero/invalid in row 41585
Warning: All percentages zero/invalid in row 41586
Warning: All percentages zero/invalid in row 41587
Warning: All percentages zero/invalid in row 41588
Warning: All percentages zero/invalid in row 41589
Warning: All percentages zero/invalid in row 41590
Warning: All percentages zero/invalid in row 41591
Warning: All percentages zero/invalid in row 41592
Warning: All percentages zero/invalid in row 41593
Warning: All percentages zero/invalid in row 41594
Warning: All percentages zero/invalid in row 41595
Warning: All percentages zero/invalid in row 41596
Warning: All percentages zero/invalid in row 41597
Warning: All percentages zero/invalid in row 41598
Warning: All percentages zero/invalid in row 41599
Warning: All percentages zero/invalid in row 41600
Warning: All percentages zero/invalid in row 41601
Warning: All percentages zero/invalid in row 41602
Warning: All percentages zero/invalid in row 41603
Warning: All percentages zero/invalid in row 41604
Warning: All percentages zero/invalid in row 41605
Warning: All percentages zero/invalid in row 41606
Warning: All percentages zero/invalid in row 41607
Warning: All percentages zero/invalid in row 41608
Warning: All percentages zero/invalid in row 41609
Warning: All percentages zero/invalid in row 41610
Warning: All percentages zero/invalid in row 41611
Warning: All percentages zero/invalid in row 41612
Warning: All percentages zero/invalid in row 41613
Warning: All percentages zero/invalid in row 41614
Warning: All percentages zero/invalid in row 41615
Warning: All percentages zero/invalid in row 41616
Warning: All percentages zero/invalid in row 41617
Warning: All percentages zero/invalid in row 41618
Warning: All percentages zero/invalid in row 41619
Warning: All percentages zero/invalid in row 41620
Warning: All percentages zero/invalid in row 41621
Warning: All percentages zero/invalid in row 41622
Warning: All percentages zero/invalid in row 41623
Warning: All percentages zero/invalid in row 41624
Warning: All percentages zero/invalid in row 41625
Warning: All percentages zero/invalid in row 41626
Warning: All percentages zero/invalid in row 41627
Warning: All percentages zero/invalid in row 41628
Warning: All percentages zero/invalid in row 41629
Warning: All percentages zero/invalid in row 41630
Warning: All percentages zero/invalid in row 41631
Warning: All percentages zero/invalid in row 41632
Warning: All percentages zero/invalid in row 41633
Warning: All percentages zero/invalid in row 41634
Warning: All percentages zero/invalid in row 41635
Warning: All percentages zero/invalid in row 41636
Warning: All percentages zero/invalid in row 41637
Warning: All percentages zero/invalid in row 41638
Warning: All percentages zero/invalid in row 41639
Warning: All percentages zero/invalid in row 41640
Warning: All percentages zero/invalid in row 41641
Warning: All percentages zero/invalid in row 41642
Warning: All percentages zero/invalid in row 41643
Warning: All percentages zero/invalid in row 41644
Warning: All percentages zero/invalid in row 41645
Warning: All percentages zero/invalid in row 41646
Warning: All percentages zero/invalid in row 41647
Warning: All percentages zero/invalid in row 41648
Warning: All percentages zero/invalid in row 41649
Warning: All percentages zero/invalid in row 41650
Warning: All percentages zero/invalid in row 41651
Warning: All percentages zero/invalid in row 41652
Warning: All percentages zero/invalid in row 41653
Warning: All percentages zero/invalid in row 41654
Warning: All percentages zero/invalid in row 41655
Warning: All percentages zero/invalid in row 41656
Warning: All percentages zero/invalid in row 41657
Warning: All percentages zero/invalid in row 41658
Warning: All percentages zero/invalid in row 41659
Warning: All percentages zero/invalid in row 41660
Warning: All percentages zero/invalid in row 41661
Warning: All percentages zero/invalid in row 41662
Warning: All percentages zero/invalid in row 41663
Warning: All percentages zero/invalid in row 41664
Warning: All percentages zero/invalid in row 41665
Warning: All percentages zero/invalid in row 41666
Warning: All percentages zero/invalid in row 41667
Warning: All percentages zero/invalid in row 41668
Warning: All percentages zero/invalid in row 41669
Warning: All percentages zero/invalid in row 41670
Warning: All percentages zero/invalid in row 41671
Warning: All percentages zero/invalid in row 41672
Warning: All percentages zero/invalid in row 41673
Warning: All percentages zero/invalid in row 41674
Warning: All percentages zero/invalid in row 41675
Warning: All percentages zero/invalid in row 41676
Warning: All percentages zero/invalid in row 41677
Warning: All percentages zero/invalid in row 41678
Warning: All percentages zero/invalid in row 41679
Warning: All percentages zero/invalid in row 41680
Warning: All percentages zero/invalid in row 41681
Warning: All percentages zero/invalid in row 41682
Warning: All percentages zero/invalid in row 41683
Warning: All percentages zero/invalid in row 41684
Warning: All percentages zero/invalid in row 41685
Warning: All percentages zero/invalid in row 41687
Warning: All percentages zero/invalid in row 41688
Warning: All percentages zero/invalid in row 41690
Warning: All percentages zero/invalid in row 41691
Warning: All percentages zero/invalid in row 41692
Warning: All percentages zero/invalid in row 41693
Warning: All percentages zero/invalid in row 41695
Warning: All percentages zero/invalid in row 41696
Warning: All percentages zero/invalid in row 41698
Warning: All percentages zero/invalid in row 41699
Warning: All percentages zero/invalid in row 41700
Warning: All percentages zero/invalid in row 41701
Warning: All percentages zero/invalid in row 41703
Warning: All percentages zero/invalid in row 41704
Warning: All percentages zero/invalid in row 41705
Warning: All percentages zero/invalid in row 41706
Warning: All percentages zero/invalid in row 41707
Warning: All percentages zero/invalid in row 41708
Warning: All percentages zero/invalid in row 41710
Warning: All percentages zero/invalid in row 41711
Warning: All percentages zero/invalid in row 41712
Warning: All percentages zero/invalid in row 41714
Warning: All percentages zero/invalid in row 41715
Warning: All percentages zero/invalid in row 41716
Warning: All percentages zero/invalid in row 41726
Warning: All percentages zero/invalid in row 41727
Warning: All percentages zero/invalid in row 41728
Warning: All percentages zero/invalid in row 41729
Warning: All percentages zero/invalid in row 41730
Warning: All percentages zero/invalid in row 41731
Warning: All percentages zero/invalid in row 41732
Warning: All percentages zero/invalid in row 41733
Warning: All percentages zero/invalid in row 41734
Warning: All percentages zero/invalid in row 41735
Warning: All percentages zero/invalid in row 41736
Warning: All percentages zero/invalid in row 41737
Warning: All percentages zero/invalid in row 41738
Warning: All percentages zero/invalid in row 41739
Warning: All percentages zero/invalid in row 41740
Warning: All percentages zero/invalid in row 41741
Warning: All percentages zero/invalid in row 41742
Warning: All percentages zero/invalid in row 41743
Warning: All percentages zero/invalid in row 41744
Warning: All percentages zero/invalid in row 41745
Warning: All percentages zero/invalid in row 41746
Warning: All percentages zero/invalid in row 41747
Warning: All percentages zero/invalid in row 41748
Warning: All percentages zero/invalid in row 41749
Warning: All percentages zero/invalid in row 41750
Warning: All percentages zero/invalid in row 41751
Warning: All percentages zero/invalid in row 41752
Warning: All percentages zero/invalid in row 41753
Warning: All percentages zero/invalid in row 41754
Warning: All percentages zero/invalid in row 41755
Warning: All percentages zero/invalid in row 41756
Warning: All percentages zero/invalid in row 41757
Warning: All percentages zero/invalid in row 41758
Warning: All percentages zero/invalid in row 41759
Warning: All percentages zero/invalid in row 41760
Warning: All percentages zero/invalid in row 41761
Warning: All percentages zero/invalid in row 41762
Warning: All percentages zero/invalid in row 41763
Warning: All percentages zero/invalid in row 41764
Warning: All percentages zero/invalid in row 41769
Warning: All percentages zero/invalid in row 41772
Warning: All percentages zero/invalid in row 41773
Warning: All percentages zero/invalid in row 41774
Warning: All percentages zero/invalid in row 41775
Warning: All percentages zero/invalid in row 41788
Warning: All percentages zero/invalid in row 41818
Warning: All percentages zero/invalid in row 41819
Warning: All percentages zero/invalid in row 41820
Warning: All percentages zero/invalid in row 41821
Warning: All percentages zero/invalid in row 41822
Warning: All percentages zero/invalid in row 41823
Warning: All percentages zero/invalid in row 41824
Warning: All percentages zero/invalid in row 41825
Warning: All percentages zero/invalid in row 41826
Warning: All percentages zero/invalid in row 41827
Warning: All percentages zero/invalid in row 41828
Warning: All percentages zero/invalid in row 41829
Warning: All percentages zero/invalid in row 41830
Warning: All percentages zero/invalid in row 41831
Warning: All percentages zero/invalid in row 41832
Warning: All percentages zero/invalid in row 41833
Warning: All percentages zero/invalid in row 41834
Warning: All percentages zero/invalid in row 41835
Warning: All percentages zero/invalid in row 41837
Warning: All percentages zero/invalid in row 41839
Warning: All percentages zero/invalid in row 41841
Warning: All percentages zero/invalid in row 41842
Warning: All percentages zero/invalid in row 41843
Warning: All percentages zero/invalid in row 41844
Warning: All percentages zero/invalid in row 41845
Warning: All percentages zero/invalid in row 41846
Warning: All percentages zero/invalid in row 41847
Warning: All percentages zero/invalid in row 41848
Warning: All percentages zero/invalid in row 41850
Warning: All percentages zero/invalid in row 41851
Warning: All percentages zero/invalid in row 41852
Warning: All percentages zero/invalid in row 41853
Warning: All percentages zero/invalid in row 41854
Warning: All percentages zero/invalid in row 41855
Warning: All percentages zero/invalid in row 41856
Warning: All percentages zero/invalid in row 41857
Warning: All percentages zero/invalid in row 41858
Warning: All percentages zero/invalid in row 41859
Warning: All percentages zero/invalid in row 41860
Warning: All percentages zero/invalid in row 41861
Warning: All percentages zero/invalid in row 41862
Warning: All percentages zero/invalid in row 41863
Warning: All percentages zero/invalid in row 41864
Warning: All percentages zero/invalid in row 41865
Warning: All percentages zero/invalid in row 41866
Warning: All percentages zero/invalid in row 41867
Warning: All percentages zero/invalid in row 41868
Warning: All percentages zero/invalid in row 41869
Warning: All percentages zero/invalid in row 41870
Warning: All percentages zero/invalid in row 41871
Warning: All percentages zero/invalid in row 41872
Warning: All percentages zero/invalid in row 41873
Warning: All percentages zero/invalid in row 41874
Warning: All percentages zero/invalid in row 41875
Warning: All percentages zero/invalid in row 41876
Warning: All percentages zero/invalid in row 41877
Warning: All percentages zero/invalid in row 41878
Warning: All percentages zero/invalid in row 41879
Warning: All percentages zero/invalid in row 41881
Warning: All percentages zero/invalid in row 41883
Warning: All percentages zero/invalid in row 41884
Warning: All percentages zero/invalid in row 41887
Warning: All percentages zero/invalid in row 41888
Warning: All percentages zero/invalid in row 41889
Warning: All percentages zero/invalid in row 41892
Warning: All percentages zero/invalid in row 41893
Warning: All percentages zero/invalid in row 41894
Warning: All percentages zero/invalid in row 41895
Warning: All percentages zero/invalid in row 41896
Warning: All percentages zero/invalid in row 41897
Warning: All percentages zero/invalid in row 41898
Warning: All percentages zero/invalid in row 41899
Warning: All percentages zero/invalid in row 41900
Warning: All percentages zero/invalid in row 41901
Warning: All percentages zero/invalid in row 41903
Warning: All percentages zero/invalid in row 41904
Warning: All percentages zero/invalid in row 41905
Warning: All percentages zero/invalid in row 41906
Warning: All percentages zero/invalid in row 41907
Warning: All percentages zero/invalid in row 41908
Warning: All percentages zero/invalid in row 41909
Warning: All percentages zero/invalid in row 41910
Warning: All percentages zero/invalid in row 41911
Warning: All percentages zero/invalid in row 41912
Warning: All percentages zero/invalid in row 41913
Warning: All percentages zero/invalid in row 41914
Warning: All percentages zero/invalid in row 41915
Warning: All percentages zero/invalid in row 41916
Warning: All percentages zero/invalid in row 41917
Warning: All percentages zero/invalid in row 41918
Warning: All percentages zero/invalid in row 41919
Warning: All percentages zero/invalid in row 41920
Warning: All percentages zero/invalid in row 41921
Warning: All percentages zero/invalid in row 41923
Warning: All percentages zero/invalid in row 41924
Warning: All percentages zero/invalid in row 41925
Warning: All percentages zero/invalid in row 41926
Warning: All percentages zero/invalid in row 41928
Warning: All percentages zero/invalid in row 41931
Warning: All percentages zero/invalid in row 41932
Warning: All percentages zero/invalid in row 41936
Warning: All percentages zero/invalid in row 41939
Warning: All percentages zero/invalid in row 41944
Warning: All percentages zero/invalid in row 41950
Warning: All percentages zero/invalid in row 41954
Warning: All percentages zero/invalid in row 41957
Warning: All percentages zero/invalid in row 41958
Warning: All percentages zero/invalid in row 41959
Warning: All percentages zero/invalid in row 41960
Warning: All percentages zero/invalid in row 41961
Warning: All percentages zero/invalid in row 41962
Warning: All percentages zero/invalid in row 41963
Warning: All percentages zero/invalid in row 41964
Warning: All percentages zero/invalid in row 41965
Warning: All percentages zero/invalid in row 41966
Warning: All percentages zero/invalid in row 41967
Warning: All percentages zero/invalid in row 41968
Warning: All percentages zero/invalid in row 41969
Warning: All percentages zero/invalid in row 41970
Warning: All percentages zero/invalid in row 41971
Warning: All percentages zero/invalid in row 41972
Warning: All percentages zero/invalid in row 41973
Warning: All percentages zero/invalid in row 41974
Warning: All percentages zero/invalid in row 41975
Warning: All percentages zero/invalid in row 41980
Warning: All percentages zero/invalid in row 41981
Warning: All percentages zero/invalid in row 41986
Warning: All percentages zero/invalid in row 41987
Warning: All percentages zero/invalid in row 41990
Warning: All percentages zero/invalid in row 41992
Warning: All percentages zero/invalid in row 41993
Warning: All percentages zero/invalid in row 42001
Warning: All percentages zero/invalid in row 42002
Warning: All percentages zero/invalid in row 42003
Warning: All percentages zero/invalid in row 42004
Warning: All percentages zero/invalid in row 42005
Warning: All percentages zero/invalid in row 42006
Warning: All percentages zero/invalid in row 42007
Warning: All percentages zero/invalid in row 42008
Warning: All percentages zero/invalid in row 42009
Warning: All percentages zero/invalid in row 42010
Warning: All percentages zero/invalid in row 42016
Warning: All percentages zero/invalid in row 42019
Warning: All percentages zero/invalid in row 42020
Warning: All percentages zero/invalid in row 42022
Warning: All percentages zero/invalid in row 42023
Warning: All percentages zero/invalid in row 42025
Warning: All percentages zero/invalid in row 42030
Warning: All percentages zero/invalid in row 42031
Warning: All percentages zero/invalid in row 42032
Warning: All percentages zero/invalid in row 42033
Warning: All percentages zero/invalid in row 42034
Warning: All percentages zero/invalid in row 42035
Warning: All percentages zero/invalid in row 42036
Warning: All percentages zero/invalid in row 42037
Warning: All percentages zero/invalid in row 42038
Warning: All percentages zero/invalid in row 42039
Warning: All percentages zero/invalid in row 42040
Warning: All percentages zero/invalid in row 42041
Warning: All percentages zero/invalid in row 42042
Warning: All percentages zero/invalid in row 42043
Warning: All percentages zero/invalid in row 42045
Warning: All percentages zero/invalid in row 42046
Warning: All percentages zero/invalid in row 42047
Warning: All percentages zero/invalid in row 42048
Warning: All percentages zero/invalid in row 42049
Warning: All percentages zero/invalid in row 42050
Warning: All percentages zero/invalid in row 42051
Warning: All percentages zero/invalid in row 42052
Warning: All percentages zero/invalid in row 42053
Warning: All percentages zero/invalid in row 42054
Warning: All percentages zero/invalid in row 42055
Warning: All percentages zero/invalid in row 42056
Warning: All percentages zero/invalid in row 42057
Warning: All percentages zero/invalid in row 42058
Warning: All percentages zero/invalid in row 42059
Warning: All percentages zero/invalid in row 42060
Warning: All percentages zero/invalid in row 42061
Warning: All percentages zero/invalid in row 42062
Warning: All percentages zero/invalid in row 42063
Warning: All percentages zero/invalid in row 42064
Warning: All percentages zero/invalid in row 42065
Warning: All percentages zero/invalid in row 42066
Warning: All percentages zero/invalid in row 42067
Warning: All percentages zero/invalid in row 42068
Warning: All percentages zero/invalid in row 42069
Warning: All percentages zero/invalid in row 42070
Warning: All percentages zero/invalid in row 42071
Warning: All percentages zero/invalid in row 42072
Warning: All percentages zero/invalid in row 42073
Warning: All percentages zero/invalid in row 42074
Warning: All percentages zero/invalid in row 42075
Warning: All percentages zero/invalid in row 42076
Warning: All percentages zero/invalid in row 42077
Warning: All percentages zero/invalid in row 42078
Warning: All percentages zero/invalid in row 42079
Warning: All percentages zero/invalid in row 42080
Warning: All percentages zero/invalid in row 42081
Warning: All percentages zero/invalid in row 42082
Warning: All percentages zero/invalid in row 42083
Warning: All percentages zero/invalid in row 42084
Warning: All percentages zero/invalid in row 42085
Warning: All percentages zero/invalid in row 42086
Warning: All percentages zero/invalid in row 42087
Warning: All percentages zero/invalid in row 42088
Warning: All percentages zero/invalid in row 42089
Warning: All percentages zero/invalid in row 42090
Warning: All percentages zero/invalid in row 42091
Warning: All percentages zero/invalid in row 42092
Warning: All percentages zero/invalid in row 42093
Warning: All percentages zero/invalid in row 42094
Warning: All percentages zero/invalid in row 42095
Warning: All percentages zero/invalid in row 42096
Warning: All percentages zero/invalid in row 42097
Warning: All percentages zero/invalid in row 42098
Warning: All percentages zero/invalid in row 42099
Warning: All percentages zero/invalid in row 42100
Warning: All percentages zero/invalid in row 42101
Warning: All percentages zero/invalid in row 42102
Warning: All percentages zero/invalid in row 42103
Warning: All percentages zero/invalid in row 42104
Warning: All percentages zero/invalid in row 42105
Warning: All percentages zero/invalid in row 42106
Warning: All percentages zero/invalid in row 42107
Warning: All percentages zero/invalid in row 42108
Warning: All percentages zero/invalid in row 42109
Warning: All percentages zero/invalid in row 42110
Warning: All percentages zero/invalid in row 42111
Warning: All percentages zero/invalid in row 42112
Warning: All percentages zero/invalid in row 42113
Warning: All percentages zero/invalid in row 42114
Warning: All percentages zero/invalid in row 42118
Warning: All percentages zero/invalid in row 42137
Warning: All percentages zero/invalid in row 42150
Warning: All percentages zero/invalid in row 42152
Warning: All percentages zero/invalid in row 42158
Warning: All percentages zero/invalid in row 42163
Warning: All percentages zero/invalid in row 42164
Warning: All percentages zero/invalid in row 42184
Warning: All percentages zero/invalid in row 42185
Warning: All percentages zero/invalid in row 42215
Warning: All percentages zero/invalid in row 42223
Warning: All percentages zero/invalid in row 42224
Warning: All percentages zero/invalid in row 42237
Warning: All percentages zero/invalid in row 42240
Warning: All percentages zero/invalid in row 42252
Warning: All percentages zero/invalid in row 42254
Warning: All percentages zero/invalid in row 42272
Warning: All percentages zero/invalid in row 42282
Warning: All percentages zero/invalid in row 42289
Warning: All percentages zero/invalid in row 42290
Warning: All percentages zero/invalid in row 42291
Warning: All percentages zero/invalid in row 42292
Warning: All percentages zero/invalid in row 42293
Warning: All percentages zero/invalid in row 42294
Warning: All percentages zero/invalid in row 42295
Warning: All percentages zero/invalid in row 42296
Warning: All percentages zero/invalid in row 42297
Warning: All percentages zero/invalid in row 42298
Warning: All percentages zero/invalid in row 42299
Warning: All percentages zero/invalid in row 42300
Warning: All percentages zero/invalid in row 42301
Warning: All percentages zero/invalid in row 42302
Warning: All percentages zero/invalid in row 42303
Warning: All percentages zero/invalid in row 42304
Warning: All percentages zero/invalid in row 42305
Warning: All percentages zero/invalid in row 42306
Warning: All percentages zero/invalid in row 42307
Warning: All percentages zero/invalid in row 42308
Warning: All percentages zero/invalid in row 42309
Warning: All percentages zero/invalid in row 42310
Warning: All percentages zero/invalid in row 42311
Warning: All percentages zero/invalid in row 42312
Warning: All percentages zero/invalid in row 42313
Warning: All percentages zero/invalid in row 42314
Warning: All percentages zero/invalid in row 42315
Warning: All percentages zero/invalid in row 42316
Warning: All percentages zero/invalid in row 42317
Warning: All percentages zero/invalid in row 42318
Warning: All percentages zero/invalid in row 42319
Warning: All percentages zero/invalid in row 42320
Warning: All percentages zero/invalid in row 42321
Warning: All percentages zero/invalid in row 42322
Warning: All percentages zero/invalid in row 42323
Warning: All percentages zero/invalid in row 42324
Warning: All percentages zero/invalid in row 42325
Warning: All percentages zero/invalid in row 42326
Warning: All percentages zero/invalid in row 42327
Warning: All percentages zero/invalid in row 42328
Warning: All percentages zero/invalid in row 42329
Warning: All percentages zero/invalid in row 42330
Warning: All percentages zero/invalid in row 42331
Warning: All percentages zero/invalid in row 42332
Warning: All percentages zero/invalid in row 42333
Warning: All percentages zero/invalid in row 42334
Warning: All percentages zero/invalid in row 42335
Warning: All percentages zero/invalid in row 42336
Warning: All percentages zero/invalid in row 42337
Warning: All percentages zero/invalid in row 42338
Warning: All percentages zero/invalid in row 42339
Warning: All percentages zero/invalid in row 42340
Warning: All percentages zero/invalid in row 42341
Warning: All percentages zero/invalid in row 42342
Warning: All percentages zero/invalid in row 42343
Warning: All percentages zero/invalid in row 42344
Warning: All percentages zero/invalid in row 42345
Warning: All percentages zero/invalid in row 42346
Warning: All percentages zero/invalid in row 42347
Warning: All percentages zero/invalid in row 42348
Warning: All percentages zero/invalid in row 42349
Warning: All percentages zero/invalid in row 42350
Warning: All percentages zero/invalid in row 42351
Warning: All percentages zero/invalid in row 42352
Warning: All percentages zero/invalid in row 42353
Warning: All percentages zero/invalid in row 42354
Warning: All percentages zero/invalid in row 42355
Warning: All percentages zero/invalid in row 42356
Warning: All percentages zero/invalid in row 42357
Warning: All percentages zero/invalid in row 42358
Warning: All percentages zero/invalid in row 42359
Warning: All percentages zero/invalid in row 42360
Warning: All percentages zero/invalid in row 42361
Warning: All percentages zero/invalid in row 42362
Warning: All percentages zero/invalid in row 42363
Warning: All percentages zero/invalid in row 42364
Warning: All percentages zero/invalid in row 42365
Warning: All percentages zero/invalid in row 42366
Warning: All percentages zero/invalid in row 42367
Warning: All percentages zero/invalid in row 42368
Warning: All percentages zero/invalid in row 42369
Warning: All percentages zero/invalid in row 42370
Warning: All percentages zero/invalid in row 42371
Warning: All percentages zero/invalid in row 42372
Warning: All percentages zero/invalid in row 42373
Warning: All percentages zero/invalid in row 42374
Warning: All percentages zero/invalid in row 42375
Warning: All percentages zero/invalid in row 42376
Warning: All percentages zero/invalid in row 42377
Warning: All percentages zero/invalid in row 42378
Warning: All percentages zero/invalid in row 42379
Warning: All percentages zero/invalid in row 42380
Warning: All percentages zero/invalid in row 42381
Warning: All percentages zero/invalid in row 42382
Warning: All percentages zero/invalid in row 42383
Warning: All percentages zero/invalid in row 42384
Warning: All percentages zero/invalid in row 42385
Warning: All percentages zero/invalid in row 42386
Warning: All percentages zero/invalid in row 42387
Warning: All percentages zero/invalid in row 42388
Warning: All percentages zero/invalid in row 42389
Warning: All percentages zero/invalid in row 42390
Warning: All percentages zero/invalid in row 42391
Warning: All percentages zero/invalid in row 42392
Warning: All percentages zero/invalid in row 42393
Warning: All percentages zero/invalid in row 42394
Warning: All percentages zero/invalid in row 42395
Warning: All percentages zero/invalid in row 42396
Warning: All percentages zero/invalid in row 42397
Warning: All percentages zero/invalid in row 42398
Warning: All percentages zero/invalid in row 42399
Warning: All percentages zero/invalid in row 42400
Warning: All percentages zero/invalid in row 42401
Warning: All percentages zero/invalid in row 42402
Warning: All percentages zero/invalid in row 42403
Warning: All percentages zero/invalid in row 42404
Warning: All percentages zero/invalid in row 42405
Warning: All percentages zero/invalid in row 42406
Warning: All percentages zero/invalid in row 42407
Warning: All percentages zero/invalid in row 42408
Warning: All percentages zero/invalid in row 42409
Warning: All percentages zero/invalid in row 42410
Warning: All percentages zero/invalid in row 42411
Warning: All percentages zero/invalid in row 42412
Warning: All percentages zero/invalid in row 42413
Warning: All percentages zero/invalid in row 42414
Warning: All percentages zero/invalid in row 42415
Warning: All percentages zero/invalid in row 42416
Warning: All percentages zero/invalid in row 42417
Warning: All percentages zero/invalid in row 42418
Warning: All percentages zero/invalid in row 42419
Warning: All percentages zero/invalid in row 42420
Warning: All percentages zero/invalid in row 42421
Warning: All percentages zero/invalid in row 42422
Warning: All percentages zero/invalid in row 42423
Warning: All percentages zero/invalid in row 42424
Warning: All percentages zero/invalid in row 42425
Warning: All percentages zero/invalid in row 42426
Warning: All percentages zero/invalid in row 42427
Warning: All percentages zero/invalid in row 42428
Warning: All percentages zero/invalid in row 42429
Warning: All percentages zero/invalid in row 42430
Warning: All percentages zero/invalid in row 42431
Warning: All percentages zero/invalid in row 42432
Warning: All percentages zero/invalid in row 42433
Warning: All percentages zero/invalid in row 42434
Warning: All percentages zero/invalid in row 42435
Warning: All percentages zero/invalid in row 42436
Warning: All percentages zero/invalid in row 42437
Warning: All percentages zero/invalid in row 42438
Warning: All percentages zero/invalid in row 42439
Warning: All percentages zero/invalid in row 42440
Warning: All percentages zero/invalid in row 42441
Warning: All percentages zero/invalid in row 42442
Warning: All percentages zero/invalid in row 42443
Warning: All percentages zero/invalid in row 42444
Warning: All percentages zero/invalid in row 42445
Warning: All percentages zero/invalid in row 42446
Warning: All percentages zero/invalid in row 42447
Warning: All percentages zero/invalid in row 42448
Warning: All percentages zero/invalid in row 42449
Warning: All percentages zero/invalid in row 42450
Warning: All percentages zero/invalid in row 42451
Warning: All percentages zero/invalid in row 42452
Warning: All percentages zero/invalid in row 42453
Warning: All percentages zero/invalid in row 42454
Warning: All percentages zero/invalid in row 42455
Warning: All percentages zero/invalid in row 42456
Warning: All percentages zero/invalid in row 42457
Warning: All percentages zero/invalid in row 42458
Warning: All percentages zero/invalid in row 42459
Warning: All percentages zero/invalid in row 42460
Warning: All percentages zero/invalid in row 42461
Warning: All percentages zero/invalid in row 42462
Warning: All percentages zero/invalid in row 42463
Warning: All percentages zero/invalid in row 42464
Warning: All percentages zero/invalid in row 42465
Warning: All percentages zero/invalid in row 42466
Warning: All percentages zero/invalid in row 42467
Warning: All percentages zero/invalid in row 42468
Warning: All percentages zero/invalid in row 42469
Warning: All percentages zero/invalid in row 42470
Warning: All percentages zero/invalid in row 42471
Warning: All percentages zero/invalid in row 42472
Warning: All percentages zero/invalid in row 42473
Warning: All percentages zero/invalid in row 42474
Warning: All percentages zero/invalid in row 42475
Warning: All percentages zero/invalid in row 42476
Warning: All percentages zero/invalid in row 42477
Warning: All percentages zero/invalid in row 42478
Warning: All percentages zero/invalid in row 42479
Warning: All percentages zero/invalid in row 42480
Warning: All percentages zero/invalid in row 42481
Warning: All percentages zero/invalid in row 42482
Warning: All percentages zero/invalid in row 42483
Warning: All percentages zero/invalid in row 42484
Warning: All percentages zero/invalid in row 42485
Warning: All percentages zero/invalid in row 42486
Warning: All percentages zero/invalid in row 42487
Warning: All percentages zero/invalid in row 42488
Warning: All percentages zero/invalid in row 42489
Warning: All percentages zero/invalid in row 42490
Warning: All percentages zero/invalid in row 42491
Warning: All percentages zero/invalid in row 42492
Warning: All percentages zero/invalid in row 42493
Warning: All percentages zero/invalid in row 42494
Warning: All percentages zero/invalid in row 42495
Warning: All percentages zero/invalid in row 42496
Warning: All percentages zero/invalid in row 42497
Warning: All percentages zero/invalid in row 42498
Warning: All percentages zero/invalid in row 42499
Warning: All percentages zero/invalid in row 42504
Warning: All percentages zero/invalid in row 42511
Warning: All percentages zero/invalid in row 42512
Warning: All percentages zero/invalid in row 42548
Warning: All percentages zero/invalid in row 42549
Warning: All percentages zero/invalid in row 42550
Warning: All percentages zero/invalid in row 42551
Warning: All percentages zero/invalid in row 42552
Warning: All percentages zero/invalid in row 42553
Warning: All percentages zero/invalid in row 42554
Warning: All percentages zero/invalid in row 42555
Warning: All percentages zero/invalid in row 42556
Warning: All percentages zero/invalid in row 42557
Warning: All percentages zero/invalid in row 42558
Warning: All percentages zero/invalid in row 42559
Warning: All percentages zero/invalid in row 42560
Warning: All percentages zero/invalid in row 42561
Warning: All percentages zero/invalid in row 42562
Warning: All percentages zero/invalid in row 42563
Warning: All percentages zero/invalid in row 42564
Warning: All percentages zero/invalid in row 42565
Warning: All percentages zero/invalid in row 42566
Warning: All percentages zero/invalid in row 42567
Warning: All percentages zero/invalid in row 42568
Warning: All percentages zero/invalid in row 42569
Warning: All percentages zero/invalid in row 42570
Warning: All percentages zero/invalid in row 42571
Warning: All percentages zero/invalid in row 42572
Warning: All percentages zero/invalid in row 42573
Warning: All percentages zero/invalid in row 42574
Warning: All percentages zero/invalid in row 42575
Warning: All percentages zero/invalid in row 42576
Warning: All percentages zero/invalid in row 42577
Warning: All percentages zero/invalid in row 42578
Warning: All percentages zero/invalid in row 42580
Warning: All percentages zero/invalid in row 42583
Warning: All percentages zero/invalid in row 42584
Warning: All percentages zero/invalid in row 42585
Warning: All percentages zero/invalid in row 42586
Warning: All percentages zero/invalid in row 42587
Warning: All percentages zero/invalid in row 42604
Warning: All percentages zero/invalid in row 42605
Warning: All percentages zero/invalid in row 42606
Warning: All percentages zero/invalid in row 42608
Warning: All percentages zero/invalid in row 42620
Warning: All percentages zero/invalid in row 42628
Warning: All percentages zero/invalid in row 42630
Warning: All percentages zero/invalid in row 42631
Warning: All percentages zero/invalid in row 42632
Warning: All percentages zero/invalid in row 42634
Warning: All percentages zero/invalid in row 42635
Warning: All percentages zero/invalid in row 42636
Warning: All percentages zero/invalid in row 42637
Warning: All percentages zero/invalid in row 42638
Warning: All percentages zero/invalid in row 42639
Warning: All percentages zero/invalid in row 42640
Warning: All percentages zero/invalid in row 42641
Warning: All percentages zero/invalid in row 42642
Warning: All percentages zero/invalid in row 42643
Warning: All percentages zero/invalid in row 42644
Warning: All percentages zero/invalid in row 42645
Warning: All percentages zero/invalid in row 42646
Warning: All percentages zero/invalid in row 42647
Warning: All percentages zero/invalid in row 42648
Warning: All percentages zero/invalid in row 42649
Warning: All percentages zero/invalid in row 42650
Warning: All percentages zero/invalid in row 42651
Warning: All percentages zero/invalid in row 42652
Warning: All percentages zero/invalid in row 42653
Warning: All percentages zero/invalid in row 42654
Warning: All percentages zero/invalid in row 42655
Warning: All percentages zero/invalid in row 42791
Warning: All percentages zero/invalid in row 42792
Warning: All percentages zero/invalid in row 42793
Warning: All percentages zero/invalid in row 42794
Warning: All percentages zero/invalid in row 42795
Warning: All percentages zero/invalid in row 42796
Warning: All percentages zero/invalid in row 42797
Warning: All percentages zero/invalid in row 42798
Warning: All percentages zero/invalid in row 42799
Warning: All percentages zero/invalid in row 42800
Warning: All percentages zero/invalid in row 42801
Warning: All percentages zero/invalid in row 42802
Warning: All percentages zero/invalid in row 42803
Warning: All percentages zero/invalid in row 42804
Warning: All percentages zero/invalid in row 42805
Warning: All percentages zero/invalid in row 42806
Warning: All percentages zero/invalid in row 42807
Warning: All percentages zero/invalid in row 42808
Warning: All percentages zero/invalid in row 42809
Warning: All percentages zero/invalid in row 42810
Warning: All percentages zero/invalid in row 42811
Warning: All percentages zero/invalid in row 42812
Warning: All percentages zero/invalid in row 42813
Warning: All percentages zero/invalid in row 42814
Warning: All percentages zero/invalid in row 42815
Warning: All percentages zero/invalid in row 42816
Warning: All percentages zero/invalid in row 42817
Warning: All percentages zero/invalid in row 42818
Warning: All percentages zero/invalid in row 42819
Warning: All percentages zero/invalid in row 42820
Warning: All percentages zero/invalid in row 42821
Warning: All percentages zero/invalid in row 42822
Warning: All percentages zero/invalid in row 42823
Warning: All percentages zero/invalid in row 42824
Warning: All percentages zero/invalid in row 42825
Warning: All percentages zero/invalid in row 42826
Warning: All percentages zero/invalid in row 42827
Warning: All percentages zero/invalid in row 42828
Warning: All percentages zero/invalid in row 42829
Warning: All percentages zero/invalid in row 42830
Warning: All percentages zero/invalid in row 42831
Warning: All percentages zero/invalid in row 42832
Warning: All percentages zero/invalid in row 42833
Warning: All percentages zero/invalid in row 42834
Warning: All percentages zero/invalid in row 42835
Warning: All percentages zero/invalid in row 42836
Warning: All percentages zero/invalid in row 42837
Warning: All percentages zero/invalid in row 42838
Warning: All percentages zero/invalid in row 42839
Warning: All percentages zero/invalid in row 42840
Warning: All percentages zero/invalid in row 42841
Warning: All percentages zero/invalid in row 42842
Warning: All percentages zero/invalid in row 42843
Warning: All percentages zero/invalid in row 42844
Warning: All percentages zero/invalid in row 42845
Warning: All percentages zero/invalid in row 42846
Warning: All percentages zero/invalid in row 42847
Warning: All percentages zero/invalid in row 42848
Warning: All percentages zero/invalid in row 42849
Warning: All percentages zero/invalid in row 42850
Warning: All percentages zero/invalid in row 42851
Warning: All percentages zero/invalid in row 42853
Warning: All percentages zero/invalid in row 42859
Warning: All percentages zero/invalid in row 42860
Warning: All percentages zero/invalid in row 42864
Warning: All percentages zero/invalid in row 42870
Warning: All percentages zero/invalid in row 42883
Warning: All percentages zero/invalid in row 42886
Warning: All percentages zero/invalid in row 42887
Warning: All percentages zero/invalid in row 42899
Warning: All percentages zero/invalid in row 42939
Warning: All percentages zero/invalid in row 42940
Warning: All percentages zero/invalid in row 42941
Warning: All percentages zero/invalid in row 42942
Warning: All percentages zero/invalid in row 42943
Warning: All percentages zero/invalid in row 42944
Warning: All percentages zero/invalid in row 42945
Warning: All percentages zero/invalid in row 42946
Warning: All percentages zero/invalid in row 42947
Warning: All percentages zero/invalid in row 42948
Warning: All percentages zero/invalid in row 42949
Warning: All percentages zero/invalid in row 42950
Warning: All percentages zero/invalid in row 42951
Warning: All percentages zero/invalid in row 42952
Warning: All percentages zero/invalid in row 42953
Warning: All percentages zero/invalid in row 42954
Warning: All percentages zero/invalid in row 42955
Warning: All percentages zero/invalid in row 42956
Warning: All percentages zero/invalid in row 42957
Warning: All percentages zero/invalid in row 42958
Warning: All percentages zero/invalid in row 42959
Warning: All percentages zero/invalid in row 42960
Warning: All percentages zero/invalid in row 42961
Warning: All percentages zero/invalid in row 42962
Warning: All percentages zero/invalid in row 42963
Warning: All percentages zero/invalid in row 42964
Warning: All percentages zero/invalid in row 42965
Warning: All percentages zero/invalid in row 42966
Warning: All percentages zero/invalid in row 42967
Warning: All percentages zero/invalid in row 42968
Warning: All percentages zero/invalid in row 42969
Warning: All percentages zero/invalid in row 42970
Warning: All percentages zero/invalid in row 42971
Warning: All percentages zero/invalid in row 42972
Warning: All percentages zero/invalid in row 42973
Warning: All percentages zero/invalid in row 42974
Warning: All percentages zero/invalid in row 42975
Warning: All percentages zero/invalid in row 42976
Warning: All percentages zero/invalid in row 42977
Warning: All percentages zero/invalid in row 42978
Warning: All percentages zero/invalid in row 42979
Warning: All percentages zero/invalid in row 42980
Warning: All percentages zero/invalid in row 42981
Warning: All percentages zero/invalid in row 42982
Warning: All percentages zero/invalid in row 42983
Warning: All percentages zero/invalid in row 42984
Warning: All percentages zero/invalid in row 42985
Warning: All percentages zero/invalid in row 42986
Warning: All percentages zero/invalid in row 42987
Warning: All percentages zero/invalid in row 42988
Warning: All percentages zero/invalid in row 42989
Warning: All percentages zero/invalid in row 42990
Warning: All percentages zero/invalid in row 42991
Warning: All percentages zero/invalid in row 42992
Warning: All percentages zero/invalid in row 42993
Warning: All percentages zero/invalid in row 42994
Warning: All percentages zero/invalid in row 42995
Warning: All percentages zero/invalid in row 42996
Warning: All percentages zero/invalid in row 42997
Warning: All percentages zero/invalid in row 42998
Warning: All percentages zero/invalid in row 42999
Warning: All percentages zero/invalid in row 43000
Warning: All percentages zero/invalid in row 43001
Warning: All percentages zero/invalid in row 43002
Warning: All percentages zero/invalid in row 43003
Warning: All percentages zero/invalid in row 43004
Warning: All percentages zero/invalid in row 43005
Warning: All percentages zero/invalid in row 43006
Warning: All percentages zero/invalid in row 43007
Warning: All percentages zero/invalid in row 43008
Warning: All percentages zero/invalid in row 43009
Warning: All percentages zero/invalid in row 43010
Warning: All percentages zero/invalid in row 43011
Warning: All percentages zero/invalid in row 43012
Warning: All percentages zero/invalid in row 43013
Warning: All percentages zero/invalid in row 43014
Warning: All percentages zero/invalid in row 43015
Warning: All percentages zero/invalid in row 43016
Warning: All percentages zero/invalid in row 43017
Warning: All percentages zero/invalid in row 43018
Warning: All percentages zero/invalid in row 43019
Warning: All percentages zero/invalid in row 43020
Warning: All percentages zero/invalid in row 43021
Warning: All percentages zero/invalid in row 43022
Warning: All percentages zero/invalid in row 43023
Warning: All percentages zero/invalid in row 43024
Warning: All percentages zero/invalid in row 43025
Warning: All percentages zero/invalid in row 43026
Warning: All percentages zero/invalid in row 43027
Warning: All percentages zero/invalid in row 43028
Warning: All percentages zero/invalid in row 43029
Warning: All percentages zero/invalid in row 43030
Warning: All percentages zero/invalid in row 43031
Warning: All percentages zero/invalid in row 43032
Warning: All percentages zero/invalid in row 43033
Warning: All percentages zero/invalid in row 43034
Warning: All percentages zero/invalid in row 43035
Warning: All percentages zero/invalid in row 43036
Warning: All percentages zero/invalid in row 43037
Warning: All percentages zero/invalid in row 43038
Warning: All percentages zero/invalid in row 43039
Warning: All percentages zero/invalid in row 43040
Warning: All percentages zero/invalid in row 43041
Warning: All percentages zero/invalid in row 43042
Warning: All percentages zero/invalid in row 43043
Warning: All percentages zero/invalid in row 43044
Warning: All percentages zero/invalid in row 43045
Warning: All percentages zero/invalid in row 43046
Warning: All percentages zero/invalid in row 43047
Warning: All percentages zero/invalid in row 43048
Warning: All percentages zero/invalid in row 43049
Warning: All percentages zero/invalid in row 43050
Warning: All percentages zero/invalid in row 43051
Warning: All percentages zero/invalid in row 43052
Warning: All percentages zero/invalid in row 43053
Warning: All percentages zero/invalid in row 43054
Warning: All percentages zero/invalid in row 43055
Warning: All percentages zero/invalid in row 43056
Warning: All percentages zero/invalid in row 43057
Warning: All percentages zero/invalid in row 43058
Warning: All percentages zero/invalid in row 43059
Warning: All percentages zero/invalid in row 43060
Warning: All percentages zero/invalid in row 43061
Warning: All percentages zero/invalid in row 43062
Warning: All percentages zero/invalid in row 43063
Warning: All percentages zero/invalid in row 43064
Warning: All percentages zero/invalid in row 43065
Warning: All percentages zero/invalid in row 43066
Warning: All percentages zero/invalid in row 43067
Warning: All percentages zero/invalid in row 43068
Warning: All percentages zero/invalid in row 43069
Warning: All percentages zero/invalid in row 43070
Warning: All percentages zero/invalid in row 43071
Warning: All percentages zero/invalid in row 43072
Warning: All percentages zero/invalid in row 43073
Warning: All percentages zero/invalid in row 43074
Warning: All percentages zero/invalid in row 43075
Warning: All percentages zero/invalid in row 43076
Warning: All percentages zero/invalid in row 43077
Warning: All percentages zero/invalid in row 43078
Warning: All percentages zero/invalid in row 43079
Warning: All percentages zero/invalid in row 43080
Warning: All percentages zero/invalid in row 43081
Warning: All percentages zero/invalid in row 43082
Warning: All percentages zero/invalid in row 43083
Warning: All percentages zero/invalid in row 43084
Warning: All percentages zero/invalid in row 43085
Warning: All percentages zero/invalid in row 43086
Warning: All percentages zero/invalid in row 43087
Warning: All percentages zero/invalid in row 43088
Warning: All percentages zero/invalid in row 43089
Warning: All percentages zero/invalid in row 43090
Warning: All percentages zero/invalid in row 43091
Warning: All percentages zero/invalid in row 43092
Warning: All percentages zero/invalid in row 43093
Warning: All percentages zero/invalid in row 43094
Warning: All percentages zero/invalid in row 43095
Warning: All percentages zero/invalid in row 43096
Warning: All percentages zero/invalid in row 43097
Warning: All percentages zero/invalid in row 43098
Warning: All percentages zero/invalid in row 43099
Warning: All percentages zero/invalid in row 43100
Warning: All percentages zero/invalid in row 43101
Warning: All percentages zero/invalid in row 43102
Warning: All percentages zero/invalid in row 43103
Warning: All percentages zero/invalid in row 43104
Warning: All percentages zero/invalid in row 43105
Warning: All percentages zero/invalid in row 43106
Warning: All percentages zero/invalid in row 43107
Warning: All percentages zero/invalid in row 43108
Warning: All percentages zero/invalid in row 43109
Warning: All percentages zero/invalid in row 43110
Warning: All percentages zero/invalid in row 43111
Warning: All percentages zero/invalid in row 43112
Warning: All percentages zero/invalid in row 43113
Warning: All percentages zero/invalid in row 43114
Warning: All percentages zero/invalid in row 43115
Warning: All percentages zero/invalid in row 43116
Warning: All percentages zero/invalid in row 43117
Warning: All percentages zero/invalid in row 43118
Warning: All percentages zero/invalid in row 43119
Warning: All percentages zero/invalid in row 43120
Warning: All percentages zero/invalid in row 43121
Warning: All percentages zero/invalid in row 43122
Warning: All percentages zero/invalid in row 43123
Warning: All percentages zero/invalid in row 43124
Warning: All percentages zero/invalid in row 43125
Warning: All percentages zero/invalid in row 43126
Warning: All percentages zero/invalid in row 43127
Warning: All percentages zero/invalid in row 43128
Warning: All percentages zero/invalid in row 43129
Warning: All percentages zero/invalid in row 43130
Warning: All percentages zero/invalid in row 43131
Warning: All percentages zero/invalid in row 43132
Warning: All percentages zero/invalid in row 43133
Warning: All percentages zero/invalid in row 43134
Warning: All percentages zero/invalid in row 43135
Warning: All percentages zero/invalid in row 43136
Warning: All percentages zero/invalid in row 43137
Warning: All percentages zero/invalid in row 43138
Warning: All percentages zero/invalid in row 43139
Warning: All percentages zero/invalid in row 43140
Warning: All percentages zero/invalid in row 43141
Warning: All percentages zero/invalid in row 43142
Warning: All percentages zero/invalid in row 43143
Warning: All percentages zero/invalid in row 43144
Warning: All percentages zero/invalid in row 43145
Warning: All percentages zero/invalid in row 43146
Warning: All percentages zero/invalid in row 43147
Warning: All percentages zero/invalid in row 43148
Warning: All percentages zero/invalid in row 43149
Warning: All percentages zero/invalid in row 43150
Warning: All percentages zero/invalid in row 43151
Warning: All percentages zero/invalid in row 43152
Warning: All percentages zero/invalid in row 43153
Warning: All percentages zero/invalid in row 43154
Warning: All percentages zero/invalid in row 43155
Warning: All percentages zero/invalid in row 43156
Warning: All percentages zero/invalid in row 43157
Warning: All percentages zero/invalid in row 43158
Warning: All percentages zero/invalid in row 43159
Warning: All percentages zero/invalid in row 43160
Warning: All percentages zero/invalid in row 43161
Warning: All percentages zero/invalid in row 43162
Warning: All percentages zero/invalid in row 43163
Warning: All percentages zero/invalid in row 43164
Warning: All percentages zero/invalid in row 43165
Warning: All percentages zero/invalid in row 43166
Warning: All percentages zero/invalid in row 43167
Warning: All percentages zero/invalid in row 43168
Warning: All percentages zero/invalid in row 43169
Warning: All percentages zero/invalid in row 43170
Warning: All percentages zero/invalid in row 43171
Warning: All percentages zero/invalid in row 43172
Warning: All percentages zero/invalid in row 43173
Warning: All percentages zero/invalid in row 43174
Warning: All percentages zero/invalid in row 43175
Warning: All percentages zero/invalid in row 43176
Warning: All percentages zero/invalid in row 43177
Warning: All percentages zero/invalid in row 43178
Warning: All percentages zero/invalid in row 43179
Warning: All percentages zero/invalid in row 43180
Warning: All percentages zero/invalid in row 43181
Warning: All percentages zero/invalid in row 43182
Warning: All percentages zero/invalid in row 43183
Warning: All percentages zero/invalid in row 43184
Warning: All percentages zero/invalid in row 43185
Warning: All percentages zero/invalid in row 43186
Warning: All percentages zero/invalid in row 43187
Warning: All percentages zero/invalid in row 43188
Warning: All percentages zero/invalid in row 43189
Warning: All percentages zero/invalid in row 43190
Warning: All percentages zero/invalid in row 43191
Warning: All percentages zero/invalid in row 43192
Warning: All percentages zero/invalid in row 43193
Warning: All percentages zero/invalid in row 43194
Warning: All percentages zero/invalid in row 43195
Warning: All percentages zero/invalid in row 43196
Warning: All percentages zero/invalid in row 43197
Warning: All percentages zero/invalid in row 43198
Warning: All percentages zero/invalid in row 43199
Warning: All percentages zero/invalid in row 43200
Warning: All percentages zero/invalid in row 43201
Warning: All percentages zero/invalid in row 43202
Warning: All percentages zero/invalid in row 43203
Warning: All percentages zero/invalid in row 43204
Warning: All percentages zero/invalid in row 43205
Warning: All percentages zero/invalid in row 43206
Warning: All percentages zero/invalid in row 43207
Warning: All percentages zero/invalid in row 43208
Warning: All percentages zero/invalid in row 43209
Warning: All percentages zero/invalid in row 43210
Warning: All percentages zero/invalid in row 43211
Warning: All percentages zero/invalid in row 43212
Warning: All percentages zero/invalid in row 43213
Warning: All percentages zero/invalid in row 43214
Warning: All percentages zero/invalid in row 43215
Warning: All percentages zero/invalid in row 43216
Warning: All percentages zero/invalid in row 43217
Warning: All percentages zero/invalid in row 43218
Warning: All percentages zero/invalid in row 43219
Warning: All percentages zero/invalid in row 43220
Warning: All percentages zero/invalid in row 43221
Warning: All percentages zero/invalid in row 43222
Warning: All percentages zero/invalid in row 43223
Warning: All percentages zero/invalid in row 43224
Warning: All percentages zero/invalid in row 43225
Warning: All percentages zero/invalid in row 43226
Warning: All percentages zero/invalid in row 43227
Warning: All percentages zero/invalid in row 43228
Warning: All percentages zero/invalid in row 43229
Warning: All percentages zero/invalid in row 43230
Warning: All percentages zero/invalid in row 43231
Warning: All percentages zero/invalid in row 43232
Warning: All percentages zero/invalid in row 43233
Warning: All percentages zero/invalid in row 43234
Warning: All percentages zero/invalid in row 43235
Warning: All percentages zero/invalid in row 43236
Warning: All percentages zero/invalid in row 43237
Warning: All percentages zero/invalid in row 43238
Warning: All percentages zero/invalid in row 43239
Warning: All percentages zero/invalid in row 43240
Warning: All percentages zero/invalid in row 43241
Warning: All percentages zero/invalid in row 43242
Warning: All percentages zero/invalid in row 43243
Warning: All percentages zero/invalid in row 43244
Warning: All percentages zero/invalid in row 43245
Warning: All percentages zero/invalid in row 43246
Warning: All percentages zero/invalid in row 43247
Warning: All percentages zero/invalid in row 43248
Warning: All percentages zero/invalid in row 43249
Warning: All percentages zero/invalid in row 43250
Warning: All percentages zero/invalid in row 43251
Warning: All percentages zero/invalid in row 43252
Warning: All percentages zero/invalid in row 43253
Warning: All percentages zero/invalid in row 43254
Warning: All percentages zero/invalid in row 43255
Warning: All percentages zero/invalid in row 43256
Warning: All percentages zero/invalid in row 43257
Warning: All percentages zero/invalid in row 43258
Warning: All percentages zero/invalid in row 43259
Warning: All percentages zero/invalid in row 43260
Warning: All percentages zero/invalid in row 43261
Warning: All percentages zero/invalid in row 43277
Warning: All percentages zero/invalid in row 43294
Warning: All percentages zero/invalid in row 43295
Warning: All percentages zero/invalid in row 43327
Warning: All percentages zero/invalid in row 43328
Warning: All percentages zero/invalid in row 43329
Warning: All percentages zero/invalid in row 43344
Warning: All percentages zero/invalid in row 43348
Warning: All percentages zero/invalid in row 43350
Warning: All percentages zero/invalid in row 43361
Warning: All percentages zero/invalid in row 43374
Warning: All percentages zero/invalid in row 43376
Warning: All percentages zero/invalid in row 43377
Warning: All percentages zero/invalid in row 43388
Warning: All percentages zero/invalid in row 43390
Warning: All percentages zero/invalid in row 43391
Warning: All percentages zero/invalid in row 43421
Warning: All percentages zero/invalid in row 43430
Warning: All percentages zero/invalid in row 43433
Warning: All percentages zero/invalid in row 43454
Warning: All percentages zero/invalid in row 43455
Warning: All percentages zero/invalid in row 43460
Warning: All percentages zero/invalid in row 43470
Warning: All percentages zero/invalid in row 43481
Warning: All percentages zero/invalid in row 43482
Warning: All percentages zero/invalid in row 43483
Warning: All percentages zero/invalid in row 43484
Warning: All percentages zero/invalid in row 43485
Warning: All percentages zero/invalid in row 43486
Warning: All percentages zero/invalid in row 43487
Warning: All percentages zero/invalid in row 43488
Warning: All percentages zero/invalid in row 43489
Warning: All percentages zero/invalid in row 43490
Warning: All percentages zero/invalid in row 43491
Warning: All percentages zero/invalid in row 43520
Warning: All percentages zero/invalid in row 43552
Warning: All percentages zero/invalid in row 43557
Warning: All percentages zero/invalid in row 43611
Warning: All percentages zero/invalid in row 43619
Warning: All percentages zero/invalid in row 43622
Warning: All percentages zero/invalid in row 43628
Warning: All percentages zero/invalid in row 43650
Warning: All percentages zero/invalid in row 43725
Warning: All percentages zero/invalid in row 43731
Warning: All percentages zero/invalid in row 43759
Warning: All percentages zero/invalid in row 43760
Warning: All percentages zero/invalid in row 43764
Warning: All percentages zero/invalid in row 43767
Warning: All percentages zero/invalid in row 43769
Warning: All percentages zero/invalid in row 43771
Warning: All percentages zero/invalid in row 43807
Warning: All percentages zero/invalid in row 43810
Warning: All percentages zero/invalid in row 43818
Warning: All percentages zero/invalid in row 43846
Warning: All percentages zero/invalid in row 43848
Warning: All percentages zero/invalid in row 43869
Warning: All percentages zero/invalid in row 43870
Warning: All percentages zero/invalid in row 43879
Warning: All percentages zero/invalid in row 43881
Warning: All percentages zero/invalid in row 43894
Warning: All percentages zero/invalid in row 43898
Warning: All percentages zero/invalid in row 43899
Warning: All percentages zero/invalid in row 43900
Warning: All percentages zero/invalid in row 43906
Warning: All percentages zero/invalid in row 43923
Warning: All percentages zero/invalid in row 43928
Warning: All percentages zero/invalid in row 43930
Warning: All percentages zero/invalid in row 43942
Warning: All percentages zero/invalid in row 43943
Warning: All percentages zero/invalid in row 43953
Warning: All percentages zero/invalid in row 43954
Warning: All percentages zero/invalid in row 43956
Warning: All percentages zero/invalid in row 43957
Warning: All percentages zero/invalid in row 43960
Warning: All percentages zero/invalid in row 43961
Warning: All percentages zero/invalid in row 43963
Warning: All percentages zero/invalid in row 43964
Warning: All percentages zero/invalid in row 43965
Warning: All percentages zero/invalid in row 43966
Warning: All percentages zero/invalid in row 43971
Warning: All percentages zero/invalid in row 43974
Warning: All percentages zero/invalid in row 44009
Warning: All percentages zero/invalid in row 44015
Warning: All percentages zero/invalid in row 44056
Warning: All percentages zero/invalid in row 44078
Warning: All percentages zero/invalid in row 44081
Warning: All percentages zero/invalid in row 44082
Warning: All percentages zero/invalid in row 44083
Warning: All percentages zero/invalid in row 44084
Warning: All percentages zero/invalid in row 44085
Warning: All percentages zero/invalid in row 44088
Warning: All percentages zero/invalid in row 44089
Warning: All percentages zero/invalid in row 44091
Warning: All percentages zero/invalid in row 44096
Warning: All percentages zero/invalid in row 44097
Warning: All percentages zero/invalid in row 44098
Warning: All percentages zero/invalid in row 44100
Warning: All percentages zero/invalid in row 44112
Warning: All percentages zero/invalid in row 44113
Warning: All percentages zero/invalid in row 44114
Warning: All percentages zero/invalid in row 44115
Warning: All percentages zero/invalid in row 44116
Warning: All percentages zero/invalid in row 44117
Warning: All percentages zero/invalid in row 44118
Warning: All percentages zero/invalid in row 44119
Warning: All percentages zero/invalid in row 44120
Warning: All percentages zero/invalid in row 44128
Warning: All percentages zero/invalid in row 44129
Warning: All percentages zero/invalid in row 44130
Warning: All percentages zero/invalid in row 44134
Warning: All percentages zero/invalid in row 44138
Warning: All percentages zero/invalid in row 44139
Warning: All percentages zero/invalid in row 44141
Warning: All percentages zero/invalid in row 44142
Warning: All percentages zero/invalid in row 44143
Warning: All percentages zero/invalid in row 44145
Warning: All percentages zero/invalid in row 44146
Warning: All percentages zero/invalid in row 44147
Warning: All percentages zero/invalid in row 44149
Warning: All percentages zero/invalid in row 44150
Warning: All percentages zero/invalid in row 44152
Warning: All percentages zero/invalid in row 44153
Warning: All percentages zero/invalid in row 44154
Warning: All percentages zero/invalid in row 44156
Warning: All percentages zero/invalid in row 44157
Warning: All percentages zero/invalid in row 44159
Warning: All percentages zero/invalid in row 44165
Warning: All percentages zero/invalid in row 44166
Warning: All percentages zero/invalid in row 44167
Warning: All percentages zero/invalid in row 44172
Warning: All percentages zero/invalid in row 44173
Warning: All percentages zero/invalid in row 44174
Warning: All percentages zero/invalid in row 44176
Warning: All percentages zero/invalid in row 44177
Warning: All percentages zero/invalid in row 44178
Warning: All percentages zero/invalid in row 44179
Warning: All percentages zero/invalid in row 44180
Warning: All percentages zero/invalid in row 44181
Warning: All percentages zero/invalid in row 44182
Warning: All percentages zero/invalid in row 44183
Warning: All percentages zero/invalid in row 44184
Warning: All percentages zero/invalid in row 44185
Warning: All percentages zero/invalid in row 44186
Warning: All percentages zero/invalid in row 44187
Warning: All percentages zero/invalid in row 44188
Warning: All percentages zero/invalid in row 44189
Warning: All percentages zero/invalid in row 44190
Warning: All percentages zero/invalid in row 44191
Warning: All percentages zero/invalid in row 44192
Warning: All percentages zero/invalid in row 44193
Warning: All percentages zero/invalid in row 44194
Warning: All percentages zero/invalid in row 44195
Warning: All percentages zero/invalid in row 44196
Warning: All percentages zero/invalid in row 44197
Warning: All percentages zero/invalid in row 44198
Warning: All percentages zero/invalid in row 44199
Warning: All percentages zero/invalid in row 44200
Warning: All percentages zero/invalid in row 44201
Warning: All percentages zero/invalid in row 44202
Warning: All percentages zero/invalid in row 44203
Warning: All percentages zero/invalid in row 44204
Warning: All percentages zero/invalid in row 44205
Warning: All percentages zero/invalid in row 44206
Warning: All percentages zero/invalid in row 44207
Warning: All percentages zero/invalid in row 44208
Warning: All percentages zero/invalid in row 44209
Warning: All percentages zero/invalid in row 44210
Warning: All percentages zero/invalid in row 44211
Warning: All percentages zero/invalid in row 44212
Warning: All percentages zero/invalid in row 44213
Warning: All percentages zero/invalid in row 44214
Warning: All percentages zero/invalid in row 44215
Warning: All percentages zero/invalid in row 44216
Warning: All percentages zero/invalid in row 44217
Warning: All percentages zero/invalid in row 44218
Warning: All percentages zero/invalid in row 44219
Warning: All percentages zero/invalid in row 44220
Warning: All percentages zero/invalid in row 44221
Warning: All percentages zero/invalid in row 44222
Warning: All percentages zero/invalid in row 44223
Warning: All percentages zero/invalid in row 44224
Warning: All percentages zero/invalid in row 44225
Warning: All percentages zero/invalid in row 44226
Warning: All percentages zero/invalid in row 44227
Warning: All percentages zero/invalid in row 44228
Warning: All percentages zero/invalid in row 44229
Warning: All percentages zero/invalid in row 44230
Warning: All percentages zero/invalid in row 44231
Warning: All percentages zero/invalid in row 44232
Warning: All percentages zero/invalid in row 44233
Warning: All percentages zero/invalid in row 44234
Warning: All percentages zero/invalid in row 44235
Warning: All percentages zero/invalid in row 44236
Warning: All percentages zero/invalid in row 44237
Warning: All percentages zero/invalid in row 44238
Warning: All percentages zero/invalid in row 44239
Warning: All percentages zero/invalid in row 44240
Warning: All percentages zero/invalid in row 44241
Warning: All percentages zero/invalid in row 44242
Warning: All percentages zero/invalid in row 44243
Warning: All percentages zero/invalid in row 44244
Warning: All percentages zero/invalid in row 44245
Warning: All percentages zero/invalid in row 44246
Warning: All percentages zero/invalid in row 44247
Warning: All percentages zero/invalid in row 44248
Warning: All percentages zero/invalid in row 44249
Warning: All percentages zero/invalid in row 44250
Warning: All percentages zero/invalid in row 44251
Warning: All percentages zero/invalid in row 44252
Warning: All percentages zero/invalid in row 44253
Warning: All percentages zero/invalid in row 44254
Warning: All percentages zero/invalid in row 44255
Warning: All percentages zero/invalid in row 44256
Warning: All percentages zero/invalid in row 44257
Warning: All percentages zero/invalid in row 44258
Warning: All percentages zero/invalid in row 44259
Warning: All percentages zero/invalid in row 44260
Warning: All percentages zero/invalid in row 44261
Warning: All percentages zero/invalid in row 44262
Warning: All percentages zero/invalid in row 44263
Warning: All percentages zero/invalid in row 44264
Warning: All percentages zero/invalid in row 44265
Warning: All percentages zero/invalid in row 44266
Warning: All percentages zero/invalid in row 44267
Warning: All percentages zero/invalid in row 44268
Warning: All percentages zero/invalid in row 44269
Warning: All percentages zero/invalid in row 44270
Warning: All percentages zero/invalid in row 44271
Warning: All percentages zero/invalid in row 44273
Warning: All percentages zero/invalid in row 44274
Warning: All percentages zero/invalid in row 44275
Warning: All percentages zero/invalid in row 44276
Warning: All percentages zero/invalid in row 44277
Warning: All percentages zero/invalid in row 44278
Warning: All percentages zero/invalid in row 44279
Warning: All percentages zero/invalid in row 44280
Warning: All percentages zero/invalid in row 44281
Warning: All percentages zero/invalid in row 44282
Warning: All percentages zero/invalid in row 44283
Warning: All percentages zero/invalid in row 44284
Warning: All percentages zero/invalid in row 44285
Warning: All percentages zero/invalid in row 44286
Warning: All percentages zero/invalid in row 44287
Warning: All percentages zero/invalid in row 44288
Warning: All percentages zero/invalid in row 44289
Warning: All percentages zero/invalid in row 44290
Warning: All percentages zero/invalid in row 44291
Warning: All percentages zero/invalid in row 44292
Warning: All percentages zero/invalid in row 44293
Warning: All percentages zero/invalid in row 44294
Warning: All percentages zero/invalid in row 44295
Warning: All percentages zero/invalid in row 44296
Warning: All percentages zero/invalid in row 44297
Warning: All percentages zero/invalid in row 44298
Warning: All percentages zero/invalid in row 44299
Warning: All percentages zero/invalid in row 44300
Warning: All percentages zero/invalid in row 44301
Warning: All percentages zero/invalid in row 44302
Warning: All percentages zero/invalid in row 44303
Warning: All percentages zero/invalid in row 44304
Warning: All percentages zero/invalid in row 44305
Warning: All percentages zero/invalid in row 44307
Warning: All percentages zero/invalid in row 44308
Warning: All percentages zero/invalid in row 44311
Warning: All percentages zero/invalid in row 44312
Warning: All percentages zero/invalid in row 44314
Warning: All percentages zero/invalid in row 44316
Warning: All percentages zero/invalid in row 44317
Warning: All percentages zero/invalid in row 44318
Warning: All percentages zero/invalid in row 44320
Warning: All percentages zero/invalid in row 44321
Warning: All percentages zero/invalid in row 44325
Warning: All percentages zero/invalid in row 44337
Warning: All percentages zero/invalid in row 44340
Warning: All percentages zero/invalid in row 44342
Warning: All percentages zero/invalid in row 44343
Warning: All percentages zero/invalid in row 44344
Warning: All percentages zero/invalid in row 44346
Warning: All percentages zero/invalid in row 44347
Warning: All percentages zero/invalid in row 44349
Warning: All percentages zero/invalid in row 44350
Warning: All percentages zero/invalid in row 44352
Warning: All percentages zero/invalid in row 44353
Warning: All percentages zero/invalid in row 44360
Warning: All percentages zero/invalid in row 44361
Warning: All percentages zero/invalid in row 44362
Warning: All percentages zero/invalid in row 44363
Warning: All percentages zero/invalid in row 44364
Warning: All percentages zero/invalid in row 44365
Warning: All percentages zero/invalid in row 44366
Warning: All percentages zero/invalid in row 44367
Warning: All percentages zero/invalid in row 44368
Warning: All percentages zero/invalid in row 44369
Warning: All percentages zero/invalid in row 44370
Warning: All percentages zero/invalid in row 44371
Warning: All percentages zero/invalid in row 44372
Warning: All percentages zero/invalid in row 44373
Warning: All percentages zero/invalid in row 44374
Warning: All percentages zero/invalid in row 44375
Warning: All percentages zero/invalid in row 44376
Warning: All percentages zero/invalid in row 44377
Warning: All percentages zero/invalid in row 44378
Warning: All percentages zero/invalid in row 44379
Warning: All percentages zero/invalid in row 44380
Warning: All percentages zero/invalid in row 44381
Warning: All percentages zero/invalid in row 44383
Warning: All percentages zero/invalid in row 44384
Warning: All percentages zero/invalid in row 44385
Warning: All percentages zero/invalid in row 44386
Warning: All percentages zero/invalid in row 44387
Warning: All percentages zero/invalid in row 44388
Warning: All percentages zero/invalid in row 44389
Warning: All percentages zero/invalid in row 44390
Warning: All percentages zero/invalid in row 44392
Warning: All percentages zero/invalid in row 44393
Warning: All percentages zero/invalid in row 44395
Warning: All percentages zero/invalid in row 44396
Warning: All percentages zero/invalid in row 44397
Warning: All percentages zero/invalid in row 44398
Warning: All percentages zero/invalid in row 44400
Warning: All percentages zero/invalid in row 44402
Warning: All percentages zero/invalid in row 44403
Warning: All percentages zero/invalid in row 44405
Warning: All percentages zero/invalid in row 44406
Warning: All percentages zero/invalid in row 44407
Warning: All percentages zero/invalid in row 44408
Warning: All percentages zero/invalid in row 44409
Warning: All percentages zero/invalid in row 44410
Warning: All percentages zero/invalid in row 44411
Warning: All percentages zero/invalid in row 44412
Warning: All percentages zero/invalid in row 44413
Warning: All percentages zero/invalid in row 44414
Warning: All percentages zero/invalid in row 44416
Warning: All percentages zero/invalid in row 44417
Warning: All percentages zero/invalid in row 44418
Warning: All percentages zero/invalid in row 44419
Warning: All percentages zero/invalid in row 44420
Warning: All percentages zero/invalid in row 44421
Warning: All percentages zero/invalid in row 44422
Warning: All percentages zero/invalid in row 44423
Warning: All percentages zero/invalid in row 44424
Warning: All percentages zero/invalid in row 44425
Warning: All percentages zero/invalid in row 44426
Warning: All percentages zero/invalid in row 44427
Warning: All percentages zero/invalid in row 44428
Warning: All percentages zero/invalid in row 44429
Warning: All percentages zero/invalid in row 44431
Warning: All percentages zero/invalid in row 44436
Warning: All percentages zero/invalid in row 44437
Warning: All percentages zero/invalid in row 44442
Warning: All percentages zero/invalid in row 44443
Warning: All percentages zero/invalid in row 44444
Warning: All percentages zero/invalid in row 44445
Warning: All percentages zero/invalid in row 44446
Warning: All percentages zero/invalid in row 44447
Warning: All percentages zero/invalid in row 44448
Warning: All percentages zero/invalid in row 44449
Warning: All percentages zero/invalid in row 44450
Warning: All percentages zero/invalid in row 44451
Warning: All percentages zero/invalid in row 44452
Warning: All percentages zero/invalid in row 44453
Warning: All percentages zero/invalid in row 44454
Warning: All percentages zero/invalid in row 44455
Warning: All percentages zero/invalid in row 44456
Warning: All percentages zero/invalid in row 44457
Warning: All percentages zero/invalid in row 44458
Warning: All percentages zero/invalid in row 44459
Warning: All percentages zero/invalid in row 44460
Warning: All percentages zero/invalid in row 44461
Warning: All percentages zero/invalid in row 44462
Warning: All percentages zero/invalid in row 44463
Warning: All percentages zero/invalid in row 44464
Warning: All percentages zero/invalid in row 44465
Warning: All percentages zero/invalid in row 44466
Warning: All percentages zero/invalid in row 44467
Warning: All percentages zero/invalid in row 44468
Warning: All percentages zero/invalid in row 44469
Warning: All percentages zero/invalid in row 44470
Warning: All percentages zero/invalid in row 44471
Warning: All percentages zero/invalid in row 44472
Warning: All percentages zero/invalid in row 44473
Warning: All percentages zero/invalid in row 44474
Warning: All percentages zero/invalid in row 44475
Warning: All percentages zero/invalid in row 44476
Warning: All percentages zero/invalid in row 44477
Warning: All percentages zero/invalid in row 44478
Warning: All percentages zero/invalid in row 44479
Warning: All percentages zero/invalid in row 44480
Warning: All percentages zero/invalid in row 44481
Warning: All percentages zero/invalid in row 44482
Warning: All percentages zero/invalid in row 44483
Warning: All percentages zero/invalid in row 44484
Warning: All percentages zero/invalid in row 44485
Warning: All percentages zero/invalid in row 44486
Warning: All percentages zero/invalid in row 44487
Warning: All percentages zero/invalid in row 44488
Warning: All percentages zero/invalid in row 44489
Warning: All percentages zero/invalid in row 44490
Warning: All percentages zero/invalid in row 44491
Warning: All percentages zero/invalid in row 44492
Warning: All percentages zero/invalid in row 44493
Warning: All percentages zero/invalid in row 44494
Warning: All percentages zero/invalid in row 44495
Warning: All percentages zero/invalid in row 44496
Warning: All percentages zero/invalid in row 44497
Warning: All percentages zero/invalid in row 44498
Warning: All percentages zero/invalid in row 44499
Warning: All percentages zero/invalid in row 44500
Warning: All percentages zero/invalid in row 44501
Warning: All percentages zero/invalid in row 44502
Warning: All percentages zero/invalid in row 44503
Warning: All percentages zero/invalid in row 44504
Warning: All percentages zero/invalid in row 44505
Warning: All percentages zero/invalid in row 44506
Warning: All percentages zero/invalid in row 44507
Warning: All percentages zero/invalid in row 44508
Warning: All percentages zero/invalid in row 44509
Warning: All percentages zero/invalid in row 44510
Warning: All percentages zero/invalid in row 44511
Warning: All percentages zero/invalid in row 44512
Warning: All percentages zero/invalid in row 44513
Warning: All percentages zero/invalid in row 44514
Warning: All percentages zero/invalid in row 44515
Warning: All percentages zero/invalid in row 44516
Warning: All percentages zero/invalid in row 44517
Warning: All percentages zero/invalid in row 44518
Warning: All percentages zero/invalid in row 44519
Warning: All percentages zero/invalid in row 44520
Warning: All percentages zero/invalid in row 44521
Warning: All percentages zero/invalid in row 44522
Warning: All percentages zero/invalid in row 44523
Warning: All percentages zero/invalid in row 44524
Warning: All percentages zero/invalid in row 44525
Warning: All percentages zero/invalid in row 44526
Warning: All percentages zero/invalid in row 44527
Warning: All percentages zero/invalid in row 44528
Warning: All percentages zero/invalid in row 44529
Warning: All percentages zero/invalid in row 44530
Warning: All percentages zero/invalid in row 44531
Warning: All percentages zero/invalid in row 44532
Warning: All percentages zero/invalid in row 44533
Warning: All percentages zero/invalid in row 44534
Warning: All percentages zero/invalid in row 44535
Warning: All percentages zero/invalid in row 44536
Warning: All percentages zero/invalid in row 44537
Warning: All percentages zero/invalid in row 44538
Warning: All percentages zero/invalid in row 44539
Warning: All percentages zero/invalid in row 44540
Warning: All percentages zero/invalid in row 44541
Warning: All percentages zero/invalid in row 44542
Warning: All percentages zero/invalid in row 44543
Warning: All percentages zero/invalid in row 44544
Warning: All percentages zero/invalid in row 44545
Warning: All percentages zero/invalid in row 44546
Warning: All percentages zero/invalid in row 44547
Warning: All percentages zero/invalid in row 44548
Warning: All percentages zero/invalid in row 44549
Warning: All percentages zero/invalid in row 44550
Warning: All percentages zero/invalid in row 44551
Warning: All percentages zero/invalid in row 44552
Warning: All percentages zero/invalid in row 44553
Warning: All percentages zero/invalid in row 44554
Warning: All percentages zero/invalid in row 44555
Warning: All percentages zero/invalid in row 44556
Warning: All percentages zero/invalid in row 44557
Warning: All percentages zero/invalid in row 44558
Warning: All percentages zero/invalid in row 44559
Warning: All percentages zero/invalid in row 44560
Warning: All percentages zero/invalid in row 44561
Warning: All percentages zero/invalid in row 44562
Warning: All percentages zero/invalid in row 44563
Warning: All percentages zero/invalid in row 44564
Warning: All percentages zero/invalid in row 44565
Warning: All percentages zero/invalid in row 44566
Warning: All percentages zero/invalid in row 44567
Warning: All percentages zero/invalid in row 44568
Warning: All percentages zero/invalid in row 44569
Warning: All percentages zero/invalid in row 44570
Warning: All percentages zero/invalid in row 44571
Warning: All percentages zero/invalid in row 44572
Warning: All percentages zero/invalid in row 44573
Warning: All percentages zero/invalid in row 44574
Warning: All percentages zero/invalid in row 44575
Warning: All percentages zero/invalid in row 44576
Warning: All percentages zero/invalid in row 44577
Warning: All percentages zero/invalid in row 44578
Warning: All percentages zero/invalid in row 44579
Warning: All percentages zero/invalid in row 44580
Warning: All percentages zero/invalid in row 44581
Warning: All percentages zero/invalid in row 44582
Warning: All percentages zero/invalid in row 44583
Warning: All percentages zero/invalid in row 44584
Warning: All percentages zero/invalid in row 44585
Warning: All percentages zero/invalid in row 44586
Warning: All percentages zero/invalid in row 44587
Warning: All percentages zero/invalid in row 44588
Warning: All percentages zero/invalid in row 44589
Warning: All percentages zero/invalid in row 44590
Warning: All percentages zero/invalid in row 44591
Warning: All percentages zero/invalid in row 44592
Warning: All percentages zero/invalid in row 44593
Warning: All percentages zero/invalid in row 44594
Warning: All percentages zero/invalid in row 44595
Warning: All percentages zero/invalid in row 44596
Warning: All percentages zero/invalid in row 44597
Warning: All percentages zero/invalid in row 44598
Warning: All percentages zero/invalid in row 44599
Warning: All percentages zero/invalid in row 44600
Warning: All percentages zero/invalid in row 44601
Warning: All percentages zero/invalid in row 44602
Warning: All percentages zero/invalid in row 44603
Warning: All percentages zero/invalid in row 44604
Warning: All percentages zero/invalid in row 44605
Warning: All percentages zero/invalid in row 44606
Warning: All percentages zero/invalid in row 44607
Warning: All percentages zero/invalid in row 44608
Warning: All percentages zero/invalid in row 44609
Warning: All percentages zero/invalid in row 44610
Warning: All percentages zero/invalid in row 44611
Warning: All percentages zero/invalid in row 44612
Warning: All percentages zero/invalid in row 44613
Warning: All percentages zero/invalid in row 44614
Warning: All percentages zero/invalid in row 44615
Warning: All percentages zero/invalid in row 44616
Warning: All percentages zero/invalid in row 44617
Warning: All percentages zero/invalid in row 44618
Warning: All percentages zero/invalid in row 44619
Warning: All percentages zero/invalid in row 44620
Warning: All percentages zero/invalid in row 44621
Warning: All percentages zero/invalid in row 44622
Warning: All percentages zero/invalid in row 44623
Warning: All percentages zero/invalid in row 44624
Warning: All percentages zero/invalid in row 44625
Warning: All percentages zero/invalid in row 44626
Warning: All percentages zero/invalid in row 44627
Warning: All percentages zero/invalid in row 44628
Warning: All percentages zero/invalid in row 44629
Warning: All percentages zero/invalid in row 44630
Warning: All percentages zero/invalid in row 44631
Warning: All percentages zero/invalid in row 44632
Warning: All percentages zero/invalid in row 44633
Warning: All percentages zero/invalid in row 44634
Warning: All percentages zero/invalid in row 44635
Warning: All percentages zero/invalid in row 44636
Warning: All percentages zero/invalid in row 44637
Warning: All percentages zero/invalid in row 44638
Warning: All percentages zero/invalid in row 44639
Warning: All percentages zero/invalid in row 44640
Warning: All percentages zero/invalid in row 44641
Warning: All percentages zero/invalid in row 44642
Warning: All percentages zero/invalid in row 44643
Warning: All percentages zero/invalid in row 44644
Warning: All percentages zero/invalid in row 44645
Warning: All percentages zero/invalid in row 44646
Warning: All percentages zero/invalid in row 44647
Warning: All percentages zero/invalid in row 44648
Warning: All percentages zero/invalid in row 44649
Warning: All percentages zero/invalid in row 44650
Warning: All percentages zero/invalid in row 44651
Warning: All percentages zero/invalid in row 44652
Warning: All percentages zero/invalid in row 44653
Warning: All percentages zero/invalid in row 44654
Warning: All percentages zero/invalid in row 44655
Warning: All percentages zero/invalid in row 44656
Warning: All percentages zero/invalid in row 44657
Warning: All percentages zero/invalid in row 44658
Warning: All percentages zero/invalid in row 44659
Warning: All percentages zero/invalid in row 44660
Warning: All percentages zero/invalid in row 44661
Warning: All percentages zero/invalid in row 44662
Warning: All percentages zero/invalid in row 44663
Warning: All percentages zero/invalid in row 44664
Warning: All percentages zero/invalid in row 44665
Warning: All percentages zero/invalid in row 44666
Warning: All percentages zero/invalid in row 44667
Warning: All percentages zero/invalid in row 44668
Warning: All percentages zero/invalid in row 44669
Warning: All percentages zero/invalid in row 44670
Warning: All percentages zero/invalid in row 44671
Warning: All percentages zero/invalid in row 44672
Warning: All percentages zero/invalid in row 44673
Warning: All percentages zero/invalid in row 44674
Warning: All percentages zero/invalid in row 44675
Warning: All percentages zero/invalid in row 44676
Warning: All percentages zero/invalid in row 44677
Warning: All percentages zero/invalid in row 44678
Warning: All percentages zero/invalid in row 44679
Warning: All percentages zero/invalid in row 44680
Warning: All percentages zero/invalid in row 44681
Warning: All percentages zero/invalid in row 44682
Warning: All percentages zero/invalid in row 44683
Warning: All percentages zero/invalid in row 44684
Warning: All percentages zero/invalid in row 44685
Warning: All percentages zero/invalid in row 44686
Warning: All percentages zero/invalid in row 44687
Warning: All percentages zero/invalid in row 44688
Warning: All percentages zero/invalid in row 44689
Warning: All percentages zero/invalid in row 44690
Warning: All percentages zero/invalid in row 44691
Warning: All percentages zero/invalid in row 44692
Warning: All percentages zero/invalid in row 44693
Warning: All percentages zero/invalid in row 44694
Warning: All percentages zero/invalid in row 44695
Warning: All percentages zero/invalid in row 44696
Warning: All percentages zero/invalid in row 44697
Warning: All percentages zero/invalid in row 44698
Warning: All percentages zero/invalid in row 44699
Warning: All percentages zero/invalid in row 44700
Warning: All percentages zero/invalid in row 44701
Warning: All percentages zero/invalid in row 44702
Warning: All percentages zero/invalid in row 44703
Warning: All percentages zero/invalid in row 44704
Warning: All percentages zero/invalid in row 44705
Warning: All percentages zero/invalid in row 44706
Warning: All percentages zero/invalid in row 44707
Warning: All percentages zero/invalid in row 44708
Warning: All percentages zero/invalid in row 44709
Warning: All percentages zero/invalid in row 44710
Warning: All percentages zero/invalid in row 44711
Warning: All percentages zero/invalid in row 44712
Warning: All percentages zero/invalid in row 44713
Warning: All percentages zero/invalid in row 44714
Warning: All percentages zero/invalid in row 44715
Warning: All percentages zero/invalid in row 44716
Warning: All percentages zero/invalid in row 44717
Warning: All percentages zero/invalid in row 44718
Warning: All percentages zero/invalid in row 44719
Warning: All percentages zero/invalid in row 44720
Warning: All percentages zero/invalid in row 44721
Warning: All percentages zero/invalid in row 44722
Warning: All percentages zero/invalid in row 44723
Warning: All percentages zero/invalid in row 44724
Warning: All percentages zero/invalid in row 44725
Warning: All percentages zero/invalid in row 44726
Warning: All percentages zero/invalid in row 44727
Warning: All percentages zero/invalid in row 44728
Warning: All percentages zero/invalid in row 44729
Warning: All percentages zero/invalid in row 44730
Warning: All percentages zero/invalid in row 44731
Warning: All percentages zero/invalid in row 44732
Warning: All percentages zero/invalid in row 44733
Warning: All percentages zero/invalid in row 44734
Warning: All percentages zero/invalid in row 44735
Warning: All percentages zero/invalid in row 44736
Warning: All percentages zero/invalid in row 44737
Warning: All percentages zero/invalid in row 44738
Warning: All percentages zero/invalid in row 44739
Warning: All percentages zero/invalid in row 44740
Warning: All percentages zero/invalid in row 44741
Warning: All percentages zero/invalid in row 44742
Warning: All percentages zero/invalid in row 44743
Warning: All percentages zero/invalid in row 44744
Warning: All percentages zero/invalid in row 44745
Warning: All percentages zero/invalid in row 44746
Warning: All percentages zero/invalid in row 44747
Warning: All percentages zero/invalid in row 44748
Warning: All percentages zero/invalid in row 44749
Warning: All percentages zero/invalid in row 44750
Warning: All percentages zero/invalid in row 44751
Warning: All percentages zero/invalid in row 44752
Warning: All percentages zero/invalid in row 44753
Warning: All percentages zero/invalid in row 44754
Warning: All percentages zero/invalid in row 44755
Warning: All percentages zero/invalid in row 44756
Warning: All percentages zero/invalid in row 44757
Warning: All percentages zero/invalid in row 44758
Warning: All percentages zero/invalid in row 44759
Warning: All percentages zero/invalid in row 44760
Warning: All percentages zero/invalid in row 44761
Warning: All percentages zero/invalid in row 44762
Warning: All percentages zero/invalid in row 44763
Warning: All percentages zero/invalid in row 44764
Warning: All percentages zero/invalid in row 44765
Warning: All percentages zero/invalid in row 44767
Warning: All percentages zero/invalid in row 44768
Warning: All percentages zero/invalid in row 44769
Warning: All percentages zero/invalid in row 44770
Warning: All percentages zero/invalid in row 44771
Warning: All percentages zero/invalid in row 44772
Warning: All percentages zero/invalid in row 44773
Warning: All percentages zero/invalid in row 44774
Warning: All percentages zero/invalid in row 44775
Warning: All percentages zero/invalid in row 44776
Warning: All percentages zero/invalid in row 44777
Warning: All percentages zero/invalid in row 44778
Warning: All percentages zero/invalid in row 44779
Warning: All percentages zero/invalid in row 44780
Warning: All percentages zero/invalid in row 44781
Warning: All percentages zero/invalid in row 44782
Warning: All percentages zero/invalid in row 44783
Warning: All percentages zero/invalid in row 44784
Warning: All percentages zero/invalid in row 44785
Warning: All percentages zero/invalid in row 44786
Warning: All percentages zero/invalid in row 44787
Warning: All percentages zero/invalid in row 44788
Warning: All percentages zero/invalid in row 44789
Warning: All percentages zero/invalid in row 44790
Warning: All percentages zero/invalid in row 44791
Warning: All percentages zero/invalid in row 44792
Warning: All percentages zero/invalid in row 44793
Warning: All percentages zero/invalid in row 44794
Warning: All percentages zero/invalid in row 44795
Warning: All percentages zero/invalid in row 44796
Warning: All percentages zero/invalid in row 44797
Warning: All percentages zero/invalid in row 44798
Warning: All percentages zero/invalid in row 44799
Warning: All percentages zero/invalid in row 44800
Warning: All percentages zero/invalid in row 44801
Warning: All percentages zero/invalid in row 44802
Warning: All percentages zero/invalid in row 44803
Warning: All percentages zero/invalid in row 44804
Warning: All percentages zero/invalid in row 44805
Warning: All percentages zero/invalid in row 44806
Warning: All percentages zero/invalid in row 44807
Warning: All percentages zero/invalid in row 44808
Warning: All percentages zero/invalid in row 44809
Warning: All percentages zero/invalid in row 44810
Warning: All percentages zero/invalid in row 44811
Warning: All percentages zero/invalid in row 44812
Warning: All percentages zero/invalid in row 44813
Warning: All percentages zero/invalid in row 44814
Warning: All percentages zero/invalid in row 44815
Warning: All percentages zero/invalid in row 44816
Warning: All percentages zero/invalid in row 44817
Warning: All percentages zero/invalid in row 44818
Warning: All percentages zero/invalid in row 44819
Warning: All percentages zero/invalid in row 44820
Warning: All percentages zero/invalid in row 44821
Warning: All percentages zero/invalid in row 44822
Warning: All percentages zero/invalid in row 44823
Warning: All percentages zero/invalid in row 44824
Warning: All percentages zero/invalid in row 44825
Warning: All percentages zero/invalid in row 44826
Warning: All percentages zero/invalid in row 44827
Warning: All percentages zero/invalid in row 44828
Warning: All percentages zero/invalid in row 44830
Warning: All percentages zero/invalid in row 44832
Warning: All percentages zero/invalid in row 44833
Warning: All percentages zero/invalid in row 44835
Warning: All percentages zero/invalid in row 44836
Warning: All percentages zero/invalid in row 44837
Warning: All percentages zero/invalid in row 44838
Warning: All percentages zero/invalid in row 44840
Warning: All percentages zero/invalid in row 44842
Warning: All percentages zero/invalid in row 44843
Warning: All percentages zero/invalid in row 44844
Warning: All percentages zero/invalid in row 44845
Warning: All percentages zero/invalid in row 44846
Warning: All percentages zero/invalid in row 44847
Warning: All percentages zero/invalid in row 44848
Warning: All percentages zero/invalid in row 44849
Warning: All percentages zero/invalid in row 44850
Warning: All percentages zero/invalid in row 44851
Warning: All percentages zero/invalid in row 44852
Warning: All percentages zero/invalid in row 44853
Warning: All percentages zero/invalid in row 44854
Warning: All percentages zero/invalid in row 44855
Warning: All percentages zero/invalid in row 44856
Warning: All percentages zero/invalid in row 44857
Warning: All percentages zero/invalid in row 44858
Warning: All percentages zero/invalid in row 44859
Warning: All percentages zero/invalid in row 44860
Warning: All percentages zero/invalid in row 44861
Warning: All percentages zero/invalid in row 44862
Warning: All percentages zero/invalid in row 44865
Warning: All percentages zero/invalid in row 44868
Warning: All percentages zero/invalid in row 44869
Warning: All percentages zero/invalid in row 44871
Warning: All percentages zero/invalid in row 44872
Warning: All percentages zero/invalid in row 44873
Warning: All percentages zero/invalid in row 44874
Warning: All percentages zero/invalid in row 44875
Warning: All percentages zero/invalid in row 44876
Warning: All percentages zero/invalid in row 44877
Warning: All percentages zero/invalid in row 44879
Warning: All percentages zero/invalid in row 44882
Warning: All percentages zero/invalid in row 44885
Warning: All percentages zero/invalid in row 44886
Warning: All percentages zero/invalid in row 44887
Warning: All percentages zero/invalid in row 44888
Warning: All percentages zero/invalid in row 44890
Warning: All percentages zero/invalid in row 44891
Warning: All percentages zero/invalid in row 44892
Warning: All percentages zero/invalid in row 44895
Warning: All percentages zero/invalid in row 44897
Warning: All percentages zero/invalid in row 44899
Warning: All percentages zero/invalid in row 44900
Warning: All percentages zero/invalid in row 44903
Warning: All percentages zero/invalid in row 44904
Warning: All percentages zero/invalid in row 44906
Warning: All percentages zero/invalid in row 44909
Warning: All percentages zero/invalid in row 44912
Warning: All percentages zero/invalid in row 44913
Warning: All percentages zero/invalid in row 44914
Warning: All percentages zero/invalid in row 44915
Warning: All percentages zero/invalid in row 44916
Warning: All percentages zero/invalid in row 44917
Warning: All percentages zero/invalid in row 44918
Warning: All percentages zero/invalid in row 44919
Warning: All percentages zero/invalid in row 44920
Warning: All percentages zero/invalid in row 44921
Warning: All percentages zero/invalid in row 44922
Warning: All percentages zero/invalid in row 44923
Warning: All percentages zero/invalid in row 44924
Warning: All percentages zero/invalid in row 44925
Warning: All percentages zero/invalid in row 44926
Warning: All percentages zero/invalid in row 44927
Warning: All percentages zero/invalid in row 44928
Warning: All percentages zero/invalid in row 44929
Warning: All percentages zero/invalid in row 44930
Warning: All percentages zero/invalid in row 44931
Warning: All percentages zero/invalid in row 44932
Warning: All percentages zero/invalid in row 44933
Warning: All percentages zero/invalid in row 44934
Warning: All percentages zero/invalid in row 44935
Warning: All percentages zero/invalid in row 44936
Warning: All percentages zero/invalid in row 44937
Warning: All percentages zero/invalid in row 44938
Warning: All percentages zero/invalid in row 44939
Warning: All percentages zero/invalid in row 44940
Warning: All percentages zero/invalid in row 44941
Warning: All percentages zero/invalid in row 44942
Warning: All percentages zero/invalid in row 44943
Warning: All percentages zero/invalid in row 44944
Warning: All percentages zero/invalid in row 44945
Warning: All percentages zero/invalid in row 44946
Warning: All percentages zero/invalid in row 44947
Warning: All percentages zero/invalid in row 44948
Warning: All percentages zero/invalid in row 44949
Warning: All percentages zero/invalid in row 44950
Warning: All percentages zero/invalid in row 44951
Warning: All percentages zero/invalid in row 44952
Warning: All percentages zero/invalid in row 44953
Warning: All percentages zero/invalid in row 44954
Warning: All percentages zero/invalid in row 44955
Warning: All percentages zero/invalid in row 44956
Warning: All percentages zero/invalid in row 44957
Warning: All percentages zero/invalid in row 44958
Warning: All percentages zero/invalid in row 44959
Warning: All percentages zero/invalid in row 44960
Warning: All percentages zero/invalid in row 44961
Warning: All percentages zero/invalid in row 44962
Warning: All percentages zero/invalid in row 44963
Warning: All percentages zero/invalid in row 44964
Warning: All percentages zero/invalid in row 44965
Warning: All percentages zero/invalid in row 44966
Warning: All percentages zero/invalid in row 44967
Warning: All percentages zero/invalid in row 44968
Warning: All percentages zero/invalid in row 44969
Warning: All percentages zero/invalid in row 44970
Warning: All percentages zero/invalid in row 44971
Warning: All percentages zero/invalid in row 44972
Warning: All percentages zero/invalid in row 44973
Warning: All percentages zero/invalid in row 44974
Warning: All percentages zero/invalid in row 44975
Warning: All percentages zero/invalid in row 44976
Warning: All percentages zero/invalid in row 44977
Warning: All percentages zero/invalid in row 44978
Warning: All percentages zero/invalid in row 44979
Warning: All percentages zero/invalid in row 44980
Warning: All percentages zero/invalid in row 44981
Warning: All percentages zero/invalid in row 44982
Warning: All percentages zero/invalid in row 44983
Warning: All percentages zero/invalid in row 44984
Warning: All percentages zero/invalid in row 44985
Warning: All percentages zero/invalid in row 44986
Warning: All percentages zero/invalid in row 44987
Warning: All percentages zero/invalid in row 44988
Warning: All percentages zero/invalid in row 44989
Warning: All percentages zero/invalid in row 44990
Warning: All percentages zero/invalid in row 44991
Warning: All percentages zero/invalid in row 44992
Warning: All percentages zero/invalid in row 44993
Warning: All percentages zero/invalid in row 44994
Warning: All percentages zero/invalid in row 44995
Warning: All percentages zero/invalid in row 44996
Warning: All percentages zero/invalid in row 44997
Warning: All percentages zero/invalid in row 44998
Warning: All percentages zero/invalid in row 44999
Warning: All percentages zero/invalid in row 45000
Warning: All percentages zero/invalid in row 45001
Warning: All percentages zero/invalid in row 45002
Warning: All percentages zero/invalid in row 45003
Warning: All percentages zero/invalid in row 45004
Warning: All percentages zero/invalid in row 45005
Warning: All percentages zero/invalid in row 45006
Warning: All percentages zero/invalid in row 45007
Warning: All percentages zero/invalid in row 45008
Warning: All percentages zero/invalid in row 45009
Warning: All percentages zero/invalid in row 45010
Warning: All percentages zero/invalid in row 45011
Warning: All percentages zero/invalid in row 45012
Warning: All percentages zero/invalid in row 45013
Warning: All percentages zero/invalid in row 45014
Warning: All percentages zero/invalid in row 45015
Warning: All percentages zero/invalid in row 45016
Warning: All percentages zero/invalid in row 45017
Warning: All percentages zero/invalid in row 45018
Warning: All percentages zero/invalid in row 45019
Warning: All percentages zero/invalid in row 45020
Warning: All percentages zero/invalid in row 45021
Warning: All percentages zero/invalid in row 45022
Warning: All percentages zero/invalid in row 45023
Warning: All percentages zero/invalid in row 45024
Warning: All percentages zero/invalid in row 45025
Warning: All percentages zero/invalid in row 45026
Warning: All percentages zero/invalid in row 45027
Warning: All percentages zero/invalid in row 45028
Warning: All percentages zero/invalid in row 45029
Warning: All percentages zero/invalid in row 45030
Warning: All percentages zero/invalid in row 45031
Warning: All percentages zero/invalid in row 45032
Warning: All percentages zero/invalid in row 45033
Warning: All percentages zero/invalid in row 45034
Warning: All percentages zero/invalid in row 45035
Warning: All percentages zero/invalid in row 45036
Warning: All percentages zero/invalid in row 45037
Warning: All percentages zero/invalid in row 45038
Warning: All percentages zero/invalid in row 45039
Warning: All percentages zero/invalid in row 45040
Warning: All percentages zero/invalid in row 45041
Warning: All percentages zero/invalid in row 45042
Warning: All percentages zero/invalid in row 45043
Warning: All percentages zero/invalid in row 45044
Warning: All percentages zero/invalid in row 45045
Warning: All percentages zero/invalid in row 45046
Warning: All percentages zero/invalid in row 45047
Warning: All percentages zero/invalid in row 45048
Warning: All percentages zero/invalid in row 45049
Warning: All percentages zero/invalid in row 45050
Warning: All percentages zero/invalid in row 45051
Warning: All percentages zero/invalid in row 45052
Warning: All percentages zero/invalid in row 45053
Warning: All percentages zero/invalid in row 45054
Warning: All percentages zero/invalid in row 45055
Warning: All percentages zero/invalid in row 45056
Warning: All percentages zero/invalid in row 45057
Warning: All percentages zero/invalid in row 45058
Warning: All percentages zero/invalid in row 45059
Warning: All percentages zero/invalid in row 45060
Warning: All percentages zero/invalid in row 45061
Warning: All percentages zero/invalid in row 45062
Warning: All percentages zero/invalid in row 45063
Warning: All percentages zero/invalid in row 45064
Warning: All percentages zero/invalid in row 45065
Warning: All percentages zero/invalid in row 45066
Warning: All percentages zero/invalid in row 45067
Warning: All percentages zero/invalid in row 45068
Warning: All percentages zero/invalid in row 45069
Warning: All percentages zero/invalid in row 45070
Warning: All percentages zero/invalid in row 45071
Warning: All percentages zero/invalid in row 45072
Warning: All percentages zero/invalid in row 45073
Warning: All percentages zero/invalid in row 45074
Warning: All percentages zero/invalid in row 45076
Warning: All percentages zero/invalid in row 45078
Warning: All percentages zero/invalid in row 45079
Warning: All percentages zero/invalid in row 45080
Warning: All percentages zero/invalid in row 45082
Warning: All percentages zero/invalid in row 45083
Warning: All percentages zero/invalid in row 45084
Warning: All percentages zero/invalid in row 45085
Warning: All percentages zero/invalid in row 45086
Warning: All percentages zero/invalid in row 45087
Warning: All percentages zero/invalid in row 45088
Warning: All percentages zero/invalid in row 45091
Warning: All percentages zero/invalid in row 45092
Warning: All percentages zero/invalid in row 45093
Warning: All percentages zero/invalid in row 45094
Warning: All percentages zero/invalid in row 45095
Warning: All percentages zero/invalid in row 45096
Warning: All percentages zero/invalid in row 45097
Warning: All percentages zero/invalid in row 45098
Warning: All percentages zero/invalid in row 45099
Warning: All percentages zero/invalid in row 45103
Warning: All percentages zero/invalid in row 45104
Warning: All percentages zero/invalid in row 45105
Warning: All percentages zero/invalid in row 45106
Warning: All percentages zero/invalid in row 45107
Warning: All percentages zero/invalid in row 45108
Warning: All percentages zero/invalid in row 45109
Warning: All percentages zero/invalid in row 45110
Warning: All percentages zero/invalid in row 45111
Warning: All percentages zero/invalid in row 45112
Warning: All percentages zero/invalid in row 45113
Warning: All percentages zero/invalid in row 45114
Warning: All percentages zero/invalid in row 45115
Warning: All percentages zero/invalid in row 45117
Warning: All percentages zero/invalid in row 45118
Warning: All percentages zero/invalid in row 45119
Warning: All percentages zero/invalid in row 45120
Warning: All percentages zero/invalid in row 45121
Warning: All percentages zero/invalid in row 45122
Warning: All percentages zero/invalid in row 45123
Warning: All percentages zero/invalid in row 45124
Warning: All percentages zero/invalid in row 45125
Warning: All percentages zero/invalid in row 45126
Warning: All percentages zero/invalid in row 45127
Warning: All percentages zero/invalid in row 45128
Warning: All percentages zero/invalid in row 45129
Warning: All percentages zero/invalid in row 45130
Warning: All percentages zero/invalid in row 45133
Warning: All percentages zero/invalid in row 45135
Warning: All percentages zero/invalid in row 45136
Warning: All percentages zero/invalid in row 45137
Warning: All percentages zero/invalid in row 45138
Warning: All percentages zero/invalid in row 45139
Warning: All percentages zero/invalid in row 45140
Warning: All percentages zero/invalid in row 45141
Warning: All percentages zero/invalid in row 45142
Warning: All percentages zero/invalid in row 45143
Warning: All percentages zero/invalid in row 45144
Warning: All percentages zero/invalid in row 45145
Warning: All percentages zero/invalid in row 45146
Warning: All percentages zero/invalid in row 45147
Warning: All percentages zero/invalid in row 45148
Warning: All percentages zero/invalid in row 45149
Warning: All percentages zero/invalid in row 45150
Warning: All percentages zero/invalid in row 45151
Warning: All percentages zero/invalid in row 45152
Warning: All percentages zero/invalid in row 45153
Warning: All percentages zero/invalid in row 45154
Warning: All percentages zero/invalid in row 45155
Warning: All percentages zero/invalid in row 45156
Warning: All percentages zero/invalid in row 45157
Warning: All percentages zero/invalid in row 45165
Warning: All percentages zero/invalid in row 45169
Warning: All percentages zero/invalid in row 45171
Warning: All percentages zero/invalid in row 45172
Warning: All percentages zero/invalid in row 45173
Warning: All percentages zero/invalid in row 45175
Warning: All percentages zero/invalid in row 45176
Warning: All percentages zero/invalid in row 45177
Warning: All percentages zero/invalid in row 45178
Warning: All percentages zero/invalid in row 45179
Warning: All percentages zero/invalid in row 45180
Warning: All percentages zero/invalid in row 45181
Warning: All percentages zero/invalid in row 45182
Warning: All percentages zero/invalid in row 45183
Warning: All percentages zero/invalid in row 45184
Warning: All percentages zero/invalid in row 45185
Warning: All percentages zero/invalid in row 45186
Warning: All percentages zero/invalid in row 45187
Warning: All percentages zero/invalid in row 45188
Warning: All percentages zero/invalid in row 45189
Warning: All percentages zero/invalid in row 45190
Warning: All percentages zero/invalid in row 45191
Warning: All percentages zero/invalid in row 45192
Warning: All percentages zero/invalid in row 45193
Warning: All percentages zero/invalid in row 45194
Warning: All percentages zero/invalid in row 45195
Warning: All percentages zero/invalid in row 45196
Warning: All percentages zero/invalid in row 45197
Warning: All percentages zero/invalid in row 45198
Warning: All percentages zero/invalid in row 45199
Warning: All percentages zero/invalid in row 45200
Warning: All percentages zero/invalid in row 45201
Warning: All percentages zero/invalid in row 45202
Warning: All percentages zero/invalid in row 45203
Warning: All percentages zero/invalid in row 45204
Warning: All percentages zero/invalid in row 45205
Warning: All percentages zero/invalid in row 45206
Warning: All percentages zero/invalid in row 45208
Warning: All percentages zero/invalid in row 45210
Warning: All percentages zero/invalid in row 45220
Warning: All percentages zero/invalid in row 45223
Warning: All percentages zero/invalid in row 45224
Warning: All percentages zero/invalid in row 45233
Warning: All percentages zero/invalid in row 45234
Warning: All percentages zero/invalid in row 45238
Warning: All percentages zero/invalid in row 45243
Warning: All percentages zero/invalid in row 45245
Warning: All percentages zero/invalid in row 45246
Warning: All percentages zero/invalid in row 45249
Warning: All percentages zero/invalid in row 45253
Warning: All percentages zero/invalid in row 45254
Warning: All percentages zero/invalid in row 45259
Warning: All percentages zero/invalid in row 45261
Warning: All percentages zero/invalid in row 45265
Warning: All percentages zero/invalid in row 45266
Warning: All percentages zero/invalid in row 45267
Warning: All percentages zero/invalid in row 45273
Warning: All percentages zero/invalid in row 45274
Warning: All percentages zero/invalid in row 45275
Warning: All percentages zero/invalid in row 45276
Warning: All percentages zero/invalid in row 45277
Warning: All percentages zero/invalid in row 45278
Warning: All percentages zero/invalid in row 45279
Warning: All percentages zero/invalid in row 45280
Warning: All percentages zero/invalid in row 45281
Warning: All percentages zero/invalid in row 45282
Warning: All percentages zero/invalid in row 45283
Warning: All percentages zero/invalid in row 45284
Warning: All percentages zero/invalid in row 45285
Warning: All percentages zero/invalid in row 45286
Warning: All percentages zero/invalid in row 45287
Warning: All percentages zero/invalid in row 45288
Warning: All percentages zero/invalid in row 45289
Warning: All percentages zero/invalid in row 45290
Warning: All percentages zero/invalid in row 45291
Warning: All percentages zero/invalid in row 45292
Warning: All percentages zero/invalid in row 45293
Warning: All percentages zero/invalid in row 45294
Warning: All percentages zero/invalid in row 45295
Warning: All percentages zero/invalid in row 45296
Warning: All percentages zero/invalid in row 45297
Warning: All percentages zero/invalid in row 45298
Warning: All percentages zero/invalid in row 45299
Warning: All percentages zero/invalid in row 45300
Warning: All percentages zero/invalid in row 45301
Warning: All percentages zero/invalid in row 45302
Warning: All percentages zero/invalid in row 45303
Warning: All percentages zero/invalid in row 45304
Warning: All percentages zero/invalid in row 45305
Warning: All percentages zero/invalid in row 45306
Warning: All percentages zero/invalid in row 45307
Warning: All percentages zero/invalid in row 45308
Warning: All percentages zero/invalid in row 45309
Warning: All percentages zero/invalid in row 45310
Warning: All percentages zero/invalid in row 45311
Warning: All percentages zero/invalid in row 45312
Warning: All percentages zero/invalid in row 45313
Warning: All percentages zero/invalid in row 45314
Warning: All percentages zero/invalid in row 45315
Warning: All percentages zero/invalid in row 45316
Warning: All percentages zero/invalid in row 45317
Warning: All percentages zero/invalid in row 45318
Warning: All percentages zero/invalid in row 45319
Warning: All percentages zero/invalid in row 45320
Warning: All percentages zero/invalid in row 45321
Warning: All percentages zero/invalid in row 45322
Warning: All percentages zero/invalid in row 45323
Warning: All percentages zero/invalid in row 45324
Warning: All percentages zero/invalid in row 45325
Warning: All percentages zero/invalid in row 45326
Warning: All percentages zero/invalid in row 45327
Warning: All percentages zero/invalid in row 45328
Warning: All percentages zero/invalid in row 45329
Warning: All percentages zero/invalid in row 45330
Warning: All percentages zero/invalid in row 45331
Warning: All percentages zero/invalid in row 45332
Warning: All percentages zero/invalid in row 45333
Warning: All percentages zero/invalid in row 45334
Warning: All percentages zero/invalid in row 45335
Warning: All percentages zero/invalid in row 45336
Warning: All percentages zero/invalid in row 45337
Warning: All percentages zero/invalid in row 45338
Warning: All percentages zero/invalid in row 45339
Warning: All percentages zero/invalid in row 45340
Warning: All percentages zero/invalid in row 45341
Warning: All percentages zero/invalid in row 45342
Warning: All percentages zero/invalid in row 45343
Warning: All percentages zero/invalid in row 45344
Warning: All percentages zero/invalid in row 45345
Warning: All percentages zero/invalid in row 45346
Warning: All percentages zero/invalid in row 45347
Warning: All percentages zero/invalid in row 45348
Warning: All percentages zero/invalid in row 45349
Warning: All percentages zero/invalid in row 45350
Warning: All percentages zero/invalid in row 45351
Warning: All percentages zero/invalid in row 45352
Warning: All percentages zero/invalid in row 45353
Warning: All percentages zero/invalid in row 45354
Warning: All percentages zero/invalid in row 45355
Warning: All percentages zero/invalid in row 45356
Warning: All percentages zero/invalid in row 45357
Warning: All percentages zero/invalid in row 45358
Warning: All percentages zero/invalid in row 45359
Warning: All percentages zero/invalid in row 45360
Warning: All percentages zero/invalid in row 45361
Warning: All percentages zero/invalid in row 45362
Warning: All percentages zero/invalid in row 45363
Warning: All percentages zero/invalid in row 45364
Warning: All percentages zero/invalid in row 45365
Warning: All percentages zero/invalid in row 45366
Warning: All percentages zero/invalid in row 45367
Warning: All percentages zero/invalid in row 45368
Warning: All percentages zero/invalid in row 45369
Warning: All percentages zero/invalid in row 45370
Warning: All percentages zero/invalid in row 45371
Warning: All percentages zero/invalid in row 45372
Warning: All percentages zero/invalid in row 45373
Warning: All percentages zero/invalid in row 45374
Warning: All percentages zero/invalid in row 45375
Warning: All percentages zero/invalid in row 45376
Warning: All percentages zero/invalid in row 45377
Warning: All percentages zero/invalid in row 45378
Warning: All percentages zero/invalid in row 45379
Warning: All percentages zero/invalid in row 45380
Warning: All percentages zero/invalid in row 45381
Warning: All percentages zero/invalid in row 45382
Warning: All percentages zero/invalid in row 45383
Warning: All percentages zero/invalid in row 45384
Warning: All percentages zero/invalid in row 45385
Warning: All percentages zero/invalid in row 45386
Warning: All percentages zero/invalid in row 45387
Warning: All percentages zero/invalid in row 45388
Warning: All percentages zero/invalid in row 45389
Warning: All percentages zero/invalid in row 45390
Warning: All percentages zero/invalid in row 45405
Warning: All percentages zero/invalid in row 45406
Warning: All percentages zero/invalid in row 45407
Warning: All percentages zero/invalid in row 45408
Warning: All percentages zero/invalid in row 45409
Warning: All percentages zero/invalid in row 45410
Warning: All percentages zero/invalid in row 45411
Warning: All percentages zero/invalid in row 45412
Warning: All percentages zero/invalid in row 45413
Warning: All percentages zero/invalid in row 45414
Warning: All percentages zero/invalid in row 45415
Warning: All percentages zero/invalid in row 45416
Warning: All percentages zero/invalid in row 45417
Warning: All percentages zero/invalid in row 45418
Warning: All percentages zero/invalid in row 45419
Warning: All percentages zero/invalid in row 45420
Warning: All percentages zero/invalid in row 45422
Warning: All percentages zero/invalid in row 45423
Warning: All percentages zero/invalid in row 45424
Warning: All percentages zero/invalid in row 45425
Warning: All percentages zero/invalid in row 45426
Warning: All percentages zero/invalid in row 45429
Warning: All percentages zero/invalid in row 45432
Warning: All percentages zero/invalid in row 45433
Warning: All percentages zero/invalid in row 45434
Warning: All percentages zero/invalid in row 45435
Warning: All percentages zero/invalid in row 45436
Warning: All percentages zero/invalid in row 45437
Warning: All percentages zero/invalid in row 45438
Warning: All percentages zero/invalid in row 45439
Warning: All percentages zero/invalid in row 45440
Warning: All percentages zero/invalid in row 45441
Warning: All percentages zero/invalid in row 45442
Warning: All percentages zero/invalid in row 45443
Warning: All percentages zero/invalid in row 45444
Warning: All percentages zero/invalid in row 45446
Warning: All percentages zero/invalid in row 45448
Warning: All percentages zero/invalid in row 45449
Warning: All percentages zero/invalid in row 45450
Warning: All percentages zero/invalid in row 45451
Warning: All percentages zero/invalid in row 45452
Warning: All percentages zero/invalid in row 45453
Warning: All percentages zero/invalid in row 45455
Warning: All percentages zero/invalid in row 45456
Warning: All percentages zero/invalid in row 45457
Warning: All percentages zero/invalid in row 45458
Warning: All percentages zero/invalid in row 45459
Warning: All percentages zero/invalid in row 45460
Warning: All percentages zero/invalid in row 45464
Warning: All percentages zero/invalid in row 45465
Warning: All percentages zero/invalid in row 45466
Warning: All percentages zero/invalid in row 45467
Warning: All percentages zero/invalid in row 45468
Warning: All percentages zero/invalid in row 45469
Warning: All percentages zero/invalid in row 45470
Warning: All percentages zero/invalid in row 45475
Warning: All percentages zero/invalid in row 45476
Warning: All percentages zero/invalid in row 45477
Warning: All percentages zero/invalid in row 45478
Warning: All percentages zero/invalid in row 45483
Warning: All percentages zero/invalid in row 45485
Warning: All percentages zero/invalid in row 45492
Warning: All percentages zero/invalid in row 45493
Warning: All percentages zero/invalid in row 45494
Warning: All percentages zero/invalid in row 45495
Warning: All percentages zero/invalid in row 45496
Warning: All percentages zero/invalid in row 45497
Warning: All percentages zero/invalid in row 45498
Warning: All percentages zero/invalid in row 45499
Warning: All percentages zero/invalid in row 45500
Warning: All percentages zero/invalid in row 45501
Warning: All percentages zero/invalid in row 45502
Warning: All percentages zero/invalid in row 45503
Warning: All percentages zero/invalid in row 45504
Warning: All percentages zero/invalid in row 45505
Warning: All percentages zero/invalid in row 45506
Warning: All percentages zero/invalid in row 45507
Warning: All percentages zero/invalid in row 45508
Warning: All percentages zero/invalid in row 45509
Warning: All percentages zero/invalid in row 45510
Warning: All percentages zero/invalid in row 45511
Warning: All percentages zero/invalid in row 45512
Warning: All percentages zero/invalid in row 45513
Warning: All percentages zero/invalid in row 45514
Warning: All percentages zero/invalid in row 45515
Warning: All percentages zero/invalid in row 45516
Warning: All percentages zero/invalid in row 45517
Warning: All percentages zero/invalid in row 45518
Warning: All percentages zero/invalid in row 45519
Warning: All percentages zero/invalid in row 45520
Warning: All percentages zero/invalid in row 45521
Warning: All percentages zero/invalid in row 45522
Warning: All percentages zero/invalid in row 45523
Warning: All percentages zero/invalid in row 45524
Warning: All percentages zero/invalid in row 45525
Warning: All percentages zero/invalid in row 45526
Warning: All percentages zero/invalid in row 45527
Warning: All percentages zero/invalid in row 45528
Warning: All percentages zero/invalid in row 45529
Warning: All percentages zero/invalid in row 45530
Warning: All percentages zero/invalid in row 45531
Warning: All percentages zero/invalid in row 45532
Warning: All percentages zero/invalid in row 45533
Warning: All percentages zero/invalid in row 45534
Warning: All percentages zero/invalid in row 45535
Warning: All percentages zero/invalid in row 45536
Warning: All percentages zero/invalid in row 45537
Warning: All percentages zero/invalid in row 45538
Warning: All percentages zero/invalid in row 45539
Warning: All percentages zero/invalid in row 45540
Warning: All percentages zero/invalid in row 45541
Warning: All percentages zero/invalid in row 45542
Warning: All percentages zero/invalid in row 45543
Warning: All percentages zero/invalid in row 45544
Warning: All percentages zero/invalid in row 45545
Warning: All percentages zero/invalid in row 45546
Warning: All percentages zero/invalid in row 45547
Warning: All percentages zero/invalid in row 45548
Warning: All percentages zero/invalid in row 45549
Warning: All percentages zero/invalid in row 45550
Warning: All percentages zero/invalid in row 45551
Warning: All percentages zero/invalid in row 45552
Warning: All percentages zero/invalid in row 45553
Warning: All percentages zero/invalid in row 45554
Warning: All percentages zero/invalid in row 45555
Warning: All percentages zero/invalid in row 45556
Warning: All percentages zero/invalid in row 45557
Warning: All percentages zero/invalid in row 45558
Warning: All percentages zero/invalid in row 45559
Warning: All percentages zero/invalid in row 45560
Warning: All percentages zero/invalid in row 45561
Warning: All percentages zero/invalid in row 45562
Warning: All percentages zero/invalid in row 45563
Warning: All percentages zero/invalid in row 45564
Warning: All percentages zero/invalid in row 45565
Warning: All percentages zero/invalid in row 45566
Warning: All percentages zero/invalid in row 45567
Warning: All percentages zero/invalid in row 45568
Warning: All percentages zero/invalid in row 45569
Warning: All percentages zero/invalid in row 45570
Warning: All percentages zero/invalid in row 45571
Warning: All percentages zero/invalid in row 45572
Warning: All percentages zero/invalid in row 45573
Warning: All percentages zero/invalid in row 45574
Warning: All percentages zero/invalid in row 45575
Warning: All percentages zero/invalid in row 45576
Warning: All percentages zero/invalid in row 45577
Warning: All percentages zero/invalid in row 45578
Warning: All percentages zero/invalid in row 45579
Warning: All percentages zero/invalid in row 45580
Warning: All percentages zero/invalid in row 45581
Warning: All percentages zero/invalid in row 45582
Warning: All percentages zero/invalid in row 45583
Warning: All percentages zero/invalid in row 45584
Warning: All percentages zero/invalid in row 45585
Warning: All percentages zero/invalid in row 45586
Warning: All percentages zero/invalid in row 45587
Warning: All percentages zero/invalid in row 45588
Warning: All percentages zero/invalid in row 45589
Warning: All percentages zero/invalid in row 45590
Warning: All percentages zero/invalid in row 45591
Warning: All percentages zero/invalid in row 45592
Warning: All percentages zero/invalid in row 45593
Warning: All percentages zero/invalid in row 45594
Warning: All percentages zero/invalid in row 45595
Warning: All percentages zero/invalid in row 45596
Warning: All percentages zero/invalid in row 45597
Warning: All percentages zero/invalid in row 45598
Warning: All percentages zero/invalid in row 45599
Warning: All percentages zero/invalid in row 45600
Warning: All percentages zero/invalid in row 45601
Warning: All percentages zero/invalid in row 45602
Warning: All percentages zero/invalid in row 45603
Warning: All percentages zero/invalid in row 45604
Warning: All percentages zero/invalid in row 45605
Warning: All percentages zero/invalid in row 45606
Warning: All percentages zero/invalid in row 45607
Warning: All percentages zero/invalid in row 45608
Warning: All percentages zero/invalid in row 45609
Warning: All percentages zero/invalid in row 45610
Warning: All percentages zero/invalid in row 45611
Warning: All percentages zero/invalid in row 45612
Warning: All percentages zero/invalid in row 45613
Warning: All percentages zero/invalid in row 45614
Warning: All percentages zero/invalid in row 45615
Warning: All percentages zero/invalid in row 45616
Warning: All percentages zero/invalid in row 45617
Warning: All percentages zero/invalid in row 45618
Warning: All percentages zero/invalid in row 45619
Warning: All percentages zero/invalid in row 45620
Warning: All percentages zero/invalid in row 45621
Warning: All percentages zero/invalid in row 45622
Warning: All percentages zero/invalid in row 45623
Warning: All percentages zero/invalid in row 45624
Warning: All percentages zero/invalid in row 45625
Warning: All percentages zero/invalid in row 45626
Warning: All percentages zero/invalid in row 45627
Warning: All percentages zero/invalid in row 45628
Warning: All percentages zero/invalid in row 45629
Warning: All percentages zero/invalid in row 45630
Warning: All percentages zero/invalid in row 45631
Warning: All percentages zero/invalid in row 45632
Warning: All percentages zero/invalid in row 45633
Warning: All percentages zero/invalid in row 45640
Warning: All percentages zero/invalid in row 45641
Warning: All percentages zero/invalid in row 45642
Warning: All percentages zero/invalid in row 45643
Warning: All percentages zero/invalid in row 45644
Warning: All percentages zero/invalid in row 45645
Warning: All percentages zero/invalid in row 45646
Warning: All percentages zero/invalid in row 45647
Warning: All percentages zero/invalid in row 45648
Warning: All percentages zero/invalid in row 45649
Warning: All percentages zero/invalid in row 45650
Warning: All percentages zero/invalid in row 45651
Warning: All percentages zero/invalid in row 45652
Warning: All percentages zero/invalid in row 45654
Warning: All percentages zero/invalid in row 45655
Warning: All percentages zero/invalid in row 45657
Warning: All percentages zero/invalid in row 45658
Warning: All percentages zero/invalid in row 45659
Warning: All percentages zero/invalid in row 45660
Warning: All percentages zero/invalid in row 45661
Warning: All percentages zero/invalid in row 45662
Warning: All percentages zero/invalid in row 45663
Warning: All percentages zero/invalid in row 45665
Warning: All percentages zero/invalid in row 45666
Warning: All percentages zero/invalid in row 45667
Warning: All percentages zero/invalid in row 45668
Warning: All percentages zero/invalid in row 45669
Warning: All percentages zero/invalid in row 45670
Warning: All percentages zero/invalid in row 45671
Warning: All percentages zero/invalid in row 45672
Warning: All percentages zero/invalid in row 45673
Warning: All percentages zero/invalid in row 45674
Warning: All percentages zero/invalid in row 45675
Warning: All percentages zero/invalid in row 45676
Warning: All percentages zero/invalid in row 45677
Warning: All percentages zero/invalid in row 45678
Warning: All percentages zero/invalid in row 45679
Warning: All percentages zero/invalid in row 45680
Warning: All percentages zero/invalid in row 45681
Warning: All percentages zero/invalid in row 45682
Warning: All percentages zero/invalid in row 45684
Warning: All percentages zero/invalid in row 45685
Warning: All percentages zero/invalid in row 45686
Warning: All percentages zero/invalid in row 45687
Warning: All percentages zero/invalid in row 45688
Warning: All percentages zero/invalid in row 45689
Warning: All percentages zero/invalid in row 45690
Warning: All percentages zero/invalid in row 45692
Warning: All percentages zero/invalid in row 45693
Warning: All percentages zero/invalid in row 45694
Warning: All percentages zero/invalid in row 45695
Warning: All percentages zero/invalid in row 45696
Warning: All percentages zero/invalid in row 45697
Warning: All percentages zero/invalid in row 45698
Warning: All percentages zero/invalid in row 45699
Warning: All percentages zero/invalid in row 45700
Warning: All percentages zero/invalid in row 45701
Warning: All percentages zero/invalid in row 45702
Warning: All percentages zero/invalid in row 45703
Warning: All percentages zero/invalid in row 45704
Warning: All percentages zero/invalid in row 45705
Warning: All percentages zero/invalid in row 45706
Warning: All percentages zero/invalid in row 45707
Warning: All percentages zero/invalid in row 45708
Warning: All percentages zero/invalid in row 45709
Warning: All percentages zero/invalid in row 45710
Warning: All percentages zero/invalid in row 45711
Warning: All percentages zero/invalid in row 45712
Warning: All percentages zero/invalid in row 45713
Warning: All percentages zero/invalid in row 45714
Warning: All percentages zero/invalid in row 45715
Warning: All percentages zero/invalid in row 45716
Warning: All percentages zero/invalid in row 45717
Warning: All percentages zero/invalid in row 45718
Warning: All percentages zero/invalid in row 45719
Warning: All percentages zero/invalid in row 45720
Warning: All percentages zero/invalid in row 45721
Warning: All percentages zero/invalid in row 45722
Warning: All percentages zero/invalid in row 45723
Warning: All percentages zero/invalid in row 45724
Warning: All percentages zero/invalid in row 45725
Warning: All percentages zero/invalid in row 45760
Warning: All percentages zero/invalid in row 45762
Warning: All percentages zero/invalid in row 45782
Warning: All percentages zero/invalid in row 45794
Warning: All percentages zero/invalid in row 45795
Warning: All percentages zero/invalid in row 45802
Warning: All percentages zero/invalid in row 45803
Warning: All percentages zero/invalid in row 45804
Warning: All percentages zero/invalid in row 45805
Warning: All percentages zero/invalid in row 45806
Warning: All percentages zero/invalid in row 45807
Warning: All percentages zero/invalid in row 45808
Warning: All percentages zero/invalid in row 45809
Warning: All percentages zero/invalid in row 45814
Warning: All percentages zero/invalid in row 45815
Warning: All percentages zero/invalid in row 45816
Warning: All percentages zero/invalid in row 45817
Warning: All percentages zero/invalid in row 45820
Warning: All percentages zero/invalid in row 45821
Warning: All percentages zero/invalid in row 45822
Warning: All percentages zero/invalid in row 45823
Warning: All percentages zero/invalid in row 45824
Warning: All percentages zero/invalid in row 45825
Warning: All percentages zero/invalid in row 45826
Warning: All percentages zero/invalid in row 45827
Warning: All percentages zero/invalid in row 45828
Warning: All percentages zero/invalid in row 45829
Warning: All percentages zero/invalid in row 45830
Warning: All percentages zero/invalid in row 45831
Warning: All percentages zero/invalid in row 45832
Warning: All percentages zero/invalid in row 45833
Warning: All percentages zero/invalid in row 45834
Warning: All percentages zero/invalid in row 45835
Warning: All percentages zero/invalid in row 45836
Warning: All percentages zero/invalid in row 45837
Warning: All percentages zero/invalid in row 45838
Warning: All percentages zero/invalid in row 45839
Warning: All percentages zero/invalid in row 45840
Warning: All percentages zero/invalid in row 45841
Warning: All percentages zero/invalid in row 45842
Warning: All percentages zero/invalid in row 45843
Warning: All percentages zero/invalid in row 45844
Warning: All percentages zero/invalid in row 45845
Warning: All percentages zero/invalid in row 45846
Warning: All percentages zero/invalid in row 45847
Warning: All percentages zero/invalid in row 45848
Warning: All percentages zero/invalid in row 45849
Warning: All percentages zero/invalid in row 45850
Warning: All percentages zero/invalid in row 45851
Warning: All percentages zero/invalid in row 45853
Warning: All percentages zero/invalid in row 45858
Warning: All percentages zero/invalid in row 45859
Warning: All percentages zero/invalid in row 45860
Warning: All percentages zero/invalid in row 45861
Warning: All percentages zero/invalid in row 45864
Warning: All percentages zero/invalid in row 45865
Warning: All percentages zero/invalid in row 45866
Warning: All percentages zero/invalid in row 45868
Warning: All percentages zero/invalid in row 45869
Warning: All percentages zero/invalid in row 45870
Warning: All percentages zero/invalid in row 45871
Warning: All percentages zero/invalid in row 45872
Warning: All percentages zero/invalid in row 45873
Warning: All percentages zero/invalid in row 45874
Warning: All percentages zero/invalid in row 45875
Warning: All percentages zero/invalid in row 45876
Warning: All percentages zero/invalid in row 45877
Warning: All percentages zero/invalid in row 45878
Warning: All percentages zero/invalid in row 45879
Warning: All percentages zero/invalid in row 45880
Warning: All percentages zero/invalid in row 45881
Warning: All percentages zero/invalid in row 45882
Warning: All percentages zero/invalid in row 45883
Warning: All percentages zero/invalid in row 45884
Warning: All percentages zero/invalid in row 45885
Warning: All percentages zero/invalid in row 45886
Warning: All percentages zero/invalid in row 45887
Warning: All percentages zero/invalid in row 45888
Warning: All percentages zero/invalid in row 45889
Warning: All percentages zero/invalid in row 45890
Warning: All percentages zero/invalid in row 45891
Warning: All percentages zero/invalid in row 45892
Warning: All percentages zero/invalid in row 45893
Warning: All percentages zero/invalid in row 45894
Warning: All percentages zero/invalid in row 45895
Warning: All percentages zero/invalid in row 45896
Warning: All percentages zero/invalid in row 45897
Warning: All percentages zero/invalid in row 45898
Warning: All percentages zero/invalid in row 45899
Warning: All percentages zero/invalid in row 45900
Warning: All percentages zero/invalid in row 45901
Warning: All percentages zero/invalid in row 45902
Warning: All percentages zero/invalid in row 45903
Warning: All percentages zero/invalid in row 45904
Warning: All percentages zero/invalid in row 45905
Warning: All percentages zero/invalid in row 45906
Warning: All percentages zero/invalid in row 45907
Warning: All percentages zero/invalid in row 45908
Warning: All percentages zero/invalid in row 45909
Warning: All percentages zero/invalid in row 45910
Warning: All percentages zero/invalid in row 46063
Warning: All percentages zero/invalid in row 46147
Warning: All percentages zero/invalid in row 46198
Warning: All percentages zero/invalid in row 46352
Warning: All percentages zero/invalid in row 46473
Warning: All percentages zero/invalid in row 46526
Warning: All percentages zero/invalid in row 46809
Warning: All percentages zero/invalid in row 46871
Warning: All percentages zero/invalid in row 46889
Warning: All percentages zero/invalid in row 46890
Warning: All percentages zero/invalid in row 46891
Warning: All percentages zero/invalid in row 46892
Warning: All percentages zero/invalid in row 46893
Warning: All percentages zero/invalid in row 46894
Warning: All percentages zero/invalid in row 46895
Warning: All percentages zero/invalid in row 46896
Warning: All percentages zero/invalid in row 46897
Warning: All percentages zero/invalid in row 46898
Warning: All percentages zero/invalid in row 46899
Warning: All percentages zero/invalid in row 46900
Warning: All percentages zero/invalid in row 46901
Warning: All percentages zero/invalid in row 46902
Warning: All percentages zero/invalid in row 46921
Warning: All percentages zero/invalid in row 46922
Warning: All percentages zero/invalid in row 46923

Import Summary:
Total rows processed: 15324
Rows skipped: 31598
Unique courses: 2537

Year Distribution:
Year 2013: 5280 records
Year 2014: 15617 records
Year 2015: 15496 records
Year 2016: 10529 records

Data Distribution by Year:
Year 2013: 1618 records
Year 2014: 5203 records
Year 2015: 5081 records
Year 2016: 3422 records

Detailed Data Analysis:
================================================================================

Analyzing 145 departments:

Department: AA
----------------------------------------
Department Summary:
Total Classes: 2
Total Instructors: 1
Department Average A Rate: 72.9%
Department Average D/F Rate: 0.0%

Top 3 Instructors by Classes Taught:
  Leahy, John F.: 2 classes

Department: AAA
----------------------------------------
Department Summary:
Total Classes: 2
Total Instructors: 2
Department Average A Rate: 69.9%
Department Average D/F Rate: 0.0%

Top 3 Instructors by Classes Taught:
  Lachman, Charles: 1 classes
  Davis, Howard P.: 1 classes

Department: AAAP
----------------------------------------
Department Summary:
Total Classes: 14
Total Instructors: 6
Department Average A Rate: 66.4%
Department Average D/F Rate: 0.0%

Top 3 Instructors by Classes Taught:
  Carter, Elizabeth Jean: 4 classes
  Sardell, Shannon Mical: 3 classes
  Eisemann, Eric Lee: 2 classes

Department: AAD
----------------------------------------
Department Summary:
Total Classes: 186
Total Instructors: 23
Department Average A Rate: 64.2%
Department Average D/F Rate: 3.8%

Top 3 Instructors by Classes Taught:
  Gurley, Gregory C.: 29 classes
  Bretz, David Le Roy: 25 classes
  Voelker-Morris, Julie Louise: 18 classes

Department: ACTG
----------------------------------------
Department Summary:
Total Classes: 240
Total Instructors: 29
Department Average A Rate: 28.1%
Department Average D/F Rate: 4.0%

Top 3 Instructors by Classes Taught:
  Sneed, Joel Jerome: 32 classes
  Tomcal, Michael Paul: 28 classes
  Darling, Bruce L.: 24 classes

Department: AEIS
----------------------------------------
Department Summary:
Total Classes: 583
Total Instructors: 59
Department Average A Rate: 43.3%
Department Average D/F Rate: 4.8%

Top 3 Instructors by Classes Taught:
  Butler, Brian Culley: 34 classes
  Mildon, Tonya Raylynn: 31 classes
  Evans, Bruce Alan: 30 classes

Department: AFR
----------------------------------------
Department Summary:
Total Classes: 2
Total Instructors: 1
Department Average A Rate: 53.9%
Department Average D/F Rate: 3.3%

Top 3 Instructors by Classes Taught:
  Graboyes, Melissa: 2 classes

Department: AIM
----------------------------------------
Department Summary:
Total Classes: 23
Total Instructors: 12
Department Average A Rate: 71.8%
Department Average D/F Rate: 0.3%

Top 3 Instructors by Classes Taught:
  McFall, Kara Lynn: 5 classes
  Maitland-Gholson, Jane: 3 classes
  Kirby, Grant Charles: 3 classes

Department: ANTH
----------------------------------------
Department Summary:
Total Classes: 311
Total Instructors: 56
Department Average A Rate: 40.3%
Department Average D/F Rate: 6.6%

Top 3 Instructors by Classes Taught:
  Jew, Nicholas Paul: 24 classes
  Waller, Michel Tyler: 19 classes
  Ulibarri, Lawrence Ray: 17 classes

Department: ARB
----------------------------------------
Department Summary:
Total Classes: 37
Total Instructors: 7
Department Average A Rate: 61.7%
Department Average D/F Rate: 1.8%

Top 3 Instructors by Classes Taught:
  Elsherif, Hanan: 14 classes
  Mikati, Rana M.: 6 classes
  Mohammad Hassan Ahmad, Hanan: 5 classes

Department: ARCH
----------------------------------------
Department Summary:
Total Classes: 141
Total Instructors: 42
Department Average A Rate: 57.0%
Department Average D/F Rate: 1.6%

Top 3 Instructors by Classes Taught:
  Fifield, Michael: 10 classes
  Duff, Stephen: 10 classes
  Kwok, Alison: 9 classes

Department: ARH
----------------------------------------
Department Summary:
Total Classes: 118
Total Instructors: 22
Department Average A Rate: 47.1%
Department Average D/F Rate: 6.0%

Top 3 Instructors by Classes Taught:
  Eggener, Keith Leopold: 12 classes
  Lord, Carmen B.: 11 classes
  Hurwit, Jeffrey M.: 11 classes

Department: ART
----------------------------------------
Department Summary:
Total Classes: 131
Total Instructors: 46
Department Average A Rate: 57.3%
Department Average D/F Rate: 1.9%

Top 3 Instructors by Classes Taught:
  Schauer, James Allen: 10 classes
  Ryan, John Thomas: 9 classes
  Morgan, Donald Lloyd: 8 classes

Department: ARTC
----------------------------------------
Department Summary:
Total Classes: 20
Total Instructors: 4
Department Average A Rate: 54.6%
Department Average D/F Rate: 1.3%

Top 3 Instructors by Classes Taught:
  Swanson, Jessica Gladstar Berg: 9 classes
  Gillis, Brian Sean: 6 classes
  Mc Donald, Ian Thomas: 4 classes

Department: ARTD
----------------------------------------
Department Summary:
Total Classes: 146
Total Instructors: 18
Department Average A Rate: 58.7%
Department Average D/F Rate: 1.4%

Top 3 Instructors by Classes Taught:
  Park, John Jisong: 23 classes
  Warren, Tyrras Lian Walters: 19 classes
  Ching, Isami: 15 classes

Department: ARTF
----------------------------------------
Department Summary:
Total Classes: 11
Total Instructors: 6
Department Average A Rate: 56.9%
Department Average D/F Rate: 3.9%

Top 3 Instructors by Classes Taught:
  Brackens, Diedrick Tyrell: 3 classes
  Heinitz, Krista Noel: 3 classes
  Ghosh, Surabhi: 2 classes

Department: ARTM
----------------------------------------
Department Summary:
Total Classes: 16
Total Instructors: 4
Department Average A Rate: 49.4%
Department Average D/F Rate: 4.4%

Top 3 Instructors by Classes Taught:
  Kivarkis, Anya Mary: 6 classes
  Kemp, Courtney K.: 5 classes
  Rice, Lyndsay Elizabeth: 4 classes

Department: ARTO
----------------------------------------
Department Summary:
Total Classes: 32
Total Instructors: 8
Department Average A Rate: 54.8%
Department Average D/F Rate: 2.1%

Top 3 Instructors by Classes Taught:
  Choquette, Colleen Sue: 9 classes
  Warpinski, Terri L.: 8 classes
  Powell, Dan T.: 4 classes

Department: ARTP
----------------------------------------
Department Summary:
Total Classes: 31
Total Instructors: 8
Department Average A Rate: 62.5%
Department Average D/F Rate: 0.3%

Top 3 Instructors by Classes Taught:
  Lionni, Sylvan: 10 classes
  Reaves, Janet Loraine: 7 classes
  Graff, Ronald: 4 classes

Department: ARTR
----------------------------------------
Department Summary:
Total Classes: 11
Total Instructors: 4
Department Average A Rate: 64.9%
Department Average D/F Rate: 3.8%

Top 3 Instructors by Classes Taught:
  Liu, Charlene C.: 5 classes
  Putnam, Bryan M.: 4 classes
  Dikareva, Anna Leonidovna: 1 classes

Department: ARTS
----------------------------------------
Department Summary:
Total Classes: 11
Total Instructors: 5
Department Average A Rate: 66.1%
Department Average D/F Rate: 4.5%

Top 3 Instructors by Classes Taught:
  Wojick, Amanda Katherine: 4 classes
  Farsi, Tannaz: 3 classes
  Siscoe, Brandon Mark: 2 classes

Department: ASIA
----------------------------------------
Department Summary:
Total Classes: 5
Total Instructors: 1
Department Average A Rate: 75.3%
Department Average D/F Rate: 1.6%

Top 3 Instructors by Classes Taught:
  Buck, Daniel Patrick: 5 classes

Department: ASL
----------------------------------------
Department Summary:
Total Classes: 68
Total Instructors: 3
Department Average A Rate: 59.4%
Department Average D/F Rate: 2.0%

Top 3 Instructors by Classes Taught:
  Vasquez, Valentino Rendon: 35 classes
  Larson, Johanna Elizabeth: 27 classes
  Corce, Heidi Michelle: 6 classes

Department: ASTR
----------------------------------------
Department Summary:
Total Classes: 51
Total Instructors: 8
Department Average A Rate: 31.1%
Department Average D/F Rate: 6.1%

Top 3 Instructors by Classes Taught:
  Schombert, James M.: 12 classes
  Bothun, Gregory: 12 classes
  Fisher, Robert Scott: 8 classes

Department: BA
----------------------------------------
Department Summary:
Total Classes: 434
Total Instructors: 94
Department Average A Rate: 33.8%
Department Average D/F Rate: 2.5%

Top 3 Instructors by Classes Taught:
  Hjelm, Elizabeth: 20 classes
  Wilson, Douglas L.: 19 classes
  Stolle, Jeffrey James: 19 classes

Department: BE
----------------------------------------
Department Summary:
Total Classes: 30
Total Instructors: 5
Department Average A Rate: 25.0%
Department Average D/F Rate: 1.6%

Top 3 Instructors by Classes Taught:
  Malekafzali, Farhad: 13 classes
  Bramhall, Ronnie Charles: 7 classes
  Stolle, Jeffrey James: 6 classes

Department: BI
----------------------------------------
Department Summary:
Total Classes: 286
Total Instructors: 90
Department Average A Rate: 40.1%
Department Average D/F Rate: 4.0%

Top 3 Instructors by Classes Taught:
  Kelly, Alan James: 22 classes
  Lombardi, Vincent P.: 15 classes
  Schlenoff, Debbie: 11 classes

Department: CAS
----------------------------------------
Department Summary:
Total Classes: 10
Total Instructors: 7
Department Average A Rate: 68.5%
Department Average D/F Rate: 0.0%

Top 3 Instructors by Classes Taught:
  Rossi, William: 3 classes
  McNeely, Ian Farrell: 2 classes
  Vandegrift, Eleanor Vivienne H: 1 classes

Department: CDS
----------------------------------------
Department Summary:
Total Classes: 74
Total Instructors: 19
Department Average A Rate: 58.2%
Department Average D/F Rate: 2.7%

Top 3 Instructors by Classes Taught:
  McLaughlin, Karen Anne: 13 classes
  Moore, Heather Bair: 9 classes
  Swem, Katherine: 9 classes

Department: CFT
----------------------------------------
Department Summary:
Total Classes: 23
Total Instructors: 8
Department Average A Rate: 90.7%
Department Average D/F Rate: 0.0%

Top 3 Instructors by Classes Taught:
  Kim, Hyejin: 6 classes
  Brown, Tiffany Brook: 5 classes
  Hawkins, Blendine Perreire: 5 classes

Department: CH
----------------------------------------
Department Summary:
Total Classes: 256
Total Instructors: 53
Department Average A Rate: 33.9%
Department Average D/F Rate: 4.9%

Top 3 Instructors by Classes Taught:
  Exton, Deborah: 43 classes
  Koscho, Michael E.: 19 classes
  Williams, Gregory Maxwell: 17 classes

Department: CHN
----------------------------------------
Department Summary:
Total Classes: 114
Total Instructors: 12
Department Average A Rate: 59.3%
Department Average D/F Rate: 2.3%

Top 3 Instructors by Classes Taught:
  Gigliotti, Denise Huang: 30 classes
  Mao, Fengjun: 24 classes
  Wu, Jean Yuanpeng: 21 classes

Department: CINE
----------------------------------------
Department Summary:
Total Classes: 58
Total Instructors: 14
Department Average A Rate: 43.7%
Department Average D/F Rate: 2.2%

Top 3 Instructors by Classes Taught:
  Sirois, Andre G.: 14 classes
  May, Kevin Earl: 8 classes
  Kawai, Masami: 6 classes

Department: CIS
----------------------------------------
Department Summary:
Total Classes: 212
Total Instructors: 45
Department Average A Rate: 46.7%
Department Average D/F Rate: 5.1%

Top 3 Instructors by Classes Taught:
  Wills, Eric David: 14 classes
  Wilson, Christopher: 14 classes
  Hennessy, Michael Shane: 12 classes

Department: CIT
----------------------------------------
Department Summary:
Total Classes: 15
Total Instructors: 5
Department Average A Rate: 59.4%
Department Average D/F Rate: 0.9%

Top 3 Instructors by Classes Taught:
  Hennessy, Michael Shane: 9 classes
  Bricher, Gary Paul: 2 classes
  Wilson, Christopher: 2 classes

Department: CLAS
----------------------------------------
Department Summary:
Total Classes: 32
Total Instructors: 10
Department Average A Rate: 34.1%
Department Average D/F Rate: 7.1%

Top 3 Instructors by Classes Taught:
  Chamberlain, David: 11 classes
  Calhoon, Cristina: 8 classes
  Wilson, Malcolm: 3 classes

Department: COLT
----------------------------------------
Department Summary:
Total Classes: 154
Total Instructors: 34
Department Average A Rate: 43.8%
Department Average D/F Rate: 4.2%

Top 3 Instructors by Classes Taught:
  Lisiecki, Chet Jay: 13 classes
  Odintz, Jenny Rebecca: 13 classes
  McCann, Michael Charles: 12 classes

Department: CPSY
----------------------------------------
Department Summary:
Total Classes: 38
Total Instructors: 15
Department Average A Rate: 79.9%
Department Average D/F Rate: 1.6%

Top 3 Instructors by Classes Taught:
  Farrar, Jessica Diane: 12 classes
  Skowron, Elizabeth Anne: 4 classes
  Ngo, Christine Lam: 3 classes

Department: CRES
----------------------------------------
Department Summary:
Total Classes: 51
Total Instructors: 19
Department Average A Rate: 64.1%
Department Average D/F Rate: 1.7%

Top 3 Instructors by Classes Taught:
  Baxter, Diane: 11 classes
  Frener, Nathaline J.: 7 classes
  Tint, Barbara S.: 5 classes

Department: CRWR
----------------------------------------
Department Summary:
Total Classes: 89
Total Instructors: 40
Department Average A Rate: 55.5%
Department Average D/F Rate: 2.7%

Top 3 Instructors by Classes Taught:
  Hongo, Garrett K.: 4 classes
  Haschemeyer, Andrew Otis: 4 classes
  Payer, Ishelle Marie: 3 classes

Department: DAN
----------------------------------------
Department Summary:
Total Classes: 78
Total Instructors: 14
Department Average A Rate: 66.4%
Department Average D/F Rate: 1.9%

Top 3 Instructors by Classes Taught:
  Kennedy, Walter Cleveland: 10 classes
  Mockli, Shannon M.: 10 classes
  Chatfield, Steven: 10 classes

Department: DANC
----------------------------------------
Department Summary:
Total Classes: 95
Total Instructors: 19
Department Average A Rate: 76.9%
Department Average D/F Rate: 2.0%

Top 3 Instructors by Classes Taught:
  Morrison, Faith H.: 12 classes
  Honka, Rita Jean: 10 classes
  Andersen, Hannah Kay: 10 classes

Department: DSC
----------------------------------------
Department Summary:
Total Classes: 94
Total Instructors: 13
Department Average A Rate: 27.8%
Department Average D/F Rate: 1.4%

Top 3 Instructors by Classes Taught:
  Yin, Fang: 19 classes
  Barnes, Cathy Eylene: 9 classes
  Cil, Eren Basar: 8 classes

Department: EALL
----------------------------------------
Department Summary:
Total Classes: 14
Total Instructors: 9
Department Average A Rate: 64.3%
Department Average D/F Rate: 3.4%

Top 3 Instructors by Classes Taught:
  Kim, Dong Hoon: 4 classes
  Arnold, Michael John: 2 classes
  Jing-Schmidt, Zhuo: 2 classes

Department: EC
----------------------------------------
Department Summary:
Total Classes: 411
Total Instructors: 81
Department Average A Rate: 28.8%
Department Average D/F Rate: 6.3%

Top 3 Instructors by Classes Taught:
  Haynes, Stephen Elmer: 33 classes
  Urbancic, Michael Benjamin: 27 classes
  Thoma, Mark: 16 classes

Department: EDLD
----------------------------------------
Department Summary:
Total Classes: 54
Total Instructors: 20
Department Average A Rate: 91.3%
Department Average D/F Rate: 0.1%

Top 3 Instructors by Classes Taught:
  Hollenbeck, Keith Loel: 17 classes
  Smith, Joanna Rachel: 5 classes
  Biancarosa, Gina Marie: 4 classes

Department: EDST
----------------------------------------
Department Summary:
Total Classes: 132
Total Instructors: 38
Department Average A Rate: 76.8%
Department Average D/F Rate: 1.0%

Top 3 Instructors by Classes Taught:
  Strand, Krista Lynn: 12 classes
  Olivos, Edward Martinez: 11 classes
  Franklin-Phipps, Asilia Kutekeleza: 9 classes

Department: EDUC
----------------------------------------
Department Summary:
Total Classes: 27
Total Instructors: 12
Department Average A Rate: 86.1%
Department Average D/F Rate: 0.4%

Top 3 Instructors by Classes Taught:
  Good, Roland: 6 classes
  Van Ryzin, Mark John: 5 classes
  Zvoch, Keith T.: 3 classes

Department: ENG
----------------------------------------
Department Summary:
Total Classes: 446
Total Instructors: 114
Department Average A Rate: 39.0%
Department Average D/F Rate: 3.2%

Top 3 Instructors by Classes Taught:
  O'Fallon, Kathleen Adele: 21 classes
  Horton, Kathleen Ann: 18 classes
  Witte, John Craig: 17 classes

Department: ENVS
----------------------------------------
Department Summary:
Total Classes: 97
Total Instructors: 39
Department Average A Rate: 47.2%
Department Average D/F Rate: 2.9%

Top 3 Instructors by Classes Taught:
  Bothun, Gregory: 7 classes
  Boulay, Margaret C.: 7 classes
  Bacon, Julie Mae: 6 classes

Department: ES
----------------------------------------
Department Summary:
Total Classes: 71
Total Instructors: 14
Department Average A Rate: 49.5%
Department Average D/F Rate: 4.5%

Top 3 Instructors by Classes Taught:
  Cheney, Charise L.: 17 classes
  Klopotek, Brian R.: 8 classes
  Reyes-Santos, Alai: 7 classes

Department: FHS
----------------------------------------
Department Summary:
Total Classes: 136
Total Instructors: 28
Department Average A Rate: 71.2%
Department Average D/F Rate: 1.6%

Top 3 Instructors by Classes Taught:
  Walters, Karrie Patrice: 21 classes
  Subramani, Surendra: 18 classes
  Kerewsky, Shoshana D.: 15 classes

Department: FIN
----------------------------------------
Department Summary:
Total Classes: 156
Total Instructors: 20
Department Average A Rate: 29.9%
Department Average D/F Rate: 2.3%

Top 3 Instructors by Classes Taught:
  Ellis, Jennifer Mary: 19 classes
  Emami, Ali: 18 classes
  Moulton, Jonathan Scott: 13 classes

Department: FLR
----------------------------------------
Department Summary:
Total Classes: 42
Total Instructors: 9
Department Average A Rate: 46.5%
Department Average D/F Rate: 4.7%

Top 3 Instructors by Classes Taught:
  Wojcik, Daniel N.: 14 classes
  Baumann, John P.: 8 classes
  Gilman, Lisa Marie: 7 classes

Department: FR
----------------------------------------
Department Summary:
Total Classes: 240
Total Instructors: 42
Department Average A Rate: 38.4%
Department Average D/F Rate: 3.3%

Top 3 Instructors by Classes Taught:
  Moneyang, Patrick Herve: 20 classes
  Poizat-Newcomb, Geraldine Helene: 19 classes
  Williams, Melanie Michal: 16 classes

Department: GEOG
----------------------------------------
Department Summary:
Total Classes: 169
Total Instructors: 47
Department Average A Rate: 41.2%
Department Average D/F Rate: 5.6%

Top 3 Instructors by Classes Taught:
  Kohler, Nicholas Peter: 18 classes
  Cohen, Shaul: 11 classes
  Gavin, Daniel Girard: 9 classes

Department: GEOL
----------------------------------------
Department Summary:
Total Classes: 187
Total Instructors: 37
Department Average A Rate: 33.4%
Department Average D/F Rate: 6.8%

Top 3 Instructors by Classes Taught:
  Blackwell, David Lewis: 24 classes
  Miles, Gregory Allen: 20 classes
  Tozer, Craig Hampton: 17 classes

Department: GER
----------------------------------------
Department Summary:
Total Classes: 133
Total Instructors: 32
Department Average A Rate: 49.3%
Department Average D/F Rate: 2.1%

Top 3 Instructors by Classes Taught:
  Vogel, Matthias Wilhelm: 11 classes
  Staunau, Yasmin: 10 classes
  Barto, Jacob Matthew: 9 classes

Department: GRK
----------------------------------------
Department Summary:
Total Classes: 1
Total Instructors: 1
Department Average A Rate: 50.0%
Department Average D/F Rate: 0.0%

Top 3 Instructors by Classes Taught:
  Walthall, Denton Alexander: 1 classes

Department: HBRW
----------------------------------------
Department Summary:
Total Classes: 1
Total Instructors: 1
Department Average A Rate: 58.3%
Department Average D/F Rate: 0.0%

Top 3 Instructors by Classes Taught:
  Riley, Andrew J.: 1 classes

Department: HC
----------------------------------------
Department Summary:
Total Classes: 248
Total Instructors: 70
Department Average A Rate: 65.9%
Department Average D/F Rate: 0.6%

Top 3 Instructors by Classes Taught:
  Shoop, Casey Jon: 19 classes
  Williams, Timothy Joseph: 12 classes
  Peixoto, Michael Joseph: 11 classes

Department: HIST
----------------------------------------
Department Summary:
Total Classes: 291
Total Instructors: 62
Department Average A Rate: 35.7%
Department Average D/F Rate: 4.0%

Top 3 Instructors by Classes Taught:
  Furtado, Michael Anthony: 19 classes
  Bufalino, Jamie Mayhew: 18 classes
  Dracobly, Alexander: 14 classes

Department: HPHY
----------------------------------------
Department Summary:
Total Classes: 151
Total Instructors: 37
Department Average A Rate: 48.7%
Department Average D/F Rate: 2.6%

Top 3 Instructors by Classes Taught:
  Runyeon, Jon W.: 14 classes
  Nichols, Brian Reed: 12 classes
  Golden, Grace Marie: 10 classes

Department: HUM
----------------------------------------
Department Summary:
Total Classes: 30
Total Instructors: 16
Department Average A Rate: 40.0%
Department Average D/F Rate: 4.2%

Top 3 Instructors by Classes Taught:
  Jaeger, Mary: 4 classes
  Bright, Jennifer Burns: 3 classes
  Psaki, Regina: 3 classes

Department: IARC
----------------------------------------
Department Summary:
Total Classes: 27
Total Instructors: 8
Department Average A Rate: 50.7%
Department Average D/F Rate: 1.9%

Top 3 Instructors by Classes Taught:
  Cunningham, Erin Kathleen: 7 classes
  Cartwright, Virginia: 5 classes
  Hagenlocher, Esther: 4 classes

Department: INTL
----------------------------------------
Department Summary:
Total Classes: 100
Total Instructors: 20
Department Average A Rate: 47.3%
Department Average D/F Rate: 3.9%

Top 3 Instructors by Classes Taught:
  Hindery, Derrick Leonard: 11 classes
  Martin, Galen Ray: 9 classes
  Johnson, William Henry: 8 classes

Department: ITAL
----------------------------------------
Department Summary:
Total Classes: 112
Total Instructors: 20
Department Average A Rate: 42.7%
Department Average D/F Rate: 1.3%

Top 3 Instructors by Classes Taught:
  De Renzo-Huter, Lauretta: 16 classes
  Khalsa, Harinder Kaur: 15 classes
  Ventura, Claudia: 13 classes

Department: J
----------------------------------------
Department Summary:
Total Classes: 743
Total Instructors: 147
Department Average A Rate: 48.7%
Department Average D/F Rate: 1.5%

Top 3 Instructors by Classes Taught:
  Anderson, Shannon Matthew: 20 classes
  Koranda, David Edward: 20 classes
  Morrison, Deborah Kauffroth: 18 classes

Department: JDST
----------------------------------------
Department Summary:
Total Classes: 10
Total Instructors: 5
Department Average A Rate: 65.7%
Department Average D/F Rate: 2.0%

Top 3 Instructors by Classes Taught:
  Harris, Maurice D.: 4 classes
  Francesconi, Federica: 3 classes
  Gurley, Gantt: 1 classes

Department: JPN
----------------------------------------
Department Summary:
Total Classes: 205
Total Instructors: 16
Department Average A Rate: 49.0%
Department Average D/F Rate: 3.3%

Top 3 Instructors by Classes Taught:
  Furikado-Koranda, Yukari: 32 classes
  Nakadate, Naoko: 30 classes
  Ikei, Rika: 27 classes

Department: KRN
----------------------------------------
Department Summary:
Total Classes: 52
Total Instructors: 7
Department Average A Rate: 59.1%
Department Average D/F Rate: 2.6%

Top 3 Instructors by Classes Taught:
  Oh, Bomi: 17 classes
  Lee, Eun Young: 15 classes
  Park, Kyae-Sung: 8 classes

Department: LA
----------------------------------------
Department Summary:
Total Classes: 85
Total Instructors: 20
Department Average A Rate: 58.2%
Department Average D/F Rate: 1.8%

Top 3 Instructors by Classes Taught:
  Keeler, Harper Brown: 19 classes
  Godfrey, Anne C.: 8 classes
  Duhrkoop-Galas, Arica Laine: 7 classes

Department: LAS
----------------------------------------
Department Summary:
Total Classes: 10
Total Instructors: 7
Department Average A Rate: 52.3%
Department Average D/F Rate: 2.6%

Top 3 Instructors by Classes Taught:
  Martin, Galen Ray: 3 classes
  Urioste Guglielmone, Sebastian Santiago: 2 classes
  Da Silva, Simone Cavalalcante: 1 classes

Department: LAT
----------------------------------------
Department Summary:
Total Classes: 14
Total Instructors: 8
Department Average A Rate: 40.5%
Department Average D/F Rate: 11.3%

Top 3 Instructors by Classes Taught:
  Calhoon, Cristina: 6 classes
  Urso, Samantha Nicole: 2 classes
  Wilson, Malcolm: 1 classes

Department: LAW
----------------------------------------
Department Summary:
Total Classes: 316
Total Instructors: 77
Department Average A Rate: 42.4%
Department Average D/F Rate: 1.0%

Top 3 Instructors by Classes Taught:
  Illig, Robert C.: 18 classes
  Lininger, Thomas: 13 classes
  Cadaret, David Paul: 12 classes

Department: LIB
----------------------------------------
Department Summary:
Total Classes: 2
Total Instructors: 2
Department Average A Rate: 46.0%
Department Average D/F Rate: 0.0%

Top 3 Instructors by Classes Taught:
  Reaves, Marilyn H.: 1 classes
  Walton, Dean Phillips: 1 classes

Department: LING
----------------------------------------
Department Summary:
Total Classes: 118
Total Instructors: 42
Department Average A Rate: 54.6%
Department Average D/F Rate: 6.3%

Top 3 Instructors by Classes Taught:
  Baese-Berk, Melissa Michaud: 8 classes
  Zhang, Yifang: 8 classes
  Kendall, Tyler Sam: 7 classes

Department: LT
----------------------------------------
Department Summary:
Total Classes: 29
Total Instructors: 7
Department Average A Rate: 84.2%
Department Average D/F Rate: 1.1%

Top 3 Instructors by Classes Taught:
  Pashby, Patricia A.: 12 classes
  Yerian, Kelly Dianne: 6 classes
  Delaney, Thomas Aaron: 4 classes

Department: MATH
----------------------------------------
Department Summary:
Total Classes: 1106
Total Instructors: 159
Department Average A Rate: 30.4%
Department Average D/F Rate: 14.3%

Top 3 Instructors by Classes Taught:
  Nganou, Jean Bernard: 36 classes
  Hervert, Fred: 31 classes
  Tingey, Craig Choules: 25 classes

Department: MDVL
----------------------------------------
Department Summary:
Total Classes: 1
Total Instructors: 1
Department Average A Rate: 71.4%
Department Average D/F Rate: 0.0%

Top 3 Instructors by Classes Taught:
  Hensel, Marcus Dale: 1 classes

Department: MGMT
----------------------------------------
Department Summary:
Total Classes: 123
Total Instructors: 27
Department Average A Rate: 36.4%
Department Average D/F Rate: 0.7%

Top 3 Instructors by Classes Taught:
  Starr, Tina Louise: 15 classes
  Durant, Thomas Lloyd: 15 classes
  Livne-Tarandach, Reut: 11 classes

Department: MIL
----------------------------------------
Department Summary:
Total Classes: 57
Total Instructors: 4
Department Average A Rate: 63.4%
Department Average D/F Rate: 2.2%

Top 3 Instructors by Classes Taught:
  McMahon, Darren Lee: 43 classes
  Englet, Lance Eric: 11 classes
  Eagan, Luke Alan: 2 classes

Department: MKTG
----------------------------------------
Department Summary:
Total Classes: 145
Total Instructors: 30
Department Average A Rate: 46.2%
Department Average D/F Rate: 0.5%

Top 3 Instructors by Classes Taught:
  Schneider, Leah Anne: 23 classes
  Yuan, Hong: 12 classes
  Veltri, Frank R.: 12 classes

Department: MUE
----------------------------------------
Department Summary:
Total Classes: 8
Total Instructors: 5
Department Average A Rate: 67.7%
Department Average D/F Rate: 0.0%

Top 3 Instructors by Classes Taught:
  Paul, Phyllis M.: 3 classes
  Shner, Idit: 2 classes
  McCallum, Julia Martin: 1 classes

Department: MUJ
----------------------------------------
Department Summary:
Total Classes: 15
Total Instructors: 5
Department Average A Rate: 50.4%
Department Average D/F Rate: 3.8%

Top 3 Instructors by Classes Taught:
  Denny, Michael P.: 7 classes
  Woideck, Carl Eric: 5 classes
  Parkess, Christian Adam: 1 classes

Department: MUP
----------------------------------------
Department Summary:
Total Classes: 30
Total Instructors: 4
Department Average A Rate: 63.9%
Department Average D/F Rate: 1.7%

Top 3 Instructors by Classes Taught:
  Case, David Roderick: 21 classes
  Wachter, Claire: 6 classes
  Seregow, Michael Paul: 2 classes

Department: MUS
----------------------------------------
Department Summary:
Total Classes: 367
Total Instructors: 72
Department Average A Rate: 62.1%
Department Average D/F Rate: 3.0%

Top 3 Instructors by Classes Taught:
  Brown, Andiel Teshua: 30 classes
  Pack, Timothy S.: 24 classes
  Jacobs, David Michael: 14 classes

Department: OBA
----------------------------------------
Department Summary:
Total Classes: 53
Total Instructors: 14
Department Average A Rate: 30.0%
Department Average D/F Rate: 0.9%

Top 3 Instructors by Classes Taught:
  Yin, Fang: 9 classes
  Murthy, N. Narasimha: 5 classes
  Hu, Xing: 4 classes

Department: OBRT
----------------------------------------
Department Summary:
Total Classes: 1
Total Instructors: 1
Department Average A Rate: 72.2%
Department Average D/F Rate: 0.0%

Top 3 Instructors by Classes Taught:
  Morrell, Scott Albert: 1 classes

Department: OBWU
----------------------------------------
Department Summary:
Total Classes: 2
Total Instructors: 1
Department Average A Rate: 50.0%
Department Average D/F Rate: 0.0%

Top 3 Instructors by Classes Taught:
  Morrell, Scott Albert: 2 classes

Department: OCBS
----------------------------------------
Department Summary:
Total Classes: 6
Total Instructors: 1
Department Average A Rate: 35.8%
Department Average D/F Rate: 0.0%

Top 3 Instructors by Classes Taught:
  Morrell, Scott Albert: 6 classes

Department: OCIE
----------------------------------------
Department Summary:
Total Classes: 31
Total Instructors: 1
Department Average A Rate: 47.4%
Department Average D/F Rate: 2.3%

Top 3 Instructors by Classes Taught:
  Morrell, Scott Albert: 31 classes

Department: ODIS
----------------------------------------
Department Summary:
Total Classes: 7
Total Instructors: 1
Department Average A Rate: 41.2%
Department Average D/F Rate: 0.0%

Top 3 Instructors by Classes Taught:
  Morrell, Scott Albert: 7 classes

Department: ODUB
----------------------------------------
Department Summary:
Total Classes: 4
Total Instructors: 1
Department Average A Rate: 58.7%
Department Average D/F Rate: 0.0%

Top 3 Instructors by Classes Taught:
  Morrell, Scott Albert: 4 classes

Department: OESL
----------------------------------------
Department Summary:
Total Classes: 1
Total Instructors: 1
Department Average A Rate: 50.0%
Department Average D/F Rate: 0.0%

Top 3 Instructors by Classes Taught:
  Morrell, Scott Albert: 1 classes

Department: OGHA
----------------------------------------
Department Summary:
Total Classes: 2
Total Instructors: 2
Department Average A Rate: 73.9%
Department Average D/F Rate: 0.0%

Top 3 Instructors by Classes Taught:
  Morrell, Scott Albert: 1 classes
  Steeves, H Leslie: 1 classes

Department: OJIL
----------------------------------------
Department Summary:
Total Classes: 4
Total Instructors: 1
Department Average A Rate: 65.8%
Department Average D/F Rate: 0.0%

Top 3 Instructors by Classes Taught:
  Morrell, Scott Albert: 4 classes

Department: OLEC
----------------------------------------
Department Summary:
Total Classes: 3
Total Instructors: 1
Department Average A Rate: 50.0%
Department Average D/F Rate: 0.0%

Top 3 Instructors by Classes Taught:
  Morrell, Scott Albert: 3 classes

Department: OLIS
----------------------------------------
Department Summary:
Total Classes: 2
Total Instructors: 2
Department Average A Rate: 57.5%
Department Average D/F Rate: 0.0%

Top 3 Instructors by Classes Taught:
  O'Sullivan, Cecilia Frances: 1 classes
  Hoell, Kelly Elizabeth: 1 classes

Department: OLON
----------------------------------------
Department Summary:
Total Classes: 2
Total Instructors: 1
Department Average A Rate: 52.2%
Department Average D/F Rate: 0.0%

Top 3 Instructors by Classes Taught:
  Morrell, Scott Albert: 2 classes

Department: OLYO
----------------------------------------
Department Summary:
Total Classes: 5
Total Instructors: 1
Department Average A Rate: 67.4%
Department Average D/F Rate: 0.0%

Top 3 Instructors by Classes Taught:
  Morrell, Scott Albert: 5 classes

Department: OMCT
----------------------------------------
Department Summary:
Total Classes: 4
Total Instructors: 1
Department Average A Rate: 63.6%
Department Average D/F Rate: 0.0%

Top 3 Instructors by Classes Taught:
  Morrell, Scott Albert: 4 classes

Department: OOVI
----------------------------------------
Department Summary:
Total Classes: 7
Total Instructors: 1
Department Average A Rate: 53.7%
Department Average D/F Rate: 0.9%

Top 3 Instructors by Classes Taught:
  Morrell, Scott Albert: 7 classes

Department: OQUE
----------------------------------------
Department Summary:
Total Classes: 11
Total Instructors: 1
Department Average A Rate: 63.2%
Department Average D/F Rate: 0.0%

Top 3 Instructors by Classes Taught:
  Morrell, Scott Albert: 11 classes

Department: OROM
----------------------------------------
Department Summary:
Total Classes: 4
Total Instructors: 2
Department Average A Rate: 48.1%
Department Average D/F Rate: 0.0%

Top 3 Instructors by Classes Taught:
  Morrell, Scott Albert: 3 classes
  Genasci, Donald: 1 classes

Department: OROS
----------------------------------------
Department Summary:
Total Classes: 3
Total Instructors: 1
Department Average A Rate: 53.9%
Department Average D/F Rate: 0.0%

Top 3 Instructors by Classes Taught:
  Morrell, Scott Albert: 3 classes

Department: OSAS
----------------------------------------
Department Summary:
Total Classes: 4
Total Instructors: 1
Department Average A Rate: 39.3%
Department Average D/F Rate: 2.8%

Top 3 Instructors by Classes Taught:
  Morrell, Scott Albert: 4 classes

Department: OSEG
----------------------------------------
Department Summary:
Total Classes: 6
Total Instructors: 1
Department Average A Rate: 43.0%
Department Average D/F Rate: 0.0%

Top 3 Instructors by Classes Taught:
  Morrell, Scott Albert: 6 classes

Department: OSIE
----------------------------------------
Department Summary:
Total Classes: 11
Total Instructors: 1
Department Average A Rate: 77.4%
Department Average D/F Rate: 0.0%

Top 3 Instructors by Classes Taught:
  Morrell, Scott Albert: 11 classes

Department: OSVL
----------------------------------------
Department Summary:
Total Classes: 7
Total Instructors: 2
Department Average A Rate: 22.0%
Department Average D/F Rate: 0.7%

Top 3 Instructors by Classes Taught:
  Morrell, Scott Albert: 4 classes
  Biehler, Marjorie Jean: 3 classes

Department: OVAN
----------------------------------------
Department Summary:
Total Classes: 1
Total Instructors: 1
Department Average A Rate: 100.0%
Department Average D/F Rate: 0.0%

Top 3 Instructors by Classes Taught:
  Morrell, Scott Albert: 1 classes

Department: OVIE
----------------------------------------
Department Summary:
Total Classes: 2
Total Instructors: 1
Department Average A Rate: 53.1%
Department Average D/F Rate: 9.4%

Top 3 Instructors by Classes Taught:
  Morrell, Scott Albert: 2 classes

Department: OWAS
----------------------------------------
Department Summary:
Total Classes: 2
Total Instructors: 1
Department Average A Rate: 75.0%
Department Average D/F Rate: 0.0%

Top 3 Instructors by Classes Taught:
  Morrell, Scott Albert: 2 classes

Department: OXAO
----------------------------------------
Department Summary:
Total Classes: 7
Total Instructors: 1
Department Average A Rate: 81.0%
Department Average D/F Rate: 0.0%

Top 3 Instructors by Classes Taught:
  Morrell, Scott Albert: 7 classes

Department: OXEU
----------------------------------------
Department Summary:
Total Classes: 23
Total Instructors: 1
Department Average A Rate: 71.9%
Department Average D/F Rate: 0.7%

Top 3 Instructors by Classes Taught:
  Morrell, Scott Albert: 23 classes

Department: OXFA
----------------------------------------
Department Summary:
Total Classes: 4
Total Instructors: 2
Department Average A Rate: 82.2%
Department Average D/F Rate: 0.0%

Top 3 Instructors by Classes Taught:
  Gordon, Joshua Adam: 2 classes
  Price, John William: 2 classes

Department: OXLA
----------------------------------------
Department Summary:
Total Classes: 3
Total Instructors: 1
Department Average A Rate: 76.5%
Department Average D/F Rate: 0.0%

Top 3 Instructors by Classes Taught:
  Morrell, Scott Albert: 3 classes

Department: PD
----------------------------------------
Department Summary:
Total Classes: 100
Total Instructors: 20
Department Average A Rate: 55.3%
Department Average D/F Rate: 1.6%

Top 3 Instructors by Classes Taught:
  Faste, Trygve Andreas: 17 classes
  Arndt, Wonhee: 15 classes
  Germany, Jason ONeill: 10 classes

Department: PEF
----------------------------------------
Department Summary:
Total Classes: 10
Total Instructors: 3
Department Average A Rate: 61.9%
Department Average D/F Rate: 0.0%

Top 3 Instructors by Classes Taught:
  Cazavilan, Rachel Sarah: 7 classes
  Russell, Chantelle Raeanne: 2 classes
  Graham, Jessica Lynn: 1 classes

Department: PEL
----------------------------------------
Department Summary:
Total Classes: 9
Total Instructors: 1
Department Average A Rate: 70.3%
Department Average D/F Rate: 0.0%

Top 3 Instructors by Classes Taught:
  Rubino, David Paul: 9 classes

Department: PEO
----------------------------------------
Department Summary:
Total Classes: 15
Total Instructors: 2
Department Average A Rate: 46.1%
Department Average D/F Rate: 7.1%

Top 3 Instructors by Classes Taught:
  Strong, Michael Charles: 13 classes
  Dawson, Dustin Arthur: 2 classes

Department: PEOL
----------------------------------------
Department Summary:
Total Classes: 9
Total Instructors: 2
Department Average A Rate: 41.7%
Department Average D/F Rate: 2.6%

Top 3 Instructors by Classes Taught:
  Strong, Michael Charles: 8 classes
  Dawson, Dustin Arthur: 1 classes

Department: PHIL
----------------------------------------
Department Summary:
Total Classes: 180
Total Instructors: 48
Department Average A Rate: 39.9%
Department Average D/F Rate: 3.8%

Top 3 Instructors by Classes Taught:
  Brence, Steven Barry: 17 classes
  Warnek, Peter: 10 classes
  Zack, Naomi: 9 classes

Department: PHYS
----------------------------------------
Department Summary:
Total Classes: 296
Total Instructors: 68
Department Average A Rate: 43.4%
Department Average D/F Rate: 3.4%

Top 3 Instructors by Classes Taught:
  Peterson, Joshua Tate: 25 classes
  Jenkins, Timothy: 18 classes
  Belitz, Dietrich: 9 classes

Department: PORT
----------------------------------------
Department Summary:
Total Classes: 14
Total Instructors: 2
Department Average A Rate: 67.4%
Department Average D/F Rate: 0.9%

Top 3 Instructors by Classes Taught:
  Santos, Maria Benedita: 8 classes
  Da Silva, Simone Cavalalcante: 6 classes

Department: PPPM
----------------------------------------
Department Summary:
Total Classes: 198
Total Instructors: 44
Department Average A Rate: 55.1%
Department Average D/F Rate: 1.8%

Top 3 Instructors by Classes Taught:
  Choquette, Robert J.: 17 classes
  Holtgrieve, Donald Gordon: 15 classes
  Irvin, Renee Antoinette: 13 classes

Department: PS
----------------------------------------
Department Summary:
Total Classes: 280
Total Instructors: 54
Department Average A Rate: 36.0%
Department Average D/F Rate: 5.8%

Top 3 Instructors by Classes Taught:
  Southwell, Priscilla: 23 classes
  Cramer, Jane Theresekellett: 18 classes
  Hehnke, Jennifer Marie: 12 classes

Department: PSY
----------------------------------------
Department Summary:
Total Classes: 323
Total Instructors: 84
Department Average A Rate: 35.9%
Department Average D/F Rate: 5.7%

Top 3 Instructors by Classes Taught:
  Pennefather, Jordan Thomas: 19 classes
  Bala, Jagdeep: 14 classes
  Laurent, Sean Michael: 14 classes

Department: REL
----------------------------------------
Department Summary:
Total Classes: 51
Total Instructors: 14
Department Average A Rate: 42.0%
Department Average D/F Rate: 5.7%

Top 3 Instructors by Classes Taught:
  Reis, David Michael: 10 classes
  Colby, Frederick S.: 8 classes
  Unno, Mark Ty: 7 classes

Department: RL
----------------------------------------
Department Summary:
Total Classes: 14
Total Instructors: 10
Department Average A Rate: 70.7%
Department Average D/F Rate: 0.7%

Top 3 Instructors by Classes Taught:
  Millar, Lanie M.: 2 classes
  Gould, Evlyn: 2 classes
  Herrmann, Gina Ann: 2 classes

Department: RUSS
----------------------------------------
Department Summary:
Total Classes: 48
Total Instructors: 14
Department Average A Rate: 61.4%
Department Average D/F Rate: 1.2%

Top 3 Instructors by Classes Taught:
  Nemirovskaya, Julia Aleksandrovna: 8 classes
  Kripkov, Yelaina S.: 7 classes
  Savenko-Moore, Anastasia Petrovna: 5 classes

Department: SAPP
----------------------------------------
Department Summary:
Total Classes: 156
Total Instructors: 21
Department Average A Rate: 56.0%
Department Average D/F Rate: 3.6%

Top 3 Instructors by Classes Taught:
  Bichsel, Ruth Jean: 41 classes
  Connelly, Michael Patrick: 23 classes
  Christensen, Charles Ray: 13 classes

Department: SBUS
----------------------------------------
Department Summary:
Total Classes: 64
Total Instructors: 14
Department Average A Rate: 29.8%
Department Average D/F Rate: 1.1%

Top 3 Instructors by Classes Taught:
  Gordon, Joshua Adam: 11 classes
  Wagoner, Whitney Rachel: 11 classes
  Phelps, Mark Melvin: 8 classes

Department: SCAN
----------------------------------------
Department Summary:
Total Classes: 21
Total Instructors: 3
Department Average A Rate: 61.3%
Department Average D/F Rate: 3.0%

Top 3 Instructors by Classes Taught:
  Gurley, Gantt: 10 classes
  Stern, Michael J.: 7 classes
  Doxtater, Amanda Elaine: 4 classes

Department: SOC
----------------------------------------
Department Summary:
Total Classes: 213
Total Instructors: 54
Department Average A Rate: 34.0%
Department Average D/F Rate: 5.6%

Top 3 Instructors by Classes Taught:
  Aguilera, Michael B.: 14 classes
  Gullickson, Aaron Olaf: 12 classes
  Norton, Matthew Armstrong: 10 classes

Department: SPAN
----------------------------------------
Department Summary:
Total Classes: 782
Total Instructors: 80
Department Average A Rate: 46.0%
Department Average D/F Rate: 2.4%

Top 3 Instructors by Classes Taught:
  Arias Anrango, Rafael: 29 classes
  Whalen, Nathan John: 28 classes
  Moore, Bryan Jerome: 28 classes

Department: SPD
----------------------------------------
Department Summary:
Total Classes: 1
Total Instructors: 1
Department Average A Rate: 81.1%
Department Average D/F Rate: 0.0%

Top 3 Instructors by Classes Taught:
  Demarest, Nathan: 1 classes

Department: SPED
----------------------------------------
Department Summary:
Total Classes: 76
Total Instructors: 28
Department Average A Rate: 74.2%
Department Average D/F Rate: 1.3%

Top 3 Instructors by Classes Taught:
  Herr, Cynthia Marie: 21 classes
  Clifford, Jantina Rochelle: 7 classes
  Pribble, Lois M.: 7 classes

Department: SPSY
----------------------------------------
Department Summary:
Total Classes: 9
Total Instructors: 5
Department Average A Rate: 94.9%
Department Average D/F Rate: 0.0%

Top 3 Instructors by Classes Taught:
  Racer, Kristina Diane Hiatt: 3 classes
  Moore, Kevin J.: 2 classes
  Good, Roland: 2 classes

Department: SWAH
----------------------------------------
Department Summary:
Total Classes: 3
Total Instructors: 1
Department Average A Rate: 74.0%
Department Average D/F Rate: 6.3%

Top 3 Instructors by Classes Taught:
  Bosire, Benson Mokaya: 3 classes

Department: SWED
----------------------------------------
Department Summary:
Total Classes: 12
Total Instructors: 1
Department Average A Rate: 72.8%
Department Average D/F Rate: 1.8%

Top 3 Instructors by Classes Taught:
  Doxtater, Amanda Elaine: 12 classes

Department: TA
----------------------------------------
Department Summary:
Total Classes: 87
Total Instructors: 25
Department Average A Rate: 61.2%
Department Average D/F Rate: 2.6%

Top 3 Instructors by Classes Taught:
  Rodley, Patricia Danielle: 9 classes
  Bonds, Alexandra Burke: 7 classes
  Rose, Janet: 7 classes

Department: TLC
----------------------------------------
Department Summary:
Total Classes: 11
Total Instructors: 6
Department Average A Rate: 46.7%
Department Average D/F Rate: 6.7%

Top 3 Instructors by Classes Taught:
  Nuetzman, Amy L.: 3 classes
  Summers, Stephen James: 2 classes
  Dusseau, Rebecca Sue: 2 classes

Department: WGS
----------------------------------------
Department Summary:
Total Classes: 85
Total Instructors: 28
Department Average A Rate: 40.1%
Department Average D/F Rate: 4.6%

Top 3 Instructors by Classes Taught:
  Raiskin, Judith: 6 classes
  Reis, Elizabeth: 6 classes
  Favara, Jeremiah Blaise: 6 classes

Department: WR
----------------------------------------
Department Summary:
Total Classes: 988
Total Instructors: 187
Department Average A Rate: 35.4%
Department Average D/F Rate: 4.1%

Top 3 Instructors by Classes Taught:
  Copperman, Michael David: 28 classes
  Bartenstein, Virginia Amanda: 27 classes
  Bryant-Berg, Kristy Ann: 27 classes

Detailed Course Analysis:
================================================================================

Course: LAW648
Department: LAW
Level: 600

Statistics for LAW648:
Years offered: 2014 - 2015

  Instructor: Coles-Bjerre, Andrea
  Average As: 41.7%
  Average DFs: 0.0%
  Classes taught: 2

Course: GER407
Department: GER
Level: 400

Statistics for GER407:
Years offered: 2014 - 2014

  Instructor: Stern, Michael J.
  Average As: 64.7%
  Average DFs: 5.9%
  Classes taught: 1

Course: MGMT608
Department: MGMT
Level: 600

Statistics for MGMT608:
Years offered: 2015 - 2015

  Instructor: Skov, Joshua
  Average As: 54.5%
  Average DFs: 0.0%
  Classes taught: 1

Final Database Summary:
================================================================================
Total Courses: 2537
Total Grade Distributions: 15324
Total Departments: 145
Date Range: 2013 - 2016
